

Trying command 00...
Result: 
6e 1b 2d 45 ea 3d b2 5a 04 e3 ba 52 bf a6 85 ed 72 0a b2 19 cd f0 ae 07 7f a3 be 0d db 7a f5 58 f1 0b bd dd 7d 62 75 d8 a3 ef 50 da b3 49 20 5a a5 c5 1f d7 6b a6 63 ff 5b 51 42 93 bc 10 80 92 2a 3e 5d 6d 6c 46 3b f6 b0 7b be 9c 51 f8 43 39 b3 ce cd 4d a3 61 55 de dd 53 c1 8d 5a c7 d4 8d 8d 16 f1 47 9f ba bc 45 b6 cc 5d b8 05 82 7d 83 1d 93 78 e6 e5 4b 55 fa 6f 4c c9 64 c3 3e b8 51 aa b3 b6 5a ab 93 e0 5a 37 68 38 e2 21 79 41 a8 9c a6 2b 8c 90 fa d4 ea bd ea 62 f4 9b 36 04 a4 63 ce da 29 d6 bb 1b 1a 25 7f 31 c7 37 48 ea 6b f9 07 ca c7 ec 8b 31 bb 34 43 82 74 1f 8d 11 80 c1 4e 9c 1e 93 b5 ac 3d d0 b7 c5 2e f9 22 0d 4d 12 7a e4 4f 12 a2 a7 a5 7a cb e0 22 28 ad ec b5 5f c8 89 2e 65 8d 48 44 93 12 08 c4 4b fc f2 7d 61 72 bb ba 6f 42 a8 c4 c8 ac 19 d5 ee a3 e6 5f 2e 77 44 15 af 85 e7 78 0b a2 ed 25 6c d7 3f 4d 5b b8 d4 55 d4 11 e5 ef 32 3c 4a 7f 1c 0c 87 f7 61 1e 12 df 1c d4 5d d5 83 0f f0 72 f2 46 de 15 7f 4d b4 1d 56 d9 1b d1 3b ba 82 1f 80 b5 93 04 8b 42 11 68 b8 c5 bb 49 1b eb 87 f3 1e bf 9b a3 77 d0 97 64 5e fe 8c 56 0c 1e ed 07 48 6a 7f 92 37 c6 cb bf 6e 19 e3 26 5c 0b e7 18 27 ea f1 42 51 4d 73 70 20 00 90 be 0b 82 9a 09 3c ae 8e db ab 13 40 a5 67 6c ea f8 ca d4 0e 80 8f ca a7 a0 f1 e6 b1 f6 78 b1 56 cb 02 24 48 1f 9c 96 f5 34 6e 40 46 e2 b2 1e 2e fc 1e 67 2d 10 c1 99 15 ad e8 ec 4b 05 9f 2c 2d 0e 60 59 76 bc cd a6 12 12 e5 1e 23 5a c2 d9 79 7f 8a 0b 80 32 a8 25 1d 30 0c 78 ca 27 5c 18 1e b4 23 c7 db 42 e8 99 af 6e 11 06 99 71 ea 4d 4d 3c b1 eb 87 5b cb e4 54 bc bb dd 3e 9d 97 4f 69 57 b8 16 41 d1 03 15 53 e8 

Trying command 01...
Result: 
5c 4b ea de 0f b7 5b ed e4 bd 44 b6 85 a5 e6 6a 30 3c 54 b5 87 35 19 af 95 bd 6c ce a5 5c fd 51 88 23 39 fc 17 c3 28 59 ef 18 48 6c 36 d5 ad b1 0d 43 d6 6f 42 42 2a 22 d9 cd 59 93 39 03 5f 49 05 19 7b 1f ff f8 72 9e 54 f3 f7 b0 cd 4a fb db 75 51 97 95 1e a5 4a ab 38 cc 35 34 3c 85 ca 76 7b 55 fa 86 e1 d2 47 0d 4b ec 62 49 99 5c 2f 06 a7 30 f8 03 2d 8d f1 61 2f f8 23 ca ed f0 ba 6e 04 aa 27 bb b3 bb d3 52 e9 80 f2 1a 06 59 0a b6 97 86 8f 2f 84 0b f6 6f ce 51 8e 24 96 5f b6 22 79 ea 9b fd 9b a8 e8 c1 97 3a dd 7f 6c 49 01 13 ab 7f d9 ee 5b 64 5f 75 87 83 0f ad 1c 63 ef f1 c4 7b 96 d9 a6 8e 17 95 a5 e8 ad a7 07 97 56 e5 69 55 7d ce 24 2c 4f 86 54 24 6e 03 f0 4f 05 80 d6 69 e2 fc 8b b4 c0 8d 07 15 73 df 16 89 d0 8b 79 75 b8 58 0a c9 c5 6f 88 b9 29 3d e5 95 6e 9a b1 3f 5a fa 2a 68 a5 2d 0e 13 a0 1b b4 3e 2a 7b ef be 80 db e1 8d 13 26 d7 2c c5 be 2f db 9e 05 65 7e 0e ff 78 bb 77 c2 40 2d c6 2c 19 e0 eb d1 4d b0 68 a9 c9 02 2a c7 13 f0 f2 6e a9 13 66 c8 dc 01 99 fd 8a e8 9e d7 0e 65 e1 0d b3 cb 45 f4 3b f4 b5 b7 aa 2d d7 c7 43 02 8f 1c bd a0 5a 51 9f a3 c3 a4 e6 55 b9 b2 22 7a 8e fa e8 58 10 05 74 65 8a dc de 3d 8b 48 8b f7 e5 17 f8 2b 37 8e d1 f4 35 7a e4 4b 73 f0 ae a8 d9 af d6 c4 b5 9b 56 30 70 cb 51 05 ab af c1 94 41 34 4f 68 39 9d 2e 45 ce 11 84 62 59 9f 3a c2 38 bf df b8 00 28 2b 7c 90 73 0b d4 60 d3 9e b2 4e 79 e8 ee d9 62 f0 b3 41 a9 2e a2 45 b3 93 ff 4e 15 dd 47 43 49 06 96 a7 ac e0 6c 42 83 66 95 f6 f9 e5 13 b9 3a f4 10 08 d6 7b 8d e4 bb 0f 92 e8 d9 e1 10 82 2b 02 69 62 3a be a5 56 16 ff 77 2f 32 fd 9b 4c f9 

Trying command 02...
Result: 
a3 91 2a 17 03 c0 0c 5e 18 67 70 0b 05 ae 42 90 8f 1e ca d3 64 a3 5f e2 09 76 e7 c5 9a 58 e2 81 47 38 84 85 b7 d0 3d 93 74 93 b3 ef f2 83 90 71 e3 4c 2d 7c 58 e4 99 57 af c7 48 2a 02 c3 02 9e d2 16 63 3d 14 90 22 6c 91 ef 48 ac 95 8f f2 cd a7 26 59 50 70 0b 77 3c b9 82 ff fc 0b c8 36 41 07 c3 0f 17 c9 52 41 9b 3b 22 02 c0 56 26 ab c4 f7 bc 14 5a 5f dc 8b 38 77 38 d7 ac e0 ac eb 7e ed d0 99 00 c6 92 cc 4b ef c3 67 2f 29 61 4f b2 db 43 44 27 91 13 21 d2 60 2b 32 ed 51 dc a2 5e 71 04 87 1e ad f5 ac aa d4 84 f8 7f 38 69 97 51 47 a1 3e 1d 43 e7 a7 60 d9 e9 8a d9 55 24 44 5d 85 dd 6c 3c ee de aa 45 06 93 4b da 59 26 f0 ee 0f 89 bb 6e ce 46 2a 09 fb 12 6f 72 ca c1 18 ff 22 df ef 72 da 0b bc 72 ff d4 8d dc 02 d9 d1 7e 98 05 34 5f 28 a4 33 8d 83 5d ef 56 16 95 ec c8 56 24 ca 2d 97 e7 20 a4 0a d3 b2 54 28 f0 84 5a 41 a9 6f 2b b4 e2 dd 8f 90 71 90 0c 68 cc 62 44 e4 11 44 e4 8a 35 78 bb 1c 7b 16 2f 52 26 22 4f 17 e4 64 a5 d6 c2 8d 42 fc 7a 42 d1 74 db b4 43 b9 50 56 06 f2 31 24 89 ed 41 51 b3 70 a9 4d f3 ab 40 54 61 e3 59 43 dc 46 e5 bd bf 35 14 88 b1 4c 6e 8a 9a 25 23 20 55 42 03 06 62 dc 48 b9 8f aa bb fe fc 86 3c a5 68 7d d9 4b ef 04 85 dd fd ea 01 b7 1f 30 26 0d 4b fe 39 91 04 66 5c 0c 7f b5 53 43 74 b5 3a 6a 0e b8 98 86 8f e1 a5 9b 31 2f ff 5d 77 e6 8f 7f 61 52 2b 08 65 50 49 d0 55 e2 b4 e9 79 7b 59 79 34 66 9e f1 bc f2 eb 54 f9 8c 1d 3b ac c9 d6 7d f6 dd 41 c1 a6 a8 3d bd 69 f4 b3 aa 5a c1 2f 11 b4 76 37 5c c0 01 70 bc e8 d0 47 a7 20 73 c8 1e 01 cb c3 d4 5a e5 14 ca ec 0e 8e 8b c8 96 3c 40 85 dd 0f 83 11 8c b5 14 e7 

Trying command 03...
Result: 
64 45 2c 48 ca 97 65 bd bc 29 5e 3f d5 4c af ae 74 f3 14 fd 5c 20 f5 6b 17 48 c0 5e ee 50 16 c2 d1 9d 25 c2 6f 34 ca 52 fc 21 3e e1 c8 14 1b 04 95 95 df ee a3 17 d4 e7 dc a5 29 90 3c 75 20 76 09 ed a6 a8 ec 92 7b fd 29 7d 6f 4b c6 03 20 95 a0 60 29 8c 03 f1 bb f2 99 bc 26 f0 01 78 e7 5d 96 09 1c 9d 15 e9 a6 2b d4 72 6d 68 4f a6 23 c3 40 f1 9e 61 dd 71 52 cc 88 ad 7e 6e cd cf bc d7 41 c9 f3 c5 eb 90 2a 04 30 42 dd 65 92 98 c1 ac 98 4b 20 56 ab 05 b0 13 51 3e c1 08 1b 37 03 6d 7d ba ff a9 23 58 40 b2 75 b5 e8 6f ce b9 dc a1 da 92 18 fe 7f ac a2 a6 c0 e7 6d 95 2f ac a8 5a 6a a4 c0 5b f4 35 45 87 8d 63 69 32 da 37 17 f8 25 16 3e dd c4 ab 37 f7 d0 88 90 21 70 fe 13 43 ca b2 5d 23 9e 9b 70 93 3a c5 c7 60 38 2f 69 3a 78 a2 22 2c f7 38 d1 3f a8 33 cd 2f 3f c7 be ea 14 70 cb 1f 79 8f 75 a7 9f b6 99 6f da dc e4 ee 16 9f 83 03 c7 f5 40 7f c0 eb 58 6c 19 15 38 fb 8e b7 2e 33 6f ae 39 a4 25 e0 72 45 d9 99 5c e7 e7 7d 22 00 58 5a 11 a0 93 91 be 67 82 d0 7c c0 5e 16 3d 24 05 8a ea ac 6d 5d ea 12 27 af a4 3b 19 2e c8 ca 6b 40 32 05 9c c9 81 14 bd 7d 49 ce a8 83 3a b1 cd 29 06 e2 ab 7d 71 af d8 93 56 ec e7 37 01 cb 80 71 ed f6 01 dc d2 f5 77 25 9a 8a c6 32 9c 79 b1 81 4b 7b 1d a2 70 03 6f 14 66 9a 39 f6 15 a2 c3 fc 82 c9 5d a7 0d 6c 33 1c bd dd e3 94 40 37 8c c9 3e 86 e7 9d 26 24 48 07 24 d6 fb 9d c9 81 1b 2e cf 11 23 d5 41 3d 75 b4 f2 6e 89 54 d3 56 c4 30 fb b3 17 aa c3 52 28 91 be a6 75 5c 82 b0 2e c2 fd 42 59 0e c5 ab 15 0d 55 2e 1d 3e a3 de a1 82 26 aa 4b e3 94 5b ab df 0e 0a cc 1b 01 26 52 6d e3 7f 9f a2 73 6f 2a 32 c9 64 

Trying command 04...
Result: 
d1 6a 89 80 d6 1f 1a 2b ca a2 13 df c9 3a 05 aa 80 4c 82 40 e3 6a 00 0d 3d d3 ba c5 f3 c9 44 8c a1 1a 01 4f 71 4b 59 75 47 55 ba a7 38 37 c0 ca 80 6b a3 8a ef d5 8a 51 fb 3a 63 28 cd 87 b4 02 22 db d1 31 86 e3 2b a1 99 85 04 b3 83 3a bb 9c 66 7b f4 91 e0 db da de c7 aa f9 3a bf 9c fc a2 d0 80 ad 01 d6 a0 cf 79 a9 85 67 71 b4 cd a6 fe 78 1b 4d a5 b7 d8 54 dc df 09 7c 79 c6 ab c4 42 29 df 7a 64 21 f0 72 62 6f 07 93 19 33 5a 9c 7e a9 2a ce 95 8a ea 9f 67 45 71 02 05 78 9b 2f 9f 30 5c e2 0f ee da db 7f 75 f5 9a 25 ad 7f 63 21 32 92 24 52 3d ab 96 e4 34 bc a4 bd a0 87 ca 94 34 22 58 a5 6f da a7 f6 b7 10 de cc 3e 52 b9 6d 66 63 db 6b 09 a4 75 74 7b ed 47 1d 61 3d bc 07 ea 74 c0 29 b1 7a ec e4 30 ce 82 07 28 82 60 f5 c3 7d 33 51 63 5c b7 70 a0 df 4e d5 5d 02 62 b0 42 74 2c 54 39 f0 2a 1c 6d 0b a1 d4 02 d7 53 a3 7c 43 c0 26 ca 77 2d 58 02 08 bd 2b 1b 06 95 07 c7 3c ad e3 85 26 95 54 9a 1f 01 b7 4b 35 4d f5 75 9a ef 39 a3 71 0e d3 db 97 20 57 9b bb fe 7a 14 75 43 db dc db 45 8c a7 05 35 c1 5d e7 48 9f 80 3c 05 dd b0 d7 fc 6c a8 1d e1 24 13 94 09 93 e4 9d d0 63 94 73 84 52 c2 b6 e1 a6 b4 dc bb fc 82 5d e1 ec 31 eb ae c6 09 4b bc bc c4 30 55 80 1f 06 0a 34 6b 46 5c cf 23 02 11 5d 27 cb ca df 6c 9d 1f a9 d0 b5 33 65 4f 27 cf e4 a3 0b bb f2 6f f0 4d 44 a0 1c 8b 04 2c 7a 35 0d 61 56 9f a7 3d f3 bf 76 1d f6 85 09 64 d2 ef 8c 9c 53 91 bc f0 d8 f2 35 88 0e b0 8d e0 64 d2 8d 6a a6 51 98 fd 8d 03 e2 45 ed 64 cc 5e 08 95 21 e1 45 e4 f6 c9 b6 50 f0 34 bc 0e da 32 16 23 bf 26 8c 87 1b 96 8e 1b 02 e1 67 56 08 da d1 39 1f b1 ea 4a 01 

Trying command 05...
Result: 
36 1c b4 5f 27 0f 88 9f 57 27 b6 b9 19 d2 cf 0e a2 c9 40 cd 8c d6 25 5a 2c 5f 7f 0d b0 63 2d bc b1 66 fd 8b a2 a1 04 ab 81 3f 3c 49 1d 72 b0 46 27 7c 62 2a 18 77 79 6a c6 de 3f d9 b1 c9 cd e6 b2 cc 39 2f 0d cb e4 18 3a b4 97 26 66 28 d2 a2 60 92 c5 6e d5 84 71 d3 32 12 03 a2 18 e1 f8 75 ab 16 97 bc 03 7a 71 43 03 46 9a e5 4c d3 5b 30 39 c0 e9 64 ed 06 b9 c8 39 01 fc 94 57 a3 6e f3 6f 13 2d 76 9b 1a 41 fa c1 77 97 31 11 63 94 cd be 46 37 e3 a3 14 ff a5 8d f6 93 86 bd 6a fc c4 bb e3 88 35 b5 69 ed 4e d5 52 cc ea 75 07 a5 da 8d 6d 7e 03 2b 6c 9c 17 9f b2 42 3a 10 0e b2 64 b4 8a ac c5 fd 46 5d 90 ad 33 a6 aa 65 51 d5 64 5b 2b 07 73 4a 26 66 bd 6f 49 ad ca e0 d9 fa 8e d3 53 36 6c 4e 29 2c 46 04 e9 09 fd 7e 6a d5 bc 0f d8 68 5d 55 3b 2e f4 11 9e af 6f c7 32 2c 5f 07 14 d5 81 f4 46 b3 7a 9a b0 7e 17 2f 2d 62 4e e6 79 36 ae 8a 43 24 39 a0 07 e9 87 4e c5 90 20 3a 3a d8 b5 c7 16 67 31 7e e6 2d 78 88 f1 e0 a7 85 79 b0 b6 1b 82 8c dc a4 32 f2 6f 4a a2 14 48 b5 a4 86 a2 ae 68 5c 15 09 98 ac 32 3d 11 db 16 64 c8 c0 31 7a 71 bd 24 07 fd e7 03 62 6e d9 d9 5f 21 1e 44 b2 fc 24 9d 13 ed 20 52 16 87 2f 80 02 d3 68 b1 51 eb 30 4a ad c6 8f f0 8b 23 8d e9 df b3 91 d7 56 b0 d7 1d 8b 37 eb 6c 67 65 99 c4 fa f9 e9 3d 31 0f 8b 36 a5 41 e5 5b 27 8c 00 24 eb a3 80 4a e3 09 f5 95 ba e5 c5 88 47 0f c4 37 a5 76 bf 9d af d0 10 23 32 66 e0 fb 64 94 bc 77 cf f3 e7 32 0e 2b 58 16 76 51 eb 1d b2 58 37 f0 6f 31 ab 3d b1 f8 58 8d 15 7f fd b2 63 be bc 31 0a 93 c6 29 96 99 48 ea 16 ef 15 f9 6a fc 30 02 bf 24 40 05 18 90 3b e0 ec 24 d3 d9 76 34 ae f0 

Trying command 06...
Result: 
f2 42 44 7c 40 0c fb f9 4f ae 57 d8 61 0d 73 83 61 ab 89 71 67 ec 37 40 34 db 41 ed 96 f2 66 8d 50 c2 18 54 7a 1f f0 d5 12 f8 33 fd 18 59 01 e5 f0 cf 14 75 e8 ad 82 22 85 d1 89 b5 99 f6 e2 53 46 57 74 2b bb 05 73 4a 44 ad fe 9a 5b 94 fe 51 91 90 5d aa a4 b9 e9 38 5a 90 d8 ea 0c 21 82 47 a3 bd bf 46 e1 04 1e 94 db 3a 9e 28 c3 62 44 71 e6 05 01 47 7c 7b 46 e5 81 e2 59 23 73 a1 a0 b4 b5 ea 60 4d 6d 6f 3c b6 62 c6 b7 75 23 c9 8f 59 92 d9 be 65 de 92 19 35 57 2b 02 c4 79 8b b6 d2 1c 49 83 c1 70 04 f3 93 83 94 32 49 7a 15 1c 7f a3 12 ed a3 c3 45 7f 61 4a be 77 f5 f8 00 eb 27 ea 0a d1 e7 09 98 9b 65 32 ca 22 87 65 dd 4e 14 09 db 55 c4 45 30 12 39 51 a0 07 20 c0 51 9b 12 5c 2b ca a4 2e 12 72 f2 f3 20 7b 53 cc e6 e9 23 97 92 d5 a9 00 c5 ab f8 43 49 76 8d a1 6d 98 55 72 f1 b5 29 af cb 22 b0 4d 41 28 c6 84 ee 2b ed 56 d4 49 ef 6b ab bd b7 ee a8 a6 66 bc 78 f7 2c a5 3b 40 01 13 a6 3d 26 17 2f 58 34 27 f4 2f 7b ff e4 2d 86 fd 36 52 fb 36 7f f5 7e 9c e5 94 8b 71 70 2f 55 2b fe 2d 34 29 64 e2 a9 69 32 9e 8f 2d f4 5e b7 97 93 10 c7 23 1d 40 f0 7c 77 88 e3 19 30 de dd 2c eb e4 a3 9b be 32 22 4d 0d 02 34 e9 d1 37 21 bb 9a 00 a7 d4 7c 99 bc 4b df f4 a7 b9 0c 64 88 97 7e 52 62 44 b9 6c 15 7c 4e fd 62 12 a9 5e 10 85 90 ee ad 06 7a b8 6c c5 96 d3 2a ae ca be 63 34 e2 5e 15 52 ff c0 3f cb 9d 1d 0f aa 48 79 06 a5 a1 f7 cb 59 af f6 0e fa 12 5c b6 a1 50 1b cd ab b8 35 ca c5 61 43 b3 80 bb 93 5c 9d da 48 a0 f7 2d cc 3b 99 fc 8a 41 75 af 38 ab 49 c3 68 64 09 f2 e4 74 34 59 67 b4 b9 c0 c0 cf fa 78 cd 80 e5 0e 03 3b f3 4a 7c b3 8a 3c 73 33 

Trying command 07...
Result: 
a9 0c 4c 23 aa 7b 30 62 0f 50 2e 63 c3 82 2b 7d 23 7c 2f 0e 4e 33 8e 50 c2 a1 2b 34 df 5e de 02 46 94 d3 4f 1c a0 b5 47 7d df 4f 98 4d bb 13 6d e0 d4 5a d9 a9 f3 fe 08 1d 17 69 dc 6a 79 d9 a0 95 64 f1 8b bd 37 56 f3 13 47 5a 2a 4d 56 ea b3 52 07 7d 21 f8 5e 52 bd 13 c3 48 67 7f 3b 4e 0e 86 c6 11 6e 73 d0 41 9c e5 80 dd 7f 09 db 87 ec 6b c0 7b 76 2f 2a 2c fd 4d 31 20 b4 36 9f 11 67 3a 9e 1d 93 fa 67 1c ed f3 b6 39 cd b7 b4 fb 1d f1 9e e1 c4 3e 05 22 a3 2d f3 32 96 22 4d 3c 95 f4 76 84 ab 01 7e 8e e1 47 4a ba 9b d5 59 ec 1d 51 1d 87 cb 8c e5 71 e9 0e a8 08 25 68 d2 52 94 5d 58 32 40 10 5a d3 56 7c 6b f9 e4 d6 63 86 27 61 42 04 33 e4 f8 29 c4 44 b3 80 79 cb ea 75 0e 4b f6 47 48 51 12 a7 26 c7 a5 58 e3 1a c5 5e 47 d5 ec f1 af f8 bc 10 cc 55 03 3e b6 88 9b ea 7b 37 a4 b0 e5 26 3c 2c b4 9e f0 00 9d 2f 0e b7 ea ca c2 35 05 46 58 91 53 ae c6 e6 9c cb 0e 3b ca a4 98 a1 9e 5e b3 85 b1 71 7a 6d 24 f7 25 fd 1b b7 5c 98 02 e9 34 24 38 91 b9 97 06 86 e1 2f 34 71 6f 90 c3 da 2a 4b 6d 62 f8 59 3c 4a 19 be fc 63 f6 7d 3e 8a c7 47 58 12 c4 78 2c fc b2 fb 18 be 55 84 4d bf 2c a3 ac e3 1e 8e e7 6e 3a 96 06 ad ef 93 63 8d ff d7 4b ac 4a 8d c1 d7 cf 4e a7 62 25 56 7d aa fb 6b b3 37 91 14 8b bf 4e ce 35 87 df d3 f9 ba 9d 92 8d 62 fc 3a 36 72 c4 8c 0b 62 58 4c 33 da 7e 64 fc 09 63 9d bd fd 27 ad 1a 36 eb c5 05 8f f6 a9 f5 95 e1 7a 3f 26 07 e0 c2 ec 6a ca c9 35 84 9e ee be a7 13 65 4b 38 07 a8 d8 6d 6d f3 c6 3f 1a 47 c7 88 4c c2 f8 f5 94 b9 ce 46 da a8 fa ea 64 32 c9 b1 23 fe 6a 6f 9b 8d 2f 26 76 8e 71 bc e5 45 c8 87 31 8b 6a 7e a3 3d 

Trying command 08...
Result: 
e7 ee 42 3c 8b 34 a4 1b 4b be 82 b2 33 68 62 3b 09 5d 9d b4 b4 f4 f6 96 39 0f 8b 36 69 4b 20 23 9e b8 8f 01 86 b3 69 cf 44 c9 5f 0f 10 57 a2 98 3e 9c 17 8a 6a 91 0d 31 35 04 a0 ed 4b fc 17 b2 e2 02 7d 7e dc c3 3f b2 3a 75 b3 91 42 57 4d 55 e4 7b ff 1a 87 2a 76 ef f3 77 dc 2a 77 ed a6 73 4c 31 9f 0f 5e 7b 14 f1 46 3a 8e c6 1f f6 6c 68 ee c8 b9 21 f8 30 06 b9 b2 1b 5a 5c c8 7d 65 dc 31 9d ff e0 f2 2c 7a 2b 79 48 78 ac b4 a5 a1 e4 f4 ba 09 b5 10 d6 cd b5 b4 9f a3 21 5c 0f 6c 43 f6 a8 72 6c fe 9f 3a e1 e4 22 13 3d 78 46 02 72 4f 19 51 40 b9 27 2c 8d 43 33 ca ba 35 b9 c5 22 f9 c9 f5 37 84 c6 86 bc c3 7f e1 a2 49 c5 fa 43 c2 66 bd ca 09 ca 09 86 da ba a8 25 2f e5 6f 9c b3 13 e8 c8 55 17 d8 3f a0 07 77 25 3e cb 61 38 b3 82 2f 75 21 fd 60 50 2c 16 1a 8f 12 8a f6 52 13 12 b1 00 32 1a f9 5a 59 ff 6a c0 38 27 25 c7 47 f3 89 5a 72 48 18 6b 65 3d 1b 58 95 b3 15 29 ce 74 b5 94 f8 2c 77 50 25 3a ac ca 1d d3 4a 70 fb 52 60 89 6b 64 44 38 65 12 13 9f d1 42 cb 33 42 90 0b 16 4a 05 22 80 88 82 73 de c7 1b 8f ce 1f 83 8c cb ac dc 0d 61 dc f4 b6 91 bc 84 cc 17 03 7f 4e e7 87 2f f7 5c 8d ae 02 1f 25 9a 23 c8 03 c8 17 d0 f3 a7 e1 90 76 1e 82 fc 33 02 76 d5 7d 35 6b 28 e5 44 56 83 00 a1 59 87 00 88 24 e3 d3 a1 03 02 a4 99 26 d5 f5 03 34 28 ee 36 31 39 bb 5e f6 3a f4 60 a3 69 a4 02 3a 90 15 19 7e 12 f1 2a ab b3 5a c4 fa 6f b9 3d 02 92 ad 89 08 5a 75 01 f4 fa 58 3b 23 3a 8c 7d 6f 0b 91 e2 dd c8 8a 8b 21 b9 c3 50 1c 07 89 a1 38 07 80 8f 13 4d 93 4c 5b d0 10 cc 1d 02 eb 46 f4 bd 41 73 2f 65 ea b5 3f 37 73 37 cd 70 47 e1 53 80 6a 54 3b ec 

Trying command 09...
Result: 
c7 24 a7 b1 c0 87 62 8a 94 b7 2d bf c4 91 f8 09 74 c5 03 5e d5 18 2b 51 90 00 d6 a1 bf 44 58 ab 65 7f 2b c8 c9 53 5a 72 8f df 3a c8 75 09 45 8b 83 a7 16 0f f3 8b 6f 36 8d 10 a3 cf 66 22 7b c0 91 a4 c9 66 e0 05 d5 d8 a4 00 f4 f7 f8 12 57 18 68 14 64 01 22 d8 18 1b 33 44 1d 20 ea 75 8d d4 e2 46 1f 84 42 42 85 39 dc 6b c3 2d e1 e4 d2 f9 48 3a 4a 27 d0 29 a1 19 73 40 41 20 17 dc 83 56 b1 41 ad 05 07 4c 2a 53 e9 77 d7 77 bd 72 1d b8 ec d3 1d a2 3a c9 ea 57 3e 13 b2 c3 7e 9f 71 e4 96 7f ce ca 9b da 01 ce 43 e7 ac 81 ef 8a 9a 07 f4 5f da c7 bf d6 f1 36 04 27 8c 3e b5 69 6d aa 85 34 62 41 dc 70 74 58 3e 30 b3 52 7a ad ef 35 84 3b 8e 47 f7 be d5 a8 b8 c8 c4 f0 dc e2 3e c9 8b 98 97 d7 8c 99 6c a2 89 fa b4 f8 aa 74 b7 b1 88 64 58 15 f2 0f 76 7f cf 5f cf 81 a5 8b 47 bb ae e1 ed 46 6d c8 d5 3b a3 00 4e c1 e8 e7 df 0f b5 a0 54 a1 03 b3 fb 9f 4e 94 25 03 d0 4d 41 c6 7e a4 7c 02 74 d3 b4 69 50 93 2d b4 b1 14 f6 ed cc be 8a 1a 96 01 c6 27 08 92 c0 fa 2f 19 ee 1d fe 53 b7 c0 3a 54 2c 84 0d 4b 5f 67 92 17 17 fe 4b 5d 10 49 6a fa 5d 90 aa 93 7d 7d 0a 92 bc 1c 7b 1b bf 32 ff c6 79 64 49 61 32 05 85 4d fd c0 5f de bb ec eb f7 f6 80 9a 7b f0 e3 d6 80 d9 65 bd 94 cb cf b7 e2 35 a3 0d aa 1e ce 72 80 08 4e 78 ca 0f 6d 26 61 90 97 09 34 2b e0 06 ce 74 35 9b 01 73 1c ae 33 89 20 0b 45 4f 09 53 58 a0 4b a8 79 9b 99 0a 89 d5 54 54 ef c2 0b b6 cb a5 06 dd 60 1d db 3a 6b ab 87 2d 2b 88 38 86 cc 05 f5 4e 09 2c 3e 72 e9 ac 20 9e e9 09 33 6c 6c 57 e5 e8 51 43 b5 ba 7e 14 49 d6 7d 46 cc 91 f1 7a 42 13 72 8f 6f c1 26 e4 d0 93 cc 33 5a 25 56 19 4d 

Trying command 0a...
Result: 
f0 3f ad f0 2a 73 37 18 8b 87 9c 0a c9 39 b6 de 11 1b c2 e6 1f b6 76 f9 f4 40 e1 03 76 b8 7b 28 90 6b 44 32 53 04 71 04 06 b6 33 c1 42 5b 2e 85 61 17 93 e0 93 6d 03 5e 02 e2 36 7b ab fc ce 5a 9b 0b a7 f8 f1 57 8d 87 58 ce 25 6f 7d 3a 19 98 a6 4b cb b4 92 13 30 4a c4 59 6a 62 d0 5f b8 15 1e a4 de 52 08 f7 ec a8 2d 82 00 4f d2 07 10 e5 94 68 45 3d d9 bd 62 0e 36 1c 8c 96 0d fe 2e 5d 36 80 33 01 11 0a ba b7 75 3d ac a8 d0 ea e0 b6 5b b4 8b 42 b4 fc 08 d6 36 40 77 15 c8 c2 47 29 d1 b2 72 38 ef a3 e3 52 56 cf a2 1e 29 01 fd 88 70 5d 33 d1 44 02 a6 ff 5a ff ae b6 8c 59 80 81 43 39 23 01 fc 18 97 c8 42 b3 6e 12 03 d7 dd fa 72 bb e0 6b bc 2e 35 cf 24 17 12 00 dc af 13 6f 06 9b db db 8c 9c 81 6c 36 a8 d1 ab e0 8e 00 3b 9d 9d 1f 34 ba d8 87 79 38 1f e0 e0 37 70 16 3b 01 48 27 96 62 fa 46 a5 d0 ac da 25 d2 f5 31 fc 78 db da f1 32 06 fa b6 78 48 c1 77 38 5b 20 07 e6 be b6 06 c9 77 f6 30 2c db 4f 96 60 1f 80 73 1b 61 ef 2a 5f 5a e5 54 3a 7c 91 3f 5e aa 8e b9 b3 82 e8 68 40 38 f2 9a 09 bb ec 86 00 20 da 99 e5 f7 33 8d 52 4a a1 bc 29 0d 2c 34 f5 33 d3 36 a8 c0 73 24 8f ae 28 86 01 46 5c 48 11 4e 52 c7 af cb 3a 7f 78 62 bf a6 66 70 38 45 2b 64 54 d5 15 fa 0f 9c 1f 14 25 46 ec b4 08 f9 a6 77 08 f7 3e e4 3d dd cc fb 19 62 fb b2 9c 30 81 16 88 84 4c c4 15 89 07 5e 12 f9 b5 d9 23 32 5c 81 90 11 72 ff 34 d3 d2 1e c5 5f 55 4f 7d 32 36 a7 f2 8a 83 38 4b 5e f9 83 54 7d 78 af 5d 0d 03 71 e1 26 7a d0 18 21 74 2b c7 46 82 a6 e2 d3 bf 52 c3 0b bd d6 a6 89 5d de 1b 5f 31 dc 6c 89 24 71 28 aa fa 76 24 0a fb 03 94 ee f1 47 6c 90 9d 75 d8 93 

Trying command 0b...
Result: 
47 13 0c d0 d6 7b c8 6c 66 ab f7 26 08 cd 86 1c 34 f3 d8 ce 09 4f 1b 4a c4 a3 a5 ec b9 f3 5e 3e 71 4c 13 a2 4c 0f 16 5c 9f 7f 3e 4d d6 42 8d 23 ac 2d d8 50 26 f5 b1 1d be af 19 c2 bb b7 10 68 a7 81 16 99 d6 1e a3 c7 ea 9a 7a c1 c6 91 bc f4 33 e2 50 b7 f0 26 f7 ba b8 67 0b e9 a5 bd 9e 2d 26 7b 42 ec 27 ee f8 a2 60 43 1f ea c7 f3 ec cf 73 ca 25 a5 26 a4 2d e6 ce f1 4f 97 d9 ff 58 73 33 78 2e f3 fd 47 a6 43 d6 ee 76 e4 48 55 75 60 f1 50 37 a9 89 de 70 1b 92 f9 9d 62 b1 62 a5 c7 6e 2e bf d2 dc 55 5d cc 39 32 7f 97 99 c5 2c 20 a1 89 cb 00 9d b2 ed 0a 54 df c1 60 5a 90 07 a2 83 aa 27 c2 d9 8b 7b 96 40 13 9a 7b 0f 58 53 81 09 8a f3 76 bc d7 bd 6d f3 b2 99 d1 c2 a7 e3 95 a6 5e 93 fa 64 3f a4 d4 83 18 34 83 87 15 25 b1 40 d1 9b af cd 06 32 d6 da c2 29 ed 4a 30 2b e0 92 32 ab 3f 3a 3c b0 03 12 69 52 e0 8d e0 e6 28 9d 45 8b 51 1b 3d a4 43 98 c4 c6 db bf eb 96 24 4a b3 b7 7c 95 e5 12 84 57 20 50 83 35 93 a0 64 61 92 02 5e c2 56 ed aa 35 98 39 92 fd db 6f d1 11 dc 1c 5a 3e 17 3a c0 b6 f5 cc 21 b2 9f 3f 97 b5 28 2c e5 8c 4f 74 f7 08 6d ea 00 c1 4a 81 18 63 4a 48 da d7 5c ca b6 e3 93 5e bc e8 40 78 12 10 25 cc 8c df 40 c7 14 94 c3 4c 86 c3 10 b5 24 08 b8 31 e0 b3 14 36 6d 2e 0c 30 22 0b 44 be 51 b8 fd 90 e7 38 4f 37 c2 dc 16 62 ad 0d 1d ed 86 08 34 92 0c 76 dd 91 72 21 2f 07 6e 55 a3 9d 99 42 87 2e 8f 0c e5 2e 5a bf 21 78 0a 2b 66 d4 0e 34 73 a0 26 1c 3a 21 f9 3e 07 d2 14 bf 37 2b f3 09 68 07 a1 68 96 94 61 2b 6e 51 9b 67 cf e5 d1 8a f1 ee a6 6d 5b 36 a7 3b 51 a6 e8 04 e0 f1 5a 32 1b 1f bd ce 96 14 56 9b 56 8c cc c1 30 b5 d8 

Trying command 0c...
Result: 
7c 71 64 77 9e 6a ec b8 b9 9f ec 2c 84 ca f2 d8 8b 82 da 7b 3a 2f 9d ac 68 18 c9 37 6b 42 34 2e 75 d6 b1 61 f7 82 96 cc 1e f3 e7 e1 ed 1d af f1 01 43 71 64 58 32 af 26 82 82 42 db 08 ff 8b 4a ab 0c 43 21 dc 20 7b 43 bf 64 db 9a 4e 14 44 88 ca bf 54 7e 76 bf c5 de 94 c3 3e 0b 88 39 1b 72 e7 8c cd 4a ea 78 1a b6 43 88 5f 85 e0 f6 84 ac c2 85 63 8e 96 2e d1 04 d0 75 66 e1 b5 fb 66 0c a6 27 fa 57 25 c6 09 f4 46 bc fe a9 59 78 13 ad 52 35 16 58 c5 96 b5 76 35 5d 7b 1f 95 ad 11 07 17 c9 89 fa a2 55 97 11 62 70 22 83 3b f4 8e 42 dd 5b 8b ae 6c 58 54 25 a3 a8 0a 99 7e cd 71 a0 88 0b 0a 0b d2 92 65 4e a6 fc 59 2c 57 d4 42 3a 45 0d 95 96 1b 17 a4 68 63 ad c8 ac a9 43 3d b0 cc 23 9b ea 37 28 58 f2 49 7f b5 d3 dd 65 e5 26 8b 03 77 bc 27 1d 99 1b e1 8c 33 c4 3e f3 66 78 d6 35 bc 46 c0 0d 94 89 6f a9 e5 ec 7d fe f2 5b 5d 28 f9 e5 1d 32 ef c4 67 46 2c 24 01 fd dd f8 53 56 32 54 9e 0f cf 82 67 e8 ce f9 b4 19 11 8d 1b 0f 0c c5 78 2a 4a f2 6b f5 e1 57 4c 16 03 0f 52 2b f3 7f c2 8b fa 6c f1 ea 31 19 db 72 17 56 9a e5 56 c3 bf bf 0d b1 d3 d3 be 94 e4 9d 09 50 54 fb 3b 75 e4 b8 90 5a 3d 4b 9d aa 88 a1 ef b6 ea b1 15 4a 44 32 47 dc ed ae f7 78 8b 19 70 bc 23 d6 12 7d 74 93 3e e7 ed 8c 22 31 e0 fb 86 4c a2 a6 3d 95 46 9c 46 a7 74 61 95 4f 70 c6 a6 55 c2 ef ba 64 5c 47 60 40 61 77 08 e4 60 a8 7f 52 47 13 6b cf d8 be 00 a3 e0 2a ba 81 78 c9 41 90 40 79 61 32 49 0b 3d 96 75 aa 93 88 4f e8 5d cd fa d7 3f 63 0d dc 86 de 87 a6 4e 14 c5 51 33 c7 09 52 fd 90 84 ab 53 7f d7 85 0f f5 d1 9a e7 d8 6e 10 db 83 48 65 0a d0 09 75 41 22 62 33 10 b5 

Trying command 0d...
Result: 
e7 93 16 ab 5c bc 60 76 5f c1 7f d3 f9 29 93 1b 41 e0 36 82 db f6 1a a5 a7 eb a5 49 d6 35 86 11 46 ce a5 eb b4 85 f7 bc 28 19 49 10 1f cd 6b 33 a2 61 f2 02 6d b6 af 38 c7 f2 76 d6 fc b8 d9 07 a3 d4 97 71 d6 de f9 ea 6e 02 51 d0 62 2f db 60 0f 47 d9 90 5f 0c 2c 64 18 c4 63 70 63 15 9d 11 73 d6 44 df 21 f2 c5 0f 46 a6 3e 07 8c 07 74 85 7b 68 54 95 4c d7 dd 5e af 1c 68 bc 26 14 ee 67 44 14 b7 5d af 97 d9 34 7d d5 77 b4 9e 62 75 93 18 32 6d b0 c8 bf e5 a1 32 1b 1d a2 8b 5f fd 01 87 05 84 64 ac 13 dc c4 55 75 46 b8 94 17 4a fd bb 4e 2f 05 3f 82 49 09 23 73 d6 dc 8d 29 ee 59 c3 72 a1 70 de d6 3f 4a 4c 3a 09 90 a7 ba 0f 66 4f 98 b2 9b c6 7a 73 32 88 75 2e 3a af fc c5 8e 54 b0 8a 83 0c 9c 48 dc 7e f9 a0 78 b9 65 c9 7d 65 f9 8d 64 e4 c9 65 91 59 e5 f3 6f 4e bb e9 2b c8 c3 cd 72 56 48 17 5d 4f ec fa 23 4b 18 6d 2c 19 74 cb 83 f9 17 36 2e 8d a4 6d 39 d6 52 40 05 53 b4 72 62 1e b6 7f 48 1e e0 e4 04 b1 d1 ca 2f ff f4 69 31 38 f6 50 65 38 f1 04 8e 48 97 b9 39 ca df 01 e5 b1 f2 b5 bc 7b 28 99 21 a1 6e c3 8e 77 86 90 96 ec 4c 7c 79 af fe d2 dc 9a 84 dc cb ac 62 da ac 4a 02 b6 53 ac e9 84 d5 51 8c b3 b5 22 eb 10 b5 fa cc fe c4 28 c3 e9 99 7c 89 9b d1 b7 e6 68 e1 ec 0f 79 ae 09 2b 9a 2f 1c 84 51 82 fc 48 4a 16 38 3a 26 82 50 59 fb 55 40 9a f3 b4 dc 76 65 dd e1 58 9b a3 ad ff 4d e6 f0 04 de 75 60 4e 2b 92 67 96 d1 a2 69 3c 5e b2 1b 5a 4a a9 86 9e 77 4c c0 b0 62 e2 90 77 82 59 82 aa 28 23 3f 08 91 85 79 2b 8c 67 c0 81 ee f5 c5 99 94 c3 d6 0a ae e3 f7 89 d7 8e f7 87 7e cf 04 98 bb 93 67 55 96 74 2b ac d7 70 d1 b4 ba 6d 54 67 77 07 

Trying command 0e...
Result: 
91 9e 50 61 27 1f f8 60 2c af a9 41 16 b7 3f 02 1b f1 00 13 ae 7c f7 9b 9b 0c 15 e2 44 43 ef 7a 1a cc cd b1 34 66 c9 aa 79 8e 09 ca 79 72 b3 b0 8e 0a ea aa fb 65 c0 65 c6 16 fc 72 1b f1 76 9e f6 14 bb 52 1e de 00 22 aa 74 bd e6 11 36 18 3d be 1f d2 fd 09 78 3e b6 90 1f 5c 7e df f6 02 78 8f 72 44 bc 01 d3 4c 78 e3 1d 66 ce 51 1c 34 74 97 2d cb 79 8c 15 62 43 78 84 06 c2 c0 73 71 b6 8a e3 8a 4e eb 15 54 d5 50 7b 42 33 d5 95 e2 48 88 3b 39 f9 f8 c5 d4 4a 2f d8 f2 f4 d1 60 a1 e2 72 39 ae c4 60 42 9a a1 97 d3 a9 6c 63 76 da 00 c0 76 f4 c7 3a 76 7c b4 50 39 ca 00 05 ef b0 58 f8 00 6c a7 b1 a1 75 e6 92 a8 c7 d9 63 b8 d9 0b 0f b3 ea 93 7e d8 12 9b 02 6f 25 60 e7 82 17 6c 15 c4 bf b2 96 46 1e cb 62 43 9c 3f 74 98 5c 79 03 80 17 1c f5 95 d3 76 10 e0 21 dc 60 ab 5f 4e 0d 89 24 4b 43 e9 eb 93 2f ef 88 d9 4c f6 7a 16 25 ae 13 f4 73 81 d1 03 31 4b 3f 7b 25 3e 89 e3 d7 b5 90 de 5d 15 66 79 8d ae 5e 95 36 0a c5 81 ec 97 5f 31 c2 5b 70 b6 3a 98 2a 5e 2a c6 5e 4e 05 6b 74 06 6b 47 c7 72 2a 41 52 cd 69 b4 73 85 e7 7f 4e fd 59 a1 01 ff 5e 80 ba 6a ec f1 38 fc 60 88 44 7c c0 84 3e 47 29 a0 fa 55 15 50 9f 01 6f 03 92 cc 4b 46 ee bf 98 55 35 46 04 14 6b 9e fd 29 cd b1 72 db 8d 3b 70 bb de fc 72 a8 60 3c dc c6 25 d3 fc 57 6e 83 89 25 f6 ff 3f cf 3d 11 f2 80 ec 20 aa 24 b3 01 3f 66 db 88 34 4f 81 2a 5f 40 89 57 d9 64 ed 7e d1 04 7c d5 51 1b 91 24 fa 44 5c c5 d8 9d 4f c7 03 7d 98 f5 f4 cc 44 74 d9 d3 03 d7 f4 ba 3c 7f a9 6a 63 7d 3c d1 d9 f2 18 6d 54 a9 49 91 d4 bd 80 3a 31 c6 d6 65 66 75 c1 ab 8a 9b a0 31 87 76 60 35 be 6c 65 d3 39 c2 

Trying command 0f...
Result: 
1a 54 93 89 3e f1 da 19 cc 0c 65 58 ee 73 ea 82 e9 3e 15 49 c6 de f7 cb 0d 18 60 64 2a 1c b9 15 76 e1 5f f0 61 fa 27 6d 8b ab 1e ae e5 46 24 e3 49 40 29 d1 71 4f d7 51 2c 72 bb 87 41 e6 44 97 29 27 35 d6 81 15 d6 8a 4d bb 2d 4f a7 62 5f a2 69 ad 1b 8a f4 49 54 c4 cf 5f df 0b 6a 6a e5 a0 03 8a 2b dc 35 85 4b 7b 1b 58 f0 b0 65 ed 29 67 6a 3c 27 aa 4c cc 2b 2a 4e 7b d2 c1 f7 91 ef 2e 88 9a e8 cc a6 85 4d 70 e0 3c b3 93 8f 58 6f ff c7 ef d0 a2 2c 75 9f 25 8a b2 4d e7 d1 3a 7a 13 b7 b3 5a c4 2f 83 5f 54 e6 ca 8a 02 23 6f 7d f0 5a c8 87 da 60 01 2e d3 15 f1 77 34 c0 1c 7d 88 8b fc 9f cb e7 79 76 32 2e 14 ac d5 c3 70 b8 25 00 dc f6 83 7e 78 85 69 bd ef b8 5a 1d c0 07 3d 7b bc 2f 11 85 4a 2d c3 be 2a 2c ea 7a 45 99 31 a8 61 3f 66 72 f7 b5 56 11 6b 53 c2 97 66 ad 51 65 ba a6 5d 98 18 83 05 39 34 c6 a9 35 08 a7 55 62 f6 f2 90 5a d7 6d 62 8a dd 26 c6 03 a1 eb 89 78 9f 31 da 5c 0e b0 54 4a c3 86 a6 32 74 9d 97 32 29 d1 e0 f8 20 61 2d 22 55 ec 05 b6 6b 97 60 d0 cb 69 96 e9 32 e3 fe 05 21 4a e0 0e ad c9 a5 8e df 31 76 b6 a8 0d 13 bb 6a 48 2b c6 36 73 e5 7c 19 3f d6 b2 b6 77 44 9c 17 c4 09 d2 a0 68 9e 3f e9 be 18 d3 9e aa 99 d5 9a d7 8e 64 49 49 a7 c3 b3 df e4 38 50 55 dc 46 cd 1e fd c7 7d f3 44 7a 65 4f b2 ed 97 46 2f 65 36 c7 ae 8d 21 23 ac d9 ba f0 3b b5 27 cb e3 50 c7 4d 12 31 25 9d 08 ba b2 66 7c 43 87 e3 81 6a 8e 0b 22 03 50 a3 48 35 d1 e9 4a 0f 3b 87 a6 2c 6d 4f 43 80 89 79 b0 88 1b df 70 b7 b7 bd 1e df 79 6f 2d cb 25 4f 98 93 8d 4e fc 3c e4 3d 06 c4 05 bc ca 69 79 c9 3e 7f 58 74 4f ee 02 8b 32 dd 0c c6 9c 0b dc 55 47 

Trying command 10...
Result: 
98 58 35 00 23 38 67 ac bf 53 65 62 83 ea c6 a2 de cd ab b5 18 cc 5d ef 6a 6c 7b 5a 6c 36 f2 5d e7 fd a8 b7 68 5b 50 e8 f1 b5 28 36 4d 8d 69 d8 30 c9 bc ff c4 db 3b 9e cf 29 69 53 15 92 29 3b 2f 85 bb 88 1c 25 5a 6e fd 25 15 e5 b2 4c 20 c5 6e 41 9b 17 3a 96 42 8b 66 e2 7a 68 38 e2 4e 85 a2 06 62 40 3f 61 90 a7 42 03 ff d3 0b f7 5b ba 0e 3e 44 e5 2f 28 fb 81 0c 6f 47 24 cb bb 38 66 66 2f 8f 45 50 c6 8e 1d 86 df 0a 0d f5 08 02 52 89 14 b4 0b 89 72 61 eb 26 25 ed 1b be 09 22 3e 6e a5 d0 a6 fe 64 ad 7e 32 ee 9f 2a 9b 14 b8 21 fc 7e 50 53 0f d3 02 ed 70 0c bf a6 11 ce 75 30 8c 9c f1 ad 5a 4a 11 5a 4a b9 5a ab 0a a4 cf af 3a 4f 68 ce 05 3b f5 41 69 b5 17 06 b4 4e 28 66 4e 24 e4 b7 bc c8 99 bc fd e0 88 e1 55 c2 9d 54 b9 ae d4 56 93 54 cf e8 7e 4c 82 d0 a0 9d 68 1c 79 e8 19 58 ca 71 d4 81 68 aa 01 b3 4d e4 77 41 b8 35 b7 ce d4 95 a0 9f a0 5a 23 5d 81 e8 85 ab 1f 2b ae bc a8 be d1 ff 4b f5 d7 33 11 e6 44 49 0a 73 06 8f a4 a6 d7 8d b0 18 ab 73 5e 0e 49 f7 3f 8f f3 82 cf d8 15 37 75 73 ce c3 21 5a 4a 7d 2a d3 fc 16 54 27 24 c9 dc 0e c3 08 aa 03 1d 24 69 d3 97 49 9e 3d 2c b6 b7 80 ab 8e 80 44 f0 b9 55 80 74 7e 29 c5 71 d6 09 d9 ce 85 07 71 f2 d4 92 25 fe 3c bd 88 29 d7 a7 8e 32 fc 4a 7b 62 e2 78 23 e8 33 96 71 9d c8 38 f7 12 95 86 c5 35 80 00 56 46 60 da 5a 28 61 a9 ac 8e 56 28 50 48 5a e6 01 df 6c f4 d1 7e 47 51 45 50 0d 99 ac 54 ee cd 54 66 5c a9 76 0b 5c fb af 37 e4 38 f6 7f af 9b 01 d6 5c 85 d2 16 b2 ea be 49 4d 8c 84 06 5d b5 c8 c5 a2 d8 86 cc b5 72 9a 03 b0 66 d1 4b a8 e2 0a 70 ec 59 0e f8 34 9b 2d c3 e0 a2 73 7d 24 

Trying command 11...
Result: 
58 60 91 54 17 98 2b 1c 37 45 8e 4c 79 98 26 22 27 c1 5b 1f 57 43 4a f9 1c 2e 5b a1 0b 4a f6 ab 41 5c cf 4f 11 85 0e 84 3a c9 5c c3 ec c9 53 d2 bb f4 f7 9c 34 3f 63 62 40 e4 e2 b7 55 af 40 97 b7 22 44 02 d0 ff e7 e3 e6 a9 7e 40 d9 d7 1f 4a 6f 65 56 97 28 64 e0 a5 20 5f e1 47 c3 67 67 39 3c 33 b1 50 81 64 70 c9 96 5a 73 d4 dc de 15 74 c8 c9 0f 36 2d 9a 4c ed ee 7f be 7f 6f d7 40 2f 8f 38 2b 16 bb db 0c b2 8c be bf 3b c3 1b b4 8a a8 83 a0 bc c2 66 43 9f 0e 45 bc 0c 7c 52 20 ea 5e b7 c9 2e db 34 d3 ae 07 4b d8 8f dd 5e 75 af 16 a5 51 9c 39 77 35 ba cb 93 ea 56 8d 57 13 92 4d 93 d6 30 37 fd 3b 2e d2 5e 3f 86 74 49 e7 85 89 a7 06 33 fc fb c8 76 1b fd 2d 29 24 97 30 5a 1a 57 c9 d0 62 18 70 7e 68 d8 58 6d 29 83 ec a5 26 fe a5 70 d1 63 64 28 fe 10 35 fb 83 f3 23 96 cd 4f 25 63 73 6e dd cb 46 52 89 fa 0e bc 67 f7 da d8 94 3a ba d6 06 47 5a 10 82 5b 6f 66 cb f5 84 08 03 2b 21 7e 9b 75 f8 4d cd 54 b5 a9 53 08 c8 b8 65 7f 09 ce 21 7c f3 81 05 9e f4 b0 d4 5b 77 35 85 42 92 09 c5 fc e5 69 d9 cf 59 91 3b d2 d9 91 6a ec 5e 91 1b 0d 9b 53 51 70 3d 83 44 2e 14 6e 5a 94 32 7b 22 92 cd 5c fd 4d e3 83 a6 bb 3f 10 dc 54 fa 31 8e 45 83 4c 5c 0b fb 06 83 56 b3 20 dd 11 c4 a1 bc f0 0b 6f ba 84 66 43 ef 25 e2 82 47 00 cb 0a f2 73 fb 33 c9 59 61 10 5f c4 06 f1 69 19 80 2c c9 59 86 2f 53 79 29 8c c8 a8 39 24 13 11 05 64 eb 72 a8 6a 9e 23 bc 7f f7 0e 42 19 00 91 b0 3a dc 37 5e 5e 3a 0d 81 af 8c bb 8b 86 b7 de ed 0b 1a cf e5 ef 47 df 6d c7 3c 31 f6 bd d9 e7 4b e7 93 f8 bc 75 5e 9d 68 0e 3e 43 cd 2a 5a 73 ab ae 1a aa 43 d4 dd e8 a3 22 dc d6 

Trying command 12...
Result: 
46 ac f0 6e 6c 34 2b f5 d5 ca f6 ae 05 2f ab ea 22 31 25 00 d6 75 60 de 6e 2b 52 80 53 c5 47 36 12 bd 7c bd d3 bb 60 7b 5d b8 6c ae 33 39 85 81 cd 99 85 a2 da d3 f9 9c 45 18 8c 00 ff ac 76 5c 40 49 98 f4 a6 07 80 f1 25 b6 e6 f6 12 3d b3 45 61 24 33 7b 10 9a 1e 28 6c a1 98 26 f6 ee 30 7b 5b d1 2e 7f 89 03 f3 81 02 f9 67 c5 79 12 48 16 36 08 0a e1 72 fc 88 fb 8f 87 46 a5 2a ce c3 f4 84 82 b2 c8 ac 4d da c0 1f 46 b7 dc 45 e5 fc ac 69 ba f0 ca 3e 40 a0 a5 8c 56 5e 8f 5c db 99 3f 8d 7d d6 2f 57 5b cb 6e f8 fd 79 1a b2 59 f4 45 2e d9 cb 05 fa bb 86 4a 97 30 b2 d1 ef 86 fe 95 4f 35 a4 17 84 82 11 e7 27 44 00 27 b1 4a 12 88 51 c7 b5 e9 6e 52 e6 0b f0 7e 30 4f 55 57 f4 52 2a bb 26 7a 2d 4e d0 2f b1 9c a7 e0 78 30 65 26 57 16 dd 50 8c e9 de d9 a7 dc 37 16 28 57 60 c2 e4 92 9b 5f 70 c4 86 d0 f4 29 b2 3d 21 12 93 ac 2c 92 36 54 c3 07 5d 1a 1b 66 ce 6f 88 9a 4f 4b 19 40 17 47 3a b5 27 fe b3 83 37 6d 98 ef f1 84 a2 0f c3 60 71 4f f1 89 e9 0e 09 99 19 95 fd 1f b9 ac 20 53 4e 9e a1 57 57 50 a1 6d f9 b2 01 23 57 75 60 a5 7e 09 bd b8 76 54 fe 20 56 57 d6 f9 34 6e 38 4c e1 e4 d6 26 5d 2e c5 11 a6 63 01 fe 30 02 34 04 73 bf 7f 88 88 76 fe 85 8f ce 17 82 eb ab 0f ca ff 22 33 75 91 f4 63 c2 94 0e 8d 68 a9 24 ff e0 74 04 2b ec d7 13 24 a3 6e 37 6d 4a 89 52 0f 7f 0f b6 48 86 4b a1 11 75 63 21 76 45 de 3f e1 71 d3 51 96 f1 91 f9 65 70 60 60 ba 82 e4 4a 81 de 39 2b 14 39 fc b2 8f 87 6f 49 04 ef 45 87 8d d2 dd ae ae 7b 42 b7 3b 10 f6 b2 d6 17 bf dc 69 03 e3 4f fd c1 e2 99 3f 84 0b 46 15 f4 d6 8b 7c 7c 90 7a 7b 1f 4b ed a2 0f 6e 56 3e 49 

Trying command 13...
Result: 
e1 23 13 87 0f 4e 0e b7 92 a2 b8 50 b5 02 1a 9f 0f 5b 20 85 d7 2f 93 6d 66 b1 c7 e1 63 e1 f3 27 2b b1 a3 77 7c c3 59 2e 2f f1 39 8e 33 8a 8a 25 1e bb 0d db 47 0c 1b a2 25 e8 b4 b8 4a 9e 0c 25 df 60 fd ae 13 fb 74 7d f8 33 be 64 7e 73 18 68 37 b5 4f 72 e4 6e cc 41 2e 7b 3f cd ac 7b 90 10 52 3b 93 c5 63 ab 20 e7 8c 17 a5 16 88 ee 17 23 de fc 54 4e 2c c2 e8 07 e3 d9 b0 b7 94 3b 26 f2 f4 05 dc 7a 7c d2 48 b3 40 c5 9f 55 13 80 cb 72 97 8d 3c 71 23 2e ac e7 47 8b 0b 28 8c ad e9 a5 68 49 ad 14 7e 5e fc 24 91 6d 2a c3 9d 8f 85 a4 7b ac 3d 63 27 ee 4b 8b 9c 2e 7d 04 7b 3c 5f f8 3c ec 6f 86 8b b0 a8 56 1b da 96 a1 9c d5 f8 f2 ca 69 e7 69 08 cc d7 f4 40 22 32 b3 27 8c 69 e4 95 36 a7 3b 71 19 c6 3d d0 ed a0 91 71 e5 f1 66 de af 53 ca ca 07 f2 42 80 85 f2 55 e5 a0 ca 7b 79 f3 aa b7 3e e9 fb 3d cb 06 1e a0 2c c6 29 07 d0 45 c4 d7 ac 89 51 70 ed 4f 85 56 96 89 26 36 0e ec 23 cf 77 47 a2 e6 fe 62 11 dd da 6a ee d6 44 74 78 86 60 74 a5 d2 7f 20 64 f6 e2 4d 01 15 8b 79 01 da 3a fc ab 2b e7 8d ef 10 7e 40 ac 9f f2 e0 01 ff 80 8d e4 0b d6 c3 fc 29 61 4c a7 22 73 75 93 aa 8b f3 48 f9 8f 09 4a 5a fb 12 2f 33 90 e9 13 df b0 c0 36 75 6b 01 18 77 55 53 41 87 b5 37 e7 72 90 cb b9 26 f2 dc 12 67 0e dd ef b5 28 0a bb 69 60 8f 6c 60 e8 8c 77 d6 c2 8c f5 c7 ea ce f4 19 4c ff 3d 41 a6 f8 0b 36 ed 7e 85 fb 90 a3 ec 83 a8 94 a7 21 1f de fb 42 84 03 c1 31 d0 56 ff 1c 60 6a 0d f6 15 77 e6 ce 7a d3 ad 56 1d c7 88 40 99 29 26 dd 5c 86 33 76 d9 fe ef 3e 65 24 e2 2d fb cb 0c 7c 4d d3 82 04 96 1a 56 21 73 f8 e2 24 ca fa 64 d1 0a 22 62 8d c1 00 e7 f8 

Trying command 14...
Result: 
9d 7e 81 ae bc d5 e1 a7 a0 8d ba 6f f1 a0 b9 ea c9 6f 85 dd bd 3e bb 50 6c 48 30 6c 1a cd c5 98 01 a6 b8 b3 3e 7a 2f 63 01 55 0c 1e c9 c3 5b d8 91 2b 0b 92 f0 f1 f2 a4 4c 48 16 14 af a7 0a 3d 4d 1b 2d bc 2e 3b e5 4d eb ee 9e 0e 61 a5 c5 26 be 47 0c 3c 94 2e 7b 07 0d d6 4f 09 6c 27 c6 ee fe 55 81 7d 56 35 ee aa 17 6c 88 6a ea 5c c5 1b a4 f6 ea ff 90 7d d6 87 77 4e 01 18 a6 15 f0 5f a2 6b fe 74 34 fc 8b 4a 39 be 60 8d 72 19 3e 72 42 2d 9e f5 f5 c3 f7 04 e4 61 e4 c2 17 ea 34 7b 5c ea d0 ef e2 22 47 34 81 cc 42 6f 75 25 c2 67 f9 cd 93 c1 ba 82 c1 1f f0 85 02 4c 10 55 e8 4a ce b1 de 56 50 3e 0b 13 03 49 2a 40 a9 0d 98 89 7d 65 ce c6 22 af dd 82 3d 42 e0 b3 95 7f 49 f2 89 2f 73 de 8c 94 29 97 f1 dd e8 5e 9d 50 20 30 0a 16 4c 13 0d a8 f8 80 16 d3 b8 fc 2a 71 1c bd 32 98 13 39 34 08 cd c4 74 bf 7c 40 ff a8 16 f5 4a 8c 96 54 ab ac d3 58 f5 45 e9 98 ac ec 1d 80 91 53 3c c9 3a 25 f5 54 05 88 b5 6b e8 05 53 86 f2 cc ca 1f 8f d7 6b 2d f2 ff bf 98 f4 62 e0 11 17 78 d9 9c c8 90 09 03 33 66 5e 65 78 55 72 c9 c3 da 2d da ba bf d7 36 1c c8 22 40 30 54 85 09 b6 b7 53 e0 64 c0 3d 07 8e 09 a4 26 2d ac 75 63 e7 f6 3e 5a e3 11 3b 07 2a 26 ec be f2 72 91 a0 ad 58 8f d5 cc bd 68 0f e6 56 93 7b 97 c2 aa 0e 93 95 c1 75 11 1f 5d aa 1d a0 18 bf 1c 6b 50 2f 7f 76 c3 5f 71 33 fb 5f a2 62 11 24 cd 90 98 85 66 fb 82 e3 4f 1d 8d 8d ae dc db 5c 3c 72 00 9a c3 1b af 36 3f a9 29 b9 7a cb b4 36 53 06 e4 8d ae c4 db ec 3b db c6 da 62 4a fc 53 5b e3 bd 6c 32 d4 d5 84 ab 4a e7 93 47 36 47 c6 cd 4a c8 42 ee ce 1b 33 ff 6b 42 37 fc d3 43 71 0a ea 94 73 

Trying command 15...
Result: 
a1 8b 7b 38 8b d3 5b d1 8d 3c 90 ae 37 21 a2 0c 26 fc 2a 05 ba 6c b9 5c 1f 42 70 7c df 68 a1 7d 08 4a 6b 17 34 63 8d c1 e7 53 16 3a 71 19 09 2f 89 50 08 a3 66 2b e7 24 b5 fc 22 ab 63 07 dd 13 63 a1 28 ee 99 1b e3 84 d1 24 f7 4b 6e 2c 3f c3 eb 13 5f 4e 0b 4e 22 dd 4d e2 de 3d 15 94 0c 61 7b eb 26 20 a8 10 23 6d 52 9c 8d 17 95 50 ae d4 da 43 46 a2 bf 3c c7 f8 c3 a2 2b 48 60 df dc 08 1f 05 81 f1 51 3c 40 e6 3d 8f 73 a1 cf c8 1e e1 f5 8b ff 42 dc bb 50 07 37 4d b1 da 6d 69 67 45 0c 28 30 d6 d4 45 be 01 34 02 5c 77 9c 54 79 dd 84 f3 0c 7c 00 48 f0 b9 cc 04 58 50 db d5 fb aa 63 dc 23 ce 06 99 ca 6e 0f 0c 93 38 54 e2 8c 08 4f 70 7d 6a 9f 28 20 12 84 e0 3f d0 33 1e 12 49 05 4a 7d 76 f1 68 23 c4 36 64 4a 88 c1 9f 49 b8 71 cc 9f e6 40 6b 47 0e a6 28 55 c9 cc 97 f3 de 5c 23 cb 3c 24 6a 28 8f 0d c1 f8 13 d0 37 60 1e db ee 4a be 5c d7 2b b0 b1 93 da ff 59 1f 95 3c a4 77 06 22 36 91 df fd 3a f2 a4 ba 52 0f d2 c0 42 b5 99 7c 88 08 1e fa aa d9 53 a0 86 49 7f 74 cf fe 23 67 8d b4 6c 77 e7 e7 21 2d 49 38 a4 a1 b3 45 52 27 b1 a6 f6 0a d1 43 cb d2 e7 e2 ee e9 35 92 7a ed f0 0b 8b a9 00 ac 3c 5c be a1 18 28 16 b8 11 17 fd 13 62 ef a0 cb cb 70 f1 d9 cb 47 3e 93 48 84 ef 0c bd f2 6d 32 1a 47 12 71 55 d6 d1 ad fb f9 54 fc ef c5 4e 94 77 a7 ee 76 e1 32 91 f1 58 bd 6f 97 d9 e5 44 79 e6 c8 74 58 81 b1 90 42 d5 db fe 75 9f af e1 65 06 af 50 34 54 fc bc d9 da f0 93 15 a3 99 f9 e2 fa 8e 98 a3 a2 9e 67 86 f0 1a 36 8e b6 2c a1 47 1f aa d7 32 f7 86 5f eb 29 41 57 ee ed 07 5d 6c ed c1 02 8a 6f 06 b0 7d cf 89 6b 60 8e 54 26 92 13 79 20 4a cb 2b 

Trying command 16...
Result: 
4c 6d aa 9b fb 07 b7 79 6a 91 8a bc f4 62 06 8d 9d 16 6c 12 c9 94 57 c4 94 5c d2 01 bb 75 37 ae 7e a9 55 fe dd 23 03 37 53 e0 34 61 a7 c3 a9 c7 57 db 09 a0 f3 30 e1 d3 82 b3 a6 13 bf 3e 9b b6 06 d1 5a 60 88 53 79 e2 ad 6d 2d 91 0a 9c eb 0a d6 4c ba 50 9b f5 7b a7 8c 1c 86 72 a2 62 61 7b 95 e9 cd 87 22 00 94 3c 2f e5 43 9f 99 a5 fb ec 74 d5 00 c5 80 bc 1e 2f ba 10 1f 16 a1 98 99 06 00 73 98 51 59 65 b2 c2 99 ae 0a 36 9e 50 3a a6 9a 9c b5 7f 23 c8 62 c3 c3 28 58 ca 6e 7d 7e 14 b5 1e e7 74 7e 03 bb c7 70 9d 71 fc f9 0e 60 c3 00 88 34 ef cd 59 09 ce 2b b1 aa a1 12 15 3d 11 b9 77 6d 81 c1 c3 ba b7 54 2f 1f 17 80 c4 30 9e 9c 3c 17 08 62 01 9b 36 72 97 7b e3 a7 5f b3 46 d3 65 a4 74 0d e7 08 a1 d2 56 8f 78 f4 fd 3b b0 63 69 91 f0 97 57 6d 8e 02 40 3b cc 7f 98 2a 2f da 88 c7 e9 fe c4 10 e9 02 e5 40 68 d4 da bc 32 40 4b aa 05 3c e9 b1 d7 5c 62 56 25 50 b4 db 1b be 12 58 96 60 13 f1 34 f5 2a 98 be 7d 5b 47 dd e3 9e 2c ee 13 e7 ce e6 af 19 dd e3 08 62 73 e3 48 4b 07 79 02 8e bc fa 22 7f 66 32 7e 8b 68 65 bb 51 18 d1 17 81 b6 8c d8 be 33 d4 0e 45 d8 76 dd f4 06 ba 6f 25 30 0a be 4f 22 fb 72 0c 0a cb f9 64 32 b2 4d f3 87 be 30 01 32 b0 b6 97 66 20 05 45 ff 73 d6 b0 35 cd 7c 86 d2 d4 5a fe ca fd 58 a2 a2 bc c6 e4 51 ef 21 0a a8 14 bd bd 37 a4 ce b2 ff 74 40 6c 18 bf bd 8a 00 27 52 21 5e 2f 89 95 81 1b 08 1f 11 a7 bb 3e e5 13 84 99 a5 3a 5a c3 33 9d bb 37 1c bf 30 4c c4 53 37 2a f4 cb c3 2e 7f d3 57 34 38 dd bc 07 4f a0 dc b6 40 cf ac 2e 8d ef 22 e4 2f d3 a3 e9 08 e6 9d 02 38 02 50 46 72 13 9e dc 97 6c ac 07 4b 9a db 3f 9d d9 

Trying command 17...
Result: 
5e 33 af 3e d4 d0 44 f5 8f 9a e0 11 a0 a2 00 2e 52 2f e6 59 a3 de 5f 0e 70 98 bf 40 5c 06 03 52 b8 a8 aa cf 48 d6 97 07 fd ff d5 b7 1d f2 3c 66 1b 0e 0d 79 b7 ba 5a 7a ca 0e 11 bf 49 d5 5e 6d c2 dc 46 fc 6a 16 c7 92 e5 d8 1a 18 73 87 04 8d 81 34 b4 a3 48 f4 b0 78 1f 99 a3 16 0c 15 85 78 24 dc 2f 70 67 6b 02 e8 e1 68 7d e1 64 6a b2 24 52 25 1b 46 b1 92 c1 ed 15 67 33 60 07 dd e2 9e 39 cf 76 59 60 d4 89 11 51 69 11 22 a8 4e 81 88 0b 1e 06 62 d9 dd 57 ec 4d a4 d5 e6 02 ce 52 4b 15 9b 18 13 cc 23 aa ed 92 5f f1 82 90 e7 3f 62 c9 d7 13 b3 c4 fe f5 f1 09 59 c6 2a fc 62 0c 96 3b 8a 0b 6a df be 14 2a d2 45 c5 12 e4 65 b7 d3 1a 47 3f 7b 82 65 e9 62 51 fa ca 50 11 01 43 66 10 44 23 04 47 bb a6 36 14 ee dd 90 8d 00 5a b6 d5 bd c6 39 6d 81 8e ed 4d 61 07 f7 3d ef 98 9e cf 0f 77 94 10 d9 bb 02 e3 cf 18 11 8d 1f 4a 2e a8 8e 9b f9 8b 7a 6b 8d 47 14 4c 9b 2e 81 b8 2f d4 61 b0 40 eb 38 b4 7e d2 89 5b 34 cd 15 1d c9 a0 e9 18 da 92 df d9 b9 5b 87 46 01 ff f7 dd 0c 07 20 d4 bf f1 70 58 72 b8 6e 88 68 9c b4 7e 0b 26 5f 98 cf e0 ff a3 af 99 d7 ef db fd 84 72 aa 7d 7c 59 93 d2 27 6a 0c 65 03 fa 44 eb 6c bd 22 16 b9 80 4a c3 9e d3 84 13 70 67 c4 16 3e 89 c7 fe b0 04 db ae 98 70 52 8b 32 1c 57 98 92 18 c0 f5 5a e9 c5 c9 a6 e5 90 ba 94 6a e3 4e de 79 83 1b 38 c9 65 08 b1 b7 b9 07 55 7a dd 8b 8c 56 e9 e6 37 40 95 88 9b c6 65 0f 20 89 49 c5 e3 fc 76 41 89 47 02 3f 10 c7 35 fe 97 16 67 07 9b 55 1d e2 00 be 26 c8 8f da 32 34 56 07 ea 56 03 62 93 48 95 0e dd b0 ea a4 e4 c2 a7 cd 01 f2 2c 7e 36 84 55 0d d1 b7 55 c5 c8 ef 3d 51 8c 76 36 77 a8 

Trying command 18...
Result: 
de 94 4a 93 60 6b cb d7 27 06 16 b2 9e 87 19 e6 80 f7 3e 0d 6c 27 d9 7a 92 5d c2 e7 38 d0 28 f9 9a 92 b0 01 e8 91 ca 1e c5 b1 27 d1 0f b6 a2 cf b0 b3 02 fe ed 75 45 b0 fb 9e d7 87 b1 bd 59 14 59 b4 47 a9 f8 5e 61 6e ad b4 07 25 ea 1d 3b ca 00 0c 99 2b 85 8a 9f 38 75 91 bb ae c2 2b 5d 3e cc cc 05 b9 1e 98 4c 8b 99 25 2d 39 27 d6 9f 87 4a 53 52 ef 71 37 24 3f 3c 79 1c 9d 72 68 ca cb db ff 9a a1 b7 e5 5c f9 a7 d1 b0 a7 b0 58 37 5f a3 5e 4b 1d ab a4 76 b8 1c 1c 09 e7 b6 c6 ac 88 f1 b0 f7 51 70 56 3f 48 50 72 88 04 80 f6 24 5a f5 34 34 aa c2 4c 50 05 02 24 aa 95 4c 60 b7 ef 9c 87 8e de 3f 90 19 e4 ac fa ff c0 b7 cd 8a 47 d3 9d 99 dc c5 31 81 c7 35 1a d5 a6 7a c7 69 e5 77 6d 7b 02 31 e9 c3 9b 3f c8 12 be e9 f7 de 67 77 4c 83 dd 71 a3 ad 42 13 d0 c1 b2 87 11 ed 78 76 ba 0b 32 78 b3 0e 18 ca a0 53 e2 c7 3d aa 4f 11 a4 4c fc eb a5 cc d5 8f 18 21 61 94 3d 2f 00 f2 5c b4 a0 b0 31 70 8d 59 bd dd 31 42 f3 aa f8 ad 76 62 a7 d5 1e c9 55 e9 2b 94 15 4d 76 f0 3f 73 f7 dd 80 67 c2 a6 17 2e e8 e8 d0 10 9e 66 2f c2 a4 33 d1 d3 57 f0 b5 45 b2 d4 95 2b 36 4a a7 09 bc 76 e7 fd f6 3e ba 8c 7f c8 32 d0 e7 51 29 1a ca 08 cb a5 1d b0 c7 65 ed bf 5f 61 87 67 3d d8 ee 34 78 d0 7a 56 d1 79 66 43 2a 99 27 99 63 fd ea f0 73 59 4c 78 aa b1 c7 30 43 b4 5b 76 02 cb 31 8b c1 42 7f a8 3f d4 58 07 73 ab 9c 54 8f 67 39 04 86 ef 12 c9 20 55 f9 9b 88 d2 27 d9 07 39 bb 20 a2 bf 7b 46 1d 2c 21 b7 7d f3 ef da c1 df a5 2d 77 cb 52 30 b4 48 15 17 1e ba 43 3c 0f c3 42 b3 be f0 37 57 2d 08 35 ef 70 6c 39 52 8b 34 4f cb e1 37 7a 8c ba fc 04 2c 5f 5a 52 5e d8 

Trying command 19...
Result: 
3a b5 e7 43 3f 9a 6f af 87 a9 5b 02 38 2c 05 de 56 67 58 4c a1 45 c9 02 bb ea 4e 52 6f 4c b6 d9 d4 ce 3e 44 21 92 97 33 ca 5c 06 22 ce 19 76 8b a1 bf f1 ac bb b7 69 cb 73 e1 65 e3 2d 9d bd 32 c2 04 65 fc 9b b0 6c d7 e3 f7 ab c1 ba 7d fa ea 02 7a e1 17 99 22 e4 70 38 fc ed 4a 57 95 ea d7 f0 26 e7 f8 3e 23 28 0f 20 c6 a5 8c ba 2d c3 5d 2e 3a b0 6f 39 c2 f9 3e 72 f4 91 a5 b1 c4 04 88 41 b3 e1 06 93 1d 7a 8f 4e d8 d6 a6 01 34 27 f6 96 02 c6 7a 63 ab 2b 6e 06 a9 99 15 6c 21 75 44 c6 e5 0b 9b 51 7b 8a 35 50 b1 31 39 1f 4f 8f 3a fb 12 70 21 30 a0 af 28 54 56 50 e8 b8 ca 02 3c e4 56 93 19 e8 f1 9b 7b 17 93 c3 12 03 62 1e 90 e8 ad 4d 4f ba b0 b1 81 70 72 58 d7 65 54 ac a9 82 7b d6 16 7b 0b 86 ea 51 16 e0 9e 8f 10 f8 8a 4b 51 ec 71 ec f1 f4 15 19 96 f7 8c 97 65 eb 60 8e fe fc 5b 03 e6 99 73 97 62 35 fc 12 b4 8c 89 ef a0 08 f2 b1 ac d2 2a 5f d7 c2 b5 a4 ff b9 3a 08 7a de c1 1f 4f 2b 73 9a 11 56 47 cc f4 76 ca 98 a0 7f ef 67 ca 33 6e 66 65 2d c4 ae 0a 2f d9 8e 34 4d 7e fa 87 92 76 21 65 b8 c7 5e 31 49 c3 27 e1 c0 28 68 d4 5d 62 c7 a9 8a d8 ea 5d 32 62 ab 74 e8 b9 12 b0 46 16 61 0a 0a e0 43 ee 08 55 d1 59 d1 04 21 85 b7 f3 bf 78 81 71 97 ad 36 a6 d4 0b 18 89 fa 21 d7 a9 66 1e f4 34 60 19 d3 db c6 b6 d2 33 4d 05 d8 fd 4a 1c 00 c0 39 bf a0 de 8f c0 4c b5 b6 85 f8 eb 7c 00 91 0f f0 cb 42 b0 75 7e ca 3f 50 a2 a5 5c 52 3a b0 c6 9d f5 7e 42 a2 77 09 0e 73 9e 7b ad 0a 47 8a ee ec 7b d9 d0 ef fb 09 d8 d2 e4 86 75 ac 69 ca 7a b8 a2 8f 7c 58 c0 d7 eb 3b ec e9 27 14 c9 42 74 6f a3 40 be f9 0a 57 b1 9f 26 ad 04 91 8b b3 8b 94 30 a6 95 

Trying command 1a...
Result: 
c2 eb 71 ba 64 03 47 14 25 40 8e 22 76 b9 91 e2 7e e9 67 1d 61 af 3a d4 20 d3 d2 de e0 62 8c f1 b8 ae 48 78 9d f0 6d 8b 55 c1 8a 7f 29 4e d4 91 49 f5 5c e4 59 d2 85 ef 1f a2 0a 36 33 a2 75 3c 26 8f 67 85 09 b9 48 3d 5d d4 d9 07 54 07 00 a4 fd 33 f8 d1 c4 68 d5 a9 8c 14 4f 0c 66 ec 62 a1 48 ee 6b 94 6c 48 85 76 4b 4b 5f be 1c 37 ed 25 9d 3f 32 77 76 ac da dc 8f 4f c4 6a 8a 5a 09 01 46 4d bf 81 34 56 55 fa 47 53 d8 f9 c2 79 8b d3 e6 a0 d3 90 1b e2 9b df 28 28 71 da ab 0e e2 26 b8 36 58 e0 0a 2f 15 15 03 fa c3 e3 b3 95 c9 b0 9a e2 73 0b 78 47 da 95 6a e9 e8 4b 44 57 80 ac 2d 5f b5 1e 8d 94 16 2a 66 fd a3 0d d3 fa bd af df 06 be d6 f0 07 ab 97 33 a7 f4 a8 6e 2b 6e ce 01 d9 c4 3c 01 0e e8 0a 1d e8 04 5c 52 2e 6c bd 9f 80 fb 31 e4 73 b9 69 35 dd d0 54 e9 c1 b3 5a ae f1 8c d6 e2 6f 21 43 a1 92 2e 56 a0 5a 66 2b 34 45 14 4a 6a a0 71 b8 e7 87 84 f5 7d 7c 8f a9 26 e4 02 ed 5a ab 8b 3b 2d 58 83 73 5a 2f 68 b5 ad d7 d4 f9 ee e0 ed 0b af 9c c1 1c 0d 9f 8b e9 2a da af e6 52 76 ac 0f 31 e5 35 1f 0a 0b 27 89 db c4 4d 76 cb 4c 35 d1 5b ec 87 fd 3b b9 32 27 63 a7 e4 15 d7 f3 b0 95 0c 4e 57 71 8b 9b 14 ab a6 a9 45 01 e8 18 6f ca e4 7d 72 85 26 65 d5 26 d1 40 28 87 f1 9a 6d 5e 33 2b 01 cb 36 ec e7 d8 ae 6b eb 88 85 3e 85 c6 6d d5 3f 40 1f 76 da c2 6c 31 53 23 a9 72 be 01 64 0b 58 3c 57 9a a5 27 b8 39 c1 1c b5 77 e4 5a af ea 23 97 a1 3f 44 e5 75 05 fd 64 a9 3b b3 98 bf cc 41 f5 45 68 cb 7c fb 04 11 03 06 44 16 4a 07 aa 9b 4a d3 55 dd 48 78 d5 67 25 d4 36 b4 52 56 d4 02 49 2f 44 6f fb 61 84 5a 35 90 a0 92 01 7a 2e 1b c9 20 8f 1d c8 

Trying command 1b...
Result: 
66 96 83 a9 59 08 07 6e f2 b1 4b b5 96 ea 2e 10 9e 8a 86 21 c5 30 49 ca ad e5 b3 57 f3 de 35 75 7f e3 83 d1 7e 36 f6 b9 1d 57 c3 ac 8d df e7 a9 50 5d bb 3f c5 6f 11 f9 fa 21 fa ee a9 c0 8f 0c 4e d3 be 9d 24 5d bc 12 42 f9 25 a6 38 6c ac 9b 5e 85 f3 4a 02 6c dc 32 b4 57 2f 96 fc 86 41 a8 71 ea c4 c1 15 81 7d 5d e0 25 51 a3 01 a3 91 8f be 13 de ca 73 fb 55 7a 11 9a 39 cf de 4c d9 54 89 8c ff 87 08 fc 42 59 91 70 91 28 02 ce eb 4c 81 08 dd da 4f 49 9d 45 0b f4 7c 2b d6 d9 bc 59 1e 47 fc 37 a5 11 cf fb 8e 1a f2 d4 6c 48 50 e6 81 fa e9 53 fc d3 7d 97 02 00 f1 15 94 0c f7 99 65 bc 1c 30 97 29 3a e1 6b c8 e6 66 b0 c5 5a a6 29 14 18 ab a2 2a 22 6a db 6e da 7f b3 9e ab 3b ef ac 0a a2 eb e6 54 d5 f9 e4 85 16 31 1d c4 f0 9f c5 57 45 f4 03 f3 2e ad 00 6e 73 3a b4 b1 42 6e f2 bc 56 e5 1b c6 a8 7c b8 bf e6 3d a7 56 c3 09 ca b4 82 1d 6c 7b 2a 8d 9b 1f 97 9a 4e ec e6 45 db 1f c7 0d 82 d3 4f 33 1d 0b e6 bf 83 1c 1e bb 28 f0 01 88 fb a7 c8 9f 19 30 4d 49 56 fa 0c 05 c2 0c 95 08 c0 d8 64 5e 0a 73 e4 1e 39 fe 2f 68 97 91 5b 77 f5 83 dd 53 f7 10 a1 e7 3a 75 ad b0 ed fc 2f cf c7 76 12 0a 30 61 92 48 96 21 ca e8 0a 95 fa 83 eb 87 34 04 a7 0a 61 a4 b8 e8 bb aa 89 f7 25 d0 a8 c8 08 a4 d9 06 fb 7c f7 62 b2 76 c5 21 b2 70 f8 d8 59 0a d8 ee 59 a8 20 22 9d b8 d7 fd 5e 15 86 1e 27 9a b4 7e b6 1e 94 a8 bb ae 4b 75 eb 41 24 c3 82 0e 6d a3 16 1f cc 43 cc 9c 81 d5 95 e5 e3 b3 18 05 5a 62 7d a9 f2 87 a8 e7 8f 58 a2 12 8d b5 61 cb 11 f2 f5 3a 93 2a 1a a5 a0 be 9f 13 71 f1 ca 90 ab 48 40 73 43 df e9 84 40 2a 8f b2 03 4c 9b fb d8 e0 ea c5 89 d3 c6 

Trying command 1c...
Result: 
76 1b d1 82 0b 1d bd 0d 16 85 9a 1e 81 48 b8 a8 5e e2 89 bc ca 51 9d 3f 9f 63 27 6d 8d 46 8b 22 19 27 f6 88 c9 c5 71 32 13 7b bf 34 88 e6 a9 a3 6f a2 ad ca 42 bd a7 55 de ee 4c a4 49 a9 5b a7 8f d0 8c 74 fb d8 15 d3 f2 2d 1b b4 23 83 2b ea a1 50 03 f1 20 ec a3 1c f5 e6 f0 30 1d 6d 80 94 4b f0 1a 41 42 15 98 fb 3f 3c e6 6f 46 95 3b 81 45 0e 08 d4 7a 09 0d af 8d 9b ef e9 bf c3 ec 21 ae 38 bb eb 3e 32 c6 d9 62 06 d5 40 cb b0 3b 14 e7 95 74 a5 3c 33 59 4c 72 2a f7 0e 80 c1 e8 9a bf be 6d f7 c7 c6 ae 25 c8 07 0d a4 9f cd 94 ed 05 a9 a2 ec 3b c1 58 c1 3d 6b 47 9d 5d 54 7a ce 92 3a 7a d3 b8 f2 84 cf 2d 1f 28 72 9a 01 d2 18 ff b1 9b df 57 cd 58 59 16 72 4c 4d a6 a6 fd f9 86 a1 e0 fd 5e 71 a0 99 df f6 da d5 8b 47 db 2f 0f d8 1e f1 38 af dd 98 c1 fc 86 dd 12 6d 97 f1 43 1a d1 03 34 78 1a 32 c8 4d a8 45 2b 12 4e af 37 ce 45 fb 6b 95 f0 1e fb 18 ae 5b 97 8e c3 87 44 2e 97 64 88 87 94 7a 64 1a 53 75 b2 0f 41 d8 f0 c0 c6 e6 b8 e4 db b2 9d 7a 69 a4 d5 c0 b3 a1 7e 0d 50 2b 12 44 bb ad 9f 58 17 d2 7c 73 06 e2 3c bd e4 38 b0 56 08 9b fe d2 a8 8a 5a 6c cf 89 8b d9 03 0e d9 fb 8f 22 74 02 a0 8d 72 f4 e5 6a f1 d3 08 32 dc 50 1a 90 73 36 e7 60 a8 c8 e3 df db 9b fd dd d9 e6 bf 3c fd ea 06 ab b9 1b 29 ae 52 de e2 5d af f2 f0 3a 88 d6 0a b4 2c 7f 1a 0a 9d 36 15 d5 2c d3 a8 1a 04 7b 92 5a f4 76 8c d8 63 3d da 4b c8 25 1e 1e 01 87 d4 ce 3b cc be 3a b5 27 2b b0 47 29 73 50 b5 eb 80 05 4b b0 aa d8 de 20 03 51 d7 b1 2f 84 84 1c 03 bd ce 07 ce 1e b7 82 d0 5a 50 5f 75 a7 5d 61 b7 3b fe 10 6a 80 c1 3a 1e 4d 5c f4 8d 0e 1b f2 59 16 08 64 64 05 

Trying command 1d...
Result: 
d0 5f 32 e8 17 b3 5c 1b e6 aa be 73 e6 31 2d 70 c6 53 ab 81 58 bb 3d e7 d2 b3 d4 6b 43 09 9e 8f 30 43 36 49 b0 7e 3b 70 89 16 19 84 e3 1b 30 00 3e b4 d5 4e f0 cc 5b 7e 87 21 a5 2a 96 d0 24 ab 24 e1 a4 2f 89 40 58 46 f5 3e 88 d5 86 3a ed 1a ee 5d 3c dd bb 2d aa 79 f5 c4 e4 0c c2 77 8e db 33 cb 2f eb 8f cd bb 51 2d 5d 94 8e 72 a1 a8 b4 b3 3f d7 ed f3 61 cd ba 8a 8b 44 eb 8c 31 9a 5e a6 a4 7f 21 8a 8a 32 ab 88 5a fc f0 91 09 af 12 89 14 b0 6f 3a be 7b 4e e6 31 3b d2 db 04 6d 7a 96 19 44 74 eb 7d ca 03 20 90 6b d8 30 ae 6f b9 60 57 10 02 63 96 2e 25 0f 5e c6 05 2d 9f 5e 7c f4 53 ea ff f7 85 f0 c8 ca 1b 9c 4a 88 cc 5a 69 72 5e 47 22 e0 c7 e7 48 e4 08 24 44 6a f9 cc 07 9a 83 dd 52 54 d3 39 55 07 14 7d d6 f9 23 41 55 7d 93 f1 ee bd 3e cd ba 0f 5d d9 7d 96 04 bd 8b db 4f 85 64 a4 b4 e6 f7 27 e7 c7 5b 1e 9e a2 51 e1 75 d4 a6 56 d2 2e 62 52 59 54 a9 2c 3e 30 09 65 a3 9c 12 2d bb cf f6 b0 08 05 9f a5 2b d7 ee ad bf 43 3b 45 74 f5 3c bb 09 18 97 4a f7 d2 7e 75 69 d3 a3 a8 3c 96 95 f2 57 5f 2c 17 52 ac 0b a7 15 79 fc 22 c4 a7 9f eb 61 6d da 82 91 3c f0 b4 ae 61 a1 35 03 36 c6 9c 3e 75 a6 ac c6 79 72 60 2a 88 20 87 d9 f8 74 8e 1d ed d6 dd 91 c5 31 e3 20 4e 3f 7d fb 8c 00 47 ec d0 62 76 5d 60 31 a0 91 eb ea f3 86 d1 67 bd 6c 9a c6 9f 3e a3 ee c7 0b e7 07 f9 2d ec 4e 05 22 2e b8 da 2f c5 9f ab 27 30 fb b1 70 50 fa c7 6b a5 71 63 06 15 28 dc 9c a9 a7 d8 e5 ca a9 66 b2 35 c1 b0 c0 2c 09 1d 34 88 cb e3 64 f8 97 f7 86 94 5b d1 55 8c f5 13 93 65 7a 2e 8a 65 89 12 b9 64 71 fb fb 0f 15 c6 14 ef 62 c7 c1 79 46 03 c5 0a e1 2b 8b 4b 3e 

Trying command 1e...
Result: 
e0 31 93 db 9d 0e 0c 00 92 0f ff 4b 41 a5 06 23 d7 7a fe 3b 88 ba 27 f3 f1 78 c6 d8 0a c4 04 b0 38 b5 db a3 35 29 5f cc 0a a8 1b 5e d6 c7 5e 09 9e 98 5d 8c d0 f7 73 ec f5 3f 30 cf 74 4c 1c 46 a7 a4 9c d0 90 54 c4 05 11 ce 2c 1e 13 25 d5 15 dd 24 66 a0 d5 67 a2 9c 15 76 b1 ab 1c e1 0f a9 a9 e8 6c 8e 63 72 a3 9f 6c 77 90 e8 50 ff bc 63 19 3a 47 6d 6c 63 7e ed c2 67 df 9f 59 64 8d d6 22 ee e7 17 f8 a6 6a f3 27 ec 9d 21 e8 84 78 7e 54 cb c8 9f 5c 7c 99 05 4a 50 19 d7 e3 d4 35 e6 9d e0 08 66 a8 af d6 bf 58 ca d0 04 55 93 d1 1b 8b b0 ce 48 70 33 09 2b cc 9a 33 2d 6d 1b 26 21 f0 52 bb e9 58 a6 5f 68 15 0c f6 8c 57 e7 4c 14 9b ed e0 3a 34 05 8c 12 8b a7 b4 b3 1e 42 e8 f2 c2 8e 97 66 c4 fa ea 4a 06 00 6c 44 31 b4 31 e2 8c e5 b3 d7 d2 d8 b7 6a a0 7f 76 30 89 0a 30 7f 86 59 80 0d e8 d8 72 6d 1d f4 dd 70 ff 20 69 43 b8 0b b5 7f b2 04 f9 9d 6c 3f fe 55 71 82 40 d8 27 c7 b0 3f a8 dc 52 30 c7 d5 fe 30 54 a7 ca ff fb 35 7d 73 8e 46 81 50 fb d4 8a 3c af 93 de 77 d8 8b a7 1c 67 c9 c5 3c 96 6a 87 49 9a 45 8b 52 73 76 70 fa 75 e7 2d 9e 6d 58 ae 54 0e 52 4f 4c 8e 64 7f 88 62 e5 b7 b2 b5 a3 8c 13 35 8a f3 4e e0 03 ae 82 8d 4e 4a 8f d5 74 f1 b1 9c 91 ed 88 b2 7b 0d 1d 52 6a 16 19 e8 b4 d6 2b 9d 73 fe 98 10 74 dd 5a da 5d 55 ae 22 0e 4f f0 c7 8f 3b a0 95 05 1b 98 97 70 03 38 8e ac 20 a3 19 1c 3d b8 71 b1 e8 42 ae cf 3b fb 3e d2 bd c5 b5 c1 4c 94 2e 24 c5 f5 ba 5e 0c da 40 33 3c ea 17 f7 2c 94 ac 61 1d a5 86 64 96 5d 87 3e 5c 33 a5 36 49 e9 dd 55 a1 a1 b2 b6 dd 8f 08 81 2e 19 fd 92 59 f5 69 76 06 a5 a1 6c 49 c4 57 37 cf cf 36 7a 32 2a 

Trying command 1f...
Result: 
9a 1e 3a 75 99 53 4c c5 57 09 19 48 c0 04 31 a1 eb b4 84 2a 66 66 ac b8 d4 37 e3 c4 9d 35 8e a9 fc 53 db 1e 09 47 e7 81 6a cb 71 05 b7 8a 8d 0e 83 8a 79 5f 23 df 42 33 c7 e6 5d a4 0f 31 18 44 29 a0 e4 81 d7 3d 44 eb d6 3a de 1b 8c da 50 d5 75 f8 fc ab d3 a8 b6 96 a9 24 4a da 92 53 c4 b9 99 86 f7 69 ca d3 15 36 6b e1 8d db 0a 74 8f 7b 40 fb fc dc cc b2 30 16 36 c9 b6 83 13 c6 76 13 bb 76 c2 10 76 b8 33 d3 15 d1 65 5a d9 e7 6a d5 43 7c 70 b4 ab 45 0b b2 2c 8e 85 0b dc bc 0c 2f f4 0a 9f 2f 64 bb 42 f1 50 bb 59 cf d5 88 44 17 a2 72 ad 06 eb 93 27 bd 3d 9d 1d 0f 84 7f 6f e6 c1 37 9f c3 65 98 91 b2 1a f4 ae c9 80 ef a0 05 c0 c6 38 69 e8 58 3a bb e3 f8 ac 02 0c f4 19 b0 a7 1e f7 71 21 de f7 00 05 71 50 f9 e3 7d e2 6f 93 74 c1 47 da f3 bd b5 4d 9a 3a a2 2d e0 c9 0c 04 f3 1e 47 78 4f 54 3d f8 8f b2 f5 e6 d3 11 85 b5 73 ec c1 19 9a 51 ea 30 93 9d 09 74 ce af 5c 75 40 50 bc 41 61 e7 f5 b4 05 16 da 1a f5 08 db de ee cb 3d 93 e0 cd 3c a0 71 2c 0a ec 65 18 a9 17 7d 75 38 f9 c8 2f 0b d9 54 b1 c1 fa 68 52 a9 0a e7 01 73 43 e9 49 64 7e 30 9a 4a ab b6 e4 40 a1 c4 08 69 10 b5 39 76 07 89 46 78 b4 c1 34 bf e3 af da 1d 37 37 fe b9 ac 26 3d 66 68 7b 38 33 72 b3 1c a7 f2 7c 48 93 86 55 65 32 25 ac fa cc f8 59 a7 d8 1c 16 b3 2b 99 d1 e0 96 4d 09 6b 72 a1 9a f5 63 14 3f 39 d2 84 69 a0 82 99 3b 2d bd 44 45 60 46 95 27 bf a8 c1 3f 5a 24 27 2e 28 bb fa 6e 28 a3 8d 7c 82 d8 5d fb 4c bc b8 35 c1 43 2c 87 20 51 87 89 be 20 0c 55 80 d7 17 38 a4 9e f8 cf 45 6d 2e 3f d6 9d d4 e6 b3 2b f6 a3 d3 ea 8b 5a c3 7a 25 b5 bd 41 75 2b bd 0c 97 11 12 6d 

Trying command 20...
Result: 
83 1a ca f2 0b 93 cb 92 6a 0e 0b ac 73 e8 1f 8f bd f1 ca 37 e1 41 1f 42 18 51 e9 a0 fa 05 01 b2 d2 f3 62 94 69 31 1e a5 6c 7d 2a 52 95 04 d2 bc 4d eb d2 46 17 e6 bc 4c 5d 72 3a 11 52 f1 c9 ba 0f b9 00 47 dc a9 86 53 9f 66 f4 e5 67 cb 08 f3 04 0b 61 6a 18 37 fc 59 1a 8d 1c 39 dd 31 d5 c1 65 8b 46 1b ee 9c 28 d9 98 6d 7d 05 49 87 e1 70 98 86 ac 5f 79 0f 93 58 52 fb 70 ff e4 08 a1 4e ce a0 0f 20 9d 8b d0 23 f3 58 dd 06 0a 7b 5f 96 6c 55 0b c3 ba ad 06 8e f3 00 bf aa 89 2f 82 af c4 42 a1 4a 45 06 e5 9b c4 78 5d aa e9 11 aa e7 d6 36 a2 6b a1 33 98 3b ff 77 86 90 99 f1 ab b3 1a 6f 2c 81 30 66 ce eb e8 15 e2 c8 82 6d ac f8 31 ab 96 cb 27 3f d4 d2 c0 82 fd fd 33 75 e8 6c 0a ea 07 a4 76 cf c7 a9 db b6 90 66 7b 3c 0d fe fb a4 70 07 67 69 16 0e 37 8e 34 09 e2 f7 74 51 61 8d 8e 35 57 53 1a 80 5f a6 d5 86 b6 0d d3 b2 e6 8f 37 bc 1b d2 6c b4 93 03 07 66 5c b7 92 54 6b d5 59 dc 16 9e 5b 3a 40 0e 32 92 53 34 21 35 5b d8 24 f7 7c d2 d5 e0 2a ac 97 17 97 45 b1 ff a9 29 d4 bd 76 a9 15 2e 68 7d 71 cb 0a 70 8b fd 28 0d 9b bc 17 92 5b be f9 06 d2 c5 18 37 f0 3a 74 88 36 bc f1 d3 f0 5f 05 29 52 c9 72 36 2c 73 eb 49 83 48 f5 b2 f4 04 ab 6a 10 f6 61 bd 74 62 76 e6 43 9e 76 b2 9e fc 07 fe b5 26 91 8e 1a 06 8a 66 5d 9f d1 25 f5 14 37 44 c3 59 76 cf 8c 10 51 bc 58 8e 09 22 f1 76 93 0f ad 56 7a 57 55 b5 59 09 8e d6 63 b3 4a fb 64 cb 31 32 b3 d5 a0 96 07 fd f2 eb bb 85 51 1f de 61 c3 b9 07 e2 7a 43 84 a1 9a 01 fd c0 03 12 1a 42 22 70 2a e5 4d cd c1 79 28 f0 ec 06 23 fa 9e 46 09 e8 13 f0 6a d7 d7 82 2d d7 d9 8e ce 5d 53 86 1a 57 82 c1 ff 97 

Trying command 21...
Result: 
64 6b 7a ec 40 a6 30 56 23 bd 60 fa 33 8c 91 cf aa bf 35 8e 09 76 2c 55 93 a4 87 b7 b3 ac 96 43 95 55 19 eb 55 7f dc 44 5d 24 00 a9 2f 5a b0 9a 21 2f ab 90 c9 c5 a4 4d c7 5b 66 d8 77 b3 6b 4f 0a 0b 68 ed a8 7a 14 41 65 ba ed ee 4b fa 53 df 64 3d ee e8 75 b5 da a9 eb 09 56 61 2a d5 10 eb ea 4e 9b f3 75 1e 76 37 70 0d 27 ec 83 17 cb dc 3c c8 ff 2a 6f f4 bf 54 73 f4 fd b5 d7 82 61 05 2d ad cc bf ba 24 46 cf 56 08 1d 83 7d 32 3b 28 63 0b fa 3c 6b 14 b6 0f fe 38 a7 75 fd f5 1f 28 7a 78 61 f7 81 39 a1 2f f5 c6 ff 57 b1 66 11 9d 2b 46 48 f5 0f ea 01 35 f8 40 a2 46 87 61 21 e0 eb 54 0b be e6 c4 42 23 71 e4 19 a2 61 3b 73 9d 89 39 21 ed 64 dc 29 8c 36 76 89 4d b2 20 1d 71 48 d3 fe bf a0 d0 9b 14 fc d9 5c 44 fe 5e ef b8 b9 94 76 fb 4d fe b3 58 5e 64 4a 61 1c 1b b0 7a cc be 98 27 20 7b 66 34 dc 33 ee c4 08 ab 05 04 ab 52 70 43 4a 61 bf 38 51 f7 c7 94 aa 05 0e c2 da 4f ab 28 77 df 9b b3 b3 7d 7c a4 e6 56 71 9c 5f b1 6b 91 66 d6 75 0b 4a fb 16 0b d9 58 c9 be e9 d9 c9 96 84 a2 36 fd 9a 0a 93 17 3d 10 a2 22 3b 6b 7e b9 79 46 a5 8f e3 65 2b 8d 49 7f 50 1c b6 26 ef c5 2d 65 c7 7d 4f 2b d2 e1 a5 ad 60 03 6c 4f 8c f5 8f 04 4a 1e 31 05 e1 5c 1d e6 bf 0b c7 90 56 86 fd cb 61 d2 2b 82 6d fe e0 4c c1 13 29 b9 e6 79 41 46 f6 d6 d2 80 ee af b6 d7 4e ad 82 44 b3 ea c4 55 ed 5b e8 8d f8 23 77 b5 e9 c8 b3 fc 3e c2 55 e2 02 69 7d 48 e1 60 85 84 cd 24 b6 ad be 64 6e e2 2b 0e 1a 7f db e5 6a be 38 26 c3 36 a1 13 ec f5 ff 58 02 c8 47 25 06 55 7c 51 ba 0c 06 9e 93 4d 2a de b1 7f 95 ae 42 e5 48 c8 20 f6 0c 73 7d d6 b2 58 b3 52 a7 89 67 6a 6a a4 

Trying command 22...
Result: 
79 14 af 8a 64 cf 09 4b 15 2f 7f ab 3a f0 fa 8a 89 62 58 f8 2a 89 2c c8 e2 2a b1 7f e5 cd c5 80 9c 8b 8a b2 df 2e b6 34 d5 70 8e 97 08 07 89 62 11 94 4f 06 67 1e be c3 57 24 e9 d9 21 1c 9e e2 d8 63 eb 4d 48 0c 92 1a df 6e ef c6 5b 1b 53 a5 f2 b9 fa 7b 19 8b fb 9d 53 f0 f3 99 28 6b 5c 43 44 d4 33 ed e3 59 49 2c 14 da 21 57 cf ff 2c 3f 10 14 79 c1 af 1a fb f8 80 4f 5f fb c6 89 e2 00 d1 7e c1 b7 b7 cf ce e7 a8 b5 37 99 1c fe c1 3b 19 36 08 8d 90 36 52 d5 97 1a db a5 f1 d4 fd d2 74 3a e9 72 19 a2 9c 39 20 15 76 56 df 4c 48 f0 2e fa 6b 61 cc da e8 ab d6 9a 59 64 31 f2 65 b1 7c a1 17 e6 8c 79 4d b4 9d f9 51 cd 3e d8 83 19 81 c1 a4 ae 77 13 a4 88 29 61 89 10 56 e9 c5 02 6a ca c8 7c bc 97 ba 85 05 f6 4e 2f ed b4 5b 29 02 c3 b4 92 48 1f f2 e4 82 5a 56 11 33 dd f1 8e c7 54 0a c2 5f 67 d7 5c 63 45 d0 2d 59 50 cb 7a 64 46 3d d8 12 e3 fd 9c a7 bc 9d c2 4b 89 c9 6f ff d9 e2 53 dd f7 7a 4b 64 a5 52 a8 6f 56 b1 05 89 87 9e 3f 53 6c d2 d7 83 2b df 62 46 88 84 6f 84 7b f5 16 bc e5 3a 88 eb 3c 1a f9 12 76 83 d0 d3 5e a5 32 ed 68 e2 98 12 44 1b ad 9a cf ec d2 e4 9f 04 7d 55 0c 48 4a 62 30 4f e5 24 ae bf 84 fe 44 9c 56 17 da ce 4b 1a 9c f4 aa da 25 0c d5 86 ba ca d7 eb e2 1f 97 c9 b2 6f ab 58 d3 de a6 93 a1 80 a9 8f 55 10 9d 59 c3 a9 a6 d4 09 fb 7e bf 59 be b2 19 4d 29 e7 5d df 85 d5 6a 3c 15 57 92 bb ac ef 07 c4 66 be 37 84 d0 b5 7e 9e af dc 30 03 62 db 79 ea 6f a5 f1 d7 90 aa 17 d2 e6 58 4f d4 78 3e 4c 00 ec a6 f4 f0 18 7e cf f7 31 79 a1 59 a3 5a a7 6d 3c 33 9a 2a 5e dd 63 76 4f 44 9c 34 41 65 f7 3e 98 80 f2 d2 6e 6d cb 49 c8 4a 

Trying command 23...
Result: 
09 4e 06 46 be 6d f2 1b 17 b7 fa 2f ad 99 06 2d b2 30 85 7a fb de c7 11 5f dd 4b 48 09 b8 60 13 81 3e e9 d6 6a 3c 58 15 f8 50 13 5f cc b5 7f 23 6d e5 e0 cf f3 2a f1 42 d4 d2 cd c6 cd bd 17 5c 83 66 d6 e0 2e 25 6c 52 da 64 e1 2d 68 a4 ae 1f ff 45 a7 c1 11 66 81 d2 0f 7f 6c f5 41 89 c9 1c e2 00 34 70 4c f4 ff 49 8e a7 2c 20 aa f1 34 28 bf 1c db 1f 21 07 bc d0 2b 27 d6 9f 9d b4 c7 0a 05 ba 8f 81 51 9f 97 0b ce 6b e7 41 d8 55 f9 9a ae 8e 47 33 51 e2 1a d5 12 19 57 47 b8 6e a9 54 9e 32 5f 1d 87 4e 3c 45 35 de 42 8b 7e 34 67 76 28 86 3d 71 e4 f0 ef 90 15 6c 8e 3c 2a 1a 9c 7f b6 ad 56 c4 6b 57 e7 8c 5d 2b 52 b1 13 40 a7 2a 42 de 0a 80 28 ea 6f 95 b0 76 61 00 2a 34 f2 0c 90 16 5c 32 38 93 6a 57 b9 b0 11 3d 25 91 4e 65 17 ae 73 a0 8f c8 86 1b d6 e5 92 d2 a4 8c e3 8e 52 23 22 ed 26 ea fa 84 3a 30 2a 12 04 69 72 a4 17 d8 bc 68 30 56 40 19 54 42 2f 1a 6b 18 6a e9 69 67 a6 84 76 97 9f 69 d5 d3 18 7f 90 f2 a6 03 55 e9 e5 36 5f 18 9d b8 f1 57 98 f1 26 8b 3c 66 f3 ab 45 fe a8 d9 85 91 ff 48 8a 0b 3f ef a9 1b be ba cb 78 df 59 da 3f 99 c4 15 76 3c 3a d2 0e a3 75 66 be b8 fc d2 84 7f 46 ad 67 f9 ee 26 50 28 c1 cd bc 6f 27 fe e0 98 18 10 54 03 16 bb c8 11 72 0c da 8a a1 9a e8 e0 b7 9a d1 1f 0f cd 6d 9b 89 66 1b 5f c4 45 72 e7 36 42 e2 1e cd ef 54 e3 4b 12 ac 5d a3 f9 3f ed f0 be 3d 91 c9 61 09 57 13 2b 60 6d 3d 81 c9 b3 0c 2e a3 3d d0 ed 13 f4 43 f3 09 f0 2a a6 2c 71 a3 9a 74 80 b5 2d 3b 78 3e 14 d8 2e ff 12 0f eb 48 e3 43 cd 5f ac 79 cb e9 cd 9c 8d 80 af 57 19 6d 64 a8 86 8e 76 ce 50 86 ee 7e 73 0b 98 c8 a2 10 56 8f 96 50 d7 05 

Trying command 24...
Result: 
a4 d5 ed ff 74 a8 86 8b b5 91 7b 06 13 4d cc 9d 16 f8 14 74 36 af 7d 43 26 22 e4 93 50 42 45 73 dc fd 01 8b d1 c2 06 4e 8c 7e 53 ab cd ec 09 17 45 12 c6 98 a3 26 75 04 63 fd bf 79 07 d0 1e 0b ba c5 de ae 09 29 5f a7 08 5e 02 47 e4 5d fa 18 28 da 91 70 95 b9 c3 26 5e 75 f4 01 3a e8 2d 29 4d 0e e3 f3 1f 59 08 d9 bb 2a c1 c2 5d a3 2f f8 4a 84 a1 d4 d3 d1 be 06 98 9c 7c 1c 82 59 44 37 7e 43 07 28 7b d8 b4 36 26 b0 9d e6 57 da ad 74 1d f9 37 5a 01 74 5d 86 45 23 ab fa 2b 24 5f 66 07 23 27 2e 0e b1 aa fc 46 7c f3 fd a3 25 eb c8 c9 dd fc d3 d2 8f 34 b7 28 4c bc 9c 5c 09 ee 34 ca 76 e8 db 41 12 a9 44 00 cd 03 78 cd c7 b6 f2 59 db f1 83 b3 5d 58 4b e3 61 f3 41 af 09 9a 18 19 49 08 59 8d 77 04 e9 62 a7 22 fa f6 68 00 3c f7 85 f2 a2 5d d7 f6 62 2c e8 bc e2 7c a5 77 28 ea 34 ac 97 e2 f0 b9 2c 53 20 e4 7a 96 ef 1b 1b 00 21 79 6e 66 ef 5d d5 1a 26 fa bf 4d 14 ce 11 bf d4 3a 1e e9 6d 8b 93 b2 56 36 1a 1d 33 0e e5 71 af c1 5e 2e fa a3 4b 51 9e 86 13 d5 67 02 dd 9a 06 b7 88 d3 b1 0b 51 82 12 df d0 e6 fb 26 65 b1 d6 b8 7a b8 5c ed e2 f7 3d c0 a7 49 9d e1 34 7f 7d 3f 58 22 7f 42 83 12 a0 8b 4b e3 a7 22 3c cd 37 94 db b3 01 d6 4c c3 cf c4 5d cb 58 62 22 e2 fe b4 11 9c 00 7c 41 bc b5 23 12 71 44 28 fa fe 79 f8 b8 89 45 fb 4e fa fd 2a 24 9f a4 76 a7 d9 db 3c 82 5b 51 7b fe 16 42 e5 89 a4 3e 51 dd af 65 f8 b9 a0 b9 8b d3 8f cd 98 37 b3 69 52 5a 59 c3 0a 97 1d 2a 1e 88 d0 f8 ea 5b c3 d1 0c ee 7c e3 71 d7 0d bd 2a da b5 72 8c 76 9e 98 6a c7 3b 1a 0c 1e 93 c8 25 2f 44 06 0e 7d 93 56 52 f1 a5 03 6f 85 20 67 da 92 b1 2e 31 0e c6 05 c9 6c 

Trying command 25...
Result: 
9e b9 39 ad 16 ba b9 85 99 c3 cf 41 4b c2 9f c6 95 0d 68 95 39 0f 48 9e 7d 61 a5 2e ca aa 5b bd 1f 27 2f 50 f1 7c 09 62 11 a7 89 0c 40 ab d5 b0 b2 7b 39 a4 ff bf 81 c5 08 c2 a4 99 eb 39 b6 ee 38 04 67 4b 59 36 5b 7a 39 29 10 b0 45 84 e4 e2 2a be 3a 12 87 5e 84 7d be 4b 03 de 14 cf 5a b5 af bd 64 f9 4c e4 b4 f6 b2 82 b7 bd 2c c7 27 22 68 45 7b e0 08 c1 a0 48 58 c7 25 27 41 91 8f 40 37 f6 3b c9 25 bb 42 eb 00 43 4a 95 0b 35 1b 24 d9 c6 fd 5b 45 72 eb 1c 13 22 29 3c 4c 57 25 b2 f5 b2 f1 d1 9f bc 51 a4 65 ff b9 48 0e da 40 cf 2b b8 b9 84 ac dd 30 dc 72 e1 34 ba 68 92 69 3b 1d d2 f0 e2 87 d7 3b f1 92 9a 1c 03 79 c2 4f 83 15 f3 b9 80 b5 28 f8 18 de 60 68 4e b7 60 f7 05 d1 c1 0e 51 06 22 ba 6f c5 41 35 46 f0 9d 3b 7d b2 15 f6 83 49 4a 35 cd b5 50 0f fe 92 42 ae 0b 94 72 45 37 d2 7d a6 58 e4 e8 61 93 85 dc 43 7c a3 b3 93 49 f1 ee 84 d7 29 51 eb 68 9e 12 47 84 80 6d 75 c9 bc 90 72 bf f0 f4 81 3a 9e 3a 3b 1c e5 ed 85 43 b4 51 04 e6 a5 86 8d a4 d0 e2 0a 89 4d 54 cf d0 e1 46 02 f1 57 76 79 d3 b4 01 ba 18 5c a2 a6 fa 53 ef c1 a6 e7 51 13 90 50 9c c1 3c 36 a0 b3 1c 30 56 27 10 6d e3 f0 c3 b3 5d 8f 2c a7 b8 02 10 2d 6e 1f 44 71 ee 8e 81 0f 8d e0 8a c8 60 f2 5b ef 96 62 0d 87 29 3e 4a 8d f4 09 ed 63 ff 3e 90 b2 33 5f dc 3b b0 3e ba 70 79 02 47 e9 eb 38 ca dd f2 86 5e 6b 99 8d d5 4a 28 7c 7a 3a 0d 8e a9 96 cc 46 dd bb 11 76 06 12 e5 f2 4e c6 7f a1 3c 73 bb b4 aa fa b4 ce b5 84 f1 95 bc 88 a5 f4 00 b3 9a 91 62 e0 dc a9 8d 22 b0 f2 ec 43 3a bb f0 8f 6a fb d6 f8 ca 05 06 de 47 1d 58 5f 7b eb 92 8e 23 f6 ab 16 ca 93 e6 7e 83 4d 13 

Trying command 26...
Result: 
ab 0a 51 c9 67 30 5b b7 03 8a f7 7b b3 ad c3 58 7b e4 8a ff 35 99 04 f0 a1 1f 7b 34 8e 49 f3 6f fa 68 04 70 c7 e3 ab 09 1f 16 4f 94 b1 06 b7 e2 b6 c2 34 ea cd 29 93 85 1e 20 3d f8 48 27 66 6f 3f 63 11 80 1b 46 4b 8f ba 37 a5 d1 21 77 4c 20 1a 7b c4 ef 27 a1 13 17 02 b0 f0 03 6a 5a 21 3a 4f ec b1 ed fe e7 5b 23 f8 03 63 a6 95 e3 eb ff 4f 36 9a 42 e4 ba 90 4a 00 ca 4e bc 56 44 08 46 ed 98 ab 1a 6b c8 10 2d 53 02 70 32 41 5e 92 48 ea 74 dd e5 be 43 fe 41 6d 54 50 e9 0b a9 6f 75 d4 02 43 c7 c9 17 e8 63 48 59 31 9d 75 1a 91 e4 c3 ad 88 8d ec 87 d0 d3 17 57 8f 61 e4 aa 8e 6c 5f 99 76 81 b3 48 3b f8 ae 34 e1 86 83 10 aa 45 b9 8f e6 7e d0 c5 bd 4e 0d a1 e5 15 03 aa 60 d9 2a 1b f3 ab d4 63 63 7f c2 bc 7c cd 5d 1c ec 7a 72 91 ae e6 1d b4 e3 e3 c2 04 7e f6 84 fc c7 ee 49 dc 5c 1e bb 29 4e 1a 1f ca 16 35 4d 36 1a c4 c0 97 a7 ec 19 58 14 6c 27 57 2e 47 00 5f 5c af 62 05 1b 48 b6 de 7b 66 2f 50 d6 61 8b 2a f3 fb 74 a7 71 b8 d2 6a ee 98 70 5f 61 b2 fe 9f 55 81 38 58 0d 32 3e 3b d2 d0 4f b1 4d 01 3e ef 86 aa 7f cd d6 c1 0f 78 7c 0d f0 e8 50 bc 88 0a d4 71 10 cc bd 8c e9 a3 86 87 f3 24 5d 0f a2 60 4e 69 75 66 fa 05 c6 3b 9b d3 c8 21 61 6b 91 68 97 13 ec 61 a2 13 c3 8b 47 be 3e 04 99 a8 15 a7 bb a7 79 bd ea 3f 6c 19 ed 24 87 d2 bd 6f cc b1 f5 61 48 93 78 e5 a0 fc e9 fa 5c 4b 67 19 3c fb ea 42 f3 57 23 c4 a4 3d 14 54 c5 4e a6 33 b5 52 18 3e 3b cb 7e ea b1 47 be c4 09 9d f9 37 c7 c0 39 2f 1a ed 68 6c bd bb 63 5e b6 eb 3d 6a 05 7f dd 2f fd fe 10 ed 49 d7 db 91 77 49 ed 49 b6 4e e7 ed f8 16 e0 54 31 20 9d be e9 b9 e3 0d 3a df 3a 5c 

Trying command 27...
Result: 
07 58 36 74 d6 a6 20 e7 77 ad 76 48 62 08 24 00 88 7c a7 39 a3 78 8f 3b 1f 9b 3b 40 e1 02 6d c5 d0 35 90 04 b0 07 a7 35 79 ce 48 f4 36 8e 32 c4 73 b4 59 4e b4 01 44 ce 93 59 a2 c4 a3 d7 55 fb e7 36 fa 5f 2f 43 5e 76 8a b8 c4 04 60 1e 39 2d a3 25 00 87 82 62 79 3f 27 a6 be 95 14 0d ec 61 d9 7c b2 39 c3 6a 07 2e 18 f0 18 a0 95 7e be 53 27 4d ae eb 57 bb 41 0c b0 ab e0 d6 b6 0b 7c d1 5e ab 67 06 65 29 7a 11 9f c8 b7 7d 36 07 18 f8 fc b4 80 8c c0 b1 3f 22 92 2f 7a ca 0a e8 b1 a5 82 0a 60 29 06 c2 08 ed f2 09 fa fe 3f da bc 7c 2b 2a bb 35 55 4e ef 19 f4 da e9 88 e5 ef da f3 98 95 aa be 7b 4f 95 36 38 50 aa b3 82 88 cc cb bf ab 44 a1 a4 1f c8 88 8b 56 72 21 92 97 7a 52 cd 28 a2 a9 d8 58 8e 8a bc 32 3a ba 90 df af aa 7d 05 c4 13 de 7f 5b fc 69 22 ff 79 b9 d1 52 22 fd 77 35 1f f6 0b d0 d4 b1 d8 8f 66 2a c3 5a 38 0c 0c 39 5e c9 39 ff 8a d2 75 0d 87 70 06 90 49 1d fd 98 dd 4d cd 57 3a f8 6f 64 07 4e 86 29 6a 46 c4 62 cf 90 52 9f fc ca a2 db a7 bc b0 15 a4 e3 14 6c 8c b2 fc 5f 9f d9 26 10 2c 3e c8 40 ad 58 af 5d d8 2c ac 84 97 ab 6b 78 8c 4a b6 7f 70 51 e7 53 8e b6 f4 5e 10 e1 0d d2 f5 b8 c4 09 f9 ae 39 bd 56 4d d1 9a 3f f3 16 b8 9a 26 4d 8f 55 57 8a 4d e7 61 9a a3 08 cb 3e 39 38 77 bc 92 f3 ae 37 21 2d 60 10 a4 ef 9e b9 ca df 00 c3 d6 26 12 e3 07 13 e0 c9 f3 20 97 75 16 06 4b 0e cb 7f c7 7c f2 d8 d0 05 dc 31 60 32 e4 03 ad 99 1e e4 40 0b e7 b0 4b 44 3e ee 20 d2 3a 5e 5c 5a e6 c5 b9 e1 63 d9 32 01 4f df 61 69 e2 94 a9 e3 6d 1b 98 53 5f 67 bc 00 78 c6 59 dd 82 a6 c4 08 2e 1d 86 f6 5d 98 ab b8 4e ef a0 dd bf 55 a3 e4 b9 6e 

Trying command 28...
Result: 
1e fc cc 1a 9c 47 95 a3 d3 33 7f a3 f8 c2 3a fd 16 1b 90 90 fb 6c a7 5e 81 42 3a 82 44 fd 6a bd 50 50 45 b0 3f 3b 77 64 5a 1f ac c4 6a e0 5d 89 b3 f2 e4 8b a9 90 5f 03 62 21 9b 0e a2 d7 a9 9b fd f7 cb ca b1 23 bc 00 47 cb c9 ef b4 d0 fe 85 bc cd 57 c1 c5 40 3b fb eb 7f c7 1b 5a 79 0a 33 bc fd 01 dc d3 46 32 bf 1f 12 7f f6 a2 9c 27 bb a4 0e d4 b2 64 9e cb 77 65 5f 47 1d bb 3c cf 31 e8 a2 33 5e 46 a6 17 c2 35 d4 e4 fd 6b b5 48 53 cd 57 74 b9 c9 8b 85 f0 d0 8c f2 18 5c d8 5e c8 1f 67 14 6a 93 1a fa 19 a5 8a af cd 7e 91 dd 0a 02 29 3d 59 8c 60 bb 69 5b 60 15 3c 0c a9 9e 3c 37 27 71 fa c1 7e d5 d7 91 cf 23 83 e8 7c 1f 7a d0 67 48 11 80 46 f9 3e 9b b7 07 b1 da a4 0e 3d 61 27 d5 d1 40 fe 10 ac 09 88 89 bd a1 83 5e 64 65 ab 90 9e 39 f5 d3 88 47 4e 11 46 fc 2a 0c ae 15 ce 5a 43 e8 35 e6 4e 5f d6 27 46 25 f9 b7 ef 11 39 eb 23 59 65 98 f8 d8 6c 7e b7 01 1f ab cf 75 0f a5 c5 ae fc 64 2a 53 e8 e6 51 58 11 a7 f8 76 1f 69 08 ff 32 a5 ba 73 89 59 28 f6 f3 11 ab e7 ab 0d 39 c5 1f 9f 27 8e db a7 f2 b0 0f 3b 6b db 32 a0 8a f6 3b 96 b2 64 76 8b 14 d6 a5 fb f8 76 90 59 8b 60 33 25 45 82 d2 3c 23 39 63 db d3 27 fe 57 40 c8 0d d3 81 8a 34 74 24 fb 20 57 28 59 8f 49 8b ac 93 e6 67 8c 45 42 e4 eb 86 d4 5b 8b 8e 2a f1 0f 40 d8 07 d1 80 b1 47 58 1d cf 67 5f e2 97 67 36 40 03 c2 5d bd c2 93 e4 aa 4b 53 18 c0 8d 5b 76 58 51 17 da 71 08 e0 77 40 5c 63 61 a7 6b fe 77 60 f5 c8 c8 63 ec 31 b7 ac 54 88 78 f0 59 ee d2 fe a8 57 c0 81 c3 e7 cb d9 60 ab c7 e9 4d 91 9c d7 e5 f7 6c ed 42 c5 bd 01 9e 81 7b 0e f3 7a 51 86 09 24 3d 37 76 ec 59 14 b4 ff 

Trying command 29...
Result: 
05 42 55 f3 fb 58 89 50 38 c2 fc 82 fc 39 e6 a4 3d 6c 26 b5 06 b8 46 fc 6d d2 5c be fb c6 ae 25 ec 3e 3c a6 2a b5 3c e3 12 66 e5 21 18 cc 9a ce 5e 36 20 31 8b ac ce 23 fe 42 46 d6 c9 48 8b d8 8a 61 66 4b 3e 31 70 a2 2d de 82 e8 a4 db 93 7c ec 79 37 64 73 af 6c 02 49 53 45 f1 ea 6c c3 01 92 f0 40 c3 21 58 8b 95 ad bf cd a3 02 83 f9 b4 df 22 ef 0c b7 eb 80 3f ea ab 95 21 43 ed b3 5c d9 2c 16 4b 5a 4c 00 75 46 44 3b 48 51 80 96 52 a9 41 ff 7b 3d 34 b0 af dc 61 e2 6b cf 8a 3c c8 33 ff b0 37 95 7f e3 9e 35 b6 f5 9f 3a 0d 56 69 d4 eb f7 08 1d e2 d1 ab 16 19 55 e4 b9 22 21 8f 2e 25 05 67 c9 4d e3 fc bf ba ba b3 2e 35 bf 69 13 30 15 aa e5 8d 1f 1c 1e 8e 88 f1 c3 0c ab a8 07 3e 46 4f dd 7b f3 d1 a1 02 94 ee c8 a8 eb 47 c2 14 fc ad 87 ca 75 3c 0f ef 27 f6 5b 1e 97 46 5a 39 ea 63 48 e4 f0 d4 d9 7c 2f dd f3 31 40 cb 09 4a f1 dc bb ce f6 ff 23 fa bc 81 9d 27 16 b7 ba fe b1 bd ae ec ec b4 ef 82 39 3b 36 d8 3a eb c7 e1 eb 9d c0 74 3b 25 29 77 fb e7 a0 d8 6d 8d 65 c1 11 af ce f6 ed 45 50 b3 87 7e de 49 da 8b 44 f4 9c 7b cf a2 76 a2 07 39 c2 0f eb db 21 9d 8c bb 00 68 e1 55 48 44 8b 5a 05 f2 f6 23 11 71 9f 72 1f 87 8f b9 25 1e a7 0f 85 a2 77 f3 14 b7 db 5f 34 3e 24 3c f0 f1 37 be 2e 61 ce 5c 0b 1b b9 e5 27 f5 8b ce 77 55 e6 a2 89 21 33 7f 53 1b f5 79 bc 42 9b 4c da 06 fd 4d ed e1 f1 12 f7 ec bb 20 99 4e 15 70 37 a3 b5 71 88 cb 0c ec af 2a 79 5b fd 1d c0 99 72 20 ab b8 f2 c6 dc 78 9e 88 36 4b 04 4d 6b b3 9c 5c 80 10 e3 23 12 85 1d 38 f7 90 46 fa 36 ec 6d 1c 07 8b 91 ea 24 fc f1 58 7a 29 5d f0 fa 3c e0 c4 c1 dc 2b c4 36 3b 60 36 

Trying command 2a...
Result: 
b4 f5 d6 11 d1 dc f0 f7 3b b0 d2 cd a6 d5 06 65 b4 81 01 19 cb 5d 35 82 7b ae 37 86 af 72 aa 69 9e 12 0e 8e 89 3a 88 c8 0c 3d b6 cf 35 00 f8 e0 f3 b8 3e c2 aa 8c f6 fb b2 24 dd 39 d0 04 a9 6c d9 b1 ba 4d c3 cf fc 0f 79 37 2f e8 2d 02 0a 64 ad be f7 61 a9 a5 a1 1e 68 39 50 2d f3 80 4d e6 bf cd e6 a3 df 6f 11 9d 87 20 71 e6 47 3b 9c e3 1e c4 e8 ae 2e f0 07 d5 ce 34 68 c0 e6 72 50 e4 3e 7e b5 9d b4 c2 d3 3d 5d 50 a9 68 d9 e4 fe 46 54 61 d1 ce de 75 99 81 3e 30 4c 20 59 69 83 83 75 ed 75 7a aa c1 ed 36 56 52 36 16 ac 61 b1 51 5f d1 59 82 a2 56 15 5d f0 ad 8a fd 82 e3 31 60 be 89 84 71 34 83 c1 23 a9 ea a0 53 91 36 25 62 2e fd 1c 63 05 a6 6f fd c6 0f 8e e6 cf 6f 53 8d 46 f7 d5 1f 36 2c 2f 6e c5 6a 62 52 3b ec 37 b2 a1 c6 9d 24 49 dc c1 dd b4 b1 34 29 87 8a 05 d0 7b b4 22 66 48 28 05 40 22 f2 14 a3 c3 8b 1b ac 7a b0 a7 61 de b2 e1 71 54 6e f5 14 9d 63 a7 f0 81 95 21 71 8b 3c ac 8b a0 a2 bb 31 61 4e 83 75 69 87 9f d0 35 68 8a 9a 58 39 a4 fd 82 19 61 f7 c6 ca cf 2d 2b 6b ca b0 c9 a9 a6 49 f0 e4 aa f3 40 ac 45 55 f4 df 58 0c 69 81 03 39 cf 48 55 e5 7f 95 a1 1a 44 05 15 96 16 2d ad 99 a6 77 19 98 df 09 65 13 72 f9 c1 9d 96 7f 4c 21 ba 29 1c e5 bf c3 23 a2 4c 4a 94 cb ef 56 ae 70 9d 96 eb 23 c9 ff 40 8a b1 40 78 35 fd 17 11 cd 8d 5d a7 6e 7b 46 53 e8 35 6d 96 0d 79 40 7d 77 ee cc a1 13 04 81 9c ce 72 d8 74 e5 f9 cd a3 2d 30 fc fa 9d eb cf f3 38 26 5a 4d b1 40 29 87 7a 28 6c e0 eb 9c 49 5e 14 ae 21 fb e0 e5 dd 9a 95 a1 e0 75 be 6c d1 1d 2d f3 f9 c9 39 ed e0 0b 48 db 55 f9 25 4e 95 ab 9a b9 cb c1 b9 ed 4b 99 3e b6 7f 6b 48 

Trying command 2b...
Result: 
41 f0 45 a8 1e 11 2d 0c 84 b4 45 0e fb fc 53 2e 12 5b a5 ef 1a a9 1f 91 51 bb fa e6 fd a6 44 38 e5 52 89 8a 0b 98 26 4a 13 2c 0c d2 c5 f1 f9 ab b2 d1 39 a5 8c a8 c3 55 bb 86 e6 01 17 7d d6 a1 31 45 ce 4e ec 6f 58 d5 1e ec 64 6d 30 b9 78 d0 76 b8 f7 9b 71 c9 d7 1b 4d 20 54 ba bc 3a c4 64 e0 a8 1d 25 df 83 f8 4b c3 31 d8 e6 cd aa 9d 51 6c 60 75 1d 38 c2 23 a7 df e8 e2 88 1f 2a 6e 83 e9 58 43 ea 36 8d f9 62 f2 d8 02 12 35 28 3c 34 9d dc 3b e6 d2 ce 71 f8 19 aa ae 27 3a d0 ec d6 65 44 f3 e5 05 34 15 6e f1 77 26 df ae d3 2f 8c c5 67 ee e3 8a c5 0e 46 57 c9 99 be 79 15 e7 e0 70 8b f4 9b de 13 13 d0 29 88 4e 5e 85 89 71 74 54 30 bd d4 53 a6 d0 0c fc 07 dd 48 ca 8f 60 3a ab 88 ba 46 7c 69 d5 d7 bd 9b 70 8d f6 9e 7e 4d dc 59 76 14 e0 34 53 f1 2f 88 6f 19 81 92 e4 9e 26 60 f2 c0 c3 61 26 fe f3 06 2b 29 c7 26 c9 22 bf 54 b9 cd d5 1b 1d 4e c4 54 8a 46 6d dd 8d 8e 08 0e 2b 0b 50 29 08 85 da 19 8a 25 25 cb 6a 25 12 15 98 45 0e db 44 1c f6 04 35 03 7d 4d 2d c9 1d e7 f4 00 5c de 87 69 3e b1 47 1c 95 de 1d 47 90 1a 88 09 82 91 82 ac 57 a7 82 86 93 f8 c1 d2 2d f8 e7 e0 4f eb 2e 9a 93 16 4a 1d 55 36 d0 04 2e 02 46 d6 96 eb a8 24 c9 df 4c 0f bd b0 27 cf 78 c9 e6 45 d3 4c 43 24 d8 00 39 1a 80 2f ab 25 c8 1a 10 74 d0 7b a5 89 0e 34 59 11 8b 05 74 65 c2 c2 57 93 86 01 f0 e0 8a b8 0e bd 1e 22 02 94 70 63 f4 34 3c fb d2 1f 0f 20 01 58 0b ce ba da 89 64 8c 1c ce de 27 87 7f 45 7e e9 3c 64 cb b3 7d 95 cb d8 e8 65 9c 77 3d c2 db 72 66 1a 21 fb 6e 33 01 3b 8f f8 1a 7c e8 98 97 44 78 88 91 01 6c 6d 74 5c e3 e4 6d bd d5 a2 6b 25 f5 e8 44 41 

Trying command 2c...
Result: 
91 2c dc 29 5e b0 74 bf ab 8f 72 21 45 aa d4 f7 f0 8b 1c 8e c6 3e c4 03 5c d8 87 7f 9a f7 79 66 17 2d 11 70 ee ce 0f b4 78 71 7d 8a 3c 2d 51 2a 6b 2b 8a 4b 91 27 72 70 8e 39 f2 8a 2d 42 8d be 2f ca 07 18 9d 01 8b 9b 4c 24 01 11 9f 3f 97 e9 56 89 0d 59 06 45 04 60 4e f8 11 1c 7f a7 80 16 3c ac 9e 09 f2 df 62 2d 92 3f c0 01 9e 41 92 01 f1 8b 98 15 d7 fc 20 83 3b 9a d9 3c 57 fc cd d7 be fd 8e 6d 59 1f b6 78 ce 0f 9f 4c 17 72 d6 58 fd f8 5b 20 f9 f6 61 8d 7e 15 ce 7a 84 57 5a 97 bc b9 53 cb 55 2c 1f 7a 54 ef db b7 c7 ef 5c b8 42 be b4 fe 07 6d 11 59 0a ea f5 0a d3 97 e0 c1 c5 c5 93 53 85 9a ed 2f 2b 70 5a ac cc 9b 16 31 85 95 41 a9 a0 d7 13 d0 96 ff a5 e5 73 52 31 6b af 30 af 39 8a 0d ff 4e 71 0a bc 06 26 aa 04 ac e9 81 c4 7e d9 5a df f1 2d 7b b7 27 c8 f3 b0 68 a3 6b 94 74 9f c7 ed ba d4 73 ff 7f 46 9a 6e 0b 0e 1f cd 88 29 8b c0 71 cf 8d b4 6a fb c9 a2 d3 90 af 2c 07 a7 30 5b 8a 47 18 9a b1 80 31 0b 78 55 f2 3a 5f a7 e7 78 77 53 1b aa 8f 1b c2 82 c9 98 67 6f 4b d0 16 b8 44 95 df 73 a3 b1 ae 7c 64 7e 1f 5b 60 f6 43 d7 2b e2 d0 95 67 88 f6 a5 a9 04 62 07 af f8 10 25 12 42 08 ad 7f 0e dd c2 79 7d ab 19 26 f7 b1 4b 5f b3 e2 b8 9f 30 3d 71 0b 30 88 22 b7 b2 85 85 ed d4 cc 3a 6e f5 3d 7e f3 39 69 48 5c 8f 91 23 71 30 12 09 5a b1 54 4e 28 e2 47 eb e0 fd 16 9f 9d 0d 15 fd e4 be 67 d3 dd 82 13 d1 5b cb 80 bd 4b 7e 5b 25 0f ae d5 2a f9 6c cd 24 e5 a5 f3 4b 22 4c 23 ba a3 1e 7b 99 41 38 a9 49 16 66 7c d6 41 8d fe 18 6a e3 43 4d 5f 59 af 8c 74 29 47 2d 53 d2 f2 8e c7 ff 11 53 e2 a5 a3 eb d5 dc 24 09 cb 2a dd de a4 2c f3 5c d7 

Trying command 2d...
Result: 
7c 50 67 ce be 1d f0 fb d5 3d 68 76 43 fe 9c a2 6d fb ad 41 94 1e fb 31 78 38 cc b3 b0 3e c8 fd 93 0a d5 f6 96 a7 c9 d3 16 d6 65 3e c4 03 07 2c 50 fd 01 80 6c 2e 2d 01 17 92 84 74 d6 fe 5d db 6a 6a 59 15 39 37 76 e5 2b 5b 2d 5a 4c 4d a3 5a 78 1e 26 bb d6 d1 98 7b e8 91 a5 c4 07 93 17 d3 c4 2d de 67 8c 06 a5 82 48 53 b3 3a f8 fb 1b ff 8b cd 26 b7 af bd 84 17 f1 f3 fd c6 9a cd 69 35 3e a2 7f 43 38 cd 73 f8 d2 da 37 6c ba aa 3f 3c db bf 4e 4c fe 7f d6 71 af 97 06 c6 99 12 b8 04 c0 84 9c 93 08 58 cd 0e b0 64 c3 a1 b8 6b 3f fa 16 9f 85 fa 59 a0 71 87 20 0d a4 47 b2 41 ed 17 69 c5 a5 2b 97 a7 0a e8 be 33 24 d7 64 13 88 27 6a 0f 59 9e 2e 23 f1 e0 f8 bf 8c 7c 7b 6d 25 ad ea a0 75 50 ef 31 3e 24 60 0b dd 9b 98 be f3 47 33 40 a5 ee d3 f3 37 ae 40 e5 90 a8 12 3f d3 0a 11 4c 8f 21 24 aa e6 5d 57 77 c3 39 21 ba e2 da 51 d4 a9 bd cb 9e e9 1a ff e1 26 e2 3f 57 c2 86 b0 8c 4c ac 1f 9d fd 12 59 78 7e 7c 53 77 b9 1b a0 53 62 73 ae d1 63 07 55 76 de 0a 77 89 00 22 86 4f aa 7c 6c 7e 8f 65 2e d2 37 c7 ca 3f c2 e2 56 ca 21 7a 49 2b 66 af 6b 3a be 46 19 d6 bc a9 e8 cf c0 6d 14 d6 fc e5 75 92 89 ab 46 cb 99 d9 29 39 79 c8 63 37 f2 30 cc c0 69 9b cc 20 ce b2 b8 b5 0b 45 59 60 9a 27 1a f7 ba 92 11 64 61 7e b7 25 65 1d 04 4e a8 b0 d0 7a ee 13 3e 7b f5 9e ad a2 f3 5c 70 56 ee 15 a2 6f 51 dc e0 7f 5d 31 df d1 0d 8c e5 74 87 ae fa 0f 8b ff 1f 39 77 80 2f d7 c9 05 5e 45 66 9c d9 3f f8 10 fa 45 aa 2e 4e ce be 18 d6 ae 29 db a6 0c 0f 6e c3 25 84 b6 79 d6 83 15 0d b1 fb 70 25 ea c5 87 42 4c b1 64 c6 1c ac e9 dc 50 00 80 31 f0 72 0b 83 86 7f 59 

Trying command 2e...
Result: 
6c 35 b3 3d d6 47 16 3f f4 e8 5d 44 bc 7a 94 2e 32 ad 20 5e b4 69 03 a5 46 56 f2 b9 dd 09 12 88 90 8f de ce 60 6e 38 07 95 4d a8 6b 87 a4 e9 8a 37 e3 46 03 82 42 aa e0 72 fb 20 8d a0 9d ab 46 68 0b 23 0d 5c ae b8 f7 ad ea 75 1d 21 d6 04 47 33 c5 c9 b9 98 60 76 d8 6a 1f c8 a1 20 f3 0a 1d a1 af 18 a1 f3 91 f3 2f d8 ff 7a c8 cc 4a c3 c7 74 49 55 f7 67 16 dc 65 19 a0 39 15 1d 2f a6 d5 61 c9 3f 1e 8a e5 fe c0 8c 76 81 f9 ca 04 2d 7a fa 79 a0 a8 ec a4 49 3b 4b d7 c6 8a 7e 57 6e 7b 35 64 6c 34 b2 41 be ed 37 fd 44 8c 35 04 9f ee 64 2e 96 2d 79 6f b1 9b 5c f9 50 f1 f2 2c 59 dd 7b 67 84 f4 97 37 fd 46 c2 14 92 11 0b eb 54 03 84 1e b7 e0 82 95 5b 3d 95 a7 61 7b 13 ac 93 99 b8 68 b0 9c cf 74 02 4e 24 af 66 6e 0f ab f7 38 27 45 c8 e7 5a 63 ae e8 b1 7d 1a 2b 76 0d 0f 7f 6c ed 70 e7 cd 68 0f 04 28 8c c6 36 f0 9a 1e a1 2c 5e 4f 6b 8f 9c f2 24 75 5f 13 3a 47 5b 9c d0 24 05 53 be b1 c3 74 14 a1 1a 6c 1e 14 76 83 fc 03 d2 b1 03 f9 19 3c 1d 7e 77 69 b8 c4 6e 8f 03 72 91 54 1a 08 ad 6c 6b c4 92 43 3b 97 c5 6a fa 9a 31 96 ec 7a 01 f6 fb 3d 8f 96 72 4e 0a ae 8e c1 47 e0 85 4a 87 d4 d4 49 f8 4c 9f 0b 73 54 7e 3d 35 ae 58 1b f6 71 72 e3 42 b8 76 16 d7 46 01 eb 20 bf 31 b6 a1 c9 3e fd f1 f1 75 78 e3 9a 4b e8 18 05 fc 7b f1 de 19 33 6f 27 d3 2f 02 69 42 57 34 35 9d 8b ac 14 c0 d1 51 ee e1 22 84 3a 73 3f 2c 9f b5 2e df d2 fb 74 65 e8 c3 f8 87 3d a9 d2 07 d9 87 76 92 37 29 5f d7 bd c5 3f 1b 78 f0 23 52 46 04 0b 48 2e 36 97 86 c5 be cf b2 ff 3e 02 08 d6 dc 2b 67 06 7a 31 7c ea 47 5e e0 60 c0 ae 4e 30 f6 d2 6b 4b 3f 19 ad e2 81 71 4d ab 8b 

Trying command 2f...
Result: 
ab 92 fe 0f c6 24 fc 06 10 5e 61 e1 37 3a c6 57 58 af b8 83 37 bd 43 97 d0 77 23 9a 83 b7 23 77 0e d3 8c 15 50 f5 c1 f6 ef 03 8e 6f d4 ce b4 7d a5 35 f3 bb 7c a8 21 c6 ce c1 f3 7d 96 4d ce 0a 9a c4 41 86 eb 0d b5 7a 07 fe 34 79 ec f9 9b 8a e0 e1 c5 11 6a a4 b4 55 86 ac 4b 35 35 f0 7d 53 59 7a 87 c6 a5 b7 dd 7a fd 77 3f 4d 59 21 cc 49 7d a5 ec 35 99 5f f1 4a ed 9a ed 49 3d 95 59 6e 80 63 c1 cc d5 a3 38 87 16 69 a4 81 80 ac 65 d1 e9 1d b3 fd 40 aa e4 a3 12 e0 cd 6a 6e b2 3c f5 48 9e 7e b4 14 f3 63 01 8f 2a e6 fa f4 81 ad 5d 82 04 56 6c 39 14 7e f1 65 95 55 7e 8b 33 4d 0d 9c 3a e2 c2 a9 e2 14 61 dd 3c fd 4c bb a7 c0 cc 66 2a f7 cf d0 76 83 96 dd 20 3d 4a b5 20 08 9e ae 6e 92 61 86 df c9 6c 66 71 6e b5 56 d3 96 49 9b 91 9f 79 f3 93 bf 26 c9 86 f5 4a 01 64 44 1c 61 9b 8a 06 81 4e 56 6e fc ef a1 3a 18 9c 6a cb 2f 2a e4 08 84 70 c1 c2 ad d9 b4 48 c1 1c 76 2a 30 f6 8e 0f bf b6 f4 f1 4e 69 6b d0 62 29 4c 0c 53 d7 75 0f be 2a b2 6c bf 17 3d 8a a1 7f c5 d3 1a 4e 8f 37 ed c2 5b 3e 33 7b 59 c5 c7 79 69 54 5b 72 79 72 2c a4 24 0a 54 af 77 ae 7d 7e 85 a2 70 3a 5f c5 22 b6 75 67 ad 03 a7 43 70 05 b0 2f 2b bd 22 09 4c 6c b7 81 ec 21 81 1b 19 ad 13 f9 2b 8b 00 12 d4 1f 9a 70 d4 cf d4 4f 2f 33 72 4f 27 9c d5 a0 ae 41 9e 63 58 96 85 54 9d 7a 01 03 73 60 8e 8e 63 ba 9e 81 2d 7f 87 07 82 6d 22 f8 e5 b9 7a 31 44 1f 3a 18 ea 3f e3 06 51 ab 43 76 a8 c1 60 17 8a a2 fc f2 81 d9 bf f7 54 29 89 b6 8d 7f 45 37 e0 e0 7c 40 40 42 4e b6 ec 89 d2 23 50 23 47 39 9e 54 3a f8 cf 21 60 32 f6 bc d1 37 c9 19 d8 8b 3c 8d e8 66 cf cf b1 b1 6a d0 d9 3b 

Trying command 30...
Result: 
ac db bd 94 ff 8b 2d 9a 8f a6 11 77 b2 e9 21 35 db 2d e1 c6 4a c4 61 72 ec 01 1d 1f 33 f8 8d 8b d3 2d 14 07 13 99 dc e4 cc eb 55 05 29 30 83 32 0c 7f f4 e0 f0 25 12 50 48 f3 e2 9f 03 39 3b 17 40 ef 9c aa 3f b2 05 97 69 a2 c1 09 24 1d f3 e1 a0 c1 ff 24 76 49 47 55 da 1c 6c 66 97 c8 e3 c7 1d ba 6b d4 69 c0 a5 fc 39 58 ad c4 a9 fa e3 05 7a 3a 52 98 85 8c 9f 8c 92 3d fa c2 bd f4 54 35 5f 12 00 21 35 03 68 6f 44 a5 4a e2 99 e2 af b9 d0 af b0 4b 3c 5f 6b 19 f5 5e ce 8a f0 aa 5a 42 d3 5b 87 95 d9 b2 08 f5 d0 95 cf 54 d7 69 88 54 58 ed 1c 90 38 84 04 05 ef fc fd 11 bb 7d 7b 72 7e 6f c2 f8 f7 45 95 25 c4 99 7d 85 22 1c 89 be f7 77 be 4e fa 4a af 1b 89 65 18 34 ee 0f 28 16 1d ae 58 b9 21 1e 0e b4 65 1f b8 f1 a5 00 c9 92 ac 12 16 d5 16 12 df 52 e3 ef 4f 80 da af 68 da 51 c1 10 0a 2f 8b 8e b4 fc 99 05 f4 8c 5e 3e 75 b0 9f a6 cd 03 bc 57 0a c2 83 bf 52 9a 1a c7 c1 2b df 07 ff b1 b2 ac 29 df d4 bf 76 7f 67 be 7e bc 6d c2 35 3e ed 2e 84 76 6e 6a 5d e5 a3 d3 a7 1a 7f 27 46 12 e9 cf 43 17 20 d5 9c 84 4c e2 a4 de 49 a6 39 13 74 1a 67 fe 93 5e c0 a9 0f d8 aa e8 9f 3b 51 ed ba fc 00 67 5d 95 26 0f a9 3f c4 ca 98 7a ef 62 7a 78 59 8e fb 2b 19 63 91 71 91 62 16 c5 a1 cf 46 71 74 5d 46 94 b2 d4 f8 2b 2d 74 fb fc da c2 95 5c b7 6e 51 29 70 fb a5 eb 35 09 71 b4 9e be a3 53 40 cc 00 77 2d 52 9c f3 1a 4a 26 39 4c 4c b4 9e 6d 8a 87 99 61 5f 2e fd a9 eb 1f 82 6b 03 04 90 0f 55 27 3d 96 5f f9 95 1c 6a 64 bf 60 1a 1e af 3e d6 a5 5c e8 02 17 25 a5 ee 7e 8c 5c 94 e0 62 02 9a 07 25 2e ec d4 b2 ea bc 49 79 fa b6 aa 4d 1d c0 87 10 76 5e 65 71 95 

Trying command 31...
Result: 
9f f5 49 06 b1 87 ae 0d da f5 88 03 6e 0d 61 17 57 f5 cb 88 fe 44 e3 aa 31 3f af d2 da 88 13 03 23 9e b2 c2 66 d0 6c 17 0d 18 0a 4e 17 1f a8 36 f9 b0 9b 9c 6d ae 33 ee f6 48 7a 11 04 ce 45 f7 91 3a 9d ac 2f ff c1 e8 18 9d 7a 46 da 86 a0 a1 34 3f 53 16 48 fe cc d7 cd 52 31 6d c7 e5 50 80 ac 54 7c be 5c 70 fe 7b f8 e9 ca f6 cc 5a 42 d4 aa a2 6a c3 6f 6e d3 67 2e ad c8 4c 65 e4 1f 5e 52 6b dc 4a 63 69 e8 7c 5e 24 bb 20 4d c8 74 0f 09 3c 8b 00 55 96 4c 91 a6 48 ea 35 26 6f 4e 35 15 9e 74 5a 65 e7 b3 17 f9 4f d8 9c cf 83 ed 26 98 2b 39 4d 43 a2 71 9b 26 69 ac 86 66 89 8f 73 db f3 6a 83 3e 0b 9f 24 d1 99 ec f5 6f 3e 4c 0c 2e 28 6d 5f 7c 81 2a 04 47 eb fe 03 36 b8 fa 5a a9 e5 28 11 36 56 fd d3 1c 6c 7e 96 cb 3f 3a df 41 81 c4 5f ad 60 c3 a4 f3 0f a5 43 0b e9 7b dc 3b fd f9 c6 95 03 1e 1f 68 a5 8d 65 fa fb f6 d5 8f 38 f8 99 d9 fd 14 a6 bb f8 c9 78 54 2d 42 c8 2e 03 b3 a4 c4 f9 17 19 a9 dd a9 21 17 e2 7f 07 87 d4 35 93 c1 32 2d 69 27 7b bb d4 7b 6d db be 4c 2b e8 48 1a f9 99 1b 6b 60 05 37 3b 26 b9 20 b7 1e 37 a2 3a 60 92 ca 21 46 51 0d d6 74 01 5b 63 3a 95 96 a1 11 11 e1 d6 11 cd f0 0f 7b 37 82 cb f6 ff 49 a0 d1 fe f9 30 fd 0e c6 06 2d e5 85 30 24 ce 4d 01 b7 8f 47 21 80 9a 6d f1 dc bd 46 79 17 f5 a0 8d 0f 3f 6c 33 c0 30 db 97 5f da 41 34 68 76 63 c9 fe f6 56 b9 71 03 2a 4e ad 87 bb af 88 98 a3 b4 cb 22 12 4a e1 5d ad cb a3 fb 3f 85 cf 07 41 f3 6d 13 63 71 21 0c 9f e9 45 ad f1 0a 20 48 53 05 65 24 f4 78 38 57 65 55 32 31 52 69 48 43 8e ee 11 5d bc 59 27 eb ee 1d fa 14 7d aa d2 e3 e0 4c 14 c3 dc c1 ce 26 9b 4d 4b 5e a9 

Trying command 32...
Result: 
5a 72 e0 44 7d 11 ff 81 d6 5a e1 04 07 24 f0 56 ef ce 59 a8 39 77 56 4b a2 f5 8e fe ea 97 16 b7 92 5f 19 7f fd 0d 4c b2 cc 33 db fc f3 19 10 41 c2 4c d4 3c 81 fe a6 7f a1 d3 77 45 c2 43 eb f8 dc ce 6e 7d a3 73 a4 5c c1 5a 40 5c d4 76 c6 27 a5 4d 87 f4 32 16 86 45 bc 22 88 0f b2 8b 98 5f 99 22 29 5c 5a 2c f5 a3 a6 c2 6d d3 ff d2 01 34 d0 62 16 a1 20 2b 2e 53 38 e4 56 53 c7 a8 c1 c8 25 69 5f b5 1f a8 b8 ec a7 64 91 e3 a3 a7 5a 7d 74 03 6c 45 b7 50 7d 46 ab 3a 3a 1c 5a 7c 5f 7b 5e cd 38 4a 45 ad be ce 7b f4 d0 30 af 04 72 aa 50 05 33 e9 41 e7 6b 2c 3c ca 13 81 c9 d8 80 98 1d ec c5 8f 1d 7a ae 3b d6 a1 b2 92 96 f0 46 70 e4 9a 13 30 23 8a 28 4a fa d0 08 ba e8 55 a7 c8 3e a7 b2 64 27 e2 f4 da 43 72 a7 e1 8c 96 40 50 0f 9d 30 a4 d4 5a 30 a7 cd 80 a6 ba 55 cc b9 11 91 8c d7 8e 40 a0 e7 f4 41 40 f3 5b dc 51 8f c6 7e 0c 4e c4 77 c6 52 f3 40 dd 70 25 d3 e7 fc 72 7b c8 b8 b4 02 03 bc 7e 1f 1d 12 a1 88 14 d6 c3 a5 bc 3e 04 17 5c aa 75 f7 7a 25 8a bd 8b 1b 7b e7 70 0c 6f 34 c7 32 df 7e 15 3e 4a f7 d0 cb f5 66 18 b4 ca 4a 77 1f 6a e9 4e 57 99 01 1a 12 a2 b4 f1 9d 40 9c e6 a5 23 32 b3 52 fa ad ce a1 82 24 ea f9 d2 04 2a 14 47 ce fd e9 38 23 f2 f3 55 cd 38 c5 ab 2e e5 01 4e 27 3b bf 8d e8 e7 07 fb 9e d5 03 48 0b 6b 9c ef 41 06 68 35 2c fa a4 e3 2d b7 62 c9 6c 49 e3 a0 39 66 e2 1c 37 24 d3 4c d3 b9 ff 0f 61 18 f3 f0 28 53 61 d9 6f 4d 4b 80 86 d1 cb 76 d7 5e 24 bb 2c d2 dd 4e 46 fa d8 0b bd b4 bc 8e ae 34 a6 bf a8 7c 09 9c 70 3d d5 0e fe 3f ad 72 8a 46 16 d8 64 9e 5e b3 6d 55 36 e1 9b 13 e9 b6 ac 1a 98 6b 8e 98 a3 4f c9 90 35 71 

Trying command 33...
Result: 
50 d5 d6 42 8a 77 4a ee c4 18 9a 34 ab 4a e5 1d 5f 16 28 50 20 3b ca d2 65 a9 c6 b9 d8 45 68 1f fb 24 94 23 b6 a7 0e 4f 0f c4 87 69 4d 39 44 3d 90 5f 07 b9 88 ea 33 0d 15 17 85 32 8f d1 f5 48 37 53 bb 2c 2a 15 f2 36 d9 bd f4 31 4f ab a3 9b b5 a0 d7 5d d9 8f 4a 92 0c 56 0c 1d 56 9a 4b b0 78 fa 0b 87 f4 8a 47 f6 cb 70 e7 0a ac 7d 9b 64 e9 e9 17 be 8f 7c 32 d8 8b c0 6e cb 46 b9 6e 7c 00 c2 de 8a fc 6b c7 c5 3a cb 9c d1 a7 1e 17 75 f1 b8 e9 b6 25 62 dc ca 5c 76 89 4c b8 eb 45 db 0e 4b cd a9 14 c6 6b 5d 3f 6f 20 11 79 40 f0 bf fb 2a e4 5a f8 9b d5 5c 76 83 3c 5a a1 b5 68 2e 86 09 12 18 5a 5b 02 68 ce b7 05 c6 84 f3 2d a0 48 64 3a 08 6b ad d1 cb 76 24 f5 b8 37 94 73 cd b3 4e 89 25 c7 52 5e 0b 06 7a dd eb 7a 3f 27 f1 5e 7f ec 53 84 a7 29 92 c5 66 d7 ad 26 13 d5 e6 c6 4f 85 9c 5d 42 e8 d2 a1 0a 0c 5b 41 09 4b f7 27 0c 41 ed 2e 71 38 b4 94 54 a7 a0 d1 1f 92 3f 14 a1 0f 48 74 54 9c 25 d7 fb 8e 43 78 82 9b ad 5c 02 27 fe f8 61 a4 a3 1a ad 24 2e 00 19 a0 df cc db 18 40 7b 26 3a dd 9a 78 83 bc b3 ce 98 54 08 75 74 20 22 e5 b9 90 2c 2c 51 a3 57 bf a6 d2 1f 4d a2 8d ce 1b 1b 40 fc d9 2d e7 45 9e 66 47 5b b4 17 6f 05 79 2f 10 7f db 73 e0 01 08 ad 4d 9e cd cc c6 f7 e0 dc e8 f7 7b 58 ce 84 15 d7 60 8a ee ad d7 b7 63 03 f1 31 cb 32 ef 6b 08 13 cf b0 0e 66 1a 30 de bc 51 6a 4d 23 0f 46 25 16 2a e1 11 de 98 16 f0 ba 4e 75 8b 51 1a 24 d0 e7 50 67 99 26 0a e7 db e0 93 01 c0 86 66 68 af f1 c0 f5 d0 ef 25 24 0a 00 97 50 e8 b1 fe 67 f8 99 42 ee ee 05 0b d4 b6 8e c6 b8 b5 ed 04 7b 2c d2 15 6e 49 68 4c ff c7 50 f7 e2 96 aa 60 fe 27 85 e0 

Trying command 34...
Result: 
31 a7 d8 50 61 bf 9e d0 4d 48 9c 16 20 82 e9 23 6f 22 51 ce 5c 71 03 92 5c ee a9 99 80 e7 be 05 b5 23 fb fe ac f2 a4 c2 9d 51 3b 2c f5 1d 68 c8 c9 91 ed e8 b7 8a 14 48 e6 6d c3 19 bd 3c 6e 5c 4b dd 2f 0c 7b eb 41 db 4d c6 72 7d ef ae 87 07 4d bc aa 5f 0e be de 5d af 62 18 f5 36 a0 37 de b4 f8 aa 13 6b 6c fb 3b 96 f8 78 71 5a db f3 ac 0b f1 14 88 05 cb 7e e4 d8 84 08 74 e8 a2 ea 90 91 de 10 59 c8 34 c5 77 ac cb 73 78 be 98 08 1c 77 95 c6 7e 5a 9b e2 9e 03 1f cd 4a 91 8d 3c 51 f7 b3 c6 1e 24 10 bc d1 fd 83 47 f2 1e 93 6e 67 38 a4 8e 1d 50 25 89 69 89 a5 d7 11 96 3c 29 5b 4f 1a 05 e4 b8 26 c0 f4 ef 10 b5 ff d9 1e aa 6d 7a c5 83 60 6a c5 6d 44 61 59 5b 5b 24 46 97 b2 45 92 3a 17 13 c4 f5 85 ef 73 d6 c3 aa 34 15 35 a4 af 3b a4 49 54 9a d5 65 e3 4e 19 fb 59 24 e7 09 ff 9b da 48 79 3b 79 56 43 8b 12 d3 83 d4 03 d6 16 41 6b 22 bc be 16 ef db 94 7e ed 76 8b 88 43 e7 c8 be d9 24 64 4d e5 38 01 0e cd a7 4f 56 05 9c d6 2d 8c 3b ed e9 d9 8c d4 c9 1a 42 5c 37 fb 69 03 be 67 4a d0 97 ef d4 c5 c6 35 2c 84 55 0c 38 92 f1 2c d7 a5 31 cd bc 06 ef 63 9c 06 4e 79 26 25 22 19 9d c3 09 3a 7d e9 f7 83 6a 7f be 72 56 75 90 e9 08 e3 f8 58 4b c7 9a 48 ef 92 1b d9 08 3c aa 2e 7f 22 62 de e3 e7 44 b3 bb e5 97 a0 5c 88 4a 4d 7b d0 ed f2 94 98 65 59 aa 2b 63 9d 15 ad 71 66 ee ff f3 ed d0 63 3b e0 7f 3b 45 31 b4 a2 81 98 58 75 4b 1b 27 8c ad d3 e3 0a 8e b4 f6 25 e9 ef 53 03 9f 9c 42 ce 7a 9d 50 21 04 7e d8 ad b6 c8 95 97 17 0f e7 91 07 ab a8 2f cc b7 9c 1a c0 0e a2 a3 4f 56 13 a0 bc 42 9f 7b 0e 5c 64 45 48 aa 4a f7 84 ab 47 a7 d8 5c 65 cb 7d 

Trying command 35...
Result: 
19 57 62 80 5b e1 59 cf c2 f0 2f 24 96 b3 eb 0c 0f c2 60 5d 4b 5a 65 91 ca 1d 0f 57 db ff e6 8a 87 e7 48 8c 42 e9 09 71 1a 24 dd 03 1d 61 53 f7 28 dd 8b 20 e3 e6 5d cf 56 34 b2 ae df 08 25 9c 90 9f 66 ee 4a db bd e8 bf 88 1e 99 87 c7 77 9b 36 08 9e 0b e9 2c 56 a4 db 66 2a e2 fc fe 3c 38 19 da 4a ba af 53 3c 5e 9e 3f 69 e7 77 8f f8 ac f5 c8 e3 c1 14 8d 0a dc c8 c0 cc 97 aa eb cf 9b 19 51 63 e1 dc 9b 45 d1 37 32 1d b2 68 5b 46 14 a5 81 af ed 18 4d 07 53 e3 fd 6f 67 0c f4 47 80 22 37 44 5a e1 89 21 a4 d3 2e 87 2f b6 3c 5d cc 60 ce 34 6b 27 f8 18 7c 1c ef cd 84 0a b4 70 99 0b 69 b8 bc 59 74 95 46 26 71 ed 67 86 99 c7 b6 20 48 03 00 71 99 9a 44 6c 9e 66 3a ea 9a 1c 46 3c 12 38 85 c1 b7 27 95 06 79 12 78 32 e0 fd a4 3a 4e a8 ab 07 55 5a a9 3d 5d 16 9a a5 bb b8 84 df 7f 79 1a 5f 97 23 8f 2f ae 71 12 6c bf 89 89 2a c4 b1 1c 06 a0 ab 7b e0 d2 4f 8b 70 20 4e 43 69 6e ce a7 42 c0 42 30 ad 66 de 03 9f 91 65 f7 d9 c1 aa 9e 1e d8 a8 a0 c1 ab 61 d6 c1 af 7c d1 c9 25 71 b9 05 0d 3a fd 81 2c c4 b2 a2 db 84 89 13 b5 b0 7e c0 d6 ae 64 69 78 9b 36 00 0f 59 ea 01 b2 6f d1 8c 18 26 96 10 6b 01 4b 23 23 65 c3 1c 79 39 b4 9c f4 2e 14 ff f6 7c 46 90 69 27 34 f9 e5 25 00 3c 0e 35 d7 6e bb 47 22 e1 5c 61 47 5d 0f 32 47 b8 fa 00 65 75 c7 42 5a 0d 20 c0 dd fb 7f e6 3d 5d 5b c5 73 04 55 a5 05 8e 90 73 66 06 55 4d 4d d9 28 c3 08 d4 14 00 f8 c6 56 aa 82 d6 02 df fa 6e 7f a2 5e 0c 6d e0 16 f5 21 4e 41 e5 89 1d b9 94 15 97 12 ab 64 f9 f8 6b a5 e0 7b 2c 0a 1b ed ef b4 32 b7 79 b4 c6 58 80 86 f8 c5 da b9 ae 4e d0 fd ab 4f 38 1a 34 42 5f 17 8a ce 

Trying command 36...
Result: 
01 ff a8 de 42 c3 36 f5 e7 c9 76 05 e3 28 b8 c2 8a 51 7f 3c 85 f8 4d fb 6c e9 74 ef 1d 7a 10 60 51 5b db c1 ae 56 77 4c c0 67 3d 45 96 c1 77 09 6d 79 ab 79 4f cd ab e0 b3 44 55 7e 1f 71 d0 eb 94 89 1a 80 22 aa cb 4f 84 e6 98 89 9d fe be c2 15 af 80 e7 d1 4c 97 2e 31 9f fa 8b 3d 17 21 d9 38 5c ce 13 51 00 45 51 79 1d d3 52 05 52 bd 87 5d 73 d0 06 bc 22 d1 b9 0f 96 94 d1 b6 0d ec 2a 33 8a 21 a6 d0 80 d7 8c ab 89 d1 ab 91 8d 43 2d 43 55 24 3e c3 79 67 75 44 a2 26 8a ea 59 58 21 eb dc b3 b3 c6 a7 eb 4b a3 df 69 7d b2 34 dd d3 c0 5a 4d 5b 33 fb a3 66 2d cd cc 82 a7 2b a3 d3 4b 5e b0 c4 27 2d 57 eb 91 6f fd 25 bb fe 19 59 4b fa 79 c4 ee b2 3e 67 db d2 d9 2b 86 db f4 ed 82 e5 db 10 29 ec 2f 02 ab 0c 38 d3 fe 58 8f 82 a9 8c ce 93 fb 12 7a 1f 62 e1 ef 8e c8 17 24 7e b0 dd 43 a8 43 a8 03 c8 d0 32 1a 90 d8 4c 39 73 c9 91 40 5f a0 a4 a7 a4 30 84 0b b1 dc 2c 4d a8 b6 fa 92 0c b2 8c 43 d8 8d 3a 41 7b db bd a0 8f d5 51 57 d8 4b 45 aa 72 00 9c 67 e8 3c ae 3f 95 50 67 8e b8 75 a5 9b 30 10 21 be 5c c5 f3 5e 53 2a e2 7e 0a 62 00 3f dc 8f a0 62 ba bb 96 b6 19 89 58 74 b0 b4 97 48 1d 14 53 9c 6e c9 17 9b fa 9e ae c2 70 86 da 63 39 16 80 91 9d 26 9a 7b e1 b9 60 c9 78 ce e0 72 2a 3f 85 18 7e df e2 31 08 a5 8f fa b2 a0 a8 79 34 b2 77 dd 21 f7 28 d6 6a 49 a0 97 39 6b 86 ce b5 13 b0 42 be 67 5e 61 ad 43 4a e7 29 15 4e f8 61 c1 5d 00 96 dd ef b2 e2 1c 7b 0b c3 8b 70 d9 65 cd 08 b7 37 fb 3e f7 a5 62 f6 e9 ec a7 df 12 ff bd 61 10 1a fa be ff 9e 88 ed 31 d8 8b 7b c4 c6 ce 21 e0 b6 5d a4 04 c4 7c be 13 6f 14 a7 6d 02 28 32 10 9d e6 56 7d c9 

Trying command 37...
Result: 
49 cb 44 5e 6c 36 c6 51 95 fd c7 1f 68 34 61 69 e5 35 ec 83 80 f4 b6 09 82 82 9a 64 4b 6f 2f 6a 01 2b a5 df 60 f3 cb 5c 0f 20 fa 1b d2 07 1f 5b 11 b1 66 60 3d e7 f3 00 85 63 9b 0f 72 c2 83 88 10 31 cd 41 da 79 9e f1 cb 6b 33 20 15 58 52 48 a6 78 95 7b 9f a2 77 ab 52 7b bc 9b c9 a2 4f 88 c3 29 01 8e 47 4f 99 df 26 14 f4 09 e5 b9 5d ee be b7 e2 50 9a 3b 06 64 e3 c9 02 a5 f9 ab e6 06 12 08 28 47 9b 9c a6 e0 f9 b1 1f cd a1 16 42 45 33 18 ef 57 f2 95 b3 1f 8f 89 52 43 20 97 74 b9 7a ca 46 d1 aa ce 64 7b 8e 35 ae 05 ad e2 e4 a3 2b 92 51 a2 97 1c be 04 24 6b f4 1d 5a c5 fe b2 6b cd f5 82 1b 9d bf 5d 10 b0 ea 43 af 0b ff 10 74 e3 0a 3a 4e 20 83 0d 74 a3 41 a8 97 01 fb a6 ac 33 65 a3 62 4e 14 91 dd de 06 8a be 4a 55 e1 68 9c 34 86 27 aa bd 57 38 f6 60 6d 8d 2f 82 4a 50 68 06 2e bc 10 78 81 17 d9 19 97 e5 31 db 01 3f 4b 25 20 70 ad 37 4a 4b 2d 26 a9 c8 03 1d eb a5 3a 64 d9 92 fa 8b 35 dc 68 3e 15 a8 1a 64 e9 09 21 42 ac bd eb 54 e6 f4 80 ec c1 24 58 d2 31 98 e0 da 9f 36 1f 1e 25 17 4e 58 8e 48 99 84 df 83 23 71 fd 33 d1 ff 17 09 d5 93 51 1d d4 fb 81 0b 72 b8 54 54 cc e9 3f f5 fa dd 27 97 e4 bf 48 d6 06 a6 09 43 f6 0f 44 60 69 6d 2d 65 e2 d4 ee 91 60 08 6e 02 e1 bb 0f 4e 77 24 d7 a1 a4 4d 40 da 6a 6b e3 41 c1 15 7c 46 e6 ba f8 b4 7a d2 fc b1 d1 7f 81 e0 6d c0 b3 de fc bd 1d 89 6d bf 07 90 5a a3 2f 5b a6 03 56 ce f1 6e d2 e0 67 6d c5 59 c6 9f 03 8b f9 23 ce 91 01 39 e1 a8 88 06 61 3d f6 08 67 69 83 9d 37 f9 a8 42 51 8b 5b 10 e8 16 d6 27 4b a2 24 4b 6b ae e6 6b c1 a9 eb 1b 01 1e 23 ab 1c c6 08 cf ec 60 41 3c da 37 75 a4 69 

Trying command 38...
Result: 
40 aa 02 0c f8 64 e8 5f 25 74 05 4c ce 0a 5d 2c 7a 69 64 0a a4 34 50 a2 64 30 ae b5 8a a3 7b b4 6a d8 fd fb 8c 1a cd 9e e5 e7 39 92 0a 51 f1 77 98 9e 0e 8f 6a 8e ba cf 7a 4e c6 6b b4 68 e2 a7 54 89 20 78 c8 1c 64 f6 42 f3 84 7c cd 0c 62 a7 cf f4 ab a7 b8 b7 74 16 21 28 48 2f b5 9a d2 41 ef d9 59 1f 91 eb c9 11 7d db 3d 47 4f 77 e1 41 3c 90 c1 e2 cd 42 d7 2d 16 35 55 e8 04 68 1a 44 09 75 42 63 d9 81 8f d6 62 33 cb 59 49 65 58 7f 5d e9 dd e7 96 0b 88 c5 ca 9e e5 d4 5a 41 5f 77 7b 84 52 dc 99 77 4e 82 e6 9e 77 5d 7e 0f 6f 5f 32 29 a5 f2 cf 93 ae 41 ab 81 08 5d cc bc 4f bd 54 40 10 31 73 2c c8 69 32 8b b5 c9 cf 8f 0e 91 33 ef 07 1c 05 55 38 bf 7f 24 fe e8 2a 60 5f ee f4 04 24 c2 27 86 09 ca 13 41 29 f0 18 89 2e e8 16 e3 fc 78 6e d2 69 98 49 75 0b 05 d3 b7 d3 17 66 85 05 c2 12 30 81 6e 9f c4 dc db c6 2b 3a 8e 52 4e 9d 55 9f 10 5e 15 b7 20 3b 63 14 a3 38 25 e8 a8 19 34 9e 83 7b e6 71 c6 36 b4 cd a1 c7 19 11 c8 91 15 a5 d2 99 ed 61 9e e0 96 ef 9c ea 75 04 f3 a9 bb d6 f0 3e c4 43 5b 73 de 0d 97 90 a7 e0 d7 cc b9 05 b9 03 c0 15 b0 f7 41 6f fa 84 46 51 7b 24 03 c9 f6 09 e3 a7 d3 c9 92 0d 0f c4 ca 65 75 d5 e1 e0 cb df 4a 5f 35 ec 21 c7 29 23 7f 5c 9a d1 14 c5 8e 37 68 6c ec ce 74 1c b0 08 0c e1 14 39 e3 8e 6e 07 db aa b2 41 48 49 35 3e ca 13 86 2f f5 92 b0 16 eb ae 1c cc 74 f3 83 bb a3 87 f3 fc 2b 94 93 99 ef eb 4c 61 9e 30 f3 62 80 3f ac 07 96 5c ee c1 c9 01 e7 24 c5 c4 6d 6a cb 39 1f 73 01 17 68 3b 3b 22 45 c2 2f fd d8 4c ac 9f de b2 19 a0 8e 9e 3c 14 52 93 d6 fa 52 8d fb 37 5a 85 47 5a 94 4e f1 ee ec 1c 59 56 3f 9c bd 

Trying command 39...
Result: 
e6 57 2d 78 29 2c 7e d2 92 f9 99 55 fb 0f 93 24 a5 2f f9 94 af 8e 9c 9c 0b b8 ea 27 f8 04 03 59 a6 bb cd d0 de fe 62 04 8f e7 10 60 6b ef f3 86 6c e1 ee 71 bc 16 a8 53 cb 2b 61 89 6a ef 4a 97 36 6f 10 0e b0 9a 18 3d cc eb bf af fb fb c3 f9 37 df bf 75 89 53 a7 ea 40 f8 08 87 bc 85 dd 75 47 ca 37 09 3d c2 0c 07 43 b2 eb 68 7c c4 b3 8f e1 58 25 8b e4 e7 1c f2 08 37 2c f6 17 a4 65 01 44 49 46 40 3f a9 e8 80 ab 3b e7 4f ab 55 92 c1 69 64 c3 b8 8f ad 0a a0 0a 4c 8d 22 3e 7f 67 05 8d f0 51 d9 1c 8d d0 66 b9 0c e5 e4 69 6d 16 1d 7c 84 d6 30 d7 e2 6d cc f3 fd 40 c0 77 2b 3c 4a ab 4d 35 a4 59 0c 42 4f 5b 4b 15 55 8a 2c 7c 33 2d b9 40 a0 00 58 8d cc 3b b6 1a ce 32 5a 16 b4 9b 4f 2c f5 80 eb d1 1b c1 b0 f6 80 fe 44 af f9 12 4c 16 5f 3d 7e 79 e3 86 30 bb 72 86 1e 68 dc ea 2f 02 04 a9 54 08 0a ad e6 eb d2 1f 05 7c f4 3d 9f 06 3f 5f 36 60 6b d2 36 7d 3c 8d f7 c2 80 61 a1 27 fe e2 1a 2d 54 8a 4e 72 e5 6c 3c ee 1d 94 2c 52 7d 59 51 f3 0f 67 33 3d cb 69 e5 79 d7 3e 3f fb 4d 3e ef 26 a9 62 9c 71 9b 9e 76 46 fc a9 91 97 ee d5 cb a4 6e 78 17 eb b0 e6 07 be ef 24 1f bb e0 9f 94 0d 81 bd 2e 11 e4 87 01 df 44 e0 f3 9b f4 dd 08 de 5f e0 ae b6 30 2b 79 28 e4 d7 18 d8 38 87 98 7d b2 66 be 67 3b cf 5c d7 55 94 f0 80 59 ff 7a 11 d4 89 c5 39 7c 83 6e 22 21 82 88 7c b5 71 6b 15 08 31 4d 9f 3d 07 a8 09 ce e2 5f c2 08 15 ec c6 e5 24 e5 e1 39 8c ca 21 e9 94 a8 fe 98 dd ab a5 9c af 6a 9e a7 ab 00 da 6d e7 9f 72 42 90 13 e7 21 5b 12 29 dd d7 19 08 2c 8b ae 65 d1 98 f9 5e d1 7c 64 f8 05 e3 50 5a eb 56 e8 b5 fc c1 02 69 b8 a6 81 0f ea d5 9f 76 be 

Trying command 3a...
Result: 
fd 85 b3 66 cc 88 f3 33 0f 5e 0f 60 7c 80 05 22 aa 38 c5 a5 ac ca a5 6c f0 71 9d 6e ba 20 1f ac 03 32 aa 76 1a 3a 26 fc d7 02 35 0b f3 d1 93 d3 06 90 be be 98 e4 72 bf 4c dd e7 e4 27 22 6e 7a 98 a4 8b 9b 9e 22 86 f3 f3 88 8d d9 c2 d3 75 f3 64 97 5d 58 be ae 44 93 f4 6d 9e 6e 8b b5 11 17 d0 d0 43 d3 c9 98 77 9f 38 3d c4 5d 96 7c d5 c1 93 78 5e 89 8c f2 10 aa c9 f2 1c 49 0e 71 41 f3 92 aa 75 19 97 2e f1 d1 6b 84 88 3a 92 39 1b b2 c8 03 47 92 c1 a5 85 56 ee f9 f5 67 e0 06 5c 93 32 e5 6a 1f 81 5d c4 1c 3f b7 3c d5 02 0e 38 31 3d 47 7d d7 77 f6 14 ec cf e6 4b cb 60 1f 7e 20 15 8d f1 13 b0 c5 ac a1 27 03 cb ec 23 21 1b 58 86 8f 83 f0 24 ac e2 b8 59 49 76 3a 36 5e c9 97 cd 99 d6 c4 e3 09 87 06 6a 24 77 11 ad ac 9b d8 e0 ee f7 52 64 78 0e dc 6b 25 91 d6 00 a3 79 84 f9 be 12 aa f3 91 33 e3 04 3c db 71 fb b4 84 f5 c5 c3 dc d8 ab 0e df e9 d4 5b bf cd b0 cf 16 0b f6 4a 1c 08 c1 a3 c7 30 7d d8 51 4f 04 e8 c2 92 9d 90 93 42 ae d8 59 a9 72 5a de 2d d3 5e f3 bd 26 f6 c9 31 a9 eb 4c 93 6b b9 1d 94 67 0e c6 84 a9 a2 40 a8 f5 b9 5b f2 db 70 56 6a b8 b2 4d cb 80 e7 fc 65 e8 c9 47 24 7d 73 cc a8 4a 9d a3 02 4c 21 0b 54 66 c1 ae 5f c2 12 3d 20 6c fc b2 5d 60 96 b9 23 f5 fd e6 98 8b cf 5d e5 db d4 7f b8 82 ff b1 69 cd f4 83 ee cb a7 d5 97 77 6f 1c 33 49 ac b9 25 8b ab d9 d6 8c 22 c5 ae db 1c 88 2a d0 23 79 4f 05 27 78 4f 25 7d f7 fa dd d8 4b 0e 16 fd 03 6e 81 cd 3e 23 c3 9b 61 09 22 30 5d 84 91 91 73 fc 6a a9 9c 47 0e 9f 89 6d a0 04 bb 22 8d d7 d4 ee 73 02 52 d0 f4 d3 d9 48 b1 30 f2 11 16 96 34 e7 d6 3e 7b 0e e7 49 4e 70 49 37 2d 15 

Trying command 3b...
Result: 
11 09 e6 34 58 ee e5 0c bc ab 0e e8 ca 91 9c ec 08 dd 9e 15 b7 22 48 e9 78 5e 7a a3 24 b5 16 e3 ae a1 97 09 91 78 3f a1 33 a5 b0 33 e3 88 4b e5 ba fb bf a7 8d cb 5f ce 60 7e 7a a8 d9 e0 a8 9a d9 34 e6 8f 46 f9 3e 79 37 8a 89 47 49 26 1b 27 fd 4c 42 f4 a8 42 ba 6f 74 15 a2 6e f1 12 4b fc 8a af b5 9f 40 a8 2f 2d b1 d1 46 85 00 25 21 9b bc 22 3a 86 7c 06 2f 1c 7e 6b b7 81 8a ab a8 ae fa db 30 7a 13 be f3 64 1d e3 fa 00 76 bd 2b d9 61 c6 de 2b 7a 94 dc 8b dc 59 23 e0 2a 35 e1 a5 59 f2 53 20 e1 52 4c 01 c5 4c 81 e9 27 c2 c3 b8 54 3b 12 4f 31 b5 84 b6 83 7d 5e cb 5a 1f ab 25 89 f6 f0 62 90 62 be a3 a6 4e d0 13 21 4e 92 5c 24 a1 8b 87 88 07 0d 27 57 94 84 c7 db a9 12 63 d7 8e 82 e6 a4 84 94 ea 0a bd 20 f0 a9 af 93 f3 27 65 65 e9 85 2f 61 e9 21 be 4f 83 9b 0b 60 ec e2 34 8b 8a 10 58 67 61 dd cb 8d c4 f6 53 4e 84 22 09 c8 4d 1f 79 2d 93 46 6c d8 9e 02 c2 93 9e 01 bc eb f4 c4 1b fb 63 20 f7 ee c5 c0 20 25 86 89 95 77 1f 27 8b 2c d0 bb f9 52 30 ea a5 0a 1b bf f1 b0 46 ae b6 2f ab 4b 8f cf 2d ee ac 03 6b 7d c9 88 fc 1b 93 ad 9b c0 45 9a 62 d3 ab fe 3d 94 6c 4c dc b0 23 b5 cb 9d fc 80 c5 e8 4f 3f e6 b3 e5 47 f8 b3 a7 f3 e1 93 59 6a 2c 6b 90 1a 3b cf ca bd df cc 6f e5 73 50 b3 38 da da ef 3c a9 6d 78 a7 7b e7 2c 00 df e7 f6 f2 0d d9 d8 05 db eb 10 fb 53 22 3f bc be 1d d1 a8 93 16 c5 a2 ca 78 a2 7c f2 f0 7a 55 7e a3 26 c2 98 39 4e 42 1f 61 74 06 ae c5 6b 35 60 63 ec 41 6a 0f 22 45 74 ec 3f da a6 5f c7 e7 00 5e 55 e2 8e 25 58 cd 07 48 7e 9a 3f 83 fe 46 e7 01 33 f0 d2 10 30 f2 e6 b0 4b da f6 6e 46 cf 94 61 23 00 d7 55 75 41 9c 

Trying command 3c...
Result: 
56 f3 ec 39 3f 33 ac 89 20 07 61 37 c1 6f ce 9e 34 1b 2a 5c 91 ac d4 eb f4 6b e2 33 14 c2 39 c6 f7 4f ac 21 36 ec cf 8f 1e dd 5e 50 56 22 d8 e0 b9 3d 40 03 e9 5f 9d 54 a4 cd 2d c9 89 d9 af d5 77 64 d1 c0 e7 e6 ee e0 85 44 8a 92 a8 a6 f7 fb 19 59 22 c7 49 56 2b 20 97 84 55 c3 59 50 c5 1a 46 bb ce 1e 7e 91 1b 97 b4 25 a9 47 92 27 80 6d ec 4f 2b 59 38 1c 8a ee 8a 7e 4b c7 ab 0d 93 54 ad 47 fc 25 d5 f7 0f 57 40 dd bb 7e 0c 56 f9 44 4f 27 d6 25 4c 10 a9 11 c3 39 91 63 e3 82 35 5d 60 87 7e 90 86 8e b3 da 5e 99 7d 48 ce ee d6 0b 61 8f b3 52 69 68 df 89 4d 7f 33 41 ea 0c 6c 14 1e 12 c6 33 57 89 b2 f8 44 ca 3b f9 58 43 1a fd d3 03 5a 46 68 ba 26 e9 1c 47 d6 9c 85 f9 29 99 f5 33 fb d8 96 9e 36 c5 58 14 4b 58 00 f4 55 b7 de d7 8f d5 d6 85 28 98 bd 99 b7 ad 03 be 22 77 ba 9e 20 05 c6 21 b8 78 06 ea bb f4 da 43 b8 89 cd b2 8c 99 c0 c8 16 fd e3 14 0f ee a9 23 b1 e1 29 a7 26 b0 fc 8d 4c f0 be 26 e5 cf 88 39 3d 34 18 30 97 c1 d1 46 93 14 64 26 09 2c 80 32 75 7a 8d 79 e8 63 23 ab 83 45 96 2c 88 29 5a 8c de 9c bd d2 60 76 11 c1 92 99 f1 8d 5c 12 ee ba 92 f5 cc eb 55 ac 91 9f 54 87 e7 7c eb a1 12 59 3f ba dc 84 9d e8 64 ae ac 4d c8 87 bb a4 61 cb 40 13 5e b0 03 05 02 57 49 fb 1b 78 a4 72 ab 2b 9d 6f db 84 05 91 c4 f9 04 c0 03 bd ee 1e 1b 04 3a 5b f0 17 fa c1 55 e8 a0 7c 92 13 96 c1 e5 96 03 68 c1 fe c5 c7 c8 01 5b 0f 6e 4f 00 68 75 5e 97 91 55 2f b4 5e 07 22 3a ba b3 c3 96 e3 39 06 e7 ce 71 b2 01 d1 97 53 06 13 fc 04 64 e6 b6 d2 0a 70 da d7 5c b9 de e3 58 38 bc 03 22 7d ac 6c 4d cb 61 77 57 c4 79 f5 cb 0d 09 69 88 21 83 c9 26 d3 

Trying command 3d...
Result: 
39 04 09 27 4f aa 8a 24 00 44 ba c5 c5 35 12 bb 5f 44 52 5f 82 68 b8 87 4c 8a dc 28 a8 1e 1b 38 7b c6 44 24 b6 bb 8a f8 76 35 7c 03 ff 97 cd cc 9e 5d 64 b3 12 76 d6 81 47 aa 7b fc fb 22 bd 38 a1 9f 73 a7 0d 10 eb eb 49 b0 e8 f8 f8 ef ba e0 81 0f 52 1f cc 18 d3 4e a5 2f a6 ed ac d3 0d d9 96 ae fa d8 f6 ec 32 17 95 eb 4f 66 dc f6 ca 81 da de 55 3b 11 93 80 fe eb 4c 0d d9 c6 00 8f 08 1f 03 06 bd 0e dd 7e 38 10 96 d9 97 c9 95 58 e6 0f 24 fb 5f b6 17 30 4c 28 50 dc c3 09 02 00 57 7f e5 0f 2c d6 90 b7 ed 7b 32 2d e8 80 90 0d fb 40 3a 7a 32 88 03 63 20 be aa f5 51 4e 88 0d b9 42 46 bb 29 18 2d 36 a3 70 ae 45 6e 09 45 ba 83 ae 3c 91 3a 99 5e 1c eb 5f 91 64 13 6f 9f 6f 12 0b e0 21 ed 7b 96 1b fa 1e af fc 23 5b 2d 85 61 c8 e3 56 a3 60 c8 b8 62 15 3f cc e6 39 1d c9 34 e3 29 68 7d b5 13 3e 2d 5e 93 c2 07 5d 1a b8 41 dc 17 07 22 ce ea 97 7d d7 53 e8 47 c5 f3 25 b4 22 b2 8b 0b 15 08 5a e3 72 e6 79 fc 52 0a 83 89 b2 45 1d c5 49 3b ad 9d 60 07 63 a9 85 36 6f 4a 4f ce dc ea 41 fd 26 1a b0 a6 c5 24 91 9e 35 65 ad 64 77 0c 91 73 ba 33 f7 62 11 60 e5 bd f9 b0 0e d3 88 3e 11 08 74 b3 a8 9c d9 e6 68 02 63 7c c7 6b d0 c3 06 97 0b 49 3e 93 7d e8 a4 7d 76 42 01 9f 15 92 20 64 c3 d0 b3 e8 3c ab 4e 1b fe f9 d0 cc 2a 63 b3 11 e0 3f c4 37 af 4a 8c a6 41 cd fd e2 47 f9 da db 53 ce 08 3a 95 b0 e8 f9 37 5d 47 4c e4 20 d7 aa be 14 6c 70 49 74 ab a2 83 2d 5d 80 0c 27 9a 68 34 72 de e5 84 f3 3f 5c 8f 77 46 a9 1e 0f 63 cf a0 d2 c2 72 95 37 21 31 0e cb 7f b6 b1 b1 3b 47 82 07 02 87 f1 a0 95 e7 5a 00 81 0d e4 59 27 57 41 a6 e3 68 6d 14 92 bb 05 e1 

Trying command 3e...
Result: 
66 92 25 6e f5 6b 63 2d bd 2e c5 3e da 19 05 cf f3 82 7b 49 cf 44 94 ab 6b 3c 1a 6a 03 24 e2 37 ee 12 d5 60 46 e1 9b 3d b7 6c af 7c 92 f2 6c 47 7e 3f 12 85 65 9e 7c c7 24 00 17 89 56 31 c0 9a 80 2b 99 96 45 26 94 38 8e 7f 11 99 c0 87 06 a9 46 29 19 83 d1 d2 d9 85 9b 16 7a 84 be 12 e3 01 3a 09 3d 2d 21 a7 f4 52 9e 8e ad 0a d5 3b b7 29 52 86 7d 19 5f 0b c0 4d c5 5b c6 b2 bc ae b3 04 90 15 fa a4 c2 4e 35 46 99 df a1 cf ff 2d c6 04 5f 53 cc 3d 68 2d b0 f5 fc 9e 8f a4 17 b5 e6 af 52 01 d9 f1 49 47 b5 fc a6 8c 2f d3 a6 fa 05 c3 20 a7 16 19 cb 85 60 2c 14 83 d3 99 4c b4 b8 6e 93 84 f2 9d f2 3d 51 90 35 93 5b f1 12 72 14 30 7d 3e 61 dd 4b 11 17 ab b4 c2 b1 80 4e b6 3a ec 74 51 9b 71 21 85 cc e9 5b 64 3b ec 8d ca ce 4e 25 cd bc 65 72 fa fa 0b 28 65 63 83 6a 89 db 4b e5 43 48 d6 47 ff c3 45 5d db 5e 7e e9 e9 76 b4 74 06 14 c9 4f 97 58 e0 4d d9 83 81 76 dc 6b 4f b7 96 e7 dd b8 a8 e7 b2 1f 8c 57 d9 7b e5 19 09 f1 a0 7f 8d 40 dc 44 97 3e 65 3d b2 e6 10 84 8f 6d a3 59 f2 ce 66 a7 e8 4e 5f f6 3d ef 0e 2e ea 25 36 d8 7e db 0e 95 06 da 1d ba 7e b3 94 c7 d6 f6 d6 82 12 12 ef 0e b0 2f 16 ab ca ad 14 54 44 f8 7f 55 94 9d 28 a8 34 bc 62 5d e3 ee 1c 66 b9 fe b3 5b e1 cc b4 68 59 bc 30 92 ca 5f 86 33 77 64 66 aa 55 5d d2 a2 51 a2 dd 26 21 df c9 29 ed 8e 08 a6 ff 36 a4 4b 04 3c b4 74 4f c5 22 b8 7e 03 70 0a cc ab 80 a9 ee dc dc 2d 34 84 58 06 1f 2f bc 1a e7 57 ab 10 a3 27 8b 0d 32 cd 09 d3 55 48 76 fa 94 bc 07 3a 4a dd 18 77 cf 02 f2 76 86 82 bb 55 a5 3c 82 39 85 8d 6c 16 19 7d ed b0 9a 90 d7 8f a8 9a 2b 37 d7 ff 3a a9 fd bd 6e 40 92 

Trying command 3f...
Result: 
c9 8c 39 e8 ef f5 b3 b8 d9 84 64 e1 c1 4f 82 39 5e 81 3f a8 e0 8b 64 95 51 c4 70 b7 66 99 04 cc ba a1 0e 42 3f a0 cc 26 c7 ff 59 5f 48 a5 48 0f da f2 ab cf b6 54 f3 e1 4e 43 8e 81 95 fe cc a2 d4 6d de 4f 8d 77 76 03 f1 3f 74 1f 10 39 3d 11 9d cd 21 68 49 2d de ce ea b1 3b 53 c6 56 08 a5 89 ea a4 92 64 ca 79 c7 c3 83 ed 9b 1a 0a ad c6 16 fd 4c 98 6c c5 53 bc 0a c3 d3 d7 37 9f 3f 3a 96 ff ff 0c ba 8a 04 7e 3a f5 77 38 13 73 33 c4 e7 1f df 97 33 31 f3 d5 a3 3a da f7 ad ae 10 fc 2b f2 cf 2e 8f 9b b5 1f 57 06 7d 2f 78 c0 da 16 1e 4e f7 22 51 66 25 cf 3d f9 e1 ee 97 52 e3 38 3e 34 eb ca 51 95 b2 15 bc 55 88 1d ef 31 58 52 e9 ab bf 3a 3e 46 0b 68 53 1c 05 0a d2 e6 8a 0b 6c fc ec 90 f1 5b d0 bd 89 d1 27 d0 db 1b 38 64 5b a8 9e 9a 07 81 16 77 13 c4 58 01 e2 8b e2 2a 62 0c bb 7e 9e 63 08 a1 c6 6e 11 45 01 a3 2f c8 d7 65 0c 19 81 ce b4 ba 76 3d e0 dc 9c 3b 35 91 86 16 ed de c2 7f 2b c8 c6 e6 20 0f ed 78 7c 66 f1 25 f5 18 3e dd 58 88 59 cd 65 e2 34 ed eb 0c 80 16 e2 6c a8 fc db 9a 2a c4 29 a0 e0 e0 ee 57 42 8b ae e6 13 c8 ba 02 16 87 93 c6 16 16 af 64 0b 9f 0d 88 13 06 b9 5e a2 89 15 b0 7e f8 5c 69 a0 3a 61 12 4f 95 fc e0 0f a8 2f 6d c3 64 39 e7 22 6d ca 57 7a 67 a7 d9 45 3e 17 b3 36 aa fd aa bf 54 d2 69 25 fd e8 7f f4 cf c0 6e 6c eb 57 8e 00 45 b9 35 93 f8 02 0e 98 3b 07 60 3f ef 00 2f 52 c2 0d 1d 04 87 34 08 29 54 97 18 8c 9b 04 f2 72 cf 27 b3 45 03 94 5f 90 f6 bf 21 ad 03 42 93 38 e8 c5 7d cd 55 dc a7 2a b6 80 94 0e 60 dc 66 1e a2 c8 6a 9b c6 e9 dd cd 73 71 4e 94 50 2a a7 8c 1c c7 0e 49 1d de 31 fd b3 71 1b 4c ef 4b f2 

Trying command 40...
Result: 
ff ca 1a 3f d2 87 67 4a 7f 77 c8 8e 74 0b 0a 06 24 22 7c 50 60 cb 1e 78 28 fb a2 37 5c 59 a8 11 52 0e 04 cc 2d ad 1b d7 1c ad 88 6c af 17 ce b6 c3 b7 fd 21 cf be 9b ed 13 ff 50 54 e7 21 77 d1 21 bd 93 8e 67 6f 54 a2 50 9c c0 58 3a 7f 0f 85 01 2d 5e b5 bf 58 d2 c0 0c 4c ea 17 fe af af 9c 95 bb 51 1d 69 6b 9a 97 c2 7c 11 c9 14 5b 3d 29 38 7f 56 f3 6b 46 06 24 36 6f ea 29 7c 6a 0c f1 ad 2b 5f 54 51 c0 d9 44 70 b5 64 04 67 6e b5 ae 0e 6b b5 0d e6 be b1 2d 41 4e de 73 14 44 78 fe e2 96 0e ad 2a 5d 87 ed 0f 50 a4 54 87 22 df 6c 4a 66 60 d0 8c 5b f9 60 94 eb 46 8e 1a 2f 59 c1 5c fb 81 99 cf 61 99 79 45 61 f6 24 ba d2 28 e7 42 b4 69 64 5c 2a 17 d1 64 05 a5 fc 6e d6 0e f0 83 c7 ea ee c2 6f 29 27 a7 01 f6 17 1b 4b 12 90 b5 14 a3 c3 8f a2 c1 89 65 9f cf 28 14 18 e5 99 96 c8 59 6a 40 b3 46 db 7f 82 37 ff fd 17 e0 7f a6 c6 5a 94 c7 46 b4 42 ee e6 b7 c6 16 be b8 49 59 f2 51 99 0a b4 40 27 71 95 24 9f ca 64 47 38 b9 16 7b 5f ef bf c9 14 11 5b b2 df db 8d de c7 25 a7 0a 03 4c e0 31 3e 1e 1b 43 08 0c 12 77 22 61 d8 40 b9 f3 47 ff ff 71 9c d4 ef 00 f3 6a b7 6e ec 17 74 53 10 84 3d 4a 19 bb 9c a0 45 1a 27 28 0e d6 6d 8f c7 fb 21 9b 34 0f 77 e7 2b 92 71 3b 7d fe 82 45 fa 51 f8 01 28 dc 07 14 1d 7a 51 18 b3 69 83 fe b9 c3 bd 2d 06 fe cb 45 22 79 54 32 c5 6c ad b8 aa 66 60 53 bd 22 da f9 d9 00 fe cf 82 68 19 d9 78 58 c8 ce 24 f8 91 b1 39 10 a8 18 7c e1 6a 60 9d ea 32 5c 2a 08 92 17 0d 91 36 b8 28 3d 84 3c af 1a d5 fe 70 d5 97 69 6b fa 44 ab 54 03 e8 d8 74 b8 97 c4 28 15 63 25 3f 50 40 f4 ca 9b b7 12 76 ef 40 1f 8f c4 0a 70 cb 82 7c 

Trying command 41...
Result: 
5a e8 5a 6f 80 81 c5 2f cc bc de b2 cb 55 86 be b0 7c e9 b7 7e 61 7a de 3c 04 60 1f bd 05 41 17 e0 e0 3c 0c 7b fa 0e b1 0a a2 da 4d bd 48 de c6 94 b6 7d 5a c4 e3 2e 31 89 3d ea 7b 28 48 db f7 cd b1 26 17 60 ab 46 b3 68 5e 9c fb b6 4e a3 99 93 09 0e 32 a8 06 3f fd ef 7e 1a 5d 65 62 99 e8 dd 78 1e 29 10 18 df e3 e2 26 a7 96 12 ca 44 2f 71 4c 6a e8 4b 21 73 8d 86 0c 6e f2 e5 b2 fd 3f 92 fe 73 2d cb 9c 93 04 5d 36 72 bb 87 c3 84 51 73 e6 83 a5 9f f7 55 67 c2 75 a8 6f 35 3b 4b fb 1c be e7 4c 3b ec b0 86 61 0a f6 7c ef 7b b2 02 5c 88 4d d1 42 b2 f5 25 7f a4 4e e4 e5 cb 7f f8 3e d7 14 04 a0 6b 5e a8 5f 77 bc f4 90 1b 22 b5 17 2a 5f a1 b7 0e 81 bb 7c 48 c4 0a 8d 93 2e aa fd e4 ae e5 67 1b 95 33 c6 d2 23 c9 24 27 0d 6f a5 5c 12 f7 33 06 6b b2 4a 4a 2d c5 c6 95 48 f0 76 07 e2 e7 e1 7a 5e 5c 37 0f b4 a4 82 9c 83 f6 b7 32 cf b4 bf 77 9c 8a 0a 2f 8a 5c 7f 43 c4 99 6b 6a 50 ff fc f4 ad 2f c2 2e a7 ae a5 51 cb df 8c 75 b8 1b 93 87 81 49 5d 5e 45 a2 0a fe c6 2b 67 1a 23 7c 2c ec 3a 3f 9b 4c ff 6b 0a 60 91 b3 9a d2 e1 da 34 43 7a e7 23 95 1d 52 7d 88 0a c8 74 62 90 d3 e2 4f 38 08 be 06 b3 cf 5b 35 92 e4 d6 71 ad fb 95 78 10 98 95 1b 4a 4c 05 26 68 16 85 bb d4 29 eb 6c df b6 99 5a 15 b7 93 30 72 c5 54 ff b0 34 ae d5 eb 9a 88 52 2e 85 78 16 cd 84 f6 44 31 9a 4b ae aa ce 31 1d 16 34 e2 47 32 a7 41 b7 a7 01 94 10 85 83 94 de 24 4b f2 2f 5c 4e 44 12 88 b1 98 78 1b ab fd 76 57 f3 68 ab 5e 92 15 87 fa f6 94 17 4b 9c 55 59 1d 54 6a b8 06 10 f0 84 07 f1 aa da 83 65 1b e0 03 40 d2 ba e2 33 7d 56 a8 c6 66 b6 40 5b 42 f3 68 d0 fe b5 fd dc 

Trying command 42...
Result: 
81 cb 9c 2f b2 d0 f3 b2 a3 2b cd 70 96 f7 46 a1 a3 cd 9e e1 db ce d4 39 b6 ed c7 11 a0 37 0e 8a 92 8b a3 67 89 97 0f 68 5a 98 9c b4 92 a3 2e 7e 2d 0b 0e 9f a1 74 25 a4 00 4f 7f 20 09 91 4a 78 14 4a a8 25 aa 43 55 5f 32 e5 2b ea d8 b1 c4 f6 a5 7e 19 9b b3 af fe 9d fc c1 dc 44 90 3a 5f ac 41 5f d1 d7 f1 90 a8 8a e7 0e 02 8e 87 dc f9 6f f1 87 d3 a8 aa 17 19 f2 3f ba c7 b5 22 86 57 39 c1 6d 28 85 8e 31 c2 70 f0 a3 99 08 19 ab 29 78 97 7f 5d b7 a2 c1 65 65 67 c2 99 10 c1 bd 78 c9 e5 dd ef 80 29 c8 f5 87 b4 27 00 19 9b 58 ce 76 c1 d7 fc 86 bb 45 23 fa 0e d7 11 06 d9 b2 61 e3 e3 bd 0d 09 70 5d 89 5f 8b 39 4b 56 dc 28 cc 02 90 a7 3b 5a 5c cb 02 55 9e 61 75 ae 30 b6 a9 b4 07 e0 7e 08 22 70 06 fb a0 b6 53 5c ad 84 5d ee 91 ea 69 4c 67 be fb 9c c6 c8 47 fc 4b 21 be 77 81 17 a6 f0 e0 c0 c5 89 11 c8 c9 40 72 ba d9 73 6e 60 5c 5f 12 2d 14 d5 2e 00 97 2b 4c fa fc dc fe c6 5e e3 d5 12 5a 9f 9f bf bb e5 c1 53 e4 c9 c5 f4 5f d3 37 98 a5 d6 f0 42 13 30 a3 a8 02 f3 82 67 27 21 e1 5a ae 38 2a 67 8b 2f 4a 09 2c 33 0e 4f 45 f1 bd c5 a1 e4 f2 97 95 d2 d9 0b 29 5e 1a d6 6f 75 7b 69 8c 4a 7d 4e 33 ea 42 ef a6 1c e6 cc 70 29 c5 fe 42 83 f1 fe 3b 21 02 b6 dc 0c 79 ee 8d e4 e5 35 a9 3d 2a 73 45 fb d4 ee 09 00 3b a6 75 a1 cb aa bd 13 5a 0f 3b ae 13 cd c0 3c af 81 96 67 82 99 11 2e 1f 37 dc 16 47 37 e2 ec 75 de a5 5f 5c 5e b7 b0 33 4e 3f ec 04 1a d3 4c 84 4a f4 37 72 cd 62 7d 80 22 80 14 c3 da e2 c9 8b 99 74 69 10 75 d1 f3 54 9b 80 0c 81 b0 b0 e4 a6 db 92 31 d2 88 d7 c4 ec a8 7a 56 54 80 53 ba 9b 0c e9 86 cc dd ad dc 19 46 62 21 56 4a dd 44 

Trying command 43...
Result: 
fa 1f 52 64 19 b8 3c d3 c8 27 72 e2 f6 3c 3f 38 d5 7c 9f 19 a5 cc 79 b4 c2 cb 4a 20 91 05 14 83 a2 cf bd 83 42 5c de 9f f3 7f 86 25 18 e4 0f d8 b9 18 19 bc ae b3 65 cf 36 22 22 62 da b5 5c 2f 1c 41 8a 38 58 4d aa 4a 83 f6 4d 50 55 98 65 83 a4 a5 d5 f6 f8 6a 68 43 36 ac 62 fc a1 df b7 6c 58 be dc 21 20 7b d6 08 53 13 4c 2d cc e8 eb 55 8e 35 23 ed f4 a1 2e c8 97 24 60 56 b2 67 43 80 cc 23 d9 56 37 19 d6 dc 01 48 a5 9c 97 f4 7a 29 f6 8d 1b 48 72 d7 70 2f af 88 f2 37 60 21 41 52 58 3c 11 45 b0 79 e6 fe 93 fb e9 d8 f0 5d 09 57 e5 96 46 fc fe d6 a8 75 96 61 e1 9a 77 9a 9e 8b 85 5a bc 27 e3 c0 25 68 24 45 cb c0 4e 3b ee 7b a6 88 c1 8f 16 d3 d7 be da ba 2b 5f 08 be 7d fa 0f e5 47 e8 15 a1 0b 1b bd fc 10 94 e3 d4 01 c2 25 22 1f 05 a0 50 e5 e4 91 fa 8e 09 38 b7 c8 78 1c 18 5b d7 07 6b fb e7 1f b9 33 d7 96 26 79 55 ad 04 13 13 49 1f b8 30 e9 d2 f0 aa a3 c2 ca 74 f6 0a 9f 7c 5e 30 ae dc cc 50 11 35 f3 74 68 4e 05 aa 96 50 07 d2 17 aa 29 1c 3d b1 0b 66 02 67 03 25 a5 d9 45 47 6f 95 b5 45 b9 7a c5 67 08 07 fa 39 1e 4e dd b0 14 a4 b5 d6 e9 c7 2e 3e 68 05 c8 fd 2a 57 2b 09 28 b4 72 64 2d 6a 10 ca 32 a4 9e 6f 14 fb 64 fe c8 45 3e d7 95 ab 8c fe 3e 24 08 65 a7 f1 80 cb 82 fc 26 78 b0 12 f0 3c 09 1c d9 92 f2 db c1 5c 8b 15 8e 81 17 a7 f9 3a b9 64 c7 13 65 df d6 de 96 89 4b f2 92 c4 8b e8 b5 a2 06 f8 0c 23 19 10 28 f3 c4 1c 8d 0d fc 08 41 eb f4 fb 40 4e 4b 48 67 fc 12 e8 23 b2 17 96 c6 9a 77 5e d8 14 c5 ee f3 cb 30 15 65 33 51 04 0c 07 50 c4 08 02 f4 ef 84 ab 00 0a 8f 36 af c3 62 44 64 f0 e8 76 eb e5 c0 2f ef 2f 38 15 02 81 72 76 

Trying command 44...
Result: 
cb 63 66 9a 60 cd 1c 3e 13 01 7d 6a 96 29 d1 fc 9e c8 7d 13 89 a1 1f 51 86 26 a7 a5 ba de 7f 10 2f bd 2a a3 de 29 62 0f 44 0d 98 f1 3d df fb 9a 8b a6 e7 44 4e 5f aa 7f f6 b2 3b db 12 54 12 e8 32 a7 d8 94 79 a1 fc 6e 71 02 11 32 44 68 8f 33 d9 83 ce 47 ab a6 67 48 20 79 52 c8 f0 49 ff 57 0d 9b c2 b4 c8 ca 36 bb 5a 62 dd 53 93 6f c5 4e dc 12 6e 4e 8f 12 35 a9 fb 74 ac 61 ad f8 e0 a8 6a c0 52 38 99 c9 6b 14 33 c3 06 4b 2f aa 5d 3a af 33 e9 3c 30 b2 7e bb 0c 03 f4 a9 5c e4 c5 af b6 b8 cf ba 6e c6 a1 6b 03 df 1d 11 54 d7 ad e2 95 1e 8f 60 a6 cd e6 50 4a 15 c4 eb 58 06 46 80 f6 50 59 14 55 e0 d3 11 d7 dc 51 cb 7a d4 0e 5d c0 44 40 2d c2 61 04 b8 8a 01 21 d5 0c f3 ab e6 02 93 65 94 9d 12 14 5f 83 3a 98 36 93 da 04 0f 8b bc 3d 6f bf ca ef 82 48 cc 21 a0 9e 7a 4a 21 a5 74 8d cf ac eb 29 6c 4a 50 1b c3 b9 62 46 b0 ee e5 ac 10 8c 7c 1d 47 57 27 61 75 c9 b7 1b 4b 64 3a 98 99 e8 b9 15 66 04 f6 59 7d 8d 04 6f 7d 5d bf ee 06 f7 d1 94 f4 85 55 b2 43 b4 39 8f 2c f5 e0 66 e4 d4 25 92 2e 04 94 fe 36 d9 79 50 77 ed 30 4b cb 93 77 b6 b0 b6 dc 4c ac d3 a2 b2 f9 db da 7e ab 67 e6 53 cd 95 f6 bf 5f cb 5b 6a 9d 91 dc 64 b6 28 fd 5a 93 3f 9c f1 66 96 66 56 9c 7e 8d 46 dc 69 43 04 91 f0 43 25 94 26 58 8f b7 f3 71 8b 17 fd 76 e3 37 4c 75 70 1c a8 9e 24 c7 36 d8 b0 0f e0 db 09 11 ca cb e7 18 40 d3 e5 49 ac be 71 9f 2e 89 be f5 3c 2e 61 69 c3 60 51 f3 a5 07 3b be 5c 30 31 8d 24 32 32 9c ac 0c 1a cc f2 73 24 89 0b a5 24 2a ac 1d 88 ba 2d b8 97 1f 36 8b d5 bc 6a b4 81 c3 f8 29 ef 65 00 e7 95 1a b4 88 3b 5f 71 75 71 6e 4c c8 7f cb e3 90 90 16 

Trying command 45...
Result: 
5d 6b 5e 36 87 8a ef f7 3b 3a b4 85 b5 c3 b8 ae c9 b4 7b 94 8f ee 40 ff 0b 39 61 9d 96 6b 47 33 11 a4 c8 88 fa 1f 4e 8d f5 b8 97 a1 42 c0 8e 52 d5 6c ab 95 b9 f0 0f 5b 4e ef e2 72 49 d2 43 ea 27 f6 f9 8e b7 cf ea 85 e9 41 d4 98 e6 73 84 41 b0 e5 8a aa d3 3b b1 d4 82 57 29 07 bd 2b 78 a4 7b 05 f5 83 9a 2f ad 02 3c d8 39 fd 52 5b 68 bb 85 65 8c b0 3e 6f 29 ee 54 61 f8 b1 3d 86 74 29 82 af c8 fa bb eb f9 53 b8 f1 1b bb 14 53 11 a9 d2 3b 97 d7 0d 22 0b 89 a6 af e0 93 5d d6 6d 2d 42 8b 53 6a 74 8b af 04 82 b8 40 a6 7a 85 f4 a2 bf d3 ff e3 50 65 71 49 6b 3b ff bf ab f3 9f 25 4b b1 7d 16 a4 3d e8 5f 2e 2e c0 54 d3 f5 20 e1 f0 14 81 da 3c b9 51 37 bf 89 2c e9 02 6f 58 d6 66 ee d0 5b e3 e8 d1 5d de 1d d2 80 60 90 f8 36 59 41 0d e5 b5 08 d7 ba cc 35 90 bf 45 a6 4e 52 23 a2 be 96 2b d4 36 c1 68 0c a1 c5 5c e7 c9 ee 37 90 fc 44 1d a4 20 ef 97 bc f6 e6 0e 98 ca 1d 97 e0 5f e9 76 dc 3e 8a 4e a1 96 7d 14 fb 88 59 37 01 1a ed ec d3 f1 db 57 1f 10 30 7e 4c f9 b7 2a 52 a9 5a c4 08 ee 9d e1 6c 77 8a 39 7c 43 3a 00 2d 45 c8 cd 0c a3 0e a4 de a7 31 97 df ea a3 01 44 b2 09 74 cd a9 9a 5c 4b 67 f2 7d fc 78 51 38 96 6a 15 84 6b d8 2d 08 59 20 3a 26 93 e8 4a a6 3c 0d b2 c7 94 6a 28 eb c4 8c 17 cb 5e 2c 62 97 3d b0 7a 4b 24 20 fb 1e 2d c0 03 bc 54 a8 28 74 cb 1f 16 d9 d5 da f6 bb f7 9b 7c b7 3f 18 19 0d b6 b6 67 e5 83 38 7d 3a d4 de 54 53 8f 6e 90 2a c1 32 30 32 f3 33 98 db 7d df d0 da ce c2 6c cf ff e8 3a a0 67 77 54 e9 e9 39 ec 2e e8 4c a4 a3 3c 4a 64 35 b4 e0 06 af bc 01 17 5e 03 e7 e4 4e ff ab 6e 59 c2 0a a3 d1 d5 35 65 f0 02 44 52 

Trying command 46...
Result: 
64 2b f0 e5 6f ba ec bb e4 ef 6c a4 3a cd 9c bc f6 f1 fb 54 d4 2d c3 fc 7d 55 22 d1 64 4a 4d e8 fe 5d 37 c4 11 88 93 2e bb 76 17 f7 fe d7 5e 5f 99 09 ec 42 57 0d 32 53 41 11 e4 19 06 84 93 b1 c2 03 b9 ea 71 f0 c3 98 b0 3d 6e 51 45 09 00 07 76 df 1e 0a 31 cd eb e4 d7 e8 4b 7a 3d 3f 89 59 78 e7 3d 30 71 85 82 a7 c6 4d 13 68 28 31 4d 90 e9 54 06 02 10 5e 26 4a f0 46 fe fa eb d1 40 b2 08 09 4f a9 40 66 9f be 02 04 cd 06 0b 9e 11 c8 0b dc 33 7b c8 34 28 e2 45 12 86 29 ef 18 f1 b8 a7 ea f8 4e d4 b4 b4 e1 2e 2a 4b 7a 4a 29 8d 59 f9 e3 14 57 92 7e 37 f3 e0 fa 8b 2f 68 10 ed 20 bb 4f e1 5d 22 c4 01 01 b7 42 03 f6 b8 df 63 72 c4 d0 58 65 4e 96 aa 4b 30 e6 46 94 16 fb dc c5 8f 2e ce aa fa 93 f5 57 13 29 e9 c5 d0 25 8e 5b a8 6b 1b e6 fe e9 4f bc 18 15 6c f3 61 84 95 3c 09 81 f9 02 92 b8 7c 81 23 aa 7f db c9 b9 96 41 09 ab 08 5e ae 6c 58 eb ff 85 43 7e 25 3e 09 20 68 a2 a6 fc 89 18 9b dc d4 d4 6d a2 9e 6f 03 d9 4b 06 cf 6c 3a b0 98 76 ca cb bb f3 a5 49 aa 3a 33 2a cd 03 d1 e0 d0 ab 16 cd 4e 9b 0a 0d 54 a0 b1 e3 45 2a a7 bd ec c9 d8 af 41 e7 8b a0 1c d1 75 e7 f7 f7 58 e6 48 77 d7 da f8 1d 18 84 c2 10 07 28 86 af 10 57 df 86 4c b4 de 3d c2 5c 4b 8f 0d 95 88 2c 43 b7 30 ea a8 ff b3 06 11 cf 5a b7 d6 de 2d f0 48 6d d3 15 1b 1f 6e b3 ec f6 fd 7e 66 97 87 a6 61 80 55 e5 c6 65 9a 04 49 94 13 21 f0 dc 0b 08 dc 67 ab 21 ae 60 50 67 0b 03 80 2a 68 53 7f 1c 36 e3 72 b1 b0 26 1d 50 f2 49 28 04 78 75 05 4b 78 16 da dd 9b b6 ed 26 d9 13 a5 38 90 ad 95 39 0c bf 9e 30 ef bc ec ea 54 0c 34 e5 25 a5 fd 0f e2 d6 a2 b9 be 8b 82 ad 0a 47 30 98 

Trying command 47...
Result: 
64 c5 f0 9b 55 9f fd 95 c5 cf 2b ae 19 9d 92 ea 60 c0 d9 84 c5 06 dc 65 9a 92 2d 3f 3c ca a6 76 d6 c6 63 a7 4a d6 7f 6e 39 85 23 ca a0 8d 72 5a 3a 82 9a 6f 4e ff 43 67 af 4e a5 65 80 70 9a 73 cb d0 fc be ae 2a 77 7c ef ed 42 05 2c 53 7e ad 37 e5 03 1d 7b d1 64 c1 86 0c f3 69 d5 4a 27 a9 96 b0 f5 18 eb aa 0b 50 ee fe ee 44 cd 5a 07 1b 50 66 e7 e0 a6 a5 7d 86 e7 22 1d f5 f2 24 1a 5d e7 22 d2 38 1f 54 80 a0 f7 d4 16 b7 49 4e 35 9b c4 5d 27 55 46 0f e2 47 be de 9b 57 0f 9e 52 ba b9 03 98 4f 98 29 f9 1b 18 72 47 96 31 9c 33 a4 06 29 74 cd 8f 65 13 c4 24 cd e7 5c 7f b1 fc 17 36 54 46 c8 4a 66 86 49 2d 98 79 38 52 fb 53 34 a9 0c ea d9 4a b3 28 8e 11 53 75 06 5f 73 7b 7e 79 58 37 24 1e 73 0b fe 59 bb 18 9d 71 f2 0d d8 e9 5e de 15 aa b1 f5 32 16 31 e9 b2 73 49 5d f8 16 49 bb eb 5f e4 28 ca 15 7e e9 ec 32 6d 03 c8 6c e0 9f 76 3b a8 80 07 15 ea 5d a0 b6 99 3a a0 82 9f 2b 7a 75 f9 cd bc 9e cb 6d 76 20 ec f4 a1 43 72 8c 1b 5d 32 36 a2 6f 48 a6 11 94 44 d3 ca 13 e7 68 df 74 24 2d bf 2c 1f 06 b3 ea 68 34 b5 b3 1e 72 32 1b 23 e7 4c 85 94 f7 b7 fb e0 0e 8b 26 07 1b 4b 36 20 58 5d b0 a8 e7 2d 61 7d 8f 4b b5 68 32 d2 25 8a 6e 16 b2 b4 c3 ad b3 79 30 48 86 ed d3 46 a8 12 69 cd af ac 21 17 fd a0 5f b9 48 32 4e 3f d1 ff ae 46 c4 d5 44 43 59 24 98 33 8c 9b 10 46 0f a4 0a ec 02 3e b2 8f b4 80 c7 87 f6 c7 df 27 7f 26 e0 2f 15 0f c7 45 8c ea f0 79 61 0d d9 eb 32 c1 5e c9 76 bd b6 ee 28 fe cf d0 e9 06 a9 a9 fe 85 46 a6 2f b2 7e a8 c1 a8 5c 14 a8 d2 cb 53 4a dc e5 c4 5a 15 a1 cd d0 c8 48 8d 62 52 76 01 83 18 3c ab 0d ae 34 39 3b 8f 9a 89 

Trying command 48...
Result: 
e8 bd 9f 69 bc f2 ef 5f dc 90 4c f2 a7 a2 7f 77 37 9c 09 56 e4 34 d7 b2 98 fb b8 78 e0 11 55 31 4f 3f bd f0 1a ae 05 4a 07 3f cd 23 38 4a 41 a1 d3 2e 3d 18 51 76 62 25 d6 a3 de a8 e1 9e ed f4 9d 15 cf 9b 00 32 6f dc dc 5d 59 61 d7 b3 d1 46 46 2e a0 72 cf f2 da 52 af 36 08 e5 07 8e 6b 26 03 88 60 77 cf 6f 96 8e 05 31 c5 e1 46 16 d6 1a e5 fd 8e 28 58 ec 65 19 37 01 cd 89 11 a4 94 a2 eb 06 78 74 f6 10 e2 c4 50 cd 10 b2 af ae 81 e7 b8 54 4e 93 26 39 09 1d 79 97 67 03 93 b6 75 7e e2 5c b5 6a 5a 90 f3 4e 4f 42 0a 1d fc cd df 5a 62 3a af f6 42 41 56 ee 0d 65 77 9a e5 bc b1 7e 8b 86 47 e2 ee 2e 2d 13 ab c1 15 2f fc 81 bb 19 ba 17 f5 ff 45 7f 4a 22 99 c8 24 0b 0c 63 3a 0e b8 92 27 7c f1 7a f9 bb 88 fa d7 f2 48 78 35 66 3a 86 3d 51 9a f6 96 b8 80 00 75 6c 52 84 3e 54 60 da cb f4 b0 5e eb 78 8f d3 e5 c7 72 3d 6a 9c 21 71 bb 0a ec ca 88 fb eb ed 44 e4 e7 72 84 03 e5 df b0 79 36 79 1c 10 f9 06 aa af f9 50 29 dc 32 c6 4b 8d af 64 f6 44 7f 94 06 94 f2 28 77 ab 96 cb a5 92 db e8 95 41 5a 40 9b 44 fe 28 74 3a d8 e7 03 4b 6e e6 7e 11 65 27 35 5e 3f 74 a0 71 fe f8 53 8d 59 7a ff ef 24 e9 1a c5 ad 53 d5 74 5c 17 4c 95 fd ba dd 38 0f 00 69 72 45 3e 05 3a 77 e9 c7 86 5b f0 2c ed 57 bc a3 69 de 51 d9 e9 c5 ee bf ac 06 87 b7 95 56 8a 8f ae 9b 96 4d 64 0e d2 83 70 a7 8a 07 ad 2a 2f 6f aa 11 8e 44 ee df b2 21 6d 9b 42 c1 d4 3a 24 70 cd f9 b0 b0 ea f1 bc e9 08 44 43 9c 3e 96 28 77 5d b9 62 d3 b2 9a c2 08 80 24 11 e7 96 91 af 91 e2 ac 10 6c dc 31 3c 1f 7d 3b 42 12 0c dc 19 9e d2 76 7a fe 93 f7 62 2b cc d6 e0 2c 17 4f d2 33 56 42 98 19 39 

Trying command 49...
Result: 
d1 36 b2 52 2d a4 e1 a5 11 46 a4 33 c2 b3 60 ce e0 36 d4 7c a3 4b 93 7e 6d 3b 6f 50 c2 da 67 d9 8b 1d 86 f3 1a 10 a9 77 ce e3 82 fc 12 62 a9 06 e0 e0 ef 3a 7c 96 de 05 aa 3a 55 29 26 b7 f0 9c f9 a1 b2 a3 58 76 4c f8 9f ea ec ed 0a 25 d3 a6 3f 8c b1 10 3e ff 4a bb c0 4b ab 11 b9 1d 58 0d 85 a5 5c f5 42 76 23 b3 28 4f ac 9c 49 54 ea 8d ec 40 25 c9 36 6b 5f eb fb d9 01 a2 d5 83 f6 0d 66 c1 cb ef 94 1c 72 40 fb 19 f5 4e 55 16 d4 00 36 cd 0c c2 79 e2 c9 1f 83 ea ae 95 42 11 dc 03 e9 97 d6 c6 87 1a 86 7b 21 2d 5d e9 1a 9a 13 07 6a 57 20 8f 18 87 4e 6a b8 2f 61 59 28 47 6b e6 42 50 bf 3b 12 f2 a2 19 ad db 31 81 33 9e a6 c0 a4 21 82 f7 6b cf b8 e9 ae 31 bd 2c b0 7a 67 10 a9 e0 e1 08 23 1b c4 a5 7f 1d cc 85 ea d5 b1 cc 1f 54 b8 23 69 a8 32 9b 88 20 b6 7b ed 14 52 02 72 f6 fd 24 7b a6 ba 36 06 d3 66 ba b3 99 21 b0 64 ab 4d 0c cc 51 4a e5 b6 df 68 ad cb 7e 73 3f 8a 9a fa 53 7e 8e c6 56 f4 a6 d5 a8 b7 86 aa a8 d3 93 79 d4 da 7d 3d ae c4 cf 9c bd 64 d2 05 da a7 ce 69 a4 20 26 ab bd d3 a7 41 a0 b5 29 8e 4e 07 d7 64 8c 75 29 f3 fb b0 14 04 31 29 fd d6 59 e9 70 9d 48 2d ad da 0e 45 f9 8c 42 d0 8c 12 79 16 0b 38 9c 39 a4 ac f0 11 b6 f2 ba e5 6d 9f 7b 0f 05 f8 34 a7 ea 14 54 20 6c 66 e8 3a 22 68 df 96 40 1c bf 70 45 87 b5 2b ec 86 ec af 50 ee ac fc 77 0f ba 2b 6f 66 cf 6d 7c b7 69 c6 4f b6 2c c6 8f b5 09 b0 06 28 8f 09 4b 02 61 75 29 f9 fb 51 38 d5 47 42 94 b7 79 6b cc a5 37 54 3c 83 02 ab 50 d0 0f 9c 75 8e b6 90 ba 1a e8 a9 0a ad de 7e b2 83 32 3d 1f 4d 41 fb 82 45 78 bd d5 31 bd 2d 20 f0 f1 15 56 84 e0 b0 df 25 d8 c7 94 95 8b 

Trying command 4a...
Result: 
60 b0 04 6d 06 1b 14 af 67 42 eb a4 0b 66 ca eb 08 18 d9 f9 68 77 3d cd 4d b2 58 91 fe d7 84 67 6c 4b af 41 48 7f 95 08 ac 2f 25 21 0b 0e 5b 91 0b d5 b2 11 3f 07 54 21 e1 6a 82 b9 43 5b ba 83 e2 f7 f6 f8 1a 90 71 7a aa a7 bc 18 b5 44 a6 f4 82 0a 57 00 c3 2f ee 91 81 d1 cd ec ce 3b 2c ef 6e 9c 77 e0 36 ff 3a f1 52 78 d3 bf 05 c5 03 e9 76 9c 55 c1 fe 45 61 62 ca 2a 39 26 55 3b 1e 73 5d 7a 02 44 3b 5d ed a0 70 9e f6 6a 6c 87 c3 29 91 8c 72 e1 22 da 7a 29 5a 2f 55 f6 91 57 30 ff e3 57 ac fe cc b4 78 00 8b 25 1d 3a 89 71 c4 d3 79 d3 8d 9d 19 9f 98 e8 73 00 0f ea 4d bf 61 27 9d 63 c6 f8 ad 0a 93 1a b1 b4 ee aa 1d d9 0d b9 cb b4 ec 43 9a 69 35 37 b2 79 c3 1b ae 9a 2d db a5 c2 79 55 cb 96 b5 eb 7f cb 56 62 64 6a 9d 4a 1d 1c 97 be e9 f3 8f 04 19 93 40 cc c9 22 ea 5a eb 6b ea 52 f4 f0 07 ee d7 33 b2 ed 53 cf 5b 51 e5 cb 85 31 03 c7 31 f5 49 64 e8 16 c4 6b d8 ea f5 51 1e 5b 8d 40 52 4f b6 cb f0 0f f2 50 31 c3 73 26 ce aa 51 5d 02 21 60 4f c8 15 e8 d0 7f a3 4f a3 80 01 71 79 61 bb 68 e0 79 10 7a 17 8c 78 dc 1f 54 5f 14 e8 b5 a6 fb 20 8a 32 46 ab 31 9c 78 66 80 7c 94 22 c7 ab 3a bc ff 90 9a 72 fd fe 58 aa e5 96 4d a9 37 17 4c d5 7c e3 24 52 65 6a c0 6b 92 b2 55 f0 03 6d f0 d4 6f 8a 0f ca 60 66 c0 f4 b4 04 63 23 63 58 62 85 36 99 46 e8 80 a2 93 9c 56 a3 91 48 b0 80 63 e9 99 c1 56 7c b9 eb 4e b1 80 d3 38 ba 95 c9 9f 40 c5 17 3c c0 42 9a cf 93 3a 4e 16 ca c9 0b a0 4a b4 05 0a 07 f1 d0 8a 33 00 53 92 87 28 82 6c d0 b4 0e ca 8b b4 9d ed 62 97 82 1d 10 8c 82 1b f3 3a 2f be 85 e5 72 80 b6 0e ad 84 7e 23 66 ba b9 e4 4d 79 e2 62 76 

Trying command 4b...
Result: 
8e 7b 8c 73 95 57 92 ad 11 e1 f4 c0 aa 2d 7e 85 b4 ef 63 75 de b8 a7 ad 31 b7 fa bf 20 9c 16 e0 b7 7b f0 d0 84 a4 64 c4 f7 1d 12 64 6b 54 79 6a 66 b1 a7 fb b7 64 ae 41 b9 38 d2 a2 99 d1 49 71 cb 9d 3a d4 da 65 72 1c fa 0d 4b c5 4f 41 fe ce 69 3b 0d 09 5e dd af d1 ff 03 d0 65 28 a6 dc 85 82 a0 d7 63 c0 c6 eb 66 ce 0b ca 58 45 38 2a ac 22 77 34 3c 36 03 67 28 33 dc 59 e3 56 80 4b 53 70 31 c3 33 a7 9c 05 35 85 eb 1a 9b 1a fb e1 9a 0a d4 e7 bf cc 85 b4 79 19 3f b9 33 c6 85 f8 e7 77 ed 1c 50 7f 24 36 8b c5 33 b6 a9 5c f5 3a 11 84 ab 5a 79 f8 ca fe 94 5d ff 31 69 8b 05 c2 85 e1 fd 14 dd f5 1d d6 78 8e 5c 5a ac a9 46 ca 94 0a 29 49 d2 fb 77 ce a2 b1 cb 06 48 61 a9 fb 3b 43 d3 db 74 9f 4c d6 c9 2d 56 a3 43 37 61 db 2e 9f 11 79 19 a6 10 e7 b7 ec 6d 88 91 5c 98 8f d5 8e 46 16 b0 4d 91 2a 54 11 be 01 80 a2 b0 b7 31 a8 c0 be 7b 75 37 4f c2 19 49 d1 7a a3 5b 35 91 20 f5 1f 6c b9 45 b6 e2 2e 80 b3 4a ce b5 d7 78 10 09 6e 2b 0f e6 39 bf 4d 32 a7 a8 20 69 58 d7 75 72 d8 ad e2 76 ac bc 54 b8 9a c9 cb 75 c9 1e 52 bf 35 59 0a 52 f0 22 8b ba ec 26 bc 8f 07 e4 f4 92 6c 5a fb 79 7e 49 e6 3f 4d 54 91 55 05 7a 2c a0 ec df 44 99 62 ec 63 e1 f9 5e 31 c6 be 31 f6 13 76 a4 77 ca 4b b7 b1 1d 45 3f 7e 3d f5 ff 3a 3c ea 5a cb 0d 53 b5 2c e5 b6 6b d3 b6 3a a6 ca 86 04 31 67 e4 41 7a 43 ef 11 84 96 3a 8c 4d 3a ae 9c 65 44 0e df 30 5b fc 25 9a 63 93 f0 ce dc ae 88 e3 cf bc 03 c6 e1 9a de 2b 44 49 a7 9a 94 34 59 ee 3c 1a ef dd 33 aa 84 74 80 26 9f cf 24 28 71 94 a3 78 fb ef 94 c5 57 6c 91 3b a1 89 9d e2 b7 17 5b 2a d5 b4 24 c4 ef f9 f6 d0 c8 b4 

Trying command 4c...
Result: 
b3 bf 8c 87 ee b3 48 5b 98 f3 55 71 8e 70 54 8e d2 59 5d 96 48 17 90 7b 45 21 69 f6 93 a6 85 4f 03 ee d2 91 29 ad f1 bb 03 2a 2d f5 3f 62 b1 44 35 9b c0 ee d9 d3 b7 52 25 05 3d 10 0a 64 57 5f 7c 5b c8 9a cc 0b e7 ae a6 25 c5 cc 50 2d 81 ab f7 5a cb 32 c9 48 4e c7 4d 56 a0 c0 b7 58 59 ca 8f 81 e9 8a 14 97 b5 da df 69 d9 28 67 d4 ed bf ef d8 b5 8e 52 01 74 5a 0c 65 48 76 c9 29 59 b6 5f 89 d4 80 ae c0 73 64 91 22 9a e4 83 b3 9a 38 18 0d 37 ea f8 eb 49 8a fc f0 5a 79 5e 8e 08 38 56 31 9b c8 44 6a c3 4b db 23 52 0b af aa 49 31 58 19 0f 01 db 21 2c b3 60 16 f3 3a c6 08 51 8e a6 ad a8 0f 6b 24 9c d7 1f 11 c3 51 44 1f 21 73 d9 b8 8b 64 81 4f 54 9c 49 0c 62 f2 fb a3 fd 13 fa 22 72 0c 57 1a d0 15 88 02 37 31 70 07 29 c2 23 96 45 d6 7e ff 97 cb bd d2 18 67 3a 16 37 63 48 1f 1c 38 40 08 a5 0b c7 38 b7 b3 2b 3a 1b 0c 27 78 e9 8b b0 7d fe b3 9f 21 3d 65 2a b2 e8 cd 20 46 22 01 e3 7f 02 19 e6 13 1a 8a 55 13 d5 78 69 11 d0 a1 d2 dd 62 77 29 31 37 e7 65 d5 bd 4c 81 fa 16 3e e3 f7 52 9d e3 4d 23 7f 06 7c bd 22 45 a3 82 e7 ca ec fd a4 68 62 b5 74 ce b8 44 16 57 23 e4 cb dc 36 bb a2 d5 30 68 46 80 7f da 70 cd 8f ce c3 c8 bb 57 93 8d 45 3b b1 a2 ab 4e 15 d5 43 27 c8 78 e6 a5 e5 c2 11 a0 d6 99 43 1e ba f9 e4 28 a2 61 8d 10 5d 37 28 a3 e3 02 2c b6 02 c2 1e 6b 97 16 30 49 01 cc a0 25 ad f4 7f 4c d5 3b bb 1e c9 3e ab a5 bf e0 04 23 63 1a c4 90 c8 60 f9 af 97 c6 22 c6 ab 3d 81 f5 dd 4b cc 21 e9 c0 42 9f 84 9d 7b 3e 4f 8e 18 ff 89 76 13 49 36 d6 bf 31 05 54 35 4a 06 d0 c4 4a ce c8 ee 88 5e 81 ce c8 b7 04 a2 13 ad 0a d3 37 70 4e a5 0c c8 

Trying command 4d...
Result: 
d0 56 91 41 90 b3 2f b1 e3 55 65 0c 56 ed 42 60 90 4f 51 85 70 8a f5 d6 d5 e1 38 7e 15 ac 40 63 80 b8 48 78 84 f9 0c 9a b3 1f e9 ef 15 42 8a fa 52 6a 39 bf 8f 0c 9d 74 45 6a f8 92 fe 53 a0 52 c2 23 5b 37 09 d7 78 81 9b 51 6e ad 35 99 55 63 69 a8 c3 a7 7f 45 15 1a 22 de 4f 13 d3 79 c1 d5 b4 8e da 04 f0 58 7d a6 11 e3 77 ff 07 9f 5d ef 2f cb 10 ef b6 2c 04 2a 5c f6 6a bb 1f 32 30 1c 13 37 16 87 1f 6f 10 db f8 af 94 a9 d4 18 4b 32 71 60 92 08 5c 05 f6 d6 61 82 5b b9 59 63 b8 df 9f ea 42 3e cc 4e ab b3 62 19 df cf 19 2c a4 cb 7c db 7c bc 17 8f 46 fb 60 09 d5 a2 d1 0e 57 11 0a 6b a7 b5 d0 ca 4f 24 8b 17 79 4a 3c b2 bb 4d 92 c5 34 f6 b1 a8 ce 6b 32 19 54 49 1f e4 78 ba d4 95 88 55 95 62 f0 a1 16 2f e1 42 54 03 0b af 83 1d 53 ce 1e 5c ba 96 1e f6 ef a0 5e 24 e1 d9 5f 02 36 e2 28 44 43 43 81 2f 27 d5 c0 8b e9 20 3d cc 42 b6 e7 aa d5 53 0d 9b 07 6d b1 4e a1 e7 af 60 f7 7c c0 fe df f2 b4 1d 41 94 fb c8 9e 61 e5 f5 c4 b6 fd 80 49 f2 81 93 90 bd 1e c8 63 7a f0 11 06 c6 05 2d 74 b1 a2 0c 92 98 36 5a c2 5e 5e 65 76 8f 36 4c b8 79 d2 97 ce e1 29 62 25 87 2b 3c 73 b5 a4 64 e2 bd 7f 20 82 fb fb 16 64 94 48 aa b6 bc e6 a2 63 71 39 6f 82 f1 da d2 37 d1 a0 21 30 df 5e 63 8b d0 20 85 6e 38 76 67 36 31 9c 05 2c eb 7d b7 27 a7 80 1b e6 0c 4e 79 52 c9 4c b8 24 b6 69 79 60 6e 4b 30 be 9e f1 1c 35 e0 69 5f 19 4e 8b 76 88 76 d5 00 7b 3f 32 c8 66 08 9e 27 67 02 26 33 8a a9 7a ae fd ee 41 99 25 c2 84 be 1a 5d c9 d4 fa 7d ba d9 35 6d 65 bc 3d 24 46 f0 67 7e 0b d8 f1 1a 16 be 7a 4a ee 20 ac de 98 fd b3 3f a1 d3 3d 2f 51 4c fe 08 ff 11 70 8f 

Trying command 4e...
Result: 
4e 70 6d 6a 8f 74 f7 82 c0 ab 8c 9e 83 b5 06 45 49 28 d7 c2 6b f9 1e 84 01 8a f0 ad 13 14 5f ac f3 37 0f b3 bf 12 9e 8f 3d f6 42 7a 28 86 c3 4f 86 1e 5a 57 31 de b3 e9 26 a6 8f ee 67 46 c6 59 6c c9 cd 7d bc 57 9c 46 aa 68 66 0a de b9 b6 36 15 c6 9e 6b 2e 9c 73 69 97 07 fd 5b e2 55 17 7b 14 f9 bb f6 c9 53 c2 ea b1 e8 ae 99 ae b3 b7 f2 e0 6e da ed 20 32 19 07 56 da b1 6a 06 c8 ed 06 69 ad 7a ab ea 31 6f 8d 71 eb 87 e8 d7 76 9b f8 d7 73 58 4a b8 ac 16 b0 d5 6d d7 cb ed 72 ce 0d e1 ac d0 89 ee 13 4d bb 08 8f c8 04 d9 4c 39 8d 01 2a e6 ef 16 98 ca 5f 8f db e1 42 c6 45 97 d4 8c f2 c1 fe 35 a1 40 2a 9a 0e 0b a5 a9 93 64 b5 63 03 8e 43 7e 41 5c 7d d5 b5 b6 37 24 43 da 99 44 c0 5e e6 40 94 b2 63 bd 90 fc 09 cf dd f9 29 ec 4a 51 a0 a5 b1 5a a2 71 cb bb db 8c 27 72 cb 20 32 a2 bd 23 04 7f c5 ef 63 f4 16 95 24 06 09 7e 1d b9 3b b5 cf 67 52 45 dc f7 a3 0b 29 89 88 d2 e3 54 ad 0d b3 f7 f4 3a e2 8d fd 94 85 f8 f3 07 25 32 83 38 04 78 94 af 82 c2 1d 62 67 8f b1 d0 e3 93 8a 55 5d 3f 59 43 0c f4 44 23 4a c8 b8 59 b6 9c fa 15 2a 13 d5 d8 c5 fe e4 cc d5 ce 75 e7 bc a4 40 6a 14 2f f9 fa f3 2c bd a4 56 e2 ed d9 c9 71 a7 d2 26 62 b0 de 19 83 ee 14 88 4e 1b e5 83 d3 47 03 5a 26 e7 8e 15 7a 05 79 b9 5f ba c6 84 f3 7b d3 85 17 bf 4c 04 d0 da 89 bd fc df 38 52 42 a5 3d 12 25 c3 9a 4f f5 28 12 69 a5 6f c1 00 af 27 94 e7 6c 1d 0b 38 8c 9e 89 d8 40 ab b1 14 be 60 63 dd 39 ea 29 41 77 37 d9 fc 88 96 4a 10 e1 f6 dc 06 af 91 c3 53 1a 8b 33 16 13 e1 c8 6c ae 3a 30 85 9e 8e 35 68 cd 35 52 c9 f9 da 1e 54 3d 6f 20 4f 3a 2d 70 c5 c5 8b 09 3c b1 6b 

Trying command 4f...
Result: 
20 78 fe a1 5d 07 43 c5 82 a6 0d d9 f9 45 5d 14 8d 3b 3b 88 65 30 38 16 83 e6 7c f4 cd e1 22 6e b4 2e 02 95 2b d3 e5 de bf 3b 00 16 65 c4 b5 a3 5c cd df ff b9 0b b2 25 60 03 e6 c2 f5 15 97 c0 4f b7 03 1c eb dc 7d db 0d 36 c4 51 13 e6 af e2 a5 c5 72 b6 c6 cb 1c ed fb 34 a4 4a 67 77 0a d4 30 05 e5 dd 19 0a 91 19 78 d1 86 db 0a f0 3e 61 17 d1 c3 cc 49 e2 2c 2c 1e 33 54 99 ec 78 d7 a0 3e 93 4c 7f 31 c5 94 4e 48 74 50 1c 22 15 62 e6 30 77 16 f2 3b 93 e3 34 28 5c a3 68 8a 6e f8 a2 d2 8e c0 bf 72 31 54 94 a2 eb 70 47 8c 47 25 94 f2 dd cc 82 b7 1d f3 a0 3f 21 64 f9 b7 95 7d d6 a5 c1 2a 0c b4 23 83 b0 39 9e 8c ed c5 cc 20 89 af 98 78 30 f5 48 fa 3e 36 93 28 a5 ef b2 2b f7 ad 56 7f 74 12 31 d2 ec 19 9e 71 23 e8 f4 ba 54 6c 35 fe 0e 74 f5 d2 6b 44 64 ae d5 7b 45 10 ee d5 0c 21 0f 23 02 4b ec 90 eb a4 c6 2a 19 6c 8b ca 6d 7a 5c 97 99 84 d4 ee a0 e7 b9 e0 b7 86 f2 40 66 6b d7 a5 10 e3 52 3d e2 73 33 64 a0 cb b9 f5 8a 39 5f 6b 49 41 71 b3 35 c3 17 ac 91 b3 43 97 0f 36 de e8 26 dd 36 81 9a eb be fa 42 5b 0e d6 ea dc a1 4e 92 94 68 d6 e1 c5 66 9b 92 9a 56 5c 0e 8f 05 3f 50 ad 91 86 64 af 60 24 aa 47 b4 f3 33 7c 40 56 f1 c3 db 9b f8 34 8b d3 93 70 48 9c 83 07 26 b5 6d 69 8d c7 90 30 8a 9c cb cf b7 65 b0 22 e7 59 cd 68 a7 ec ec b3 ea 9b 22 d7 ea d5 56 ec d7 d6 fc 90 e2 45 27 b0 af 49 7b 94 dc c0 83 0f de 3d 61 e3 f3 3f 85 84 31 6f f5 94 91 f1 5e 21 ec 9d 46 3d 04 45 6c 61 b3 27 83 fb 0b de 9a c7 63 14 9c 75 c2 1a 5a c8 be d9 99 a3 fa c4 a8 df 06 40 72 fb 76 bb c2 0f f3 34 b7 b5 b4 6a 38 7e 7b 75 e2 e1 ff 46 df a3 91 cf cc 0c ea 

Trying command 50...
Result: 
f8 d3 c9 79 2a b1 4f 4b a9 91 03 0f 23 e6 b7 af 4f af fb f3 40 5a 2d b2 6f e6 b0 1c a5 0c 05 d6 b9 81 b2 f1 12 34 aa 46 86 5d 3e 7b 07 f6 f5 bd a4 a4 ce af 59 99 a2 9d 66 f8 2c b2 9e fe 22 34 a1 e2 c5 ff 60 d6 bf 63 56 d9 08 f9 5d 8a 26 50 03 28 ac eb 5e 5a 42 b0 52 56 ea f2 76 be f8 ff 8f cb 92 d3 d8 67 0e 3e 46 3a 05 c8 88 4e c9 99 cd 35 f0 2e 6f f1 ce d4 ca eb 23 95 86 78 4d ab 8c 35 77 fc 83 bd a4 7d 43 79 7b 8a 5a 44 66 69 2c 50 fb 43 4a c6 fc 2a 24 90 97 57 b1 44 4f 10 6f 88 15 f4 40 5e 81 b9 6b 3e d1 7f c2 2d 23 f8 b2 7d 7d 20 4b 46 ef 9c 0d 03 ea e5 6e e9 22 51 f9 bb 86 e2 64 7e 53 d0 62 85 69 fd b4 8a 55 b8 03 b5 41 42 da 13 fd 1c 07 43 04 b4 1d cf a1 1e 3a 4d d3 8a 9e a0 ff e4 da a2 70 35 39 28 f1 db d7 91 42 d7 bd ee 4e ae 88 68 cc 8f bf 03 49 84 f4 fc f6 73 77 49 8b 4c c4 ed cd 5d 22 7d 7e 34 3d 28 7b a0 00 d7 96 fa 4a 22 cd 00 11 ce 30 f5 ec 6a 32 40 dd 21 07 32 cb 6b 75 bb 26 af 8d de 6b b0 96 05 8e 75 97 5a d9 d2 60 03 10 5c 88 6a 97 dc eb 40 59 a2 0f 27 70 f0 c4 b0 6a cc 68 ec 06 7b 2a 5d 43 cb 5a 10 50 0d a1 c3 18 ed 79 bf b8 66 98 94 37 5c 75 08 1e 54 51 ff 2b 34 e9 17 fc 43 b1 5d b6 db d6 4f 17 a6 53 ed 83 13 c3 33 3b f7 3a 9e 6b 11 78 05 94 c3 81 2c 7e 74 a9 53 41 8c 4c 74 05 4f 61 f0 19 8e dc a0 3b 18 29 ed dc 36 9b 18 53 c3 05 01 02 28 6a ce ea e2 4a ee cd 04 50 3b 77 6e a1 28 57 4b 93 fd 3d ae a9 cf 06 3c b2 5c 06 6c 83 1a 2b 97 67 5d 02 1e dc a5 17 74 a8 a7 27 7b 2f ee 7c 03 ef 94 68 13 b3 a5 2e f6 b2 a7 6d 37 20 ee 7f ab 75 7f 9a c9 f3 b8 79 18 5a aa 6d a7 f5 3a d1 75 59 0a 75 a8 6d 0f 

Trying command 51...
Result: 
e8 77 d1 01 49 53 85 85 9e 65 f0 da 7a 06 42 cc 73 7f 57 0c d1 ac 1a 88 73 cc e2 d3 5f 60 e7 64 26 76 07 a1 67 9d 25 3d 3f 04 7e 5e d8 5e b5 91 14 c1 db ad 2a 67 f6 a0 c2 29 93 bc 74 26 76 1f da da 3a 59 de b2 fd 77 59 85 5e 9c 00 96 d7 78 03 17 ce 36 23 7a d2 41 3f a1 fd 9c 55 d0 54 99 db 28 d4 54 62 1f b8 d5 29 39 4d f7 8e a0 26 e4 ad 0b 12 1d b2 d7 77 a8 1b 18 a4 27 b1 d9 41 1a 1b 20 a3 88 7e 09 dd e9 5b 99 0a eb 2c 80 80 82 7e 41 28 22 72 5d 5a 5e 62 29 a4 7b 3d d9 64 13 4d 96 f8 71 f3 2a cc 13 8a dd 51 f7 dd 8f db 86 e8 2c 94 ad 17 f2 98 d4 23 68 76 f3 d9 46 b6 6d d2 b1 a3 80 01 c3 1a 6a 0c 81 a4 d2 a6 5e da 60 f7 fc fa 99 9e ce f0 27 82 17 24 37 f9 39 c5 06 c5 0c 30 c9 77 72 c1 48 4e 07 56 0e af 79 a6 65 03 bc 96 c5 6c d0 bd 86 01 70 92 e8 da 12 08 e4 da f8 37 79 c5 2b 8d 30 6d e4 02 0b 9a db 32 0d 48 33 a8 3c a6 12 7c 74 21 21 d1 c3 c8 5a c5 65 23 02 8d 31 4b 35 3d 2f ca 46 e4 67 35 3a 46 a2 89 ba 0f 48 a4 16 1a 09 bb 99 4b 80 e2 73 b2 6a 9d be 3a c8 84 5f 15 5f 14 0a d3 1a a6 cf 69 80 48 e7 72 e1 06 04 6f 65 55 93 51 c7 09 bc 11 1c bd 59 a2 04 dd d8 02 b8 91 90 d9 15 87 c5 9d ae cd 20 6c 89 8c dc 87 f0 bc 4d 9b a9 76 2e 04 e9 9e c6 ae 26 6b 2d 52 d9 e8 dd 77 7f 2d a9 a5 ee 59 fd a9 af d9 86 aa ff 21 3e dc 6a c4 41 7b 4d 35 24 d3 a1 e7 db d4 3b c4 d4 bd b4 c2 d2 b0 ce 50 15 7e cb 52 f4 01 1d f8 69 e4 d4 a0 ad ff b7 dd 06 0e 25 fe 1f 8d 94 1c dd 19 f5 f9 33 fc e5 8b 5f 24 34 82 c6 35 35 df f1 f6 61 bb fc 25 35 cc c3 97 b3 97 fc 74 a6 65 e0 13 42 fc 2d ab 9e 71 ea 69 70 9f 67 79 00 f6 60 89 68 fb 64 05 75 

Trying command 52...
Result: 
0d 3d 61 e5 6c f7 c6 d0 47 68 f0 67 4a 79 d1 34 68 49 64 d3 73 07 17 43 78 3c 3d ac 1b a5 fc a3 4c 01 cd 61 65 15 d9 e3 0f ad 13 98 ac d2 d3 71 28 64 f7 23 6a 47 e5 bc 58 85 03 25 75 73 43 00 b3 ff 56 24 f7 66 96 0b 5c 36 3b b3 a6 73 40 8c 04 88 af af 52 7b 5d fc d1 b2 0a 82 71 04 fe ee 55 b8 e3 fb 69 5e f2 a0 de 0c 78 86 90 f4 90 d2 44 6e 70 82 74 fb 3e e8 95 93 33 98 f3 d2 07 7b e7 ea a0 c2 47 b2 ad e2 df 2b 28 c1 54 8b 29 d0 6d 34 d9 3f 82 08 72 01 f6 0d c1 bc 54 ca 70 b7 61 d5 ee 6b 96 8b 1a 78 6a 8d 0a b6 4f 1d 92 c3 41 33 78 cc 0f 1d d5 8e 91 44 2a d1 cd 3b f7 91 c3 86 ea 47 52 94 51 c6 fe 1e 5b 47 e3 bb 31 71 3e 0a b0 02 0f 56 56 86 43 16 14 60 9b 2b 4f df 4a e0 d6 1e 1d 3b 18 b3 c8 ad 22 28 43 13 ff 07 c5 76 db 09 7f 6c 2f d7 1e 58 f9 47 c4 ca 87 ba 5d 71 8d 93 d0 c8 0e d7 d3 fc 77 a3 4e a6 a4 b1 e9 e9 a5 fe 06 89 ae 84 32 4b 91 7d 1c ae ec 7f 14 15 26 d6 fc 52 78 84 57 36 e9 f6 27 5d 44 bf ea 80 01 c2 4e a2 0e 8c 42 df 51 cd 4a 3d 42 ec 28 e8 6f a2 ae 26 a9 95 2c 46 e8 fd f9 50 9b da 96 6f b7 a6 64 80 61 79 dc d1 33 20 6b 67 15 81 aa b2 35 fc 3b 8e 8b 46 60 01 07 b1 aa 16 45 53 18 f6 54 b7 68 04 5e 78 53 aa 4e 4c e1 a9 72 98 89 59 c1 d7 1f 31 85 d6 a7 f1 e2 6c 57 a6 25 e5 27 fa 1f df bb d3 c3 aa c6 4c 23 66 48 7c a7 05 53 15 68 42 9c 96 77 b7 0b e4 de 10 02 2b e7 d4 14 b7 84 75 5c 23 49 49 24 b8 78 9f ca 0f 96 1c 11 62 23 85 0f d2 d0 fb 41 11 01 e9 f9 04 7a d9 51 24 45 96 a3 9e 74 60 e7 69 91 d7 47 fe a1 fe 91 42 70 a6 1e 03 84 79 f2 5b 93 0b 7f 1e bf df 4a cb af c4 e6 bb cc 04 6a c9 fb 8a cf 23 2d fb 

Trying command 53...
Result: 
28 86 67 88 8f 26 29 4c 43 52 75 5b 0d 96 3f 99 62 2b d1 af db 4f 30 a0 3e c0 df 56 15 82 fd 98 68 bc 75 52 ba 7f 65 37 7a e6 99 bd 38 f4 ff 13 57 99 09 82 bb 53 ca e3 28 6b 80 f1 df d9 9a 54 00 38 6c 92 4f 2e 97 e9 71 05 9f 46 e0 90 44 57 7f b5 bb e8 1c 49 85 7a bb 9a 99 9c 5f f7 46 e4 bf ec 44 d6 cf ff 17 35 7b 0a 87 b8 65 31 23 87 ec d8 96 01 23 a7 d1 14 c3 28 97 93 0a 61 a8 85 d4 a8 ac 06 55 d0 84 cc 11 24 20 f4 97 a2 c7 01 1b 0e f5 a6 f7 b5 7c d7 8c 75 1c 4c 9f 75 7a e4 f1 eb 6b 88 f1 7b d7 17 27 c6 50 36 ce 4a 8a 16 67 30 e2 81 b7 c3 e7 2f 41 a6 bc bc f4 bb 11 36 da ee 60 b1 5a 77 bf c0 9a 89 1a cf 51 e7 4c 1a e9 85 18 0a 43 16 ac cf 19 a5 14 8f 99 29 4f f8 9e 0c 32 39 df e9 f8 7e 21 b2 4e 62 15 8a 94 24 b3 bd a0 c2 3c 4e 93 0c f3 eb cc 0a bd b6 9f 38 7f 8a ef 63 5c 1c 47 01 f2 56 27 e7 b1 55 97 8e 97 0c 9a 6e 0d d9 b5 44 95 b1 b4 51 79 e8 0d dc e7 3f 5e 87 7c 0e e4 6a 87 b1 df f5 67 58 08 7f c8 ee 77 d1 5b 17 9b b4 2b fb 48 0a 55 38 6c df 81 4a 39 95 30 40 36 84 0a aa 3e 9b bf dd 41 9a 23 9b 07 c5 8a 42 77 5f 2d 2f bc 1a 9f f9 9c b4 6c 0e 81 f7 7b 45 95 ad 25 1a 19 28 0d 0e e0 ea e2 79 26 9c 48 62 85 d0 70 51 0a 0a a2 b5 b4 33 be 6d ef d5 61 74 ee 1c e1 83 99 ce 99 21 d5 16 84 65 ea 8b 89 91 42 ea 7c fe 33 ed 83 6a f2 53 55 72 74 96 0d 3c ea 9e a0 fa 8d b9 d1 8c 6d bf 1c 38 81 cb d5 b8 a1 25 ce 49 47 0e 74 11 cf 84 94 c2 12 5f 9c 82 9b 7c 2f c9 26 ae ef 25 e3 47 25 33 38 76 37 77 d8 92 6e 37 85 6e 0e 42 b6 54 ba b4 af 60 17 97 18 9e ff 9b 02 3e 2c df e2 2f 72 4e 5f 8b e6 e2 89 87 34 af 20 a8 7d c5 c2 78 

Trying command 54...
Result: 
5a c2 c9 09 46 4d bd c1 db 3b 72 23 fd 5d 61 bd bc 7f ef 7f e0 67 98 7b 9e 46 b8 da 87 7d 4c 60 55 c1 db e4 87 76 53 2c 77 00 2f 18 0b ae 36 85 b8 29 dc c9 00 15 58 d7 43 e9 32 42 0f f2 03 39 83 ee 62 4f c5 84 b5 82 5b d8 db bd ec 9f 23 de 4a 73 c8 b9 d0 a8 bf 50 ea 71 96 c9 f5 a8 1f 44 82 f1 17 e0 89 fe da b7 0b 58 c4 62 33 ee 44 b7 52 b5 9b 52 42 5c 1a e3 c7 75 a2 78 a8 23 e3 03 37 46 1a 2e 63 f8 c1 6c 15 d6 eb 1b ee 43 a3 6b b9 89 54 db fb c1 59 b0 ed 88 fc 3c 9b 2f c2 d4 42 1f 15 e0 b8 e1 e7 97 9e a4 f6 23 e5 9f b1 37 e7 d0 e9 d3 33 d7 ec 0f cd c0 8d 2b 20 f1 75 95 24 52 17 5b d8 ae 7a 23 6a 16 7f 08 81 44 19 82 48 bd 4e 9d 09 bc ad 5a 1d e9 e1 7b 05 9b a4 b1 6d 0d fa 44 8f 50 68 d5 25 cd 9d d4 e9 61 85 0e 11 2c c1 97 1e a0 86 05 59 a0 b5 72 e2 76 0f 4f 91 09 5e e4 fa ac 24 ab 9b 0f 9c 5c 59 e3 cb 36 a8 9c 84 e4 1d a2 b0 6c 62 e3 89 00 53 95 84 af ca e1 7c 48 10 34 20 f2 d6 f4 97 b4 11 6e 47 ac 46 3c 13 ae 02 37 77 87 71 f0 d9 0d 86 c1 86 6a d4 e7 74 1c b0 b7 4d 3a 29 29 85 c5 2a 0a 9a f1 10 5f 7a 2a f8 5c 92 b8 3a fe d8 33 e0 03 0b 75 24 80 3c 1e e6 01 6b 07 79 3d 9d b8 ae bb eb 3a d0 f0 fb 47 0d 44 40 77 25 c6 b4 82 fc 94 c7 60 88 41 f0 fa e7 b3 ec 68 0c 17 f5 29 fc 0e 4b 49 cf 2a e9 27 1c cf 82 35 c2 79 c2 e4 1e 3e 37 53 50 06 99 3c 49 dc 8a 41 19 a9 71 8f db d1 b8 38 82 4f 83 71 0f 1e 87 2a b4 9b 4c 9f 31 35 14 f6 cc 70 25 f3 79 6a 02 e5 c4 4a c7 99 ef d5 db de 3b b9 e2 60 cb c5 27 9f 6d dd 91 5c 3a 3e 49 55 5e 55 cd b7 bb dc 23 84 3f 86 3b 66 20 81 55 a8 73 d8 48 3e 5c 5f 61 57 7c da 0e 2d 36 04 7d 20 

Trying command 55...
Result: 
bc 7e 10 7c 1a 50 15 b0 e9 3e 02 2c f0 20 4e ce 99 d6 22 80 57 9c d0 31 6f 44 43 92 ee 6f df bd a1 3b 14 00 8d 78 d1 22 af 0a d3 d8 27 9a 3f 3a 1f 9e b6 eb 6e 9c c2 08 6c 01 0c 5a 20 6c 68 8c b5 74 fb 6c f2 11 00 17 2c ea f1 73 30 4d 10 cb 4c 76 e4 11 74 35 04 f3 90 5f 98 62 4d d6 8e 3b 58 a1 9c 8d 51 be 05 22 d6 7c ce a1 d4 ab 7e fa 4e 14 75 5d 3c f8 48 7d b7 43 45 34 41 32 26 bc 22 15 18 0a 1e 85 a1 1f 15 90 12 20 f6 f6 42 2c d2 d2 51 0e 48 e1 b1 76 84 78 ce b3 47 a6 bb 3e 28 5d 20 51 46 41 f1 7a 29 55 3b 42 03 ae 31 ce b9 a6 46 a4 06 84 2c 60 93 10 81 86 ad 33 63 23 0b 58 4b e8 20 52 2a ae 80 75 c7 e2 c4 5c ff 2f 5f b3 26 43 0e 5d 00 03 3d 26 67 50 a5 39 fa 92 43 02 bb 8f 6d 16 b4 21 c0 b5 0a 9f b4 22 88 71 ab 03 0e 81 4f c2 2f 8a 71 15 02 c5 5a 3e a1 0f 6b f9 d8 39 25 6c fa a8 e4 62 58 88 ef da 34 e2 1b 40 21 75 72 a9 7a 63 60 32 c2 e7 03 a2 4d fd 15 8c 3f 28 a4 41 85 cf 25 99 fb 80 44 1b 90 b4 79 b6 b6 5e 4c 3d 18 a7 f8 e7 48 7b 39 95 f0 73 d0 cf 5e c3 d3 6b 1f c8 b6 d5 28 41 df 33 e1 c2 de d6 93 ac 27 70 52 b2 59 3b 3d c3 3e 2c ca 4b 37 3d fd c8 4c 67 a8 1b 8c 4a 31 e7 41 98 66 3d 51 19 80 46 2e 00 cf 6d 29 3d 8d 90 d8 fd 9c ce a4 54 54 59 98 74 5d 6a f3 2a f8 17 e1 d9 48 54 91 6d f3 2b 39 31 5b 42 df dc c2 7a 13 0a 57 d9 d8 31 d4 97 bd 6a 88 11 2a e0 75 1c f7 0d 9e bc 28 6e 7b ea dc 1e 37 07 54 e2 49 f1 8f 92 f2 3c c3 e5 0a 5f 09 d4 83 4c ab db 77 d2 76 fe 28 0f 29 12 43 1e 27 67 3f 6c 46 ea 3f b4 26 59 4a 14 65 2c c5 8e 76 ee 19 29 2a 55 3f 70 e3 eb c4 41 50 c7 fb 7a 4e 19 bb 92 16 2f c7 9a 84 41 c3 1b 

Trying command 56...
Result: 
55 d0 f0 3a 1d 91 ad b5 f4 ce 8f 98 fe 64 ba 8c 6e 87 ba ad 33 2d d3 14 3c 06 9e f3 91 cf 14 2c a8 1b 97 68 89 9d 6d 1b 91 b9 b7 d0 c4 8d 18 fc b6 7f 70 91 14 77 ca 25 94 8c 74 84 17 ac c9 11 dc 56 9f 17 01 48 94 66 7c 23 d5 04 c1 74 1c 98 7f 5c d7 9e 0c 60 2a ee fe 8c b2 98 66 b9 02 4e 19 4c aa 44 c4 51 52 af de 1a 77 6e f1 c6 e7 11 d0 23 d2 18 48 18 ac 8b 34 5a 3b 75 74 2b 94 da bb aa fd 34 f2 72 be 24 03 b6 ee f3 32 05 e5 72 f6 e5 55 ee c7 be 09 16 92 f1 45 ae 83 38 d8 a5 34 5d 61 c4 8b df 3d 9a 7d 3b ef 73 bf c5 20 39 8e 93 f6 32 8d 16 70 b8 19 01 0f 89 27 ca b5 29 aa 8d 0a 3b a0 cc 95 71 18 01 45 d7 89 99 84 8e de b7 36 4f 8a fd 40 c5 16 a2 29 73 04 ec b4 2f 31 b5 19 a0 34 9d 16 b4 60 8c aa 53 e8 fd c5 37 38 ca d5 b2 11 6f a2 5f b2 1c 55 6c d2 fe 89 e6 10 0c fc bf c9 10 bd 92 46 75 3b 6d 96 f1 18 39 ee c4 1e a5 3d 28 b4 be e9 92 9b e8 9a 13 3f b9 b0 42 37 f2 71 d9 13 16 fb d5 a5 2c cf 71 4f f8 c1 c4 77 81 fd 83 a8 c0 33 1c 36 60 00 fe 86 31 bb ad f2 b5 af 9a 8f ca 46 b7 78 7e cb b0 17 2a fa ea 33 f4 bb 4b 04 ad 2a b0 ff ae 8e 06 a6 e3 2c bc be 65 36 06 09 82 71 ae 12 32 3c c2 1c e1 53 77 e5 05 7d 4d d4 5a 1f 51 86 13 78 ec 4c 88 b3 ee 8d a9 7a dd f5 37 42 78 5b ae f4 3c 01 2b 79 27 0c af a1 a3 e2 c7 80 45 20 97 28 62 2e 93 c1 ce c3 06 a1 9d 34 c8 97 97 a3 44 22 b7 9a b4 a5 5d ff e9 b8 e0 aa 8d 78 1b ac b9 2a c9 4a c2 4f 4d 4e 1c ed bc 99 48 7c c2 36 97 20 e9 f0 d3 b1 fa 3a 08 f9 86 95 97 c2 01 87 74 4d ff c5 98 6c 14 4e fb 06 9b 51 f7 26 94 16 f9 a3 28 1d b7 1f a2 da 62 04 b7 3c 05 56 08 36 9e 73 a4 bb 79 

Trying command 57...
Result: 
08 99 ef 9c 07 c9 f0 c7 c2 b3 4e f9 0b b3 21 e6 c3 c4 98 68 fb 97 c4 f8 55 ab 33 72 a2 aa ba c2 cb 3b 26 32 5d 63 d9 29 07 23 6e 1a 46 ec 43 00 87 51 c6 55 ae 29 19 e4 a6 62 ae ea ea 19 60 2e d9 d4 c5 06 de 87 9b 69 f2 cb e1 11 9a 20 28 1f 5a 98 24 19 7f 16 eb 9a c4 ab 72 97 36 88 62 a6 0b 46 dd d0 2c 7c 58 4f ca 42 30 23 05 6b 7c 1b d2 46 8a e3 61 47 ae ac f9 cb 2c b6 03 de 86 1a 35 5a ee 07 59 2e df 36 ad 52 66 a7 ed e4 e6 a3 61 61 2c 92 13 be c7 87 39 b8 31 05 98 26 d3 37 56 2d b0 53 49 1e a7 3a d0 4a 14 0b d0 20 34 b7 2d 75 19 11 1d 24 c9 28 91 34 d5 48 a9 f0 46 a5 6f 2a 43 36 7c f5 87 b4 ad d3 a9 7d 50 99 35 3d 2f c6 9a b0 d1 2a f4 82 2b 5f 30 c8 da 90 27 4e d8 ad ff cb 49 77 b2 ed bd f1 b0 a3 c9 e6 51 7e f2 be b8 6e 01 6e 75 63 d6 0f af 7f f4 7b 8f ec 49 06 23 a6 09 88 65 c1 fb 8f 65 3a bc b0 f0 94 ff fb 26 66 b9 49 68 d2 35 c1 25 df 3c 4e 61 6a 2e 15 b2 c1 79 9d ee b2 75 59 4b 8c 13 a3 91 1d 7f bf ab 47 bf 64 42 6e 08 43 67 19 c6 40 15 ab 9d 7c f5 cd f5 bd 7f 6d 3c b2 66 09 db ed 72 20 45 94 df 6e 92 1a f0 10 cf 29 91 c0 d4 2d 3c 2c 39 8e d9 92 67 13 9c 1c 9c 8d 4e a5 62 4d e3 ae 18 a2 a7 7e 06 e5 a4 d6 09 56 77 b3 3b a8 50 6e 09 a2 77 47 9c d0 ef d1 f3 e2 3e 18 f2 cd 4c e7 3b 38 b0 c4 cb bc 0f bf a5 df bd 6d e8 0f 45 ed ec 77 3f db 6c 24 73 76 97 4f b1 19 62 14 0c d3 bf 24 57 51 80 8a a5 ac 39 56 e0 17 ce ea 67 59 f5 50 31 51 96 87 09 d4 e6 ec 56 5d 01 ab 64 89 d4 40 ce 5d d7 d5 57 af f6 49 57 a0 e5 bb 83 4d 12 e6 af 27 4d fa ac 00 fc dd 8a 4e a0 a4 99 d9 20 db 91 7c 63 d9 ec 05 a0 0f 52 cb 6f 30 1e d8 

Trying command 58...
Result: 
cb 97 38 8c 2f e0 9a e0 3b 66 14 5a e6 4c 67 56 a4 99 bc 5a 1e 53 6f 4d 08 cc b4 b5 88 76 64 c2 03 56 76 fb 3c 1a 82 b4 01 24 45 ac 86 20 48 71 65 f4 20 ff fd 14 19 c5 a3 1d af 37 75 fd a1 ce 95 11 8f 59 45 ef 8f 74 b2 cc cf 52 73 cc 4e 43 d2 5d 66 1d 9b a2 d8 13 47 dd f5 f6 b4 88 19 00 f9 9b b5 2c 58 26 d6 37 cd e6 8d 6d a9 f3 e7 47 cc 55 f5 4e 37 70 08 19 45 1d 24 dc 9e bf ce 7d 7d 54 03 2e 17 1b 13 c8 05 cb ce f0 25 7b 28 9a 23 c8 c3 fa 67 a3 0e f4 0e 72 83 6a a3 c0 c7 ce 00 d9 bb 31 d2 1a 94 7d 01 ff 38 2a 68 53 32 3c d3 a4 74 1d 93 92 0a f6 b6 7e 80 d3 84 49 70 35 4a 66 6d a2 fe 5e 4e 2c 17 5b cf 90 79 72 92 7b 29 7b 96 c7 41 cb 75 5c 01 a1 62 90 d0 16 37 37 87 7d 47 32 7f dc 50 84 3a e2 f8 1e 6d 72 1d cc 30 b3 e4 be 8e 74 ee 2e 2d 20 3f 9c 42 9d 7f 6a 28 50 2c 73 a9 28 55 d3 b8 a3 17 f4 d3 21 4b 5c ae ea 24 1b 70 f2 c3 7d da f1 de 64 ca 48 49 df ac d7 48 c9 21 44 83 0e d2 3d 56 5e 20 92 7a 76 e8 57 0a e1 9b 9f f7 01 1d 15 27 1a 8d 93 f4 f3 14 16 f8 6b 62 f8 84 00 89 96 80 0c f0 1b f3 6c f5 77 bf c6 36 fb 58 f3 70 a2 47 eb eb 94 c9 48 94 53 38 8e 80 4d 58 bf 60 5e 84 cb 3b b5 06 dc 83 76 23 a1 13 63 24 7a 9a a8 40 3a 85 cf ff 84 66 d1 9c 3b 2a 79 e8 10 32 31 7d 43 59 d2 89 ca 1d cd 27 d2 7b d5 af cd 53 a6 b7 77 82 38 19 ba 3c e3 cd 04 8a b7 e5 c7 38 7a 58 49 89 73 1e a9 6b 04 04 6e bd 55 06 7f 42 08 84 64 5a 6c 38 ff 35 94 ed 0d 5d f1 e0 27 38 67 b0 4e ed f7 36 72 f1 3f 3c c6 ef b3 31 4d cf 7a 9e f0 5f 16 16 df 4b eb 80 8e 8f e3 1d b6 65 8a 5e 48 35 4d 1d ad ef ae f7 da 2d 1f d5 02 83 71 47 9c 56 22 e7 4c 

Trying command 59...
Result: 
dd 8e 54 ea 90 90 44 88 a0 5a 38 8a ec da 80 69 99 fc cb c9 f3 40 1e 01 66 33 d6 1f 60 f7 15 76 c2 0c 73 0d f3 03 33 15 64 7a a6 2b 88 93 ba ca d7 a5 95 48 57 e9 c1 cc b3 2b 1d 86 c8 37 cd 08 8e 33 d6 b7 54 84 2e 91 23 0a 61 d6 b2 3f 17 14 2c 5d 40 45 99 32 16 03 74 16 53 76 43 82 7c 9b cd 5b 8b 82 a1 16 46 74 24 14 ba eb 94 a5 14 af 47 2b 38 87 8c bf 88 75 b2 a9 23 e2 7f 1f e3 31 19 30 e6 7b 48 2a c4 b5 25 f4 3a 8f 2e 5b b3 a4 f8 5f d4 c4 ee ab 35 e9 21 d7 a5 10 6d b3 a7 5e 0e 17 73 f0 28 8c d6 60 7b 8d 05 89 f8 00 a2 07 7e 7f 5f 01 ef 8f 4d 46 18 3b 8f 3e 84 c0 b7 df 84 45 2c 21 71 25 40 d5 a7 6c 46 54 60 0d c9 3f 7c 94 34 3c a9 2f ce dc 83 38 5b ae e7 6f 5b 49 ef d7 e2 b0 fa 83 83 0f e9 9f f8 e9 dc b9 a3 63 60 cf fa bf 74 8d c3 ac 1d 35 0f 4e 84 df bd 20 20 8a f5 0d 78 73 ca ea ee 5d 98 a8 04 12 53 1f dc 85 54 7f a3 74 c4 ab ff f3 cb 18 b7 04 1a bb 5b 18 7c f5 c5 6d 6c e6 e3 1d 7b b6 d6 73 ac 65 b8 4b d7 ec 9c ab a1 18 0b 7c 8d 12 82 70 88 27 bd 1e 76 3f 01 e6 94 f2 40 96 47 ed 5a f2 c0 82 6f 72 1f f2 ac 6d 19 71 ad c7 34 06 54 86 4d 5f b9 1c df 3c 9c 31 fb 2f 55 31 28 6d 51 25 61 d2 ee f3 de 41 d9 d1 4f 2f 5e 2d fa 4a 6a a3 f8 5a 0f fb 29 42 05 3d 10 70 22 d9 f1 e0 76 d8 06 15 39 f0 24 bd 94 c2 5c 48 17 c8 62 b9 93 46 3d 97 0f 77 0b 60 31 4a 3f 0e d5 bc 07 1a c9 7c 12 c4 9f c1 6e df 07 f6 83 f0 dc 25 62 fd 70 95 51 5b 1f fb 69 b5 28 ab a9 26 99 fd 03 e5 b9 89 f0 17 67 22 40 cc 68 bc cf 05 a5 d3 d1 fc 1a f1 41 e7 40 62 1c 48 b3 2e 9d 13 a3 bc 18 a5 05 a5 ec ac dd a2 66 c2 0a ee 42 a4 58 de 82 6e d6 cf 81 f5 

Trying command 5a...
Result: 
3f 38 4c d9 90 ba 38 61 c1 31 9c f2 5c 19 9e 69 66 f5 e1 fc 2e 2a 12 ed 26 22 07 e3 93 18 33 42 57 6f 25 5d 4c f1 a7 9f ed c6 61 a0 2e 1f 4c c9 6c 67 ad 57 c2 12 a7 ca 8d 99 f5 93 cc 2a 67 4c d0 c2 6a e1 85 b7 47 c0 d4 b6 db f6 1e 34 7f 27 53 fa 51 61 fc 14 72 70 22 f5 7c ee 1b ef f0 1f 57 6d 48 98 cb db 9b 01 c0 75 0d 3f 6b 92 f3 cb 47 ff 18 ef 56 23 1f b1 7c 33 c7 f4 4f d9 e5 4b 06 c6 cc d7 40 a9 87 b1 9e 65 fd 79 d5 15 55 ca 36 56 3c 47 4d a1 02 8c 00 36 5a 2e 72 86 28 01 81 62 99 9f a2 9f fb a0 ea 63 a3 40 98 77 69 ee ef 8d ee be 2e 43 e0 b5 12 45 69 e5 f1 8c b5 b6 23 d7 42 19 68 1a 29 62 52 d0 6d 8f 20 8d 43 f7 a6 f8 49 c8 d0 4d c0 5b 14 2c f9 5a 27 7a 62 e7 4c b9 f4 c2 db 1d c7 f6 de e8 55 d7 c5 3d 15 a0 1b 6b ce d0 c9 bc 8c 61 0e fb 69 6e ba 4c 2e f2 bf 30 ba c0 b3 18 25 e0 5f 5f df 90 12 1b 17 3d 3b 60 49 28 90 91 b9 0a 6f 89 d5 1d c5 dc 8d 2b 24 54 53 c6 7c 13 65 8e 54 3e 88 50 f7 d5 c8 de 51 43 d5 d1 63 96 d9 fb f9 28 41 2b ee 52 5f fc 29 45 1b 2b 7e 93 cc 1d 8d 50 1b cb 32 b7 4c 3b 57 00 32 c0 a9 55 9d f6 80 6c 38 86 c8 9e 59 3e f9 18 fc 4f 4f a8 5f 1d 2a 49 9d 5e ee 96 78 23 91 f2 19 1f 95 2b 31 e0 be 45 67 ad 35 cc 25 bb 20 2b c1 fc 44 1d 90 0d 9f 02 dc 19 bd 0a 57 02 7f e2 39 02 ff 6a 8d 1d 62 13 95 f1 bc f0 d6 b2 29 34 b8 a4 f0 74 53 04 ba 29 2e 7e 75 ad a9 72 7c e7 c7 02 6d f0 67 22 f9 a2 54 2b e5 d9 62 bf 88 cc b1 4d ee 0d a4 03 7e 2c a2 45 4a d4 43 57 cd c8 82 b2 eb 00 62 f3 26 d0 b3 d3 f4 c3 2b e3 e3 f4 2d 5e b3 1d 6b fd 9c 01 fb 75 18 cb 5d d9 13 dc fb fd 3a 47 68 db d2 7d 6f 56 6d 8f 76 e0 

Trying command 5b...
Result: 
35 e6 0b 56 5f 7c 5c 5a 5c c4 35 76 55 6b 35 0b 7b 19 da 8c 12 ec 8d 38 c9 b6 77 09 79 bd 02 a2 8d c1 38 3f 91 d9 05 a8 5c 4d 54 8e 3d e2 77 b1 94 ab 13 33 70 1c 38 c0 9e de 33 7c 8c ad 90 41 b2 89 64 7c 23 9d e6 2c a0 c8 f5 6f 75 c8 a0 0d ae 2a dc 61 dd 44 d4 e5 a5 3e 9d e7 af 63 6f f1 ce fa e1 c0 14 3b 9a 63 cc be e9 22 1e ea 29 3e e4 05 72 15 95 9c 3b 23 7f 8b 41 3c 89 39 15 ad 33 5b 26 04 28 d1 10 37 af 28 04 d0 f4 d8 68 3d 1d 5c eb ac 66 6a 01 3c 54 ac 30 5f 3d 96 a9 be be 96 e5 40 0e ea c6 90 f3 c0 e5 26 e9 3e 4c 9b ee e2 2b 06 79 42 ca 75 c8 62 db 13 38 b8 b2 7b fd ac 82 a4 c5 32 34 e0 24 d1 0f 6c 97 3a d0 96 d5 08 07 b1 00 6b 93 2f 87 6f f7 6e f8 6a 4f ca a6 71 84 bf 21 57 e9 2d 58 da 2e 7b 19 ed 4c c4 4f 67 8e 87 5e 2b 41 c7 20 4d 95 c8 ee e5 62 44 27 51 26 c3 5a d4 b6 64 43 bc a1 53 11 99 d0 52 f5 94 8f 76 54 c8 de eb af 04 de b7 30 cc 71 47 a3 00 7b 93 3d 60 d4 40 1c d7 04 b6 a0 aa da 08 a3 e0 a9 f7 f4 46 9b f6 26 51 f2 4c b5 c4 ec 6b 9a 87 15 78 93 8d 61 83 7a 58 9e cf 1e 85 10 2b 55 05 cd b6 a0 5b 12 d5 1b 1d 51 1a 51 9c 87 66 6a a0 ab 4e 72 86 64 ef 1a 6a 7f 91 ee 10 4d 70 5b 80 08 55 bf 8c 75 5d 54 41 70 bd 75 ec ae d4 13 fd a5 06 c4 a5 b7 9f 3b 2f ed 4e 65 3d b3 fd 43 38 49 58 61 ca c6 58 11 ea 9d 7c e7 22 6d a1 21 b0 2d 42 1f 67 92 32 42 d8 29 95 36 a4 7c 9e 66 17 44 63 13 f4 c6 4e 95 3e aa 7c 40 8b f1 f1 84 a1 24 13 73 f4 ff 83 ae 29 d9 b1 26 0d ff f9 9d a8 23 64 9a f1 51 56 dd 87 de 08 f8 6c f0 25 e1 a9 54 96 a5 de e4 c6 7e ee ee 52 d1 f7 b6 84 b4 60 6f c2 49 82 bd 8e 15 98 7c 81 48 49 04 f2 

Trying command 5c...
Result: 
d0 e4 c9 c6 6d 80 6b bd 3e a6 f3 14 12 fe 83 5e 42 5b 70 05 8a 42 15 7d 64 dd f2 0f 82 39 be 90 71 bf b3 55 f8 53 0b 2d 9b 9c 1b 0c 02 21 9f 7e ca e5 d6 76 a9 fd 9d d8 b1 7b 91 24 03 fd 74 d3 37 71 88 11 d9 e0 6c 0c c4 37 a6 d2 26 20 5d 50 f7 01 62 d7 7d ef f3 42 0d be c1 e1 4e f7 f2 58 da 63 28 6f f4 76 3f 2c 72 ee fd 0b ff 98 17 a1 9f bf a5 b1 36 c1 1c b1 fb a5 de ee 48 86 7f 0a 54 6c 23 bd 28 b7 b8 cb 61 58 b6 b1 f6 7f e8 1f 8d a4 3f 00 8e ca 4a 0e f2 6a 9c 45 0e 65 34 3e a7 af 26 c6 37 49 17 d7 8d 99 df 6e f7 b4 6d b2 6c 0e 90 95 04 02 9a cd 09 52 51 a7 af 36 26 df ab 5e 5b d4 6d 5f 6d 55 04 b0 49 48 4a f2 4a 6f 77 a2 4f 62 61 76 59 e9 53 c9 0c 6b 07 df f5 1d d9 e6 ab d8 93 a6 68 a9 a3 0f 48 1a 88 f6 b2 23 4b e6 ae d9 6a ec c7 e2 82 1d 06 13 e6 65 82 b5 d4 b6 ee be ba 3a 94 0c 82 b9 0b 62 5a 8f b8 5d 07 eb e7 8b e4 d3 6f 38 8e 32 21 e4 51 19 a4 f8 38 91 fe f1 52 23 47 cc 3e dc 02 92 4d b4 d0 7b 83 c2 7a bf 45 c5 1b c1 c5 57 ba ae 58 d1 a8 45 c8 3d 74 13 14 45 5d 32 a1 bf d2 64 80 5c 12 15 14 af f1 18 72 8e a8 23 1f 50 85 4b b4 21 03 05 61 cf 03 c9 f7 3d fe 82 38 5b f3 a1 55 c1 44 44 39 15 3a a2 dc 1c 4c 8f 1d 19 0b 2a a1 3a 67 26 50 8a 74 59 03 fe 13 b6 71 11 84 3c 3d 12 65 ce cf 88 b6 8b 24 52 5a 01 29 be 6e 29 b5 fd 0d d0 f8 cd bb a2 17 f7 3e 76 27 5b d5 b8 d0 34 40 ae 9d d7 45 d9 d8 3b 90 d1 be 1c 05 76 c4 dc 2f 04 d1 92 f7 c0 d8 da 71 a3 0a c6 e8 00 9e a2 19 68 35 5a 2e 5b fd 87 35 ac e3 12 0c 90 2b a3 89 d2 4a 20 e5 4a da 9c 49 af 51 41 8a 9c 1b c4 0a dd 5f b1 5f a9 50 e0 50 3f c4 1b 5f 3b 9e dc 45 09 

Trying command 5d...
Result: 
06 0c 67 c9 87 09 e9 85 8c cc 4e 7a 9e 58 05 01 8e 43 0b 20 df ce 37 37 4b 03 2c 18 ed c5 9f f5 11 96 32 ba ea 8c 89 13 4b e7 8b 75 66 fe f5 dc 7e 1d 69 e6 3b 50 5d fb 72 b8 d7 78 92 7c fa 06 f1 d6 a5 41 a1 e8 72 64 f7 3b 38 df 31 96 43 32 5e 6c 68 de 02 46 da cf 83 ad c2 62 d0 95 21 83 7a 2c 93 ef 39 fb 25 46 3b 7c 82 83 51 d2 80 57 76 55 99 57 3a cf 80 1e 59 23 74 c9 39 c4 ea 97 00 82 b3 41 fe ec 23 b9 fd 2c de 60 42 77 8c 2f ec c9 7a 69 a8 9e 7d 50 ea 51 8e 1c 55 fa d4 22 e8 8f 2a 1d 76 a7 60 c2 d3 a7 69 34 fa 7e d7 1d ec b3 ba b5 f9 bf 08 d7 38 ef 32 d7 6b 5e 60 c3 01 90 e2 8a d5 6e 57 e4 75 0a b0 33 ff d4 64 de bb ee 61 13 a4 46 ae fc 44 15 0d 3b ea ad 89 9a c8 20 c3 f4 83 11 43 95 07 79 ff 03 e8 cc bb e1 cd 47 14 4d 4d a4 97 7b e5 52 ab 3f d6 97 60 d2 b9 e1 08 18 1b c0 96 0e f8 94 b6 85 75 1c c0 7c ad 08 79 99 56 38 99 66 06 28 e8 22 07 9e 0d a5 3e 3c e3 87 b5 b8 b6 37 9c 27 5e 18 77 0a 14 dd 62 58 d9 c9 b2 cf 2f 04 86 65 fc f5 46 a1 24 37 14 86 b7 03 ea 45 33 9a f3 b7 75 e9 b7 9a ea 8b 5b f7 f1 61 73 53 68 f6 52 54 87 1a 33 f3 f8 63 4d 4e ab d6 55 25 31 c2 04 aa b1 e6 f1 79 d0 3d 5b 1a ce 23 6f b3 bb a7 fb 6b c8 78 d1 5f 7f f7 ab e9 3f 84 f1 c6 77 bf bf 8e 4d e2 02 7e 28 fd 12 38 68 61 ea cf 07 cc 1e de 3e 1d 98 03 fe 91 27 d6 63 f0 a6 a1 d7 7c eb 26 49 90 86 5e 5e 59 a9 16 48 74 df 6a d8 f6 6f 42 a7 52 4b 89 37 59 cd 87 8f 32 6e 07 cc e1 23 e6 8a 5d d1 fb 68 73 ad de 9b f6 39 9e 6b b5 f6 07 49 8d b1 dd 82 b5 79 10 e3 c9 e0 6c 37 40 26 b1 62 8f c2 f6 84 5c 2d fd ce 22 3e ca b4 fc 40 8f 5b d7 05 c2 10 f5 

Trying command 5e...
Result: 
69 2a 53 f5 ac a0 7c fd 5c 92 17 f3 36 a0 ed f4 6c 27 31 3c fe ec a6 69 c3 9c 4b d6 b5 4d 58 b7 49 82 dd 3c a1 27 28 03 f4 a3 f7 c6 8a 6a 89 83 53 61 75 1d 3b ca af 53 9c 61 b1 13 67 c7 40 ad 92 1d 3f f5 07 25 6e ae 03 4b 4e d0 90 fd 5b d9 a7 be e1 2e ee ee 2e 44 fe 2d 20 50 23 1c 66 4b 38 3f 52 22 8a 8b 90 32 ab 3d c8 c6 e5 c3 76 cc b0 b3 41 eb 73 ef 3f 98 f9 67 9d 2a 76 61 65 42 5c 4d f0 f7 ba 08 cf 96 a3 2a 5f 9f 92 e3 7f 08 6c 56 73 3f bb 02 92 d0 25 eb 88 d4 33 59 56 6c c3 ae e2 b9 16 09 c0 92 dd e6 52 e6 1d 22 a6 73 f2 3f 40 87 83 31 15 d8 bd 80 99 1d 0f 5c 74 db 0e 68 4d 12 6a b4 f0 01 9b bc b7 5a 7b 29 96 4a de d9 98 ad f3 f7 a7 26 3e 4c 0b 80 9b fa 96 15 79 8b 47 03 fc 9d a1 f6 50 a5 b7 00 82 c0 08 b8 5d 86 fc 3d 47 ed df 10 21 7a e0 ee 9a 09 8d 8f 94 c4 d2 39 e5 2d 53 1a 02 8c e5 f4 c4 58 a4 85 19 b9 2e 0a cb 68 bb 73 05 07 3e 1d 67 ba 4f b8 fa 92 b4 16 b0 e0 43 45 2c c4 2a 29 6c ad 5d 09 13 ed d6 d0 e0 aa c3 69 12 fb ac c1 3e 10 b0 4f 34 93 40 45 8f d9 7b c2 62 22 0e 1a 4f 52 a1 d8 46 1e 39 06 ae a7 6a 9c b0 ab 0c 90 d6 bd 8e ef bb 00 3a 26 63 91 a9 41 b4 ed be bd 94 54 f3 9c 2b e6 49 3f 7c 21 8c 64 87 67 ad 13 23 46 16 29 dc 00 0e 1f 45 cc ea 33 04 46 04 21 09 db 00 14 35 b3 4c 29 0d 40 6e 8b e9 b6 be 2f 4c c6 10 38 2f 3c a5 41 06 35 6c 60 e6 74 70 d2 f4 b2 fb 69 f7 b0 3c 5f 91 33 56 e3 4c 52 c8 23 ba 20 12 a9 09 54 e7 73 4a 5d 4c 02 d1 bc 38 56 7d 88 cc a3 e6 31 0a 42 b2 2d 0c b3 6e 0b 30 16 f7 35 85 ae c1 40 df 70 12 78 86 ac 62 43 29 a3 2d 41 80 04 74 70 d4 c8 6d 84 2c d2 ad c4 34 0d 5e 34 b8 2b 

Trying command 5f...
Result: 
ed e1 2e f2 8d 88 a8 9b 2f a5 ad 96 aa 4c fa 7d ad 4b 5b 05 8b 67 14 ae c4 fc 2d 66 70 05 af d3 9e 13 5c 79 f1 e0 b5 6a 91 8b 40 e9 9d 7b 65 d8 e2 66 db 65 3d 8d 68 04 eb 4e 2c 91 08 f9 44 d5 df aa 14 b4 fe 10 d3 f2 24 38 83 35 a1 3a 88 35 19 45 a4 7e 3f 4d 02 24 c1 f1 bf 97 32 91 e8 37 99 78 c6 ba 42 a7 b1 e1 38 31 c8 16 5c ba f1 22 30 7c 4b cf 27 61 b5 d3 95 05 66 97 6e 8d d0 c1 1c bb 45 b9 4b 48 75 a3 87 6a b0 7e 0e 85 ce 97 ad a9 2d 06 86 61 24 dd 22 88 b7 63 0a e3 17 4b 30 a7 d8 39 fd 0a cf 4c ae f8 0f f8 db 49 30 10 b4 ef e6 a1 e4 80 ce e8 40 b9 d0 d5 73 79 65 70 6b ca d2 0d 96 03 28 20 6e ea cf 13 bf 0b 8a 89 c5 8b 81 4d 1a 73 ce 00 29 d9 6f 43 84 25 26 81 72 ab bb 26 54 2a 80 10 4e 10 2b a2 b0 b4 7c a2 a3 c9 f0 18 f9 d3 11 f9 87 96 e3 f5 ae 02 d2 c4 c8 fb 26 40 57 8d 80 af 74 52 a8 6a 3a ac 5b fb 67 e0 d3 64 d0 e3 11 51 48 80 f5 19 53 90 9d ea 34 da 1f be 1f 1b 7f d3 27 44 a3 46 26 ab 02 45 a3 7a 47 ce ca d0 e5 55 e7 ae cd d2 a7 d8 c2 bd ae 22 61 b0 1a b3 7d 8a 57 9c 6c c3 4b 69 4d 0f 98 c2 a5 2f 39 ea c7 b4 d7 57 30 05 d3 48 c6 ee e5 63 8a 9f b5 71 d8 74 79 4f 66 77 e3 c2 9e 4f 3d 34 99 10 fe 86 bf f7 61 51 53 45 0f 56 17 08 d7 ca 63 b0 af 62 be 20 a1 20 8b 9c e3 8c b2 b9 8e 1c 82 54 57 42 a5 12 a1 30 d8 57 a8 49 b4 25 a1 91 be 38 6c f0 20 d7 ec 05 90 96 68 68 c0 05 b9 e2 56 1e ec 3f 8d 74 c0 fb fb be 06 ad cf f7 db 3a ac 8c e6 64 d8 f9 31 b3 e4 71 fe 8f 58 a9 d8 52 98 07 a6 7b 61 8a 2b 66 7a 63 71 fc ae b3 96 b0 fd 76 3c 4b 6a d2 7b c8 16 c5 d7 24 33 7f a2 fb ae 9d 65 6f 39 94 b2 9c 62 ff 03 e3 97 24 

Trying command 60...
Result: 
31 e6 39 b9 c3 45 68 c6 d9 6e f0 d2 ce 20 45 c6 0f 29 42 d2 d9 c8 aa 8e 39 25 41 ed 8d 00 0d e9 e9 60 dd 9a 94 d2 97 5e ba 18 26 22 f1 0d 8b 12 65 09 8f fa c5 fa c1 e2 69 df ff 69 06 8a bb f2 f5 0c 41 20 eb 48 5d f5 ea 0b c7 f5 ab c8 8d bc b7 6e 00 3e 55 28 ef 6f 95 c2 4a ee 73 54 37 0a b6 80 10 e2 4a ad e3 2d 3f b9 fc a6 3d e2 95 d9 4e 2e bd 4e 2a 0f d2 49 54 1a 60 8f f0 aa d1 94 aa 17 bf 3e b6 8a ed 0a 85 c6 2d 51 60 8e 17 e5 8d 4d 72 a8 33 d4 54 e8 82 ff 2e af 84 c9 8c 8c a0 84 5a 42 65 49 5a 78 1b db 66 c1 75 04 c4 36 ac ce cc 6a b8 db be 49 36 3c df 59 53 c1 15 de 59 10 1f 32 26 4a 70 52 b1 aa b2 17 5c 70 f0 65 5d 49 ff 84 24 13 38 43 a2 bf 2e 20 62 23 8e 8a 87 69 87 5d 43 bd 60 b5 bb f6 b8 a9 b1 18 53 3f 79 af 81 2f 9b 20 00 58 64 20 d5 62 d3 d7 15 a3 87 4d 57 63 e2 4c 7a de e2 84 49 5d 8e 48 f9 29 47 f0 08 45 2e 7e 1d 50 70 70 0b 5f 16 1f 97 da 1b 93 d9 c2 2b 19 32 fa 2a bc 27 9d d9 53 e8 41 0c 24 a2 07 c7 e7 04 58 88 f5 32 45 68 43 9a 62 e6 1f 49 7b 34 e4 e5 c1 03 ee ab 87 71 66 38 09 08 9a 4b a0 33 70 cd 0b 07 a0 fc 07 d4 13 e8 90 5a 21 3c 0f a8 2f 4a f6 5a 25 45 22 19 b3 99 36 3b b6 b0 3d c3 14 bd 75 3b 46 56 73 c4 bd 14 25 f4 2e c3 0f a3 d5 bb 40 22 30 70 bb 66 48 00 83 23 b0 c8 2b 06 2c bc e5 f8 3c 16 db 34 b5 79 27 cf 65 61 3b 62 68 98 fb e5 0b 6c 05 4d 68 1b 0e 93 9f d3 0f 01 c0 e0 38 03 91 19 85 78 b3 90 ef 86 8f 12 9c 5b ac 53 85 e7 6f 11 a9 2d f8 e7 a2 5d fc a9 26 36 53 83 dc 69 77 3d 81 63 6c 6e ac 66 97 5a 4a 8a ba 16 20 ca bd 6b 82 d0 0f 7a b4 1c fe 8f 1f c9 f9 ef 36 5a f9 89 5f 6d 67 90 ec 

Trying command 61...
Result: 
01 8e 4e dd 69 fa ad af 6f 01 f7 32 f7 6a db 31 66 5c 8f 9b 5c 19 03 4a 24 05 c8 10 f3 15 aa 27 8b 74 1d a4 da ea ba 83 92 40 3b da f8 24 76 09 4e f0 5a 51 10 99 d4 6e 5f 58 76 5e c3 92 08 26 05 a9 fa 80 f9 9c 2c 47 d9 ad f5 5a 81 f3 f0 b1 12 95 ec b4 45 4b 85 62 f3 09 c6 fd e9 3c bd 5b 91 79 a4 26 7d 25 ee ba ae a6 c4 e7 da fd ce 1b 63 f2 9f 4d 5f e8 bc 5e 3b f3 cd 2e 11 20 9b 7d c5 aa d8 a6 b4 7a 18 60 bd f7 d1 b2 c9 55 ad b3 85 19 0b 81 41 3d 17 50 95 f9 ad fd 6b d4 b2 64 e7 f1 1c 75 ca 01 1d ed ec 5b b0 cb 86 a9 0f 33 a0 91 07 79 61 be e6 a9 64 7f 2e 26 cd 0c 1b 01 78 67 ea f7 57 ad f8 73 a3 03 04 bf b0 b3 98 16 42 1f 6e 91 63 ef 9a e1 c1 0c 64 54 f2 c1 af e7 e9 3d 25 3f a7 ae 06 fd aa 18 df 55 25 b3 4f 27 2d ce af 93 41 f8 a6 1b 9c 52 dc 66 36 61 2f 0f 37 a1 82 6c d4 b0 03 cc 22 17 12 fb 95 3c bc dc 84 39 7e 26 99 cf dc b4 47 b0 83 29 0a 9e 52 11 ba c0 fc ea 68 b4 12 5b 01 3f 9f 25 ef 5a 5f 51 48 69 51 12 6d 28 e6 4a b6 4d 6d 2d a3 c8 46 75 69 3d fa 5a dd ab 72 01 de f9 a1 83 b0 98 84 74 27 ac bb fe 39 0d 3f a0 ea e0 06 f0 79 bc b6 65 87 40 c8 33 34 d6 2f 9d 0b 4e 68 26 4b c4 be c2 02 c6 f1 38 b6 96 fc e4 f5 36 68 51 e1 7f c3 62 c6 f2 76 0c a8 09 bf ad e6 9f b8 3b fd 09 d5 d5 1c 3d 86 c3 8b cf d2 ae bd 76 89 55 3c c1 d5 a1 cb 83 ad cb 95 93 88 19 43 fe 1b 6e 0f 4a 45 62 d1 29 a4 c1 0d 58 a5 cd 08 b9 15 a1 e8 42 60 a3 eb 1a 2c 0a 4c 03 96 c7 71 cd f4 40 48 4f 49 03 0a 59 52 5c f5 81 8b df 71 16 16 c4 1e 26 8a 8a cd f1 c8 6a b7 02 53 e5 18 73 c4 28 62 98 63 aa db 08 63 28 d1 70 00 ef 49 35 3c 4f ba 14 ab e2 

Trying command 62...
Result: 
86 f2 ae 96 1e b6 42 61 e3 84 d9 f3 71 aa e6 f5 ab a7 29 b7 22 12 51 c5 18 87 6e 4d 70 72 28 1b f6 3f 2d ce 73 8d 27 59 c4 80 b9 cc e2 45 96 fa 0e 7a fa d8 42 0b 02 a4 a9 1b 13 6f c6 c6 e3 0a c2 4e 3e f7 f7 ee 23 96 c9 4f 9d 65 4a 35 db 18 cb 91 f7 2e 94 91 d2 8a 98 75 85 25 3a 1e b4 50 cd 50 55 f4 02 e7 46 42 e6 b5 63 4d 96 15 63 46 31 48 be 14 d2 c9 18 47 72 66 fe 95 3f 16 c6 bf ad 14 c0 26 c7 5c 79 44 a6 b3 73 55 cd b0 c1 b5 9c ec 49 8c 30 5b 97 22 32 d2 11 38 b4 bf 1a fa 2f 80 1a 36 6e 8a 68 47 90 9a b6 c9 f8 f7 ab d1 7d dc 3e 3b 89 a4 40 0d 7b bd 48 8f d1 6d cd f7 3f 81 0a 82 33 8b 5b c9 e9 83 d6 f4 c5 55 e6 fc bc 4b 76 a5 0a 96 cf 1b 51 ee dc 65 ba 62 3d 85 b1 22 b6 10 13 9e 1c a8 32 06 66 89 e0 f8 66 fe b0 b7 3f b9 69 6d f9 15 c3 b9 e3 2b 02 9a b3 d4 d6 e4 b5 19 ab c2 e0 20 e1 bc 49 79 0e 11 a2 04 b8 29 74 8f 9a 70 a0 db 47 df c2 01 59 9c a9 cc a5 9c c7 2a f1 bb f5 5f 53 25 40 af f6 84 1f 1c 1e 1e c3 6c d2 98 4a 54 70 83 ec 0c c5 dd 37 39 5d 6e c5 e8 8e 38 94 95 c3 ed e0 2b ca bb 35 c1 71 79 fe 79 01 64 a0 e2 a7 d3 15 99 62 cf 24 5b 0d 96 fb d8 e9 66 7e 73 21 4d 23 f5 d0 1d 7f 1f 6c ad b7 ac 9d a5 e0 e5 a1 de ca 3f d3 87 9d 82 c2 b2 c4 a0 f6 68 99 09 53 f6 c5 73 3d f1 79 e3 43 2a 1f f5 41 ae f0 fb 22 1c 11 ed 85 dd 77 a5 cc b2 2f c6 af 91 9d e4 67 e3 7f f1 d8 cb a2 66 a4 18 80 70 a4 49 bc 1a 83 45 0c db 9a 9e b2 ab 67 08 5c dc 22 c9 69 47 f0 64 0d 7c 49 6a 9e 1a 5d 84 11 d1 8d 9c 03 0f fd 01 71 ed 82 8a 02 8a a1 a4 aa 17 96 d4 76 2e e2 99 45 d1 7f 80 77 54 dc 69 6e 2e 6e cc 7c 64 1d 29 f0 00 29 20 29 3e 

Trying command 63...
Result: 
d6 77 16 3e e3 5d ab 2d 46 0a ea 57 c8 e6 ab a3 e6 bf 46 d7 7e 70 af 7b 76 dd e6 a5 1e 64 73 ca 9c 5f f0 98 f8 5d e8 c0 f1 dd 86 df a6 8b a7 0c d6 58 c1 e2 79 1c db fa 7c 33 89 92 df 81 6b c5 58 fc 1a 3b 0b 4c 44 1b 9f a2 16 9f 37 0f 33 93 f2 da 4a dc a1 c1 2b 9c 05 7c 37 72 72 c9 3b f1 15 28 d5 a5 9d 34 18 43 22 19 8d 3d 70 33 a8 96 7a 8e bf 5b 74 8c 50 d8 05 7e e6 45 4d 67 04 b8 de f8 8c da c2 0e 0e a1 0b c4 20 22 74 e4 f8 bd 60 73 ce 40 c6 be 2f 46 1f 05 4a 2e 76 a4 d3 21 b2 81 6b fd df 3f 44 86 eb cb 36 fa d3 3f 1e 2e 0d 5a 3f 11 16 aa c1 91 9f a0 55 7b de 47 bf 32 3d 50 f8 0d a9 3a d7 c6 aa bf 43 bb 4e 56 e3 36 f1 4c 97 c1 5c 4d 54 3a 59 4d ae 81 b2 f0 05 75 cd 2c d2 0f a4 26 5b 2d 32 f9 19 64 a7 8e d3 5a 0b 9f c6 2f f9 6f 4f 42 1f 4b d7 09 e1 f7 51 14 c7 40 57 85 06 35 7f e9 36 45 62 25 9f eb a6 1b ef 8b c6 20 71 58 5f 93 03 e7 f1 0d 5b e4 1c aa b5 69 2b 42 64 a1 ce 03 85 9d b2 36 ed e8 a0 c4 05 54 d6 b4 f8 51 e6 45 7e 01 f5 89 36 3c 94 75 b3 50 24 46 17 9f 13 d5 2f 76 48 56 bd 74 d7 3d ba 71 48 1c 78 21 7d ac 26 5e 2f d4 0a 3a dd a8 df ac e8 fe 82 08 cf bc 91 c3 79 54 02 5e 57 38 2e f0 c5 56 25 2a 52 0b d8 9c 66 ad 39 9e 04 a3 bc b0 9d bc 66 53 c5 c1 49 44 3a f7 5a 46 b2 93 05 28 26 59 c3 1d 76 1b 27 aa 45 70 70 a3 c9 b0 63 8e a3 68 94 39 6e bd 8e f1 e6 d3 d4 aa 12 bc 9f 38 43 ed 55 55 fa 40 dd 18 89 08 99 49 77 47 25 a2 21 88 20 86 3e 83 4a 04 8e af 2c b2 5d d2 50 68 7b c6 e2 2c 8e 54 48 d1 96 c8 5c b9 5c 02 7d 9c 2f b9 1e 34 7e 54 dd ae a9 88 06 96 19 62 fb 60 b7 23 8f eb 24 29 e7 2e e3 6e 4d b7 97 da 

Trying command 64...
Result: 
1c cb 96 c1 ae 92 46 30 1b d2 f7 bf 71 13 5a fd 0e d5 df 8a 61 70 35 88 8f 97 2e 53 2c ce 76 08 f2 14 61 e3 e8 73 40 06 ad 5d fb ed 45 0d 2b ce b5 7d 65 66 70 02 45 cc 71 50 93 c7 83 1c 89 74 d6 5a 74 a3 8f 91 26 97 23 bf b4 14 0d 4f b6 1a 32 a4 39 fa 99 40 86 4f 33 e6 c2 bb d6 71 45 1f 2e d6 8a af 72 b1 e9 7e c0 97 30 8d a5 6c 0b 09 b6 ad 90 de 1d f4 01 88 6f bc db 46 20 ea de 04 f5 5f 0d f6 f7 22 09 de 29 df 4e ab 34 f9 cd b4 dd 26 d5 ad 4c 4c f6 cd ad 41 a9 7d c5 e8 99 7c 1a ed 7a 0e a6 55 dc 43 cf 43 c5 c1 bc de 8d 0d 78 04 6a a1 3c 14 98 ac 45 4c 92 04 d1 90 5a 3a 84 0b 46 df ec 3e 4b 82 f9 a3 65 cc a8 fd 2b 40 82 94 42 bd aa 19 22 ee 3e 6b be 83 10 b4 fb 88 52 a2 72 61 cb f6 8f 53 2b ad 0a 34 f9 37 8a 01 25 09 36 07 25 f6 f1 f0 8d 7e 33 21 a8 3e 5a 1f 74 c1 3c 3e a0 11 ab 3c b1 a2 9d d0 d9 0d 5a df e0 7d 29 b2 dd 16 80 65 8d 3a 67 f5 f0 2a 6d 48 48 de e3 86 12 0c 47 b4 0e fe c5 c8 1e 89 a7 19 33 4c bb 3d 2c 81 35 d2 2a bb 69 ae df 90 ca 2c 2f 5d d1 d5 92 67 ae 9c ff 97 86 31 9f 96 67 ef f7 73 5c 6e fa 6a 21 a5 0c 2a 4f 38 28 5d 08 0f 8e 1e 1e b4 05 6c 7e fd aa 71 8c ad 20 38 98 f2 01 de 9f 27 f3 7a bc fb c1 d8 b4 22 cc 65 db c5 fc ff d4 53 64 e9 2c b9 56 2c 72 41 ca 86 fd bc bb 33 0a 49 c5 10 0a 20 74 92 60 9d 7f bb db c8 a9 19 6e 4e 21 7c ff 28 2a e1 dc 24 bd 8f fc 4f ed 24 b6 4d 61 7f 79 22 8f e6 12 04 86 24 e7 60 76 64 19 7c 2c 6a 31 50 40 e8 65 1a 17 e5 ac d9 08 6c d9 e7 2a 2b ba 8f 3b ac a0 1f 6a 71 fe 75 5f c9 b3 db a3 4c a0 2a c2 99 3f dc 70 17 67 25 0e 82 cc 2c 27 c4 87 24 d9 01 f1 db a0 ad 2f 2c 

Trying command 65...
Result: 
3a d3 a1 d7 fd 97 97 6a 09 b0 73 b0 bd 1f d6 a8 e8 cc 0e 2c d5 d1 ac 43 f6 48 d3 84 6a 2c b4 66 7f 6c fb 68 45 e4 24 99 6a e3 5c 88 fb 25 fc cc 01 5e 3a 29 5f 08 70 57 8e a0 9f 7e 86 5e 3c 03 38 55 be d3 02 19 e7 b2 17 e0 7c ed 32 c6 3b 9e 32 7f aa 8d f1 46 c8 52 5f e9 d1 7a 74 90 59 6f 20 1d 01 b0 a8 0c 51 6c b7 6a 45 d4 3a 32 9a 5f 2d 43 dd 26 46 97 bd 67 23 d1 35 08 cf a7 16 6f 95 f8 8a 91 6a a5 15 4a 18 0e 2c cf 09 b8 cd 6f a8 5b ea 71 99 f7 61 a7 5b ed 7a ce 31 7c d7 20 82 9a a5 1c 63 a4 79 ed 38 9f 1f 79 78 56 77 61 df 12 7e 29 25 e3 02 f2 32 4c a5 d7 a2 67 66 8a fc 68 13 31 5d 32 e8 64 cd ea 77 03 a2 77 28 15 cb dc ae e6 80 fc d9 88 04 d9 b3 1e 04 5b ea 35 b7 4e 74 d2 7b 6d c8 57 3f b4 2b 78 bf 08 b9 60 35 d2 ec 50 29 9c 61 ea 83 2f b4 c8 6a 9a 86 0a 39 1a 62 71 bc 3b b4 44 64 62 78 34 e1 6a f2 45 09 52 4b ca 47 62 22 5d a8 57 16 b4 f8 42 9b 5b b6 fa 40 6f 22 34 db f1 44 dc 75 92 5e e2 40 1a e3 f8 65 a7 68 13 18 a1 79 04 da 15 2c e8 2a b3 34 38 96 1c 2b 96 28 63 8a d1 3b db 88 36 c3 f1 29 85 b4 3b 34 4c a8 f8 54 81 35 f3 2a b4 0c 2a ad 89 63 39 4e fc 9d ba 66 db 08 3a d1 a5 99 84 4f 0a 5d 49 f0 dc 60 dc 97 a7 2e 83 f9 7c 96 b2 b1 14 95 cb f7 52 1d d6 23 50 db de f7 ff f9 93 41 ba bf c7 f3 f9 12 3d af a2 8d fc 69 d2 89 c9 d0 76 3d f4 66 95 2f e0 36 c0 e4 fd 58 e4 86 a3 09 eb 11 38 94 18 b1 dc 5b 6a cd 3f c6 87 51 38 f9 5d 31 16 a3 58 78 b4 79 fe 07 df 87 23 10 d8 b2 d6 f3 4f 25 ab f0 3b 2f 9f 53 87 71 1c e4 b2 bf 3f cc 98 70 09 65 67 03 c6 bc 25 fe 68 54 7c f9 87 32 6a 44 a4 67 fa 01 ee c9 0b e8 9b a5 f5 

Trying command 66...
Result: 
fd 8a e2 73 ca 7d 75 fc b6 ba 9e 13 29 a7 7e 5d 75 22 c0 1c 62 12 d9 3b 94 a9 c8 1d 0b b0 69 f5 33 81 c3 79 a9 37 18 73 ee 64 db d0 a6 4b ce 01 cf cb fc dd df cb bd 28 df 31 81 e5 40 4d 92 53 b4 41 0c 77 da 2f 3d b0 01 11 97 18 74 41 18 fc c6 ba 86 09 d5 cf 9b c5 28 dd b3 8f 67 e3 ba 91 58 c2 86 92 cf 82 16 f6 a9 41 5c 53 bc 58 01 eb 46 11 36 cf df e4 1a 5c 5f d1 84 4b eb 6f 58 78 22 3d 84 77 92 48 fb ac ef d5 34 ee 6f d5 a1 f8 83 73 8d b9 ee d7 3b 82 25 d3 ee cf c5 f8 ff 6a b3 8a aa 8b 96 79 6c c8 63 45 b2 57 b5 1d 58 c3 8f b0 1c fc d4 49 fa 00 85 f1 95 72 ff 8e 23 29 51 7a 11 51 4a 95 ac 35 52 b8 ef 82 08 b3 52 87 55 31 d0 f5 cd e7 20 2e 4a 7e d6 46 28 10 de 6a 80 6c 5c ba db b9 a7 37 05 b8 df 06 08 14 b9 39 74 ee 6f 80 76 a4 e7 89 f2 20 06 66 17 0f 50 67 50 a2 29 66 6e 7d 29 df 50 47 74 92 0f ad f6 ff 09 51 90 40 8b 9a ad d6 c3 43 c4 f3 bd 4e 65 61 58 2a 63 bf 85 83 62 ca 0c e0 56 50 3c c8 09 d0 be 2f 6d c1 b0 22 d0 39 dc 04 e5 e9 af cd d6 04 7c ca 4a c8 f1 ca b4 75 4b 54 ee 51 43 b7 32 a2 2c b9 ba c0 55 e9 8e 79 eb 24 82 ad c7 c4 d1 f9 66 18 cb d5 71 62 18 c7 f5 07 1b b3 1a fd cd 11 c5 8d 3d 25 34 65 ab 87 85 02 4f 3f 68 f1 9f 68 94 bf 71 8a 6b 11 6d 38 f4 1a b8 36 15 22 7d dc 34 4a 90 d6 07 1d a1 4d fa 00 20 4d 37 f4 f3 1e 74 3e e6 12 9c a0 57 7f bc 08 df d8 1f 27 d2 3d 29 4a 19 a8 b9 1b 10 c0 39 a6 8e 37 f5 07 f2 b4 de 5b 90 5d 0f 8d 6f 76 05 35 fc b3 a7 68 3b d1 cf fb 4a f4 6b d4 0d 72 3f e5 15 40 04 ae 58 5f e6 2e 5b 7d 7f f1 32 d5 f3 70 9e d7 22 35 9b 7e 6c 61 0c 9f cc 67 9b f8 3e a9 34 ed 76 84 bf a8 

Trying command 67...
Result: 
32 04 9b 36 b0 31 b0 67 b4 2b bf aa 0f 42 a6 d8 a7 95 1e 94 5b c9 05 fd 58 d3 f6 d4 bc 5a 40 53 dd 2d ba ed cc 7d d6 09 fb fb 07 99 84 7e 5f 66 9b b4 d9 a1 a6 fc 55 51 7e 9a f6 5c ee 0b 57 79 db cd 6c 34 db e7 0c 67 5d 73 b8 10 b7 66 6e 56 67 81 fc ea a9 a3 70 a5 64 17 a4 5c f2 ea d9 38 a3 d3 9f 43 c5 5b e1 4a 3e 7d 22 4a c3 de 90 da 56 44 8a a1 0a 51 e8 33 81 7f 7b 52 58 97 0c 91 f1 23 68 38 5c 9c 14 8b 55 2c 3c 02 e0 83 93 17 26 3c 81 aa 19 18 54 8b 6c 62 68 ee 92 d6 9f 0c 47 b9 da 75 8c 81 f8 a8 96 a8 f3 9a 12 e4 de 3f 90 f4 f8 07 dc 25 ca 4e b6 fe f9 a0 33 77 20 1b 4d d1 13 4e ca 4a 2a c9 ed ba 3b 4e c5 c5 88 58 ec 57 39 61 28 a7 6f f1 60 15 98 22 17 6e a7 4b a2 81 29 a8 77 8c 62 97 bd 2d 3e 72 f7 6b 59 1c 93 da fd d0 ba 37 2d fd d3 ee 02 50 58 59 e2 53 5f a0 9e 24 19 13 18 d9 8c 75 8e 6b 1c b7 72 40 8e 50 10 b4 21 05 ab 2c 90 66 07 89 83 7c 5c 53 fd 5b f8 05 48 27 17 fb 04 42 12 1a 2e d8 3b c3 9d cf 31 5e b8 4a be 72 25 c9 cb 11 ea 54 44 c1 ed 92 7d 82 9a 73 95 c2 04 14 e4 a6 1a 0f b8 3f f3 18 b8 f0 c0 bd 2b c8 26 4d a2 30 e8 68 7b 63 78 2a 7f 8b 89 a5 99 99 bd 12 3a b5 76 ec 3b 3c 94 36 34 28 b9 6d 18 f6 b9 7e d7 28 c4 41 9e 94 96 1d 64 ed d7 03 64 a0 77 cb c9 c9 b8 70 4b 20 0b 30 83 f8 c5 19 38 ac ad ed 32 d5 d1 e4 4c 83 1b 11 f0 b9 2e 9c a1 72 6c 92 f6 52 f9 01 e6 f2 39 c9 82 fe 53 91 dc 37 c8 2b ac 28 cd 1d fa a8 3a 03 df e8 5b 56 1e e2 c6 5a 62 ea 14 af 47 61 79 57 c1 7a ec 1d e9 36 5d fe cc fc 5a d8 03 8f 05 b4 0d f9 55 de b5 e0 99 57 67 45 71 b0 50 7f 7f 72 69 1c 75 0c 51 c1 4a 8c 62 53 46 d1 cc 0f 

Trying command 68...
Result: 
65 4c 96 01 24 91 73 c9 cd 02 2e 25 12 a9 2e 5f 6b db 7a dd 94 55 f9 33 1d 00 1e 7a 47 2d 48 3c f4 22 a0 91 03 60 0d 7e 62 d6 c0 52 31 c6 b5 a8 87 21 d5 22 39 58 1d 32 cf b7 be 68 0d 8e f9 cd a5 dd 73 7a 60 21 01 f1 af 68 d5 21 1e 16 a0 94 69 cc 8c 42 95 98 b8 99 eb 47 a4 33 76 a2 9b 5c 4f dd a5 9b 4b e5 43 45 85 81 97 cc b7 74 3b 9f b7 a8 80 3e f1 e7 d3 99 a9 67 4b e4 0b 09 84 1b 5a 34 f2 32 f4 1b 39 ea 70 4c 4b d6 96 eb c2 a4 2a 22 22 a2 3b 43 ca 26 38 a3 f2 fe f7 9c 21 ec a9 32 4d cf f1 38 1f a3 8b 45 03 a5 c7 97 d8 bf 24 d5 5c 2c 2e be 0a 49 8d 2b f6 48 8a f9 3f 41 ea 95 b8 ee 87 cf 27 a3 d9 42 6d 62 49 9a dc c9 a1 3e 47 a2 02 b7 cf cc d2 36 bf c2 72 fa be c1 5d 9e 57 fb 39 32 bc 9e d6 af 46 d2 f6 4f eb 80 5b 3c 38 e3 47 3d 64 7d b0 70 9a bc ad 7a 36 60 d4 45 9b b4 7c 06 b8 cf ff 72 42 2a c3 77 95 e4 94 23 34 e6 de 35 71 6a 0f 21 71 22 18 93 e1 2d 12 9e f7 bb c3 d7 68 b2 36 fd b3 b7 1d 18 2a 2a 0a 91 d9 61 7b da 9e 5d c0 bf e5 c6 d0 5c 9c d9 1b 9e 42 a0 30 08 cd b8 6b 56 9c 6c 55 6b b5 2a 33 0b a6 b9 e4 5b 93 e8 d0 59 56 9d 63 b8 98 42 e4 e3 6e 5c 1b 5c fd e8 ca c8 e0 7b 56 46 43 eb 8a a7 85 39 92 1b cf f4 c9 9f 0f ee c3 09 b6 fb 8f 88 45 44 27 be eb cc 26 af 34 a8 2a 0d 19 3a e3 93 db f4 df 34 9e a4 67 0a 85 5d d4 d1 05 db 7f ce 3c e4 9a 87 7f 52 37 24 94 7f 3f b8 a6 fc dd 7f e7 ef 25 c8 28 57 d0 b6 00 8c f4 12 aa 33 34 66 c7 eb dd 9a 8f 0f c1 18 42 25 ab 61 05 35 c4 2a cc 69 66 fb 36 ef 9d 6d 58 4e d6 2b 8e f0 ba 2e 7f d5 62 69 80 ea 6b 8c 89 62 18 06 99 ae 7f 35 6e 50 de 11 5c b6 7b bc d8 c2 40 8c 10 5a 

Trying command 69...
Result: 
39 c8 64 78 f5 35 ea d4 cf 82 20 f1 e4 14 30 18 68 d3 40 2b f4 e8 39 45 50 4d 4a a6 39 96 45 5b 84 90 13 8d aa 99 73 02 ac f5 73 69 b5 78 fd 2e ce 49 28 c4 8f 60 d4 e2 36 62 3f 0f e0 4f 5e 1a a7 fd fb 8a 4f 46 69 73 49 75 1d 6e 36 ea 61 52 23 14 eb 21 d8 fa 20 27 37 72 ca c1 a5 d7 89 a0 dc 8f 8f ca 50 66 ea a2 0a 17 cb 32 a7 93 6e 4b 1d 95 77 25 25 2f 84 d3 e0 b9 b1 6e 49 f2 e6 8e f7 29 8e 62 53 ee ba 43 00 f5 12 3b 28 8f bf a4 6d de 6a ad ea e5 00 50 71 80 2d 3e 70 de 12 b2 eb 97 d1 ac 0f 1f 55 99 94 83 23 a1 fa 24 0d 44 af 41 44 ad 12 e1 61 83 70 c8 46 25 8a 9e b0 fc 5b 2d f5 fa 4e 93 f9 3f 8c 0b 31 db 8d bc 14 95 1f 90 f3 cd 74 92 76 3a 37 49 60 16 3b 93 3b 62 cd 31 a5 7d 1e 88 da 9d 26 90 7b 04 23 8a fe 0f dc 62 dd 75 a6 68 11 fb e7 9f 3f 25 31 cd dc 0a a7 4a ea 71 43 d3 97 61 8a 3d d5 8a 76 05 60 9a fb 32 b3 55 61 c9 11 fe ac c0 d1 6b c5 bc 53 ce 71 ed 64 4a 08 d8 3e 91 c2 5a 4a 31 59 44 45 68 f0 fa 93 a0 76 34 72 c5 26 26 b6 b7 9c b5 fa 2b f6 92 4b 4c 74 92 57 14 99 6c cc e0 59 fc 79 40 f8 e5 d6 b5 23 de 62 35 44 0d 7f e9 80 74 98 cd e6 62 9a 02 8e 38 22 0a e2 b0 5b 13 67 25 01 db 07 85 ac 40 c4 7c 60 18 71 75 2d b6 02 ae e5 63 16 2c 80 f3 5e 60 6b a9 1f 08 49 67 ee bc da 13 a1 5d 87 16 ea fb 17 46 d5 e4 d0 f7 61 e0 e4 bb fa 64 fa 68 60 62 19 6c 75 b7 5a b9 2c a5 e6 c4 06 c9 c9 2f 98 9c ff c7 af da 74 fb 75 84 70 be 17 4a d9 33 48 63 a7 e8 ca b1 b9 10 69 cf 92 a1 8e 28 ab ea 7c 5f f8 2f 1d 6e 42 e5 3c 4b 45 94 3c 9e d1 df 85 99 93 21 fb 7f ef 5e 66 ce b4 cc 5c c0 b3 f6 a7 d2 fd 5f 44 30 ed 99 16 56 ac 65 

Trying command 6a...
Result: 
f6 bd 8a e0 0a 95 5f 74 6a 90 5c db c2 bc 8c 09 c6 a7 36 c5 61 d5 b1 89 8a be 31 0c e9 79 ad 12 6d 34 a6 4f cb 4a 9a 6a 1f fa f9 f1 f2 07 5e 31 13 48 7c 60 31 4c cf a9 fc f7 85 05 b6 24 37 46 08 eb 71 4b 7d 7f f2 b3 f0 76 25 6a 32 27 f8 64 a4 1a 4e f3 d2 dc 3c 02 9e 70 8b a4 6b cf 46 ee 2b 87 1f c1 6e cc bf dd 1c 8b 1f d9 0e 5c d7 03 e6 33 e6 30 f0 50 95 61 21 34 d8 11 ef ee 7a d0 bb b8 0e 82 04 11 1c 51 15 3b 22 3d 59 5f 4e 0d 2d ab 32 5f 7e 58 8e 6e 94 fc 60 9d 85 85 c3 ee 1e 74 f8 ef 97 dd 33 87 0c 7f 66 94 68 08 6c 2e f7 b5 7a 49 8f 28 43 83 2a fd 55 59 a7 04 c6 62 06 22 a5 84 40 9b e8 0c ae 97 09 b3 2c ea 14 71 44 57 23 f3 38 86 84 bc 2c bb 22 5c 3b 76 a2 4d 66 38 f9 a2 6a 4f 9d a0 d7 6c df 7f 44 c1 19 99 6f 10 7b 0a a2 8b 87 09 f9 8e f5 86 55 c2 5c 95 a3 4c 26 c9 60 04 56 78 aa 7f f8 90 1c ea 26 eb 29 d7 d5 e4 d0 b4 b0 3b 9b 2e ce 19 40 2d ed 5c 80 bc b1 d1 2f 96 4a 0e 06 af 18 30 f1 cd ac 5d bb 2f a7 9f 59 3b 95 9e d0 30 c9 04 ac a7 2a b1 0a 1b ca 94 44 c2 ec 3b f0 86 ed 6c 03 33 d1 80 c9 ed 10 eb 7e b8 fa fb a2 96 ef 37 7e 46 3e 3a 14 a3 71 01 d1 8c 5e 96 ab de 86 bf 85 7e 8c cd c7 b2 71 1c f1 6d 29 4b 1b b2 0c 5f b7 92 e8 7f 07 9c 34 8d ad ed c7 e7 e0 ef 6e 68 9e f7 ec bb bf 45 9e 4d ef 54 ee 7b e2 45 a3 eb e3 22 be b7 4a 21 a7 60 66 5f 75 fd 11 c5 e1 a8 12 c9 20 4c 6f 41 cf 93 ad 8f 5c 97 b0 3e d8 40 71 37 39 aa dd 3f 23 98 8e 48 b7 d4 fc 2d 06 01 2d e0 51 eb 5c 00 da 8b 30 e8 a8 58 c9 b7 25 50 3d f2 41 7b 03 ac 67 06 85 5e 4f 17 6a 39 a8 e6 ce 6b 30 ac b0 6c bc e1 40 b1 9a 0b e6 0a b5 8a af 88 5c 25 

Trying command 6b...
Result: 
3e a6 43 c1 f5 9b da ae 4c 06 82 bf 94 a6 2c b7 a3 f8 8c 30 66 d0 bc af 86 0b ac 97 22 39 3d 8d fa 4d b9 d5 5b 88 c0 f3 4d 8a 8c ac 19 e7 62 a9 2b 62 80 32 c5 fe 95 69 ed 6c 54 4f a0 ac cc d0 0f dc df 3d 22 9c 6d 6a f0 2e e6 e4 ea f5 76 a9 a7 d6 2e 54 4a a5 97 f5 96 9b 58 8b 3e 5c 66 b9 29 72 95 cd 95 0e f0 44 ac 2f bb bc a1 9b 67 fd 88 26 15 76 fd 37 a4 60 89 ca 6f 85 7e 0b 73 48 39 d6 14 14 94 47 cf c8 7a 53 3a 22 7e e1 6b ba b1 12 6d 08 5e 7c 47 54 96 65 34 89 bd 74 86 33 7e c7 0d 45 c4 fd 99 b1 ec 44 d1 83 7d 4b c2 29 cc 26 4f 6d cf 52 a3 8a 5d 69 fe 9e b7 1c 76 f4 df 6f 91 64 5c 14 a6 79 46 c2 31 62 60 84 87 f7 5a 41 08 a7 eb 93 62 5a b1 53 db 98 7a db 2d ad 31 f3 77 1c fa 08 ab a5 ee 77 22 81 8a 95 c5 1e f2 41 5f 75 3c af 44 34 be 60 c9 39 b5 81 54 d1 00 11 44 01 f4 fa d2 c7 ab 88 21 b6 19 ec 2d 47 2c d3 22 e6 e0 15 99 7e 4b 71 2f 5d f0 5f b2 89 07 75 db f8 8d d2 5b 09 21 89 9d 86 22 c0 6a 4a 88 2e ff 4a c4 19 25 2b 3d a5 be 57 23 60 c8 cf 20 c2 3f 88 29 b0 fd 5a 20 12 00 fd 33 41 ac c5 f9 a7 d4 d0 13 52 67 00 bc a8 b2 8c df 90 a2 56 30 20 cd 63 bd 80 66 dc 33 44 5d ff 94 31 18 56 1c 25 4a 0f 9b b2 51 c7 cc 97 c3 5c a8 9a ae 2b 48 c0 88 62 cb dc 14 d2 42 00 20 4d ab 07 7b 8b 9f a6 e3 e1 b7 bf e3 1f f9 53 43 bd ad cc a8 f1 0e 08 f3 f9 a8 4f e8 75 81 03 de 6c 81 2d bb 86 83 f5 96 97 5e a4 94 d3 f2 20 ab 16 2a 22 a5 56 10 88 0c 15 77 59 62 7a 93 39 1b 89 b6 46 d8 8d 60 63 34 41 1e b0 6b d7 b0 a9 12 0d 41 5b 75 45 ac c3 b0 b0 dc ea 81 08 3e e2 d1 21 35 2a ab fd a5 3a 1e 74 c7 ed 99 b3 aa 05 33 a3 c1 05 38 a0 

Trying command 6c...
Result: 
79 f0 35 57 fe 45 c0 08 c6 5e 27 0f 3e 52 3d 76 51 ee e9 99 30 1c 5b 60 73 fa 53 c6 4f 53 46 5e 03 0f db ca cc 1f 7e f0 5c 6e 35 91 a1 bc b5 f5 13 2c e3 fd cb a4 00 42 de a3 89 ee e1 67 42 20 ce eb 48 a2 01 04 7b 3b 62 50 48 7f db 08 df 05 d2 c8 ed da 4c 32 f1 75 92 9d 4d d1 c5 4c 21 d4 6f 66 74 00 f4 36 7e a5 53 99 b1 44 72 65 25 9e 7e 81 44 a2 74 62 3b ce 1f ba 17 b4 e2 e1 3e 0b 8c e7 11 a7 d4 91 42 df 19 7e a6 a4 9b 74 93 34 c4 44 cb dc a7 aa b2 4d 60 6b 4e de 20 73 3c 58 e3 66 17 32 b0 6e 25 02 a4 a9 d0 3d 1e 8e 78 92 c7 78 1e 62 ff 77 dc c7 f8 8b 5e 4b b2 b1 06 03 1a 0e 79 ab 25 0d 6e 86 3c fb 2b ed 02 29 23 6b 92 91 ab 27 49 fc 26 37 cf 3f f7 ef 3a 38 01 02 bd 44 14 ae d4 da 1f bc b7 2f 19 64 50 c7 59 20 f9 5a 8e 99 02 8f 08 25 2f b2 33 ec c0 04 a2 64 9b 1a 2a 3c e4 3a c1 a4 a7 42 b1 50 d4 74 3b e8 23 4d 83 be 2e b8 b8 d7 f9 06 bb e0 a1 31 36 9b c7 11 a3 ff 7a aa 57 07 36 5a c4 5e 58 be 93 2e c1 ec 14 e1 d3 99 b7 b1 19 c7 0e 90 21 65 8c 98 5c 9d 3e f1 eb 17 88 fd 47 60 a9 1b 21 1f 36 e7 f5 47 5d 9f 9b 1c aa 02 d9 58 66 e7 31 19 7f ed 66 25 5d cd ec 0f bd 09 5c 40 49 63 65 e0 5b ac f7 f8 8d 02 6e f9 ee 9d 42 39 f0 22 d0 97 76 2f f7 0e 68 fe 98 b0 ee 7e 12 d4 93 60 06 6d de 0f fa 02 95 f8 31 e2 c7 d7 1b 0e 63 55 2f 2b 49 90 74 44 3b e7 99 3c 95 94 ff 10 cc 89 e8 89 2c 9f 3c b4 1b af 9a 06 c0 a4 c7 60 92 6f f4 07 22 db 13 a2 bf 6c fa c2 2d c2 81 a7 49 1f ca 37 d8 c6 75 a9 93 8a b6 d4 70 76 05 37 76 47 b0 dd 9b 91 97 59 29 d7 56 92 2d 64 36 24 4b 1a 95 3b b1 e7 31 4a 38 7e f5 dd 38 ff c1 98 e6 f0 1b a3 1d c2 

Trying command 6d...
Result: 
f2 97 ec 0d 2e f4 c3 9e 30 63 3b 2a 67 2b 2a 90 31 32 87 33 1f 99 14 6c 37 cd 91 6b 7b 8d e8 f9 1f b2 90 bd 7f 43 2b 6c 3a d2 79 bd 34 38 e6 a5 a9 58 3b a2 6f e0 3c 7e 16 63 ec de ff ff 27 15 be f4 59 97 9f ea 47 b4 2c 5a a3 dc 48 f8 6c 8a 50 22 f3 63 5a 51 1c be c3 c3 32 d0 18 04 6e f4 e5 5b 33 40 5a f4 bd 31 7f b4 9e 94 d2 2d c6 5a 18 77 b9 90 fc bc 35 53 82 75 41 99 5b 61 66 88 4c 80 3e ea a0 cc 43 d5 8d 3a c6 6e e0 c4 38 fe 59 c2 d6 a2 36 f8 0f a3 ab 59 d4 c0 7e 20 60 02 a1 c3 3c 9e ca 7e e5 e6 75 69 c0 bb 4d 49 50 f6 81 d4 f0 57 33 30 0e 34 c1 f4 a2 9e b1 25 cc b6 c5 b6 49 c2 a7 ce 69 32 cf 91 b0 19 2f 39 45 5a c5 50 65 ae 6c 40 76 1f b9 5c a0 0f 4b fa 66 3b c1 ca 36 e4 a8 76 28 3a 2d 96 bf a9 15 6b 45 e8 e2 e7 c8 e4 09 5e 77 85 95 51 91 5b ed f3 af e0 e7 f7 c1 dc 04 24 ab 1a 59 69 aa fe 9b cf c4 4e 3a 3c bb c7 73 5c 21 74 eb 5a a3 d9 96 c1 7b a9 65 8f e4 0b 55 ac 91 a1 08 89 0a c6 f5 f4 42 0f 66 70 4e 6c 0a ec cb 78 56 4b 8a f2 5d 68 b6 17 80 6d 3d 57 1d b2 a1 69 77 b0 08 53 4c 69 be 46 d7 02 3c d7 be 2d dc 74 eb c5 90 10 ef 43 d7 80 4a 74 f6 5c 89 c1 ca 64 9a 88 e2 d9 c3 3e 62 53 cb 5c 81 a7 f9 45 2f 1d 6c 1a 6e 48 e9 2d 47 3a ac 22 ec 83 8a 51 a0 1d 9d 82 94 09 8c d5 e0 76 2d 60 49 7d 2c 5e 9a d3 76 56 76 23 18 63 24 b3 85 6c 2a 99 07 c1 58 ed 37 e7 05 db 03 96 38 11 8b 8a fa 36 da 8a 02 72 40 d6 85 8c a7 26 55 a4 94 60 fa 3f ba 6d 14 79 b5 b1 34 4f f4 34 d3 02 2a 52 88 36 48 9e de e2 56 af 85 b6 e4 59 44 35 44 e6 72 a9 9e fc 75 ab 13 14 93 d5 1a 13 11 b1 50 d5 d2 35 58 e8 84 21 06 13 69 b6 f6 6e 81 9b 

Trying command 6e...
Result: 
7a 8a 2e 48 fd e3 97 2c 13 4c 78 27 6d 99 83 e0 b4 33 9b ca 0c 79 02 f1 b0 af be f0 87 3e 48 cc 0d a6 86 20 a3 b5 ce db 92 82 8d 51 b8 6e 12 1a 91 1e ac 23 6a df 57 ab 9f dd f3 04 e3 92 46 4e e1 58 25 3e 00 90 f2 11 dc f4 6e 16 89 e6 80 67 59 f1 29 02 aa 57 c5 4c b8 cb 61 b6 fd eb 70 07 3a c9 31 a6 63 47 dc e4 77 39 fe 33 3d 1b 8d 4f 42 b0 6a a7 55 ba ce 8a 07 3f 88 50 15 f5 a6 38 64 56 38 e1 0c ed 83 d5 65 f7 e3 34 cb 08 6a a5 aa 81 48 4b 7e 67 6f d4 b9 35 84 96 59 11 fc 98 35 a1 fa 25 8e a2 4f 2a 26 15 42 60 aa 25 da c6 96 8b 61 5a 08 60 7e f1 22 9c 4c 4b 64 16 68 36 20 9f 67 9c 6e 7c 16 9e ce a8 6c b3 b1 08 32 6e f3 01 12 3d 5d 6e c2 c3 b2 82 f7 c7 ff ba 59 6a 0c 4b 33 71 a8 e6 de 35 f0 c5 82 45 fd cf 13 3a cf d5 6a ac 38 24 ea c4 86 57 b8 46 d5 c8 df 98 93 8f e0 75 3a a6 d9 3e 2b 53 f5 c3 4c 22 e0 2a d7 42 32 33 50 00 fa a4 a7 bd 84 73 ea 1b 0c de 4d 2e f7 e4 9c 05 5a 57 95 e8 3e 0c d1 74 20 3a 35 3c 6d 5a 4b 50 96 ae d5 2e cd b2 69 09 a8 37 83 b4 6e 23 a9 c6 8c 8b 71 de 43 11 e0 af d5 4b 5d 15 21 a0 6c 18 be 62 01 2e 44 b1 27 a7 bc da e5 60 69 76 53 9b be af c3 d3 4b 1f e7 e2 3e ac 41 33 aa 6b b4 55 22 66 21 01 5e d1 f1 ee 9c f2 fd 9d ea 93 02 da e1 19 71 20 75 15 df 09 a9 52 c2 dd 52 44 30 cd e6 4b 16 f7 b7 f6 d2 7b 1a 94 08 d6 3a 02 14 95 23 66 85 8f ad b0 31 9d f2 44 64 3f 83 f0 fe cc c2 23 07 44 94 63 ae be 76 29 22 cc 75 7a eb d4 ce 2f 80 8d ab 57 33 25 da 67 02 99 5e 35 e8 89 ff 01 77 41 d5 85 09 5c 4e 16 c9 b9 6a 82 96 3d 7e 8b 7c af ad 97 b5 bf bf 68 e1 69 54 6f 73 dd 9b fa 2c f5 2d cb b3 44 41 e9 

Trying command 6f...
Result: 
07 9b 25 03 94 48 a6 03 a7 5f 5b 5d f4 fb c8 53 c6 80 36 26 b9 d7 f5 fa 13 48 34 2d e4 8f ad 91 31 ea 32 a9 c8 0e 64 da 2d 9a 3b c2 d2 da 02 95 40 10 ba 9a 2d c2 ef 8b c5 fb b0 ba ff 69 76 71 ca 31 71 3c bc 2e 1a 1f 9d 0b 0a 7d 08 b4 92 71 af 91 1e 91 00 47 be 8b 78 7e 91 5a db 52 ad 0f 63 55 cd 5d b0 94 45 6c 59 29 99 3b 41 8d d2 f6 1f 8b 89 ff b4 a6 85 69 b9 3b 78 78 0a 8c 12 86 08 32 17 86 fd 67 ca 48 79 7b ef 79 40 3a a5 da 19 e7 77 98 ac fb bc 4a ca fc 9c 21 4e d4 e9 e4 f1 68 3f ac b8 62 ca 08 a6 0b 51 f7 6a dd 55 2e 09 2b 07 01 7f d5 3c ad f2 c2 89 14 9f d3 7d 12 df ee 09 e6 cc a2 68 9f 92 22 0f 8c ee cb d4 a3 dc 9b d6 ec c0 74 96 ed 21 f3 42 78 11 cb 4d 27 13 13 67 7d c3 63 eb c4 6b ee a5 4b b5 32 12 ae 4e ce 4a 87 75 78 3e 62 ee 1b b8 45 f6 c0 86 87 4f ca 19 99 96 d7 76 2d de bc c0 4e 42 31 50 3f 53 62 7b 84 da ea 44 9c 4d 22 3f 40 0c 99 3d 16 10 0e bf 35 5e 75 e7 0d 58 59 24 0b 29 81 72 28 ed 63 8b f7 22 23 d3 81 f6 84 fb eb 3f 8d 76 47 ec 54 ad 7e d9 8f c0 10 d5 64 17 a9 a5 b0 f6 8b a6 5f 84 bf 61 d7 05 b0 f7 7b 05 9b 9c 1e ab ed 88 79 fe 2d e8 a5 89 fc e5 37 b6 8a 05 0e 56 bd f8 9d f8 2a 55 9a f2 5c d8 27 45 e4 88 24 79 9e 1b 03 0e 8d ca 74 8b dc 8f 53 d5 ea 2e d0 c1 63 c9 54 af 6b f2 95 c1 0c 33 e6 d2 de 0f e3 75 63 2c 7c 80 27 73 1f 0c ef f9 75 19 da 1a 2e 9c 31 f3 a1 8d fd 2e d6 34 12 3c 3d 37 96 72 7b 1a 9f b4 ec b1 71 f3 b0 8b 3f 44 96 c2 04 0a 7d 23 c3 46 1f c0 a8 58 92 69 ab ec 12 e1 51 02 ac c6 ad 3e 29 41 7c 8a 22 35 f2 27 ea d3 65 c4 47 9b 7b ba ce 69 0e f2 b6 92 95 00 59 99 6d 44 da 1a de 

Trying command 70...
Result: 
c2 83 5e de 17 c5 af 29 aa 8c c1 e4 a1 5f 5b e6 0b 5c 47 cd 2b 17 66 03 57 bb 83 ba f6 72 d1 b1 01 43 5b b0 17 1a 47 be 60 c4 9c 71 7c 28 49 4e 9a c7 57 95 2e 34 36 f9 77 73 8b aa ea b2 3e 33 19 ee 90 c5 ad 0a 49 e4 da cd ee d2 9a 8e a8 3d b0 8b 4e 3e 0d 8e 5e 3e 5e c0 a4 e6 a6 03 e1 99 0d ae 79 11 bc 9e 6a 3a dc 08 56 b5 a3 c3 bc 28 d2 19 22 c1 02 6a 45 8a df 46 0c 65 65 65 65 42 f0 64 a7 8a 06 ce 5a d4 00 b3 94 a8 e3 f3 b0 4f cd 4a f8 31 fa 79 35 9b 6e c8 9f 9e c0 24 c3 de fa e3 af 94 cc d3 a2 4b cc e9 d2 c5 c3 1f 7a 71 ad cf db 2e bc 0c a0 0d 3a 37 61 68 86 30 86 3d 2b c2 a1 e0 e6 08 f1 29 27 3f 02 8e 2f 57 b7 3f 91 97 f6 0b 88 56 19 de b5 14 14 7e 46 13 c8 81 0a e1 32 b7 5f b4 c7 d8 1e 88 0b 86 35 57 e4 f8 c6 35 3a 9a a8 fd ba 49 e3 cf a6 2b dc 8f c8 7c d8 12 cf 02 8e e7 31 68 b2 fc 45 26 3c a2 50 ac 6d 07 28 d3 38 41 91 ee 3a 52 6d 02 c3 cc b4 32 01 c9 c0 5a 34 e7 9a 78 ba d1 2b 84 3d d9 71 84 82 71 cf c3 33 cb 42 f2 7c e3 67 64 45 71 b0 7d 19 cf a0 a3 f7 c1 d6 3c 1f 47 f7 98 f9 d4 d7 11 aa 62 7b 2a fa 3d 3e da 13 a6 da 94 72 56 8a 43 ac a4 23 74 d1 7f 19 d8 12 4c 93 8c c2 ba 47 f0 1c a3 18 0a 0d 0d 78 8c 3f 44 3f 8f 1d 3c 1e 7b 56 55 8e 8e 5f 00 25 d8 43 d4 94 7d f6 4c f2 d7 c3 8c e5 4b 46 2b 75 4b 2f 24 cd fc df cc ba 37 60 e6 17 00 cb 39 dc 2f 37 f2 96 60 4b ae ef 5d 33 3a f8 93 fa 6d 7e 44 f3 dd a8 58 cc c3 fd 1b 5c 61 28 98 7d d6 46 b8 29 3c c9 07 59 03 6e 56 42 cc fe 61 cd a8 19 0d 9c 35 f9 e1 e4 07 fe f7 99 46 59 09 b1 a1 44 3b f9 14 2b 95 85 1d e7 c5 2b 1c 67 ae c0 44 0f 0d 24 53 4c 63 f0 44 be 26 

Trying command 71...
Result: 
8f 86 95 79 83 b8 61 fb 12 1c b0 dc d7 d4 49 b2 e0 c6 97 db a9 92 a3 37 0a 8d 6e 7e 3d db 2c 30 87 1c c9 bc 2b 5f 6d db fd 20 c1 85 c3 ef 85 81 c7 d5 38 3d 80 95 1f 6d 7c 90 6e 1f 81 1b 57 f9 12 bd 8e 01 06 6c 85 56 60 71 97 c2 b7 e0 25 04 d2 db 0d 58 32 2e 9b 5e d3 d7 45 c2 76 b7 d9 3c 01 d4 ed 5d 5a c9 6a 0d df c9 0a 68 55 c9 56 bb c1 a5 db b7 a8 7e 93 21 45 26 e8 52 9a 72 7d 2a 1c ec f6 42 c0 55 c9 75 5b 48 a1 eb 60 04 12 d8 2b c8 bd 00 d9 84 de 26 c4 a6 20 d4 2b 44 c1 77 40 4e a7 d1 b6 7c 09 b5 cd 85 05 69 d6 70 71 d0 58 91 15 09 06 0a 19 8b 91 2a 90 94 4e 2f 14 d6 83 c0 96 a1 b3 96 37 ea 09 26 ce 13 6a 1a 16 5a 7f 1f 60 0d ea 94 37 01 c4 4b d8 e8 99 05 86 89 43 d4 f6 8c 37 10 12 78 e8 15 2b 27 de bb 28 06 93 72 f1 f7 b9 bb 6b 80 01 01 44 31 18 92 01 57 87 ce 31 8e e5 ee ae be 21 b2 50 2a de 1f 1a 64 36 87 c0 28 b3 b2 69 3b 0c dd d1 11 ff 9e 45 c2 ac 3b 04 00 bd e1 c0 18 c7 d4 72 41 b7 54 ac 56 5c 63 2c c7 38 e1 90 4f df 39 11 16 c6 6f 6a a2 4a 14 d3 d0 99 0b 66 b7 94 55 1c 37 57 6f 54 10 cf 48 dc e5 50 ff f0 de 31 9f bd 7b 0a 30 60 eb 15 4c f6 a1 5e 86 55 a7 4a be f3 8b 5b 5f 9d 7a eb a1 21 7a d3 4e 45 ea e4 4d fd 0f 0d 04 f4 69 ff c4 0e b1 87 3c 94 08 8b ee 1a 0d 10 2d 5f d7 d4 c9 b0 85 20 f6 53 0f 3c d8 72 a6 1e 2f 65 c9 3a 6d ae ef 5c f1 45 10 31 17 b9 04 cf 25 d4 b4 67 58 c5 0f 11 0f c1 60 e2 3a 7c fd 41 0c 40 da 2c 88 3a 25 af 0a e6 15 10 63 b3 4b 17 f7 e8 d4 5a 13 c5 e0 05 83 4b 0b 51 33 f3 97 2f f2 24 ca 59 83 88 e3 e5 a5 69 c5 65 a4 2e f7 1c e1 9e 1b c0 f0 2b e0 9f e7 23 5c 62 f5 19 d1 83 e2 26 88 

Trying command 72...
Result: 
1c c1 f8 b4 bc 98 5b 62 16 2a 97 4b 95 8e c1 04 89 40 1f 85 57 31 06 7f 69 35 f5 1e 2b 7b 54 98 a5 03 15 95 2c 1c 3d 66 de a3 80 76 26 37 75 ff f4 4f 29 50 9a b4 80 87 a4 6e 40 2f 49 7a d7 e7 cf 5e 3d 66 23 0a 55 9b 08 2c 25 7a 90 cb 83 e0 79 00 e7 ef 93 16 ce 96 18 bd ce 33 3e 56 1e d9 0b 7c a3 e6 e7 7c 77 83 4c df 01 50 9d 04 da 58 59 94 83 47 87 2a d4 68 e2 51 37 89 eb 26 37 d8 34 87 df ca 0d b9 9f 75 20 d9 db 46 1c 0d 4b 9e cf 3a 4a 78 6a fa 0e 16 4e 63 51 18 5c b4 44 e0 a7 a6 b7 23 75 54 6b ec 1e 21 d1 64 fc 5c 64 f4 61 c5 60 96 ed c1 2e ee 46 f4 fb 0c f2 8d d0 92 eb 2c 93 6e 06 97 8d 44 5b 39 62 46 a7 cb 9e 3e 0f 18 c4 4a 5e 2e a2 eb 6a 4c 7f 83 69 10 25 98 f8 d0 13 44 d6 e0 b1 b8 03 6d ce 74 c5 7e ed c9 2f 80 a0 58 b4 d4 6f 3c b6 70 b9 c6 e3 a3 36 29 13 b3 57 b2 0f b1 cb 16 e3 b3 82 ed 4d 29 0b 39 65 b4 77 b0 b9 1a 39 ce f8 a7 fd 27 fc df 3c a6 10 b6 e8 fa 46 f8 a0 18 2f ab 86 04 22 91 d7 cd 61 61 99 8e d4 d7 b6 0f f7 07 47 3d 53 ed cc 19 82 70 39 85 6e f7 61 a9 21 68 79 e6 b6 1a b8 46 be 42 05 e3 d0 7e b4 e3 8a 92 3d c8 1f 30 e8 f6 57 03 35 7f 77 b6 cc db 55 c7 c8 5a cb b3 ca c0 16 1f 1b 2f 64 a1 e4 fd d0 85 86 23 d8 48 11 6d ba f1 65 49 4f 8d cc d6 2b eb 77 98 10 92 36 d7 d8 7d e6 0c fc b2 5f c8 ca d1 67 04 c9 6e 61 b8 73 bb ed 4b 21 32 84 df 75 23 1c 72 f2 56 16 a6 19 45 68 84 59 8b 9b 0c f5 4e dc cd 66 4c 9a 8f d6 c6 a0 f1 7e 16 a6 04 aa a9 ab 49 55 ed eb 17 89 98 b2 c9 85 30 75 b8 08 8a 6b ce e1 5a a2 85 97 cd 00 85 68 3c 1a a4 9a 1b 1e 10 d0 92 55 99 ad 93 4e 12 c0 aa fa 47 4b 60 1f 5d ec e5 00 a9 

Trying command 73...
Result: 
e3 ef 03 7c 05 4a 31 fd 65 29 53 5c 1c 31 ac ea 5d db 4e 21 d2 a6 17 f3 55 93 ab 18 7f 1c c4 02 62 14 c9 84 c6 15 e2 66 d0 08 0d 8c f0 8f 76 60 28 74 68 a3 5c c3 79 e2 30 84 9f 0f 35 74 e3 bf 71 33 fe 66 8b e8 29 fd 4b 55 63 4f b2 91 e3 af 98 8e 3c 57 83 e8 9c e9 30 6d f8 9c 27 aa f5 c1 6c 6d 2e 71 25 48 e8 1a e2 c6 59 1a ba 1c 57 23 b8 ea ce 63 29 3d 01 b7 92 6a 71 b9 38 87 7f 0e 8d 01 7f 67 bb fb a5 e5 e0 bf 08 c0 01 bd ad 7a 41 87 e0 3a 44 c0 f3 10 fd d7 2a 1b ea 9a 54 ea eb d6 f7 51 6a 06 34 67 5b 42 b7 ce 5e 5e 52 3b b7 4a 4e fa 7a 79 fb fd 4a ed 16 3d ed d4 7a 23 32 0a 9c 48 1d 5c 9a c4 89 49 b1 9e 5a 2a 28 59 85 a0 87 90 15 d5 2a 0d 33 df fc 71 10 fd fe b2 5c db ba 3a 26 a1 30 4d b6 39 8e 16 49 fe f4 dd 32 0a 37 ff 68 7c 91 a8 7b 25 9a ca d5 18 c2 a5 8b 0c 8a e9 bc b2 e6 8f eb 85 3a 29 06 bc 5a 20 4b d2 8f c7 f6 de c3 94 78 22 00 9e a1 3a c9 aa 2e 35 94 59 1d 07 ca d3 b2 6d 79 0b d4 54 fa 84 08 92 0c bf c9 5c 34 e3 dc bb 5e 98 da a5 f6 e0 be 06 a2 07 f2 dd 90 6f 67 10 aa ae ca 7d 25 c3 85 f8 42 82 a1 82 10 79 a0 26 2d 1e 3f a4 57 4d bf a2 27 06 6f c8 68 27 34 ba 1a 92 eb 99 82 19 ce ae aa cf 52 81 51 0c de e2 ae 9f 70 be c2 af ab a1 aa 8d 9c 29 92 50 9a fa c2 ff 06 1c e0 19 b2 6f 90 52 1c 7d fd 4d 02 08 9b 92 b2 ad f1 6f 3b 35 fa 18 c3 96 f0 2a 9f 62 5d 47 e7 2c cb 36 63 d3 6b f8 8d 99 8f 53 a9 ed 28 04 91 ba ea 16 d1 12 05 71 62 ee a6 a2 69 e4 4c 1a 40 6a 26 8c 01 3e 35 63 61 6d d0 0c 55 79 5a 14 f9 65 40 0e 68 db a9 25 65 04 ef 53 e0 d5 0c d6 c0 89 b6 ec 41 01 d8 a5 50 2f f1 3c 1e 14 8b 20 9e 95 11 f3 

Trying command 74...
Result: 
fa f3 8d b7 13 f4 0f cf 44 62 31 ae 04 e3 d0 b9 bd 48 fb 42 16 3c 8b fc 95 41 5c 33 42 74 c3 35 69 f5 5b 99 a8 f0 00 bb af a5 99 e0 6b ca b8 86 44 b2 aa 09 77 cb 8d 89 66 ee 07 68 98 0c d5 c1 2a fd e8 3a ff 6d ce 12 6d f2 e2 a0 ff 07 b5 03 85 c6 b5 1e af 57 ce ac 2b 39 ad 3c 39 bd 67 ec db 0c 07 63 b8 bf 43 99 57 42 97 52 e9 a5 7a 7e cd ce 24 53 23 25 02 e4 c2 02 f9 e1 9e a0 16 36 94 bb 00 0f e5 1d 32 b4 96 4c 0a e3 49 90 8b 8b 4b 57 41 fa 23 65 d5 61 d5 6f 43 2e c2 3b 36 bd 6b d3 df 69 bb 3e e4 b9 df e9 04 01 8e 45 23 d6 f6 17 d9 d6 51 9f ca 7c f4 be 3d 21 14 72 4f 58 6b 81 dd a6 d5 21 3d fa e9 80 3d b5 40 e6 73 f7 7e 01 37 01 0d 3d b0 bc 38 53 12 95 38 16 a5 59 58 71 de 35 24 31 42 c5 a7 66 9d 9e 67 a7 99 89 10 34 70 7c 35 3a 97 e8 59 e3 46 5d 6c 63 08 79 17 5a 62 17 16 51 86 d8 b5 c7 d5 16 a4 6f e5 1d ff c2 43 d2 b5 37 bf e6 7c d1 5d 5c 1d c5 2e f4 a6 bd 3b cf d7 89 79 6f 53 e5 53 b5 3a 1f 65 f6 50 7d c2 d5 a6 5b f9 4d 80 78 35 72 8a 9c 76 7b 8a 9d b5 ef e7 91 d4 64 9f 17 5d ca 89 9f ba c8 d6 ad 82 16 a9 e7 af 74 fe 38 4e 4c 60 d2 81 24 ab e3 00 23 b9 bb 00 98 b2 d5 b7 70 62 5f e8 61 18 ae 45 65 48 fa cb 05 47 f8 03 0d 43 8c d6 9a 8e 47 8e 2f bc 95 45 39 02 c1 af 85 97 27 55 bb 97 4a e8 07 f2 8c 96 f3 b5 31 49 a4 fc c3 33 fc 93 6f d2 49 b3 b9 fb d1 1e 81 f3 6b 03 48 72 85 c2 c0 87 0e 64 ac b5 cb ed f0 6c 8f 03 f2 f3 e6 74 1e dd 2c 0a d9 de 5d e4 74 3a fa ac ce 95 33 1e 5b 76 33 e3 20 fe 76 c4 0b 24 ba 81 56 b1 52 8f 4d 8a b9 6b 91 8a 6b b7 44 78 29 dd 4e 1b ec 0b 02 2d 3b f9 4f 68 df 93 a8 ee e1 dc 59 40 59 

Trying command 75...
Result: 
61 ca 87 9e 0a e3 e3 01 48 35 9a cc 1f 29 f2 f8 c3 07 a9 07 11 a0 c4 7f eb 7b 10 1b 8f 4a c6 60 66 e3 80 36 60 7a 4e b6 d4 96 d2 ca 79 23 5a 60 38 25 06 5b e9 d1 a9 9f 5a c1 19 d7 fe e3 da 9e 90 30 22 3c 20 21 ac 91 fd fb 58 b4 82 7e ee 04 c6 df c0 c2 4d 44 7f 8d f6 34 71 4d e4 84 88 45 fd a9 f1 ea 36 d9 05 29 84 8c be 2c e1 ce 1c a7 d4 f9 cc c3 cf f6 d0 74 ea dd 8d ac 35 21 36 27 bd b9 93 4a d0 76 a1 5b 3c 3c 7b e4 ce 7d 5f 5b 71 6d 5b 6e 66 d0 b8 55 e8 b4 15 56 54 35 e5 af 35 71 78 13 b7 30 a8 6b 56 45 72 6e 92 e2 56 85 3a 4c 9d 42 8a d5 88 09 dd 53 eb 62 0f 1c e3 62 92 5d 41 8b 6e 8d 72 cd ab 68 ca 4d 25 fc 5b 1e 43 9b c2 23 cd db 8a 38 ce 51 63 74 81 47 3c 77 ae be 3c b8 cf b6 7c 6a 58 af 54 65 34 ee da 9a 2f 90 3d 4c b6 b1 44 fa 75 34 91 38 6b a9 0f 26 66 94 78 bb 31 10 c0 a0 f8 ee 08 e7 38 c4 e7 ab 67 a1 96 9d 4f 11 7b d4 79 46 01 1b 76 3a 58 ae 53 7e 79 15 24 63 1e 46 7b a5 78 a6 ba 70 50 80 48 87 82 3c da df 99 23 9b 58 5d 7f 35 a3 81 e0 8e 80 03 14 7e 99 c1 fb f1 d7 b4 f2 e9 ac 8f da 29 43 5c 76 4f 68 00 4e c2 8f 92 40 fb 96 87 83 38 b6 4d 41 dd cd db e6 bf 59 2e 9e 7c 25 5d 08 a8 f8 75 bd 18 3d c9 f5 63 62 be a8 11 99 4f fb 61 a6 2d 57 5b 59 e4 8c 3c 28 d2 f4 45 75 1e 7c 31 49 82 55 f6 2d 4c 07 50 8a af 88 bb c7 c3 5b a8 86 c0 9e 88 0f 95 28 7a 5f 73 3b e2 28 62 9b 08 a3 e9 0d dd ca 5d a0 78 5f 16 52 ec 53 c3 84 8e f4 47 b3 6a 14 7b cb e9 32 6a d6 ab 5d 4b 74 97 a7 6a dc f8 de 79 1e 1b 94 a5 fd 8a c3 2a 95 23 2b 93 c4 df 68 bf b3 9e 5f 16 d3 d9 7b 23 da e1 dc 59 aa c1 18 74 f8 07 32 6e 15 2e f5 94 34 

Trying command 76...
Result: 
e8 0d 78 72 bd 33 12 06 33 2e 90 95 42 ef 40 bb 8a 0c f2 ee df 51 94 a9 22 71 5d ca 8e 3e e9 0d 49 d8 12 cd 01 8d 59 20 b9 fd 56 42 31 3c 8a 8e e4 8f 6b 5b b3 cd 36 82 59 81 78 9b 8a 54 e9 b7 5b 10 01 d2 64 61 99 54 9f 79 13 61 0c 52 16 e4 7f 7b 4c c9 60 35 a8 ab ca f8 d6 da af 1c 8f 31 63 95 f3 8f 1b 21 7d 0a 51 12 86 39 d8 7f cf 3a b4 c2 45 e2 db ec ae 24 44 49 26 db 93 14 34 06 da 62 be ed 5e 2c b5 b2 f0 24 59 94 26 d9 ea d2 6b 34 e1 d7 25 27 0a bb 28 c7 5b 6d 0a 70 2c 5c 03 0d c4 c6 31 dd cc b8 13 db 00 7d fa 57 f2 ef f2 86 b6 4d 13 66 d2 5d 0c c2 65 3a a9 11 7d e5 00 f4 da 7c 5a 39 34 f0 fe 63 7f 29 ac 0f b9 a1 50 d4 03 f1 6e f2 87 cf 45 aa d5 a4 68 0d 03 1c 7f 5b ee eb 11 aa 77 dc 7c d7 9a 4a 41 f7 eb 08 1b ac d6 b5 95 14 b6 55 d1 d8 1d 40 8b 28 64 de 52 29 d7 59 d5 f5 0c 7a ba 87 5e 31 c1 90 70 ab 54 c7 c6 17 17 38 7d 9d f7 f8 5c ff c3 b7 95 9c cd d1 79 be 81 12 8a 6f d7 4c 61 99 87 04 53 40 48 68 fb 99 54 50 fd 4b b9 4b f6 1d bd 1f 5b ba c6 90 ed f0 8f 0b 89 92 dc 2b db c7 7e 08 a2 3d ce b2 83 c3 f9 69 23 2d 43 4f 44 e1 47 2f 4f 23 91 9e 33 de c1 11 9d e8 38 e4 4e a4 1c 62 d9 05 d2 0c c6 74 55 57 aa fc a2 9d 9f 55 4a b9 25 64 d1 fa e4 99 ee 07 8d 60 f9 08 f8 d3 40 e4 c7 d5 1e d0 c4 d3 f7 59 44 00 04 37 71 ff 33 41 d5 ab 9c 6e 9c 3e 1d cb 86 2f 2a 97 cb 28 b7 c5 c9 e9 ee 14 30 8c 21 86 3b 21 96 64 53 63 a0 fb 53 1e e0 8b 8c 7e 53 ca cd 94 09 a6 d4 45 59 07 f3 b1 dd e4 cb b4 40 00 eb 73 85 5d 73 3a 3c 25 97 29 c2 3f 34 04 7b 86 0c e8 b5 be 1b 87 e7 92 2c c3 58 52 d1 cf c2 8c 79 74 4f b8 16 33 8b ac c3 47 

Trying command 77...
Result: 
84 14 8d 45 6e ce 43 41 7d 2b 81 fa 63 f0 9b 8c 9a 06 97 b2 3f 0b 21 80 b6 bb ba ea 30 7e b7 3e 04 0a 95 22 c3 c8 9c 3e 5c 3e 14 41 d9 b4 d8 b9 18 3d d7 1b c8 ae 80 32 03 7d 8a 4c 92 6f 72 80 58 09 6e 72 c3 a7 f8 2f 47 2f 9d bd 93 ae 21 81 78 45 e6 05 b0 98 0a 8d 36 ea 6f 16 2b ff e7 4c c4 38 b4 40 a6 d9 68 84 fc 5b ee a5 54 e5 ef 40 d2 84 b9 91 5d 7c 06 d7 f0 2d 69 25 e0 a1 de 61 95 89 b9 4c 4f f1 8b 20 76 6e 8c 12 ba 57 ad 71 0e a8 b7 e9 95 05 4c d8 d8 c5 0f 91 dc ca 36 d5 83 30 ec 2b 34 98 78 79 13 cd 9a bd 2c 8d fb 30 2c 3e 7d 91 ae 51 fc f7 21 ee 08 8b e9 c4 f4 3d 47 7b a2 de b1 fc 53 43 5f b0 d8 98 c9 04 40 03 e4 cb d8 af 69 2b e4 da 26 70 31 f9 d9 1f ed 20 16 7a 3a b9 06 2e 4c 6e ca 58 40 ca 9e 56 17 74 d1 fd c9 0c f6 fb fd 0b 99 9c a8 97 6e 49 82 a9 25 5f ea 4b 90 b8 4d 38 a7 32 19 eb 59 47 8a cc 5d 45 44 98 d2 45 e2 d8 47 e8 b6 e9 24 32 bf a5 3c c9 4c a9 72 2f de cd 71 a9 1a 05 a1 6b 63 3c 5b 2f 76 f2 34 19 b4 3b dc a1 a1 2f 01 65 14 9c 88 69 f9 f9 df 4e 8c ab 51 c2 00 85 14 b3 b1 58 9c 9a c4 5d f8 ce 86 55 7e 65 88 df 70 01 6f e9 7d e7 7a 05 0e d5 c7 4d 10 bb 03 8c b2 00 60 d7 99 fa 6a 31 41 e7 45 48 2d 7e 37 2a 0c 72 73 c1 d8 39 89 c9 26 38 01 bb 60 46 94 d5 99 4a bd 8d 5f 89 48 fd 8b 30 ff 84 72 3e 84 98 56 16 0c 2d 1a d1 86 a8 51 16 01 e2 c3 51 4f 62 46 11 02 92 a5 71 0e 72 01 1e 1b 11 0b cb 90 32 38 df f8 a0 93 64 b9 0c c6 c9 fd a6 0a 4b 0a 4e 6d f0 cb d7 85 13 d4 de d5 2f 74 e0 a9 9f a8 43 c9 6d fa 80 6b 4d 9a 08 d6 ce 42 a3 cf 64 7d e8 52 48 1e 36 8b 5f 7d 0a d4 ab 02 80 e6 02 32 c7 8a 53 a0 a9 

Trying command 78...
Result: 
e9 9b 12 16 f9 4b b8 74 ff 8f 51 54 e1 4c 94 4b 10 e1 26 8c 82 6d 6e b1 d5 ae 09 ea cf 85 e6 d7 0b d0 6b cd 2b 29 0e 67 6c 6e 04 91 f5 35 22 61 00 9a 9a 20 b3 ba 81 10 2e 74 5c 94 ad 1e de 01 c2 7b bf 20 08 c8 7e 9e bc dc 7f f1 14 e0 03 21 df 13 53 91 39 43 36 4a 3a f0 2b 6b 6c fd c0 d0 19 11 b4 28 ea 62 15 49 42 38 2f 2c d2 56 00 93 6b 96 c8 f7 a7 53 14 15 99 53 3f 34 bd f9 ee 58 52 40 f8 dd 94 5a e8 09 6c bf 4d 15 38 4d 53 7d 79 fc c0 1c 2c 3b 88 f3 24 5b a4 64 39 7a c9 07 6c b4 e4 49 b5 8b dd 54 84 bc e6 00 50 24 ee c7 57 99 1e c5 a5 8a d3 ef bf 16 55 9a 4d 83 70 4f 36 42 13 39 15 4d bd fd 4c bc 0f db ec d1 8b fb af d3 02 d7 2a 6a 64 31 8d 63 01 d0 91 72 42 28 7c c2 fb 1a a4 30 a2 db 05 d8 05 64 b2 94 9f 9d 1d 39 25 86 f1 cd 20 36 83 cc 0e 59 44 0c 07 64 5f fa a4 86 10 5b 8d 5e 2c 76 f2 a5 2c 73 c9 d0 38 44 cc 9a bc 97 0a 12 89 89 b4 a0 4a 95 bf a8 85 07 70 e3 a1 36 3c d1 a5 df e3 04 82 78 10 94 92 52 7a 74 86 93 77 6f b3 52 f7 3f 50 6f 46 18 2b cf 77 d7 48 9e 53 bc 89 51 e5 6d 48 3f e5 05 1b c7 6c 5a b7 d6 ae e9 3f 18 3d f1 c9 90 ee b4 94 c6 b3 02 64 e1 d9 ab cb 02 b9 68 8c 08 7e 5a 8e 6f 6d 06 67 cd df 2d a3 8a ac ff 48 bf f3 0b d8 8b c9 11 68 9b 7f 02 94 e3 1f 6e 44 0c 71 71 6b ec ce e4 44 79 32 3e 57 a2 5e 68 14 27 4a 2a b3 78 45 dd 94 66 5f d2 cb dd 76 17 17 08 3f 93 f3 46 cc cc ed 2f 0b 34 22 24 72 ce 21 cb ee dc 41 6e 11 07 33 50 b8 c4 06 76 f8 9b fa 3c 9e 78 5d 4d 31 22 63 26 ae b7 68 ad ca da 51 92 c7 36 d1 3f c2 8f a2 bc 4b 7f 76 f1 ee 98 a7 f6 8a b5 0d 60 c7 9a a6 10 2c e8 dc c4 f5 8a 87 1f 33 a5 

Trying command 79...
Result: 
45 09 65 88 25 cb 54 73 5d 9c 47 b8 62 bc 96 b7 66 82 cb 8c ca cd b4 db c4 22 84 b1 82 7b fb 12 ac bb bc c6 92 71 e1 c0 ec 5a 9d 7f a1 ee a5 bd de 87 1b e8 80 ad 32 7c 94 42 f2 bd 65 67 75 e0 3b ee f7 60 b1 18 40 5e ef 00 3a 29 68 45 c6 f4 b3 57 ac fd 9d c4 d7 a0 0d 69 6c 1f dc 52 6b e7 ed 03 41 59 f0 d8 d5 66 c5 f8 27 2f d2 39 8c 70 21 8b 9e 8c 25 91 b0 b0 30 c9 d6 35 4d 4b 1a 8d be e7 7e 4e 34 03 37 20 4e ce 3c 14 61 c5 2d 87 35 63 53 ea 0d 34 59 f6 e1 c7 1a e1 03 ba 39 ff 67 4c 0f 50 2b 90 17 76 c0 b8 31 c0 8e f9 38 06 02 d1 dc 64 2f 3d 7c ba 00 b9 98 b1 ae 93 e8 d8 a4 bc 6f 2d 44 77 8a 39 fa 23 0a 6e 30 7e 25 0a db 11 cd 7f 70 50 00 a1 95 79 6b cd 27 69 d8 4a dc a0 b9 35 6f 7e b2 24 03 0d c8 50 42 6d 65 11 31 c8 65 d1 0e ff f9 7d 46 4d f9 23 4e 1e 52 84 69 99 4b 72 3a 47 db 73 1c 23 90 60 ba 0a 96 62 41 2a cd 9e 8b b9 74 a9 8a dd 51 09 00 75 f3 b9 b0 ec 4a 35 cb c4 f4 d4 c2 1b 7c 3d 60 91 be eb be 53 85 78 02 07 b9 a1 87 ce f7 ab ea ac 8f fa 44 e2 21 54 00 28 e1 96 25 58 75 10 c0 43 52 14 c9 23 02 14 e1 14 b4 42 1d 0a a2 37 ec ab b4 da 7f f8 d1 3a 35 e9 0a 93 bf be ea c8 ab 3d 8b 71 91 07 34 59 32 ea 49 8c f4 74 4c ba e1 a2 5b e3 08 36 d4 7c f8 56 8e 01 74 a5 08 43 b8 49 e3 76 99 54 0b f4 05 ea dc a4 b4 97 a5 99 2f 8a 6a ad 70 b3 99 89 c3 b4 a2 eb ec 53 8b a7 40 ad 55 24 8b 1e 92 c7 03 62 2f 84 a7 52 2b f7 da 5a 7b 85 f8 61 2a ad 8e 0f 5f 57 0b c4 8b d0 8d 40 b9 01 63 d7 23 fb 5b 2f 59 e8 d6 dd ef b3 76 fb f7 63 1e ab 11 f1 59 40 bc 12 b0 2a 30 2c 02 94 34 04 0d 05 3c 12 46 4b 04 ff c6 42 b0 db c0 43 aa a4 

Trying command 7a...
Result: 
db ab ca e7 8a f5 16 0e 35 5b 06 a5 4a 59 fc b7 5f 83 47 d1 77 cc 76 16 93 c0 48 63 b2 d4 f5 62 18 70 1b 10 42 75 e0 9b 6c 0c 8d 43 99 cd 72 d9 24 a8 c6 bb a5 d8 06 67 7b 55 52 83 0e 58 a6 aa 21 60 4e 1e f7 17 7a 48 09 16 a1 21 45 49 20 ad 7e 10 57 f4 68 80 6e 44 e5 be 46 4d 48 73 a3 4a 0e e0 45 0c 2f e5 60 71 78 b6 16 63 3a 0f b9 e7 44 1a 6b a2 fa 75 05 85 b4 7b b0 ed 8f 72 67 44 f1 45 53 ed b9 9d 92 c4 54 ce 2c a2 1a df 74 ef ea 2b 68 22 7d 8e fb 5a 4c 2b cd da aa a0 b5 d3 64 a2 40 22 33 ad 7f 41 ac 31 b3 82 16 45 c8 0b 24 54 49 30 7e 1a 42 cc 8e 6f 50 d3 44 8f 3e e3 90 28 db d4 98 4f 86 60 89 71 32 54 87 71 ac e4 29 90 ec d2 57 f2 7f 9e cd 3c 7b 26 96 f5 c5 6d 43 16 e7 0c 7f 50 a9 79 63 88 dd 34 9a 66 ab 85 c2 58 cc 40 5d 30 10 e7 2f 98 3b 09 19 f8 92 c3 2e 2f fc ba 2f c8 83 6f 3b 03 17 72 99 42 fc 04 92 bf e3 3e 85 be 5a ea 4b b0 a2 d9 99 e1 07 2a f9 9b 15 d7 95 c1 88 37 8c c2 a4 ea 4b fe 62 24 f7 3d c9 5f a1 23 81 5d c5 f7 be a7 bf 8f e3 0a b5 db af e4 c6 6c e9 54 6f fe a2 eb ce 68 1e 9a eb c1 49 c9 b3 d6 ff 91 18 df 44 6a bf 72 7f 0b d8 bc bd fc 87 5c 30 fd a1 c8 54 56 86 fe 08 de 39 0d 6a 55 20 39 31 af 80 6d e8 5d 1d bf 8d eb a1 e2 ba f3 76 40 33 94 b4 eb fc e2 83 f2 a7 ac ec 35 96 05 d3 ca 7b 91 17 34 85 3f 14 01 69 14 39 d6 0d aa 06 ba 10 a1 03 f9 07 3a a1 70 91 11 da 88 d5 c9 bb 08 6d c2 0d 0c 8f 85 df 45 87 29 21 54 9d 40 4c 38 39 48 a7 c3 08 b6 ca c4 ac 2d 0b df 76 a2 35 cd 19 87 6e 97 c6 bb 49 9e c3 13 5a ba f7 aa 0a 67 0e 11 f4 1f 32 3f 11 73 34 ed 2c b0 49 6b de c8 f5 6c 46 9b 3a d0 6a 62 35 9e 

Trying command 7b...
Result: 
17 3e 5d 1a ba 4d ee d8 3a cf a4 7e a1 6a 16 cc 15 f4 66 5a ed f8 c7 94 3a 42 fa 2c cd 5e 4e 57 62 a4 d6 f7 77 10 aa 01 cd ea 2f 96 36 03 bc 3d 1b a8 16 fc 92 b4 ba 32 0d f5 5a 04 38 06 1d ba 9d ba 96 20 8e ea 86 29 79 1a 94 b9 19 ef 94 dc 4b 15 2f 51 1b ed 2d 22 65 fc de 7a cc 05 c3 a6 cc 64 09 af 33 44 66 e3 4a 1b e0 c6 49 f9 da 26 27 62 05 8e 14 d7 ea 0c d2 7f 04 d7 a4 34 ec aa 61 97 f2 6c 33 ab 71 68 06 e3 1f 05 09 ba e9 9e 73 e6 03 b9 e9 b6 27 db a7 18 72 98 90 39 07 94 aa 42 ef 24 4e f5 9e 19 73 31 4b fc 73 99 97 c6 72 9d 77 a3 a3 22 42 c1 91 ac 6c ab 61 04 be 36 69 e8 16 f8 6d f8 76 5f ee 1b 0f 7d ea e2 ae 27 0f b3 5e 9f 00 85 60 ab 7b 28 cd d1 9a 60 6b 38 86 bc 31 48 00 14 2f bd 31 bd 6d bc ee a0 5f 57 95 e2 8a d6 ee 33 3d 31 42 5f de 93 50 f2 19 63 5e 3f d7 94 07 82 a0 7d d8 48 f7 b4 ef 4e e9 9d 5b 36 cd 48 69 cd 94 fd ce ea ea dc f1 28 71 c5 1f b1 e5 75 b2 ed de 24 75 39 40 48 ce ce 32 b4 25 b2 42 70 dd ef fa 35 d9 c2 5e 0d 53 8d 25 c3 84 fb 9a cb 12 08 b1 2a 3e 05 3a 76 a4 b6 f5 97 1b 31 8a c8 a7 5d 34 30 c2 a8 e2 f7 36 3a 38 27 e1 32 82 c4 8f 43 45 37 86 86 e2 e4 d6 6a 36 3e 68 1c 79 bc a6 01 18 a3 19 46 f3 17 29 22 e0 da b1 7a 31 7c a2 5a 55 d6 d6 16 34 3d 66 8a 13 ef 11 d4 93 4e a9 58 04 dc 87 55 83 af 3b 06 9e 9b ef 1d 81 2f 2f fd a6 00 3a 5f 44 0d 7b de 1a 46 aa 32 3b f4 43 1f ee 90 a8 f8 ce cc b9 f3 46 d0 71 02 ee 4d 5c 11 0f 3b 55 81 95 49 ac 8e 46 28 b3 85 d5 d7 c6 30 bf 0d 49 06 f9 90 2a f0 39 73 01 07 67 9e 45 61 9b 95 a1 be 2d 97 02 b6 9c 28 59 6d 09 43 93 c3 06 69 0e d8 6c d6 1b 4a 36 79 

Trying command 7c...
Result: 
29 af 73 c2 27 09 d6 eb ac 91 34 4d 69 fd 59 a2 14 0f 7b db 8b 2a 4b de cf f4 f7 1e 2d ad c2 cf cc ac e6 78 69 a3 9a fa d1 df 47 bd 69 10 92 6d 44 39 a5 4b 55 4c ca 2c 6a d1 1f 21 8c cc e6 99 67 13 d3 a7 95 78 4b 49 e2 08 55 1d 7a 3a 3d 69 9b e9 86 99 3f 2f 69 25 1f ba 1f 8c 97 60 a5 9d 21 22 fd 8b a4 fd ae 39 93 cc e4 81 5f 71 7e 4c 7b b3 2b ca 56 4b f5 2b d1 ba 75 8c df a5 ea fa 48 65 6c 50 55 69 9a 53 54 5e e3 0e 36 e9 cf 6d 5e 52 2a 69 c0 25 94 ae f0 b9 47 97 dd 16 67 90 4d 2a 22 27 71 92 4f 3e 9b 8c 0f 0b 4f a2 99 39 d6 4d a2 94 e1 e4 50 7c e8 f5 82 1e 9b fe 13 df fc 59 9a 8d ce bc 82 03 6b b1 c1 a7 30 d8 40 1b 4c 28 f6 3b 70 13 12 01 44 41 8b e0 7a 20 e3 fc be ce 7c d9 92 67 85 61 89 7b fb fe 80 06 e7 7d c2 eb 0d ce 07 46 4f c0 27 b1 d2 bd 22 e2 6d 32 42 c3 1f c5 65 ff 7b e5 d9 14 9c e6 34 a4 39 d6 0a bf 5b f8 02 ef d1 10 7e 8f 87 04 05 de 70 99 24 b1 35 78 c9 0e d6 4b 14 fc 02 e8 77 ef 96 5c 42 d9 63 3c 8a 32 c7 f7 b1 d1 6d ab 12 40 b8 bb b6 71 29 6e 84 36 8d 7a bc d9 62 71 89 35 90 6c 71 36 08 78 44 79 8f 60 8c 4f a4 99 31 da 6f 68 4e 90 22 f8 49 f2 9e 72 e8 1d 14 9f 01 f4 0c cc 09 74 4f e9 d0 6c c6 41 c3 6d 4f 72 8c 0c e8 01 06 52 5f dd 2a b9 38 4a db 53 ee fb 10 67 ff 7c af 38 66 b4 0c a5 2f d0 f6 53 cc d6 d2 63 29 6d e6 0d d3 8f 44 7b eb b9 72 62 8f fd 22 1a 36 d5 5a a7 b2 16 25 ed e0 cc 45 20 ff fc 57 be c7 9c 7e d6 d4 76 cb 9f 7b 0d d7 c6 07 49 0e 7e 99 99 db f3 7b 89 30 30 71 81 b0 70 03 cf 96 37 48 6e 68 96 74 e0 91 3a a2 83 ff d3 b3 21 f9 6f a6 c8 50 5b 8c 38 75 9f f6 67 49 7c d9 4d ed 19 35 c6 

Trying command 7d...
Result: 
26 5f 8c cb 67 75 4e 9e ed 3e 1a f3 01 93 45 7e 22 a8 e4 11 bb fe 85 f7 5f f6 5c 00 8a 02 e2 04 f3 19 59 db 79 b2 17 db 7f ee 9d a6 71 aa a7 80 94 45 63 57 73 2d 7b a4 6f cc 0c 88 11 79 88 6f 05 c7 a5 0a c6 b1 7b 19 4d 02 51 5f e0 34 9e 7c bb 98 65 91 18 91 9a aa 6a e6 bd b0 90 60 c5 40 1f a2 ae 45 42 58 52 d7 23 bb 7e c0 5e 6e c9 4b 58 2a 25 82 2e b7 1e 57 a2 dd a3 7b f1 2a 66 7f e0 63 71 b1 1b 5f 1c 74 16 d5 87 c6 de 75 fb d2 cc b6 29 bf 0b 57 54 1a dc 62 86 f9 6c b3 9b 7b a6 29 53 e1 9c b0 e6 b2 e1 73 d0 72 3d 47 1d 47 77 db 14 8e 86 7b c5 8a ad 30 d4 80 7b d0 60 f9 62 70 ee 5a 39 51 59 53 d6 dd 96 86 1c cb ce 90 ae 8e 59 8f b3 43 c0 43 55 a8 98 82 58 d6 a2 c8 d2 45 6d 87 cf e2 3e 1d 75 b4 c7 86 9f 48 15 9c 57 7f fb 1d 52 5c 96 a6 00 d9 bf 3a 09 5f c9 88 33 24 16 97 f4 5c 89 36 d3 c2 05 8f 76 01 0a 7e e5 1d 72 9a 0e 54 88 28 16 fb 7b 4b 13 a1 3a ed 4d 07 82 ce fa dd c1 7b b0 48 3b a9 e7 51 51 cb 67 87 82 dc 1e d0 80 06 66 35 1f b9 46 19 51 4c 8d a3 e5 ad eb d1 4b aa 00 e2 fc 1c 0f 16 0b f8 d6 19 a5 58 34 22 71 ac 04 29 82 93 09 57 77 91 05 74 1c 29 2d 15 36 fe 3d 07 d8 a1 42 56 85 bf ca a4 75 2f 8d 2c 95 06 8e 22 51 7a 4b 78 11 6a 4f 72 ae b1 c7 c8 b8 1a b7 a5 59 28 f5 15 db 20 d2 4e 70 68 6e c0 f3 d1 e9 d4 f6 dd d0 be da 96 14 58 11 0b 3e 34 ca ec b8 5a 46 24 9f 23 e6 f8 50 bf 8a 5c 44 41 81 04 4c ab e0 7e 6d 9a 38 7d 44 ee 2f 80 46 cd 32 90 fc c8 4e 8c b8 17 94 d4 b7 54 ce 8a 24 77 ea 45 95 e7 77 50 7e 04 2d 8b 74 a6 4a cb 14 4a 57 cf e6 d0 7a 04 d2 88 92 7f b8 d4 03 e2 07 f0 9b 06 c6 53 88 57 ba e4 cb 23 

Trying command 7e...
Result: 
70 70 a2 41 77 ea 42 6f fd 68 e8 28 2e 4b 85 af 1a e2 72 57 0d 19 67 48 78 8e 22 49 2b 0a 1e bd 17 b7 97 b0 d3 d7 43 92 41 24 27 cd 8a 3e c1 bb d2 a5 b1 5a a8 49 0f 4b 2b f4 f5 33 0a d1 3d 0d f7 18 2b a0 df 22 9a 97 16 1b c4 af 8b 6c 56 68 1b 65 0d e5 42 82 80 9c 4a 83 1c 0f 8d 73 19 dc cb 77 fb 46 d4 bb 69 08 7b b7 8c 67 c1 ab a9 17 c4 57 1c d5 10 ae 21 ba a3 87 e3 61 e1 55 c2 db 09 54 37 1b 64 21 41 f3 70 36 00 93 94 31 93 40 6e c6 30 ac d7 16 97 25 74 ca de e7 43 e5 a0 7b f7 4f 73 ef 71 55 ef 50 d7 f9 48 be 5e a2 19 36 ad 38 59 2c c1 52 6f 86 c7 08 ea 92 25 26 5c 35 bb 78 db da 56 e3 fe 4e 4b 26 ab e8 86 c7 89 d4 e2 a9 f7 be f8 d7 4c 69 f2 e8 86 86 26 d1 e1 a5 6e 37 ab c2 17 d5 2e d9 a6 d0 07 a4 a4 5d 15 81 cd b9 3f d3 05 cd 16 22 40 64 8a f9 41 db c4 27 d1 c1 17 19 b7 76 e9 07 ff 01 9a 6f 28 b0 a5 e5 c2 07 02 c2 3a c8 31 63 0f 7b 82 a1 75 22 a3 99 cf dc b2 3d 1f 3a 7c 45 3d d9 20 5f ee e9 e4 1c 97 32 4f 7e 97 4b e0 95 64 59 6d f9 bf 2d 81 b4 68 46 62 18 64 98 33 99 6c 6f 6f fc 10 f8 ee 28 46 ab f2 66 d5 be b6 5b c5 15 cc e4 de 8c e5 f3 1a ef 35 bf 73 48 28 41 04 c6 20 19 e4 5a 84 23 ae ff 08 9a a8 ca 10 ae 44 23 59 05 7f f8 a7 55 5e dd e9 1a ad 38 6c 5d c4 61 ee 71 91 40 c4 fe 45 74 43 9a a3 08 e3 4a f5 17 2e 40 0e 3e 1c 77 3b 57 52 e3 9f b8 7b 82 89 bf 0e 28 cc 2b 94 47 96 79 dc 26 75 1f 9f 2f cf fa bc 20 2d 26 5b 73 17 6e 7c 0c fc c3 32 cd 0b fa 72 77 f2 75 6e 86 fb 42 60 0f 3f 95 31 82 d3 13 db c3 0c 4f 12 c1 63 d2 c1 3f 60 16 10 ce a7 df 39 2f 46 0f 9c 63 9d b2 50 e2 26 92 0c f3 45 8c 12 d1 90 86 e3 f3 

Trying command 7f...
Result: 
ba e8 0c f9 5b 01 a2 b8 bc 8d 70 47 7c 45 30 47 ba f9 08 93 87 51 94 3f 25 99 1e 0a 9e 60 e1 cf 29 88 a6 f3 26 d5 65 72 36 1d 29 15 10 2d f8 1c 73 c6 83 8f 5f c2 ca 2d 1e a1 9f b4 32 09 66 1d 08 bb fc 2f bf c1 de cd 22 83 af 8f 57 cf b0 44 a1 73 28 fd 4c 90 44 ba 1d 1d 0b 49 af 70 4d dd be 31 f7 1c 5d 73 54 f5 30 c4 75 1f 84 9b 12 c4 bc d8 49 df 48 8d 14 c0 10 ff e6 9c fe ea f8 aa fe d6 07 61 40 7e a7 f2 88 23 b2 5e c6 b5 b5 a8 3f df e8 f0 2a cd ba d6 94 c0 d2 05 7e 3a d1 d3 1d 65 70 09 fd 7c c5 3b 12 cf 65 04 c7 47 6f 3c e7 e5 96 bb ef ea 49 14 8c dc 6b 0d b4 80 ee 07 a4 de 4b 5e 7e 29 a4 ee 9b 05 ff 79 e6 a4 2c dd c5 6c c1 f3 5e 06 af 3c 4f 68 eb ef e0 5c fb c2 d6 f3 fa c3 ec d3 20 4c bd 8a ed 80 36 ca 88 d9 60 8c 66 32 32 66 f7 74 97 80 a2 a6 fb 64 ca 94 33 19 3f 3a b2 13 47 2a d0 f5 85 f7 09 a9 48 fb ea 59 17 99 fc 8d 34 2b 54 18 af 81 7e 35 d6 95 55 f7 6d 4c 0d 83 fa a4 2f a6 b9 b1 d2 f7 49 6b 3b 5b f4 d4 63 ec 25 47 52 8a d0 81 3b cf 1f 1b 42 bb 0f c9 49 6a e2 dd 33 74 5b 84 a0 4f 85 9c f4 9b 8f d9 ba eb 1b fd 49 4a 12 f1 8c 46 4a d1 d3 fa a3 5f ce 3d 60 d3 6f e9 1d 38 38 0b 81 f7 eb e9 72 8d eb 0f 63 1d 5c 03 78 2a 3c 9f 94 35 6e d2 a6 0c 0d a1 51 a8 97 f8 a4 04 9c e6 e5 f5 64 d8 7d 02 df ad 9f 72 37 56 69 ca 0f e2 63 b8 e1 fb 40 0f 0b fd ef 2e 43 46 60 22 79 bd 9e 8e 5c bb 03 af 7d 8c 4e d5 c6 3c 02 bf f7 ee 69 3b 49 5c 7c 41 c1 b2 66 4c b6 9f 95 58 40 3f 23 c6 5f c6 3a 6c 76 9a e9 7b 48 e9 83 d7 d1 66 3a 00 4b 2f f7 59 7f 01 6c 46 13 47 5f 37 05 17 d8 93 13 4f 31 4a 36 4b 5e d5 1b e3 14 76 85 22 2b 92 

Trying command 80...
Result: 
13 e5 25 88 f2 13 31 93 2e 53 d4 1f 55 38 49 08 c4 ec 98 f1 06 ae 89 0d 1f 02 e6 2a bc a1 05 42 d7 53 3e 04 c6 1f 28 5c 33 d0 fc 19 e3 18 73 71 07 99 79 6c 0a f3 6d be 52 f7 76 37 da 33 6c a3 3f 0b fc fa 06 96 00 d2 ff b2 41 ad da 17 12 ab c1 e8 13 79 48 09 8d 7f bd 30 85 fa 5b 65 68 cf 41 8f 1e fa 9f c8 5b ba c1 6f 23 9f fc d5 cf 73 cb 13 3a ca ca e4 26 88 6b 5b 36 c0 47 f0 81 59 ba f7 ca 9f e8 78 62 d6 d0 4d c0 8f 8c 36 3f 85 6c 80 52 38 40 74 8d ee be ce 59 07 dc 0f cb 3b 0f d4 60 43 b2 30 8b 16 d2 37 04 8c af 7d d8 cf b4 a7 3f d5 0f 03 49 1c 4a 8d 94 5c c8 05 e0 1c 26 0f 68 c7 e1 52 a6 9f 46 03 51 6f 0c 90 6a b6 c3 ed e2 58 48 eb b5 c2 c5 e2 1b 29 96 2d bf 30 11 45 ec 48 4c 38 ec e4 07 00 2f d1 f2 bb 97 cd ab 83 89 69 d9 87 d4 0b ea 93 64 3c f4 ea 35 07 33 35 71 1a 00 c9 fa 97 52 34 11 46 bd 46 82 64 9c 83 ac 4c 4c 91 61 6a fb 14 da 48 17 4c 82 d6 4b 8f 2d df 65 f6 4f ec 1a 32 77 75 0b 8c 69 79 cb 76 4e 78 04 65 a9 38 38 57 ef b0 e6 a7 d0 cc 61 85 df 28 35 26 b3 d0 b2 2f d1 8d 71 29 9b b0 09 23 fa bb da 37 b8 f9 9a 1f 36 80 13 49 35 de c6 f0 9c c0 96 da c8 a3 c6 81 81 4a 31 c7 be 67 fd bf 39 d3 cb ad b5 d1 ee be a1 9b d6 45 13 e9 f3 50 92 ac 22 c0 4c 05 01 33 56 bc 6d 88 b3 bb e0 97 a5 6d 96 4f 43 3c 20 1c 0c 5d f0 8d f6 4c 28 03 f3 94 1e 1f 17 7f d9 64 50 af a8 62 ae 0f ed e3 5b 78 23 13 ba ff 6f 9a 38 d8 fb 85 91 7f 60 a3 2d c8 9f e8 24 ee 3c f1 c5 70 5d 3d 8c 51 85 86 d7 1a 9c 56 6c 99 53 20 68 f4 dc 9b 6c 25 71 73 06 06 0b fe 8d 80 37 12 a3 ca 8b 30 64 ce 78 36 4e 04 05 95 ed 43 3b b7 cb a5 92 0b cc 1f 

Trying command 81...
Result: 
ff e8 51 9e 8e fe 75 6e 32 ac c2 d1 37 46 69 ef 9f 6a 08 6e 6c 84 43 1e 11 6b 1d 18 36 c0 b1 ae c2 f9 65 da 14 68 c7 7e d4 7d c2 b6 0a 9a d3 0f e0 33 40 35 2b 9f 91 bb ef 95 d7 a1 8b 14 c7 36 c0 d7 b4 b4 cd bb ba 6c 3c 6a b5 49 6c 6d 9c cf d8 09 2d 19 96 c4 33 8a 96 76 a1 33 21 61 fb d5 ea b6 93 76 db d3 5a 75 61 e8 be e9 7f 45 5c 8d 35 24 24 23 9d 12 fb 8d 62 53 1e 76 97 47 43 d0 58 03 76 2a 3d 01 af e9 cf 4f d3 53 37 29 f0 df f8 3d 64 29 32 6c 18 b2 c8 bf fb 3c 66 77 26 7c ee 32 ce 40 47 d3 f8 4c 50 d8 38 1f ac 96 d8 6b 02 9d ab 48 f5 39 c7 4a b5 40 a8 f5 92 41 1b c7 cc a1 38 79 0a 8f ab c9 62 f4 8d 89 5a fa 05 58 41 39 b1 4b 7c 27 53 c8 dc 1b 46 a9 6d 25 09 fd 57 6c d2 6b 39 33 ed 22 94 6a c4 ac 38 8e 72 08 1f 5f b0 f4 b3 b5 87 1a 0f 0e 85 58 4e 3e d4 e6 72 dd 2d e2 c8 ab 05 33 6e 08 a2 38 18 6b 54 3d 96 5c c3 f3 67 67 4b 82 89 77 78 07 f3 1c 51 e4 0f f1 a3 13 0e 63 73 16 ad 9b 6d 8a 81 23 10 85 8e 1d f2 ab 63 ae f8 e8 f6 b4 e2 58 60 75 47 c3 34 a4 92 42 19 20 4c dd 47 42 ac 48 e4 cc 70 30 bc b4 5c 62 db d0 56 3d d2 b7 82 fc 36 ba 17 b3 ab 0d 8c 2c 4f 2a 63 c9 f4 5d f4 d7 a7 9a e6 b7 6b 6d ea f0 e7 62 0e 43 66 ad 92 b0 8e c9 37 e2 59 db eb 45 44 83 a7 ee 9d 41 59 97 8b 9e 20 a5 02 27 6c 76 d4 3a 9f b9 9e 31 b6 a8 36 a9 4a d0 9d 48 01 96 c6 d2 8a 2a f4 f9 d8 3b 7e bc a4 2d c8 91 80 b9 66 3c 3f cb ae 65 e4 a8 2f 08 9a 1d c9 cb 94 6d 6b 53 91 02 2f 6e 09 54 8a 56 80 7d 97 e3 bd 3d 74 d5 a4 5b 90 a7 ae 3e c7 b5 74 34 1b 13 bc 02 99 18 e4 89 79 00 13 3a d5 27 0a 9e 10 6e 0b 98 38 d6 de 94 77 04 a5 da ee ca 4a 9e 

Trying command 84...
Result: 
9e 69 89 0c 43 ea d8 56 26 47 86 8d dc 08 6d a1 fd 65 6c ec 8b 44 75 6b 3e c5 30 d9 15 99 fd 4f 1f db ae 17 83 6b 8d d3 ff 93 d3 02 bf af 66 49 97 af 8d 0f 1f 15 5f 33 a8 99 07 9b e8 5b 2c 48 04 8a 82 75 74 48 0b 34 b5 30 9d 89 21 b3 d6 70 87 2e f3 5c 55 da 2c 73 8b 56 b8 ad a6 41 8f 1c c4 91 16 30 01 90 15 38 40 31 bb 34 d7 4b 62 4d 4d e7 02 46 24 84 fb 8c a0 21 fe 6d 5b 9a b3 bb 52 be d8 4f d4 0d fd 89 4b af 3f 1f b2 12 c2 dc bf bb 0c f4 24 c1 94 90 5f 66 db b7 55 3d 02 7e fd 4a 34 b0 fd db 65 a2 26 82 83 fd 73 35 47 3b f7 cf e9 fd a8 97 47 f8 f5 43 15 55 b6 d1 0c 8a 93 8d 7d 13 5b cd af 37 ce f4 1e 7f 3e 18 dc 6d 52 31 dd e1 22 e0 03 67 7c 5e 27 31 58 15 02 39 e0 67 e5 0b ea d1 d3 fb 7b 35 1e 51 8a 71 35 65 97 12 4a 0c 6d e3 3b e0 f6 a7 65 4a 39 ac d6 72 3e 0e ef d9 04 cc 91 aa 74 aa 30 44 a7 2e 5c 09 03 db 80 d5 7b a1 e8 a8 25 1f 3f e7 01 c3 a8 9b a2 44 4f cf 65 ba 99 f3 d8 11 ec 66 37 02 b2 6a 18 a3 72 2e 92 0f f7 86 73 ba 72 3b 90 22 d1 4b 72 b8 f5 14 dc e6 77 78 b1 46 8f 6d 15 ac 26 4a 2f 13 a3 ab 46 08 b6 2f a5 e8 69 1d b3 65 b3 a3 85 b1 0a 3c 11 7b c2 29 14 07 71 81 c4 6e 88 ea 91 31 e8 6c e0 db 92 9e 16 d5 f8 e3 28 2a 3b 53 88 9c 58 3d ed 72 21 3c 52 57 af 05 9e a2 9b 0b 67 85 2e c8 50 eb 77 d0 88 da 86 f8 6f ad 57 c0 6b df cf 5c bc 44 e5 ce 17 af 4d 1f 54 d3 76 ca b0 5b 95 06 72 05 90 be aa e3 bf bd 14 b1 b6 3f a9 61 dd 14 9b f8 94 7a 2f 44 d7 d9 43 9e b0 43 ee 33 94 48 31 36 77 30 61 5d d2 89 fe af e0 10 4b 92 2e bb 82 fc 7b b7 9c 1a 00 f4 ac 55 88 2d 6a ff ee a8 0b 4d 05 b7 b4 0b 48 b4 a1 ab d3 ba 

Trying command 85...
Result: 
13 cd f5 5e 41 b8 dc 3d f7 06 94 05 71 6c 55 06 7c 1b ce f3 90 c9 29 d9 59 56 f5 af 67 dd b5 f4 6e 5a 0f 3f 1b 4c f8 c3 38 23 6e 55 67 fb c4 14 69 30 35 e6 94 3f d8 1e 28 f8 69 79 02 fa 91 6d c1 fa bc 98 a4 b9 dc ff dd 92 56 03 0e 8c d2 2a 37 bb ad 9f ee b9 6c 74 5b 29 6e 96 ee 59 07 dc 62 c2 fd 3a d2 6e 92 72 cd f1 b9 6c 61 11 66 ea 7a c8 8d 3a 99 d2 1f 2c 52 63 8f 53 c5 b6 95 90 26 11 5f 14 8b 5d 5f 04 a7 2b 00 2c 05 23 c9 7d 15 ff ca 81 fd 92 7a 1d a7 42 9b e1 32 61 33 2f 67 3d 26 b8 43 18 ec e2 89 4e 05 34 1a 91 74 53 ee bf 30 e0 6e 12 62 00 a9 2c ef 90 a0 7d 2c 7c 20 75 7a 90 2f 8d d9 58 5b bc 1c 5e 2f 46 d7 c6 0d 2a 39 97 7e 11 cb c4 9d 1d 5b b1 78 11 1c 8c 47 54 31 f1 68 c7 31 07 23 2b dd 2e 45 e2 23 bb ad 74 65 3e 67 0b 6f 83 de dc ec c4 9e 6a 58 be 4e da 4a 62 f6 a6 56 7d c7 37 d5 6b 1c e9 08 c5 aa d7 d5 20 e9 fa ea cc 08 42 ae 10 f5 fd 08 5e 16 f4 43 04 30 a3 3a 26 f1 2d 26 59 02 ca 58 53 6f c2 5c 78 ed 56 10 35 e9 96 04 3d 41 2d 3a cd 63 e2 a7 c4 f2 6d cf bd 28 10 57 07 92 85 f9 95 8b 2c a6 a7 be b1 0c b6 a5 73 2e 0b a8 90 8c 04 8a ef da f3 8d f6 e8 0c 0f b7 bb 27 b2 02 4b 50 be 76 aa 76 23 4c 32 05 01 e5 42 1d 3e 61 13 41 14 f4 fe 34 48 01 d7 1e a3 30 11 db e7 91 9a 7d 73 53 e7 31 79 4b bb 48 d1 02 cf ef 38 b6 be cb a2 4d ee 19 a7 ca 46 91 14 f2 54 18 34 2d f3 bb eb ac 2a a4 d1 be af ff ef 7b 64 2c 6c bc 99 63 ae 4c cb f1 48 0d 3b 5c 10 b0 23 93 0b be 60 1c 1a a9 fc 54 af 6b 6a 91 20 16 2c 34 9c c5 47 cb 73 a0 82 bd de b2 13 2c 40 b9 99 7f 06 52 e3 8f 0d d1 b4 12 b8 4f e7 93 8e 6e 49 da a0 40 34 36 

Trying command 86...
Result: 
b8 c5 66 4e 58 b9 15 0c f6 ee c6 fc 01 c3 03 e8 42 ee 33 69 42 b3 f7 63 51 3a 33 d8 d3 eb 0c 63 00 0f ae eb 86 ac f8 08 00 78 fc 40 9e c2 25 82 9e 47 4a eb 62 51 76 d1 7c ff 9f 97 68 b9 4c fb 04 1e 25 56 2e 00 2f 6d 17 0c 11 a5 06 a9 83 4e ba 39 74 04 08 b7 f3 35 09 35 09 ec 5f 17 95 3d 67 4e 72 07 a9 48 ad 76 6a b1 31 08 3e 39 98 5b b9 3a 80 9f 0b 10 77 34 57 71 47 9c 9b 3e f8 0d ae 35 a2 08 96 48 c3 a9 bb cf b9 1b 16 e8 31 77 3e 33 9d 2e 03 be 38 1f 84 9c 51 1b 38 16 61 1a 88 a1 96 65 f1 88 d0 a6 53 3f 50 ff 9f fa 40 84 36 41 73 e2 3e 87 bc a3 07 dd c8 11 0f 8e e7 d6 8d 27 65 7e 86 7a bb eb 29 b3 7b 87 77 1b 78 67 fc 08 e5 1a 1a e9 65 b8 59 75 fc 6d 0f df 69 e9 3b ae 63 2b 4f 43 19 9f ce 6a 7b 99 f4 12 83 cd 38 67 65 80 b7 dd a0 f0 d3 8d 49 08 60 72 e2 3d bf e8 b8 03 de 1b f1 11 85 bc 10 1d 8d 60 03 fb a0 bb 47 52 0b c0 17 c3 7a 6d 0a 31 23 f7 83 36 3b 8a c5 7a b2 16 6f 57 00 56 ae fc f2 b6 5c 52 01 7d 7c 66 7b 47 eb 1c 94 6b ab 93 63 1b 2c 78 1a 40 29 41 35 8d d4 82 02 60 95 7c 8c 5b fc 39 78 87 ea b4 f4 03 7f 77 20 1c 99 06 11 f1 6f 7c 63 98 e1 ec ac 47 ba 5d 89 e7 d2 c2 82 99 ef 94 0b f6 7c 17 56 b2 d5 15 a2 bf fe 98 04 3a ae db 36 47 fa 2c 85 07 9a 11 e0 f1 82 fc 3c e6 48 25 99 13 f2 3e f6 81 98 b2 31 f0 ce 12 5a 6c 12 ac 69 fb 12 47 d5 98 ee 7e 2b 1c 33 dc d7 72 17 6c 27 d9 3c 4d 15 43 13 c3 4a b6 10 7c ec a4 89 ad 68 9b 39 44 21 06 8f f2 96 b2 d9 00 ba 10 31 6a c5 9d 77 4f b5 8f 7c b3 ed 23 7d 93 0d 41 c3 8c b6 35 df d7 bd 99 0b 39 56 36 34 ff f0 e3 aa f3 f3 8a d7 e7 85 68 b5 b5 13 78 16 f0 5b 60 9f 6f 

Trying command 87...
Result: 
e2 5a c5 b1 c8 4c ba 86 f4 9f 55 34 af bb 8d 1d ea df c3 93 c0 74 19 48 ae bf dd dd f1 be 27 72 09 d3 11 22 5a ef c6 12 51 bd 37 d5 df d3 54 e6 83 2c 0d 52 f0 5e d8 b0 69 c2 2f a2 fe 5c 43 5e 5c ae 39 88 53 a1 af 2f 66 65 2b 1a 99 55 6a 3b c4 83 8e 5e 5d e7 df 83 0f 4d 43 91 cc 16 17 38 9c cf 9c ef 00 a5 5b 98 9b a3 48 db 8a 7c a1 ab c0 5e 7c 47 c3 89 09 23 7a 35 8a 70 96 b8 81 81 84 1f 23 55 dd d7 97 98 01 2e e0 2e ef 65 d6 98 16 2d 99 c3 47 7c 12 1a de 4e 94 df 0e ab fd 44 a1 4b ee a0 78 fc ce f0 c1 82 cf fe 07 3c 32 f8 a3 e2 c9 33 2f c6 99 4c ab 25 fe b4 4b 56 10 a7 94 72 8d 1e 5d 50 05 8e e6 eb 52 4f 9a 6c 98 91 80 35 a3 d8 00 86 3b 19 a7 de d1 66 aa a2 8f 56 bd 4c 6b fe 65 d4 d0 77 c5 d9 c3 3a 36 f2 97 68 7e 65 7a 48 9f 43 2f 1f cc ed 30 dc f0 78 cc 19 df b6 7b 3c 35 dd 9c d9 be fc 61 50 1c 47 2f 49 97 b3 e2 44 9c f3 4f 84 c4 ac 3a 7b 67 a3 19 3e f1 5f d6 31 d4 a3 96 3f 20 1c 54 f0 35 c0 17 a5 23 8a 8c 4e ed 54 9d f7 45 27 b7 a6 30 a6 38 f3 70 87 b7 a3 e3 9e ad fc 71 9d e2 53 32 f4 08 5c 63 f6 df 38 30 c1 49 82 4d 21 d4 af 2f 93 57 21 a2 dd 95 1e b2 56 3f 8c e8 9f 26 58 e0 e9 b0 77 2b ad f4 f3 43 9a 68 ac 9f 5f 93 8f 5e 87 82 f6 31 e3 74 13 94 07 9c 9b f3 7c ac a3 1d 22 4c d7 97 21 b5 28 2e 8a 7e 30 13 36 cf a0 1d 89 ad a8 d2 0a 38 dd a2 bd 62 c4 77 96 80 df 69 f5 2d 3b 8f 42 a3 a1 b1 ec 20 a7 64 c7 4d 6c c7 09 44 10 1b 23 b0 09 20 fa 64 32 f4 fa 43 0b 10 7d 83 c5 5b 61 54 4d bf db 35 a9 04 01 b3 a3 3e 1e f7 9a a2 e7 07 6a 85 38 5e 5e 9d bc c6 39 cf b8 48 43 35 c4 33 71 2c 4a f4 b3 30 07 7f 8a ef 27 d0 9c 

Trying command 88...
Result: 
a9 26 d3 cb fe b3 8b 15 59 70 75 64 6f 86 f7 34 bc dd 58 a5 06 46 ca 54 1e 3e 93 98 8f f8 6f 0d 88 7b f4 21 e4 5a be 19 b4 04 49 31 39 4a a4 dc 0c 09 2d ca 39 a6 26 3b 90 2d 4b 15 77 ee 15 14 82 39 77 7c 4b c2 c7 3b 3d 6b cd 5b 78 12 8d 23 62 88 20 9d 2d f1 06 51 c1 b8 80 7d b4 ae f4 0e 1e 26 32 f5 d4 64 b9 4d d4 fc c9 39 a9 47 d2 34 f9 0d 95 6f f4 df 19 c8 3a fd cf 27 53 3d 66 76 de c3 2b 59 f4 f8 c5 1f ab d6 35 93 27 a2 3c cf 66 ae 07 f0 97 ba b9 b6 c4 e9 d6 53 3a 4d 43 b4 6f a8 7f 70 41 cb db bf 41 fe eb 78 c7 eb f3 80 b1 e4 35 77 13 c9 04 bc 7b 4a 50 ae 85 78 3f 79 a6 17 ba 30 65 b4 30 53 f6 78 36 ed 16 58 8c cc bb 47 29 02 2e 7b 16 a7 5a e0 d0 8f 81 79 25 c7 f4 1d d2 7b c6 3d 23 e4 68 8c 39 58 52 ed 6e ac 9a 7b 82 22 dc e9 42 6f 6c ee 2a 35 ca 64 60 66 24 1b e4 17 c6 2d f8 56 60 8f 75 75 e9 29 0d 72 20 3a 5e 33 d3 d7 70 2e 6a 30 3b e5 15 e1 c3 c2 69 90 40 4d 8e d3 2c 5f ff 40 65 af 42 8b 13 a0 be 1e c4 9d 44 64 1a 03 bd 28 03 30 ed 52 a9 c7 4f 81 c4 ea 96 02 65 06 8c 2a 81 2d a2 0e b8 8b ac 1e 83 77 69 b9 71 f3 fd fe 3c 52 9d 28 c7 de 9a 41 e3 a0 1e ef b8 0e 31 32 d4 57 df ed ef 98 7b ae 81 2f 06 21 15 81 e1 0c fc 66 c6 da ff 5f 6c d2 46 34 d6 93 e0 1b 9e 79 80 12 5a 82 52 7b c2 c7 ea f1 7e bf a8 eb 31 7a 20 f0 5f b5 f4 c5 9c b6 4b 5a 13 86 c1 d5 9c ec bd d3 4e 4e c2 0e 38 f8 c1 25 40 6a 13 62 9d be c1 fd ed 9f 7c 20 6e c4 fe e5 09 21 49 f5 0b bc 17 e5 a3 7e 10 18 12 de f2 a3 6b 0d 71 24 f3 04 41 c9 c6 63 8a 74 e5 19 d1 ab d2 4a 70 c6 19 27 8a a9 11 73 b3 34 fb 65 ba 86 ec 65 4c 32 a1 94 e2 eb 4b 4f 94 ae 

Trying command 89...
Result: 
e2 ab 08 4d b2 7e fa 78 e4 7c c3 e7 de 46 c8 d5 f7 cc 2d 70 b3 5e 2c 7c 8d 35 70 5b b7 61 80 79 8a e3 51 d5 95 5f c2 5c 24 91 67 5a 04 a3 4e 9e 27 d7 78 9a f6 79 5a 07 b4 d5 1c 41 74 48 8b 0b ad 49 fb 50 1c 0e f3 85 6b 5e 64 64 50 8a 84 6c 63 bd ca ee fc 7b 92 f0 c2 20 b5 86 b1 77 38 63 7f f3 1c 67 f7 b3 1f 00 38 cd 56 0e 6f cd 26 d2 b8 3b 45 e5 4a 94 ed c1 b7 ef 08 8f b5 49 8b 5f fe 1e db 62 18 47 18 ed 7d 29 11 37 c8 c2 aa f0 ae 54 6a 18 08 70 73 59 9b e9 2a a6 b1 93 fb a2 0c 65 30 64 c0 cc 58 9a 45 50 38 1b f7 80 bd fb 8d 67 d1 6b ea 88 b1 94 31 0f da 62 2f fc aa 95 b8 38 31 96 fd fb 59 ed d4 31 63 0a 12 2d 1b 1a fe c6 86 d7 ee 52 17 06 0e 79 8e a2 06 d4 ee 05 cb b9 9e ca f1 2a 33 4f bf 95 be 83 a1 9e 58 1f f5 0f 87 f4 d2 4f 5c 65 e5 20 c8 24 3a f6 09 e2 04 9b 04 df 19 09 f7 3d 19 7b a6 33 26 e9 87 5c 0d cd e9 ae 14 0b 47 cf e6 8e 1e 77 8c 57 b3 f6 fc 65 3a 22 0a 9f 9b c5 ef ad 3f 25 f1 a7 d8 67 b6 af a1 29 fb a3 45 90 b1 38 49 ee 23 eb be c7 c1 4c 22 7e 92 9f e3 7b 43 86 33 be 9e 99 6b 99 72 8b 4f 96 f3 3a a0 96 ba 8a 3d e5 b0 3f 00 d9 bc 39 d7 34 70 2c 61 33 d9 9c 0b c8 82 58 ac d4 dc 0a a7 17 98 de 6f bb a1 4e 6c c0 07 b3 13 96 ea cd c4 35 d5 b5 dd 95 5b b0 a5 1e 1b 91 db f5 ef 34 34 f5 8d cc 4b 9b 94 08 a2 df 23 c5 93 31 09 cd ea 59 e2 8d d3 69 db 52 af 75 23 a9 c8 21 da 78 f5 c9 06 4a 85 c4 1e ea fc fb 74 f7 ef f0 d4 1e 73 a0 23 55 ae 6f 5f 13 fa bd fc 37 5f d9 8f 33 2d 1e c2 af e7 1e 5d d4 86 7d 59 01 07 34 3d 77 35 41 98 8a 28 83 1d c5 60 b5 67 9f 5d de 8e e3 b2 4f 8b cd b8 cc 30 aa 6c ea 94 36 1c f2 

Trying command 8a...
Result: 
41 8f 29 34 2c de 43 9f 37 34 e7 05 ca 28 b3 43 36 ff be 50 9a 5b 5f 29 43 9b 94 52 ec bd ec 8d ad 83 fe f5 e7 de f7 f7 2d 78 07 49 17 e6 40 32 0a ee d9 d9 8f 52 55 1f e8 10 3f 78 84 24 24 8b 0e 24 fb 6e 99 2b 71 ff 17 eb 9b ac 02 d1 e3 1a 56 93 0f 8c 9c 4c b6 02 84 34 75 49 f7 e6 05 b2 39 39 c7 6b 9b 42 66 18 b8 7d cb f4 46 4d 93 c7 d8 6e ec a6 15 31 b1 07 f7 85 2e 68 0b 65 87 a9 f5 9c 84 d6 ab b3 4c df 16 62 4f 88 74 d4 b5 56 fd 98 34 27 2e 63 87 3f 40 ac cc 8e cc b7 b0 f5 2f 1e 0b e5 84 d9 e6 63 96 35 4e 83 ac 5c 65 b7 b1 92 3d b9 c2 10 b5 ef 8d dd 07 d5 02 7b cd 2e d1 90 df 97 f4 13 1d 8b c1 ea cc ef 50 49 d3 7a 14 2c 63 b4 8c 5e a9 a4 f5 da 5a 47 be ce aa 0e 66 47 b6 e5 d4 c2 8b 8e a3 04 84 95 51 5e 9d 34 48 39 8f c4 10 46 63 70 34 ee 2d 21 a2 35 6e 64 1c 5c 7d 01 7c 0c 51 9d a8 62 e8 b1 18 a4 07 ee 92 65 e2 ca c4 9a 29 8e 08 63 c5 45 bc 33 29 55 f5 48 1e de d3 dc e4 ef 60 ab af 7a 60 8b c7 f8 cc 85 19 46 e3 0b c8 cf a5 53 7d 59 cd 1a 37 78 b8 22 67 05 71 bd 90 75 93 dc 2b 2d 94 6e 78 8d 5d 5e 43 04 09 58 50 21 98 97 e0 7c 41 40 82 32 e7 21 6d b1 02 c5 86 87 81 c5 10 fc ed b3 fe fd a3 d3 9d c0 0d 73 09 57 46 e1 56 86 fb 4d b0 4f bf 56 78 50 02 6d 60 57 16 3d b8 3d bc f3 91 ca 09 a2 5a a7 ea 22 aa fc c5 8f 7b b9 2d dd d6 a3 b9 2e a6 bc df f7 28 ed 36 ba a4 a8 dd 26 dc ca 21 1d ec 22 1a 0a 8d e5 4b 80 3c 4f 6d 7c 15 f3 b7 2d 6d 08 1f d4 4d b2 35 17 5e 1b 32 0a 18 80 3f 2f 26 06 e5 e5 39 2e b9 f8 e1 98 69 f4 88 59 bd 22 66 c5 a9 33 8d e2 1e 68 78 05 e5 e9 78 a1 22 09 ce c3 06 ca 51 16 dc d6 b5 67 59 e6 4c 34 

Trying command 8b...
Result: 
ce 5a 87 ea 8d ba d9 0d da da 12 a7 85 a6 38 8a 11 14 05 fd 48 28 89 e2 61 0c 47 33 0c 11 f5 96 28 65 fd cf dd 9a e4 24 09 b0 10 be f7 28 93 05 f2 4f f9 ed 41 c2 f6 5b 3d a1 a9 31 ef 5c 5b 8d f0 ca d8 36 0b 16 1b d0 a7 17 11 a3 64 f4 36 42 33 e2 dd 4c 69 c8 66 5d 19 0b fc a8 87 94 16 1a 1e a5 8a bd af b7 1d ad 44 f3 e1 48 a1 9b 77 7c 7d b9 a8 c6 b3 00 a9 92 3a c9 6a 9e b1 f7 98 71 3f c3 27 1b 9e f0 80 0a e4 27 b7 66 f3 0b f6 43 2a d6 94 11 e2 89 36 9d ef 06 4b f0 40 a1 57 e0 ab 9b e6 e2 f0 2c 61 dd 69 bd 05 ac a4 45 a2 96 e8 6b e9 cc 17 26 35 71 7a 58 ae dd 6e e3 12 0d 10 66 aa 61 84 ab 1b 06 0e de f7 1d 70 47 fb 56 f1 8d a5 ef 60 61 ef e4 63 0a 8e b1 e0 28 91 b8 ae 9e f4 9b c4 57 82 73 af 3f 6c 75 ff bb 5e 4c 95 cb 80 30 7e 52 a4 c1 39 2f 76 ad a2 5e d3 ab 90 3e a2 d0 13 68 80 76 80 e9 5a bc 1f 93 b9 0c 45 8b 02 9a e9 17 ca 3b 3c 8b 79 58 21 ed 69 36 89 67 9f ef 58 98 9b e0 48 c1 df 5b c6 6f cf 39 65 c6 8e b1 57 a8 fc 94 4e 11 dc 8b 78 8e bc d9 3a 88 1e fc a1 09 b2 2b 9a 8a a4 d2 aa 07 9e 53 a9 d4 08 2e c6 18 17 df 8e c3 42 9d 37 00 39 f1 84 fa ea 0b ad c8 e9 b1 7b ce f0 8a e5 4a 5e 88 db 64 75 8b 59 8a f1 c9 9a a0 e7 06 b5 00 c0 61 ca 18 41 97 ab 81 ad 35 c8 a3 d1 fe 03 97 f3 46 14 47 72 46 64 57 39 ec 24 55 3d ef 99 80 e1 4d 02 00 07 87 77 e2 d6 ef 53 b9 4f 26 3b 9a 61 3f 53 18 83 ab 7f f2 fd 8a dd 5f 33 15 fd a8 c1 14 16 b5 ce 68 87 87 3b 69 44 e3 47 a6 e7 21 9c c7 2c 24 74 d3 27 ae 1e 8c ba 93 57 71 b8 a8 8a 00 49 3c 98 cb 2b ef f5 e8 29 ca f8 f8 16 3f 73 58 78 fb f5 93 91 9c 3a 54 88 db 33 56 27 9d 61 c7 

Trying command 8c...
Result: 
d3 0c df cd 79 c6 1e f2 2b 26 d1 97 f8 a2 c4 54 df b8 cb 70 f9 c9 eb de fb 42 2b 25 9e 72 0b eb 32 67 f8 90 5f fb c2 41 96 e4 71 37 42 5f 2b f7 32 9f 76 42 c0 64 75 55 dc bf d0 4e 59 b8 78 29 53 12 d6 98 0a 08 b8 0c 3a a8 0e ec e1 37 3f 12 1b 00 67 99 bf 83 59 b0 96 08 c7 ad f9 28 03 45 c5 fb bd 90 0a 06 a4 8e 3b 8a 27 44 75 27 46 04 27 3f 6a c2 f9 95 f5 9f 72 36 8b 56 ed e2 88 32 f9 ef eb 09 cb 7c 9c 00 93 65 dd 2d cc 7f 31 a0 52 76 fc 6d 60 2b 90 eb e7 41 d8 e5 22 4d 15 ba 20 48 bd 4c ec 99 9e ab 6f e5 49 10 92 75 78 5a 3b ef b5 c8 ef 82 24 84 f8 5f 51 2a c9 8a cd db cf 34 60 98 8c 61 77 9d 73 f9 15 c5 64 9f a6 89 b5 4d 15 0c 8a 34 0d 20 a1 27 83 38 ff f7 eb 2b df 93 c9 2d 4f 51 08 9b 7a af 30 6e 46 4d b0 74 b0 e4 a8 fa 6a ec 61 32 57 a8 99 7b 81 d9 6a 4f c0 14 08 57 d1 f0 e1 59 2c 3c c8 e8 ad 55 fd 3b fd 80 0e 55 bd 51 6c bc 6a a3 54 e3 1a 49 32 1f a4 62 d2 11 d0 1d 09 bd 79 04 36 81 13 41 3a 96 fc 0e 7d 81 6f 9c ee 53 f0 95 b2 41 bc b3 96 93 33 90 69 64 1d 35 0a 48 3d 83 b0 a6 58 70 97 e8 85 3a 1e e7 99 7d a7 62 c0 86 74 87 68 39 29 8b 38 5f 3a 60 61 5e 79 84 cb d4 df df 75 c2 55 c7 ca d1 18 92 f1 3c c2 8b a6 d2 ca 75 30 35 44 a5 5e 3c 40 18 42 89 35 b5 85 0d 7d b7 72 45 73 87 58 c7 9e 21 d7 05 32 bc 2b 35 61 92 54 0d c0 8b 0a 79 0c 88 16 cd dc e3 42 df 50 ee 64 2c 98 35 3c 05 0a e0 b8 c7 c6 7d c4 6e 83 5f 94 16 d7 08 34 27 b8 fe 60 61 ad 73 8b 19 0e 72 31 56 50 5e 36 48 55 32 fc 20 a4 54 a6 2c aa c9 f8 a7 1a 99 81 81 4a e0 f2 f0 da 87 d4 48 18 74 dc f7 b2 16 08 8b 14 03 50 2c 3c 1a 27 78 27 3c 19 5f 83 92 

Trying command 8d...
Result: 
62 c1 bb c5 34 c5 03 13 83 1b 2b b7 55 72 b3 30 56 fd 50 47 c8 52 fc bb eb 12 60 a8 37 d7 d8 29 b5 26 9f d9 93 bb 9e 13 f4 14 89 56 0f e5 91 a1 ff b6 6b f3 f6 47 13 62 c4 e2 4b 12 c6 11 0f c7 f3 5c 38 6f 27 7d ea f1 da 46 d0 85 97 50 7e 31 f4 95 90 23 f4 55 08 fa 8a de f7 0f f2 80 3a e0 cb ae d8 97 6a 10 65 08 ea 1c 2f 9e a0 af 52 2a c1 a5 91 18 20 8a 43 ae 14 cd dd 7c d1 58 86 23 25 77 93 78 bd 9a 00 9a 5a 95 3f 55 ff 9f 23 2d 04 1e 20 e6 4e c3 69 35 82 6b 1d 31 be 62 c4 eb a2 95 fa b1 27 01 40 19 73 29 08 eb cd e1 5c a9 21 db 58 22 ae fc c6 50 d8 d4 93 51 21 f8 3d a1 0c 62 4c c2 bc e8 7c 79 2c f5 f0 65 8e bf 36 27 1e b8 e9 b6 19 22 f8 e2 73 81 7f 76 23 1a e2 2a 41 b2 3e 6e a1 57 ba b9 3a c6 58 c7 70 54 7b 81 38 73 55 7e 35 d0 56 84 88 1b 4e ea e0 fa 34 e4 8e a6 e6 81 f4 bf c6 56 dc f4 0b 57 a4 b1 c0 e7 1c 00 1e 53 ab 6f ad 8a b3 b5 13 29 50 b0 3e c5 cf 84 c8 85 7f 6c ae 02 ee a0 3b 0a 7a f6 a6 e4 13 22 e9 2e e4 b9 f5 d8 3c 80 71 28 62 3c 8e e8 64 01 84 36 72 a4 a5 b6 b9 bf cf 60 5b e6 20 34 d3 8e ce 36 39 84 b1 b2 36 82 f7 aa 17 f9 7b 15 35 6e f8 19 d3 eb e0 17 15 2c c5 f6 a8 a0 8d 03 34 5e 4b f4 de fb e5 b9 23 b1 6c c6 00 9f e1 c4 24 5d 27 16 90 f6 72 48 6b 62 fa da 8c b5 b0 14 ce 07 e0 68 eb 25 84 82 b6 57 a6 c0 67 37 22 f2 f0 53 df 9c 78 2b b2 d0 03 fe cd 7a c9 54 fb 66 cd 6c 99 38 2d 6e 33 c2 6a b2 60 d3 62 d7 8b e4 a6 dc 61 b5 ba 73 49 5a 1b d1 fd 8c 91 90 01 17 d9 a3 f1 3f 36 28 f7 e9 bb af 72 bf 25 67 9b b4 c8 f8 22 d3 4e d3 c0 d9 52 d7 13 a8 4b b2 f4 95 b2 ba d7 af 57 d7 de ae 6f 14 86 a2 c4 55 87 87 

Trying command 8e...
Result: 
24 37 29 13 72 f5 ea 3a 9c 1f cf d2 a0 bb 56 0e ed c4 84 20 15 9c 89 aa 4e a5 98 94 d5 52 4a 13 21 1c 1e 5d 8e e8 24 f0 79 cc 65 3a 41 01 67 2b a9 5d 80 59 05 af aa a1 d1 6f 12 0b c7 0b b6 32 58 0c 5d e9 9d 5f dd f6 41 93 af 39 84 2e 72 d2 ee b5 53 b3 52 79 61 7c 70 90 12 bf 24 ab 79 59 8c 0a e0 f2 12 d5 31 70 d2 6e 41 81 94 18 41 a9 5c f9 c1 58 7f fa 08 ca 36 58 b8 f2 28 96 bb 1f 7b 1b ec 38 cf d3 07 49 f9 75 7b 3b cf b5 a9 83 f5 90 a2 24 73 5f 46 f4 2c 8a 13 9b 3c 42 c8 1e 8f 53 a5 ee 65 f6 fd 99 6d 6e b8 01 da b4 3d 5e 41 b4 e1 af 32 ee 0a e0 bf a8 86 eb b0 25 0c f2 5a 0e 47 d4 18 f6 47 50 fc ad 63 6d 07 27 27 a1 1a ab 1f e7 a8 ec 67 6f ad 2b 68 6a 4c 0f 18 63 e7 49 b7 3e 3d d0 e2 53 a5 f9 c9 63 b3 df 51 c1 3c d3 58 75 28 a4 74 d6 33 4e cd 63 f9 99 0f 31 a8 04 be 09 22 30 e6 6f ce 43 17 11 f6 f1 60 e2 45 a8 25 50 dd 26 29 9a 08 e0 c7 d5 cf a6 de 4c 43 0d f9 cd 08 1e 91 58 60 d9 e8 17 22 47 2a 0d ab b3 16 f0 ce 61 57 42 6b e1 34 33 9b a5 41 ca 9e 71 c5 e9 e9 97 57 69 78 5a 3f b6 28 e5 d0 18 28 50 b4 8d 88 95 73 fa 76 0a 15 e9 2d f0 3b 2a 9d 0c 11 8b ee 50 b6 0a e1 75 b0 1e 48 f0 a8 6b c8 11 27 58 bc cd 5d f9 39 0d de ef 41 66 9b fd b7 83 ae cd c3 fd a0 86 81 92 b3 d9 9b ac 77 b1 71 e8 27 24 ce 11 f0 9d 27 0c ca f0 74 e1 4c f6 cf 8c ea 9b 3b d6 08 69 64 de 33 bb 3c 78 37 6f e2 9c 96 e6 6a 1d e8 d6 54 f4 66 57 d6 40 58 aa d5 ba 78 59 a3 74 dd fe 41 31 64 b3 87 6d e3 26 a9 72 de 75 ca 85 c0 bb 7d 5d c2 0e 77 55 ab 72 32 b3 ba 2d 96 84 7d 2b cc 5d 4e 23 b9 f8 d8 cf 04 4e 50 fd ec 56 2c 1f a8 7e 49 a4 8b 29 95 d4 

Trying command 8f...
Result: 
9f 55 18 72 95 54 0c ab d7 9e c8 f2 04 20 b4 24 5d ef a6 80 14 3a 9e 62 3f 3e 75 5c 5c f4 7a 7b 5d 5f 95 b7 2b 4f ee 48 f9 3a 1f f6 f4 ad bf 4f 62 0f 6a df 11 9b ff 48 ea 4d c8 bb 90 5f a6 7a 89 2b 39 dc c9 8d 74 14 33 6e a2 ba dc 76 1c 0f 73 c3 a4 f9 0f ca 75 ee fe f0 85 3f 4f 5f 84 e8 ff d8 de b7 79 33 aa 41 85 59 37 8d 21 99 1a cf 63 1b 66 97 2f b7 00 ca 5c 82 90 83 05 06 97 0f 0b e0 45 d5 38 f8 40 09 0f 4b 5b 19 cb 71 2f e5 e7 7e c9 c0 74 e8 64 a8 29 b2 ea 60 14 7e 91 49 4b 0a f2 03 c0 c8 71 70 55 5f a4 e3 9f ea 45 11 13 91 66 39 f2 c0 cf c5 86 cb 31 66 7a de 66 54 0d 07 f0 bc 50 c5 53 84 b5 56 72 30 d9 c5 ae de a8 a2 68 08 56 e6 b8 9b 76 65 5e 6c ba 09 cf 65 5e 23 b6 c7 24 c8 88 ca 0f c7 e9 49 99 4a 19 28 5f ca 0d 63 3d fa 98 28 08 63 01 25 aa 4e 81 cb 85 6d 19 e0 19 16 c8 63 b5 82 b0 78 c4 16 48 e7 dc bc 0a 18 32 8d c0 3f 73 20 48 56 96 e3 85 4b d8 02 46 5f 15 e8 ff 91 8a ef 98 2c f5 77 ef 7d 08 1c f6 31 30 e1 a0 58 fb 59 c4 bf fb 4e 5e 49 6e 9e e1 cb ce 39 61 a1 09 df c2 5d 76 e7 7b d2 61 b4 06 53 a1 de de 61 c7 b1 9a d5 6a 3f f8 1a 87 bd 96 40 ef e6 52 64 7a 91 49 0e 47 fe a8 56 96 c9 70 b4 aa 2e 2c 11 e3 a3 af 45 c8 06 ff 80 70 e9 58 0c 36 09 4a 6f 07 92 3a ef b0 6b 66 e0 5b e6 a6 4a 8a eb 69 8b 05 32 d7 d1 aa e6 fd a2 37 5c 32 79 dc 13 97 0d 9c 0f 61 5e 73 1f 93 cd ed e5 64 b8 4e cb b6 d5 83 18 80 e8 07 a5 36 be df 1c 2b b3 2c 37 3c e8 84 e2 b2 ba 65 3f f1 37 ab f3 f5 1f 4b 6e ff 5f 0b 70 d7 6a 91 10 c4 93 4c 13 69 12 f4 68 79 a0 3f b4 1d 2f 9c 4e 32 ef e3 bd b9 2a 1f ce ec 41 62 3e 4b 3a 07 79 d7 1d 

Trying command 90...
Result: 
c6 2e cf e8 c8 47 8b 5c a1 43 9f 6e d9 4b ad 1b 97 9a 37 a2 ec 2f e5 5e 60 03 63 b4 04 e9 19 e9 42 0e ac 05 89 23 66 7e 87 36 55 e9 99 a4 63 16 48 1a 37 da 2c fd 5c ef 15 d3 e1 82 ee 9c 8a 5d 74 0f 64 ce f9 d8 88 c9 87 12 7f 11 00 42 ee 02 0a ab ea 97 3c aa 47 b6 2d 5f 3c c8 ed 12 ee e3 2c 94 a1 0d 83 1d 75 d2 4a d0 7c d6 68 90 05 ad 0b 25 c1 64 dd 4a 84 4f 85 90 a9 a1 2c 4a be 05 8a 22 f4 99 6a ce 01 a4 b5 00 12 dc f6 e9 1d e7 5a 0b 45 bd c8 86 88 07 f3 66 64 52 ce 51 4a 38 c9 8d 0a ea f1 33 fd aa 1d dd 68 f6 49 9a d6 a2 03 d7 63 e6 53 0f 2d ed e3 14 68 6e 21 74 9d 4f 83 2f d7 e4 0f 3a 6a 37 73 ce 7e e9 71 c8 1f 5f f9 c8 12 24 71 f6 e5 fb d4 e0 84 f5 31 8e ff b5 f1 ed 8b 0e c7 44 2d 44 b4 0b 37 2a 3c 9c 96 c4 be eb ca 84 ed f0 62 3a fa b0 f4 f2 63 a3 de fa 24 bf e9 45 34 0c e8 8c 77 86 f0 e2 84 52 30 b9 b6 1e 59 af 2e 21 f8 66 98 e4 62 93 38 63 38 db 1c 7a 85 5a 2f 0a af 9d ea 75 5d db 21 c2 39 17 46 8b 2c 3a ca 0c 5b 4a 7e 18 85 5f 9c b4 0f d2 48 51 a9 ef c6 f3 09 8f 24 b5 39 49 46 8b 46 51 d6 08 64 35 90 13 02 e4 a1 dc 12 8d 18 c0 d3 d8 5a 4a 44 25 3f d3 10 0c 86 c9 e7 d6 ea a3 34 7c 8f f2 89 da 00 5c cf 91 c0 16 2d 63 a7 0d ec 78 a1 c9 e9 04 c4 69 78 04 b6 3d 16 33 fb 87 88 44 1d 7f 84 54 9c 8f ba 8e bf d5 da 6e a7 b8 c8 eb 7f 16 a8 e6 30 74 f0 11 89 d6 3a c5 11 26 6a 99 36 92 e7 b1 d8 e2 42 9a 78 73 92 aa 7c b6 a2 8c 55 2f b2 ba 3f dc af 03 71 17 02 8d 4a 6c 8d 52 ed c0 bd 1a 89 90 c5 8b 0b 79 75 1e 06 50 9f 87 ff b0 25 98 55 e8 36 19 4e 9f af 05 93 4a e6 d6 c1 86 78 de 4f e6 a8 9e e9 92 8b 88 a2 60 ce 84 

Trying command 91...
Result: 
96 d6 a6 d3 71 d0 96 0c 5d 5d e7 8f 71 c5 73 4c 1a d9 43 43 b9 6d b9 3d 93 d5 91 c6 3c fb d3 d0 47 bc 9e 66 f0 52 87 5c c8 5c 04 2d f1 08 9f c8 89 5e 1b e2 14 e4 b5 d7 ec 4d ac 81 c8 15 c7 74 80 2e 8f dd f6 49 ca 72 75 bb 26 9f 4a fa 58 ef 77 af 88 76 63 b5 42 3d 31 f5 c7 9d b8 da 69 7d 62 2c be 34 d8 eb 1b e8 8e d3 bd 68 30 f5 3e 77 29 23 e0 03 34 8c e6 1c 2a f0 f3 77 bf 8f 44 0f d0 43 7a b2 74 c6 62 d3 bc ed 27 3e bd 42 1d 82 9c 5f ff 10 fd 40 b1 6a 3c 36 a2 75 f0 6b f7 08 87 7c ea fa 55 a4 31 dd 0a 07 35 2b e9 76 b2 19 47 89 56 45 fa d7 73 a4 35 48 1c d3 dc c7 a4 ee 6f bc d3 ec 1c f7 28 f4 fd af 5c d1 a7 6a 5e d2 c8 e9 2c ea 96 32 8f f5 7c a3 18 cd 94 ee a6 5c 30 7b 6c af ba f8 52 83 65 45 08 b4 42 c4 29 69 98 fa cf 58 9d 94 a0 0d 8f 39 6c 9e 6a 24 26 e2 ad 8c 83 d8 c3 b8 e7 ee 68 6d d6 ea 31 ef b6 1e ed 35 37 7f 31 fe e9 fa bc e6 ed 66 32 53 2f 4f 86 95 a6 3e 07 24 85 a4 40 5d 49 bd 66 c1 c7 77 5d c5 f4 6f 8f 91 9f 30 34 28 db 60 51 50 09 44 a7 52 1a 73 74 f0 bb 60 84 8c 23 b2 54 a8 b1 2d e5 d1 cd 2c 37 14 18 38 c1 51 31 e4 f8 b9 f4 e3 ac 38 fe 2f 91 09 86 1b 09 0f 06 ca c0 78 42 df 4f 69 b9 96 d7 35 35 ea a2 6e 2b 89 73 a9 3e 63 a0 9a 70 b7 0e 11 13 fe 34 0a c0 87 6f cf c7 65 c3 a3 dd 81 28 a8 c5 6b 3f 02 be 03 d4 f1 8b 5a 98 3e bc fb 5e 4c e7 1b b6 15 96 b1 62 02 4f f0 e0 e4 6c 30 58 40 c6 71 f7 8e 46 ef f7 60 8c 54 0c 8c 7a b4 ef a5 c0 25 7a 2c f9 c7 81 98 7c f0 8f 69 8d dd 37 1e 1b e7 90 c7 56 36 31 d6 cd 82 a8 5f be cd 47 c8 98 c5 3b cd a7 4b 70 6a 9f e2 dd fc 31 71 fe 26 5b d5 6b a2 08 81 50 82 e5 19 

Trying command 92...
Result: 
1d 89 46 b3 29 1a 22 92 e7 b4 3c 1f f7 71 60 97 56 c0 47 68 4c 4b b3 fb 75 0a 18 7b ab 35 12 fa 4c d7 03 51 66 51 f7 d3 55 aa 02 83 8a b1 a4 0c 45 c6 ec 71 b4 b8 28 5a 44 ad 21 04 87 6d 34 89 a4 a7 b2 44 a0 75 26 c7 6d 18 6b a1 74 23 d4 35 f7 e1 25 b3 0b 42 84 30 d7 43 2b ad f7 d8 eb d3 56 65 be fb c7 36 28 94 18 0c 45 94 d6 6d 8d e5 14 20 2c 04 c8 48 ae 3a d2 9e 2e 22 13 25 9d 93 4d 6d e8 40 4b 87 d0 15 f3 63 80 92 69 e0 90 9b f4 6f 20 e1 47 fe 92 3d e9 99 21 54 d5 16 24 d9 b5 0f 4c 03 08 8e e8 76 da 8b 7b 0d ec cc 1c d1 39 11 5b 9d ff 53 36 ba ad ae 01 18 35 29 2a 4d a0 47 53 39 a5 d2 c9 5a f2 c3 0e e3 a6 e3 1b bf 78 08 5e 45 e1 14 f0 a0 c7 98 08 71 9d ae d8 4d 49 e4 b0 a0 11 c2 03 c4 3b 80 24 b4 06 2a 55 6c 8b 61 54 ce 4b e8 5d 3e f7 d9 6a bd b0 2d 28 d2 ce fe 01 42 bc 9e de 4b d9 b3 d3 f6 34 8d a7 2f a5 7d ea fd 87 2a 3e 87 33 77 3e c3 cf a5 c4 7a 82 8c 2c 9e 41 14 66 fc 2c c4 7f 6d 1c 9c 89 bd 1d f9 b4 83 47 d5 9f f6 9b 76 ad ee 3e 7c 17 8e 81 47 ae af 23 88 5b e8 de f0 cd 30 a9 a5 b0 ae cb 75 ce ac 99 19 1b 3c 1b 8b e0 e4 49 2a 14 e2 c4 45 2e 07 ac 28 24 60 cb 0f 73 df c8 e6 2b 73 45 14 fc 39 bc b7 94 ea 59 f6 84 1d 1d a3 28 4f 3e 38 4f cf e3 74 64 a0 ea 19 69 1d 1c f6 aa bb 3a 08 08 a8 53 ab aa 02 61 3f be 36 5b 54 e4 af e8 78 44 87 54 9b 35 fc 27 2e fd 68 32 a1 4e c8 fa 05 20 9c 86 9c 70 9d 14 35 57 5f c6 fe e5 ff 74 ac a9 17 9c ce 6d c3 b3 f7 cc b8 6a 36 04 e2 21 7c b9 fa ee 91 dd 3d 1d e6 00 57 40 fc b1 88 90 8c 01 fa 46 96 c7 48 6e 0e 85 ea 15 ca 69 7c a3 7d 37 43 36 da c9 08 8b 5c 30 fd ac 5b d7 1f 

Trying command 93...
Result: 
62 d3 ea 8b 9c dd 9d 6c 32 d3 30 d8 3f 5b 3f 65 5b 72 8a 84 79 54 ac c1 22 55 a6 bd af 4f 24 4c 28 e4 20 eb 4c 89 6c 1f 8e aa 13 58 62 78 fd e3 a8 c8 b1 9c d9 2f 59 7e b3 70 51 07 de cd fd 4b 73 c9 bc 68 2f 84 df 30 31 af ad ae f5 4e aa 90 66 20 5d d3 4d 4c 13 5c c5 91 ab 28 2b 0f 41 e1 bf 22 8f e2 b8 d3 69 cc db 40 aa 7c 39 6d 93 59 75 27 db fd 7f 7c a5 52 ad 60 d4 e4 a5 c4 1a 36 54 8e 2e a2 dd 1c 87 1f 51 68 dd ad cb 93 0d 33 22 c0 fc ce 74 ab c4 4b 37 08 78 15 e0 ff 64 4b fc 72 27 e4 78 f7 11 b4 80 0b 92 90 72 5f 63 16 b5 65 61 86 97 0b 68 da ea 64 56 30 6d 0f 76 1d db ac b8 8f dc 17 8b 09 ad 59 3c f0 19 34 c9 8a 3c 8a 8e 38 96 78 67 34 22 8e fb a1 f1 0c 39 4d 78 7a e0 f6 47 f7 61 54 b8 e0 aa 65 2b b3 c7 7b 15 a4 34 1a 93 37 3b 47 e2 92 be 59 38 bd 9c d5 bf 7b 7a 95 66 7c 36 45 d9 59 4b 28 56 69 ad e0 49 ae b3 86 3b 40 ef 2f 16 4b 68 48 c0 80 5f a2 bd 89 7c 22 25 b5 f3 10 c3 1c 39 1b 1c bf ac 0f 76 95 33 c4 2f fb dd 95 18 50 49 15 2e 20 53 16 9b b4 53 a4 bd e3 b5 29 2e 25 24 f5 48 f0 b7 f9 a7 a4 bb a5 ad ab 11 ea 07 06 0a d2 3a bd 0d 69 91 21 8f 63 ac ed 55 ff 05 06 a0 d9 3a dc 75 a3 90 c8 d4 16 02 0e 0f fa f3 36 3f 04 71 99 31 a6 ff d1 4e 72 68 df 16 bf 89 c0 9e d7 04 75 c8 87 1f 93 c3 06 2b 99 9a 95 03 ff 8d 60 99 20 4e 3f 53 84 2e c8 16 e8 eb f6 d2 4d 88 6e 92 9d 50 08 5b 9b 19 13 32 4a d5 82 67 03 7c 19 60 09 21 dc 62 89 60 2d 31 39 d2 ae 67 77 ea c1 4f 48 ec 85 ed 9d 42 28 ff cb 13 14 3e 87 84 99 9a 61 05 6f 3b b1 f2 f4 a6 a2 f2 d2 23 81 f2 c2 91 d7 44 24 7d ba c7 a8 3a 7c 3d 25 8f 4a 10 c8 3c d2 0f c9 

Trying command 94...
Result: 
6c fe 86 31 7b 31 3c 70 12 34 f3 4f ec 14 d4 34 70 13 48 b9 06 f8 d5 f3 73 5d ee 23 b2 d1 f1 44 65 7e bb 1a 44 71 fe 76 e4 dc bb f9 16 39 9c a4 46 9e 3d 82 ec 61 81 51 06 20 95 a4 0a 8e 21 b3 0d fd 7f ea c8 13 67 a0 3f bf f5 74 72 60 c0 4b db 04 b9 fd 8a 82 a3 c2 12 13 61 08 83 6e 7c ca 23 aa d4 1d 2b c1 81 ab 4d 4e 6d 5c e9 f3 f0 08 b5 25 30 9f 5d 39 bf 00 f0 0c e2 43 d5 63 10 ca 1b a4 63 c1 0a 63 62 96 e5 11 1d dc e8 5d 63 e9 40 d0 3e 09 00 94 01 c3 1c 4c 4a 28 12 1b f2 e9 2d 5a 43 1d 0c 19 76 58 ca f5 76 df b6 06 cb c5 8f 34 2b 92 a1 17 73 76 42 8c 3b fe 74 8f 27 19 4d 3a db f4 52 1e 9d 7f fd c7 0c f3 a7 02 e3 53 39 35 7a a8 f0 64 5d 58 9e 81 9e f5 81 6e f1 70 38 f2 fb 9a 74 60 75 2c 28 7c b7 e3 14 1b 49 66 be e7 ae ae 7e bf 15 e5 23 a2 ad 60 5a 9a 90 bd 96 2d 46 7c 65 fb c8 e1 90 1c 5b 3e 26 4a 89 cf 17 a8 bf f4 96 50 11 d8 77 a0 ef ef b5 ce 91 6d e6 a5 9a 0e 7e 5a 16 1d 11 a1 71 f4 f6 8f 18 34 da 08 7e 04 5d c0 50 24 78 61 09 ee a7 c2 08 64 d4 47 5f b3 90 11 d7 4b 6d f8 0f bb 24 93 f8 d4 25 ea be 5f 0e 7f 28 f6 a3 46 7f 42 5e d4 7e 90 20 c1 e3 22 af 4c e6 5a e4 d2 64 f3 d4 2b 3d 8d 7e da 9a 97 66 c4 04 3b 07 ca 1d 76 c9 d9 f1 1d c8 9d 29 77 79 c9 08 f6 05 87 b7 3f fd bc 84 63 43 15 61 e8 5e 18 82 32 55 59 63 76 fb dd cc 71 da f8 ba 1e a0 50 a2 d9 16 d5 47 b8 05 e6 ab fb 9a 45 ac e6 f2 8a bd 5a 68 a6 5e 24 3f 43 da e8 18 70 5d 91 13 22 1e 2b 2a 1e 99 ac 35 2b 3e 92 86 2b 54 4b 56 a6 36 54 98 1f 9a d0 a1 7a a0 b4 16 26 75 05 85 40 fc 23 08 61 e6 1a c0 b2 f5 d5 5d 22 4a 87 30 e0 47 29 d4 83 c9 6b 96 6e 7a 9e 

Trying command 95...
Result: 
e9 4d 50 ce 3f e2 f0 99 64 a9 62 7e 9f bd ae 56 36 e1 30 91 8d dd 04 2d 62 a7 05 0b 8a 21 15 db 19 f7 a6 15 e1 25 98 ea f4 5a 9b 39 10 50 04 17 48 7a ee 47 41 7e 62 8d c9 60 6f f6 3d 1e 93 ec 82 f3 3c aa 39 5a d2 6f 9f 9b 4f dc 98 c5 fb 4c 3f 5d 63 c0 8a d7 c6 42 57 86 06 74 7c 27 65 40 6b 28 aa dc 9c 37 0b 43 d5 91 ef d3 a4 43 a1 08 b5 ed 13 6a ac e3 04 8d 43 4b c3 a6 e9 a5 84 f3 19 ca f1 8e 04 4c e8 ff 3d 82 06 64 98 14 7c 89 1c 85 af d8 cc c0 19 d3 fa ab 29 b5 39 bb 0a 5a 75 9d 70 ad ad 3e 1e 17 f4 d8 1d 90 2f af 34 a2 95 ab 5f 1e 1b 74 5b 58 e4 2f 96 23 f6 09 88 fb da 74 88 25 5f 8a 31 3e 5c ac ea 22 9b 46 09 de 2b a9 80 85 4a f1 70 f3 5b 23 f1 9d 75 d0 c6 2e 97 86 6f 9b d5 3f 28 40 e7 29 22 7c 59 a4 3a 44 08 db 9a 51 37 6a b6 4e 7b 66 d2 a1 c4 6a a2 7e 02 97 05 9c da 81 9a 78 94 9d 82 f1 8a e6 78 fa b3 01 fe d6 5c ef 54 51 d6 9f b8 fa 1e ed 67 db 1c cc ce 27 b2 34 ea 5d b4 aa 6d 7a ea fd 06 90 57 1c 60 4f 7a b8 63 dd 03 ae ee 22 35 09 32 8b 1f f4 da af 84 be a3 ee 34 b3 6d d5 61 30 f1 55 d0 03 35 8c 26 55 0a 4f 30 a0 4c 5b 72 c7 16 7d fa e7 28 3d 34 23 16 57 1a cc 2e 8b 96 9e 49 98 bb 17 ca 00 8b 8e fc 51 ec 49 46 05 98 a2 50 48 34 e5 0f 22 be 8f 72 92 aa 6c f5 80 eb bd 24 b3 97 e7 04 fb 12 ec 93 ff af aa 69 b8 31 46 84 ef 3a 71 6a e9 99 d4 69 18 5e 15 96 bf cc 98 19 78 28 57 ab c5 f7 e0 83 51 05 49 61 70 0e af b3 6b 26 87 2b c7 70 5a 22 99 a6 1e 77 99 9f 0b 5c 1c 84 91 26 c6 15 f9 e6 b6 6f 54 65 ab ea d9 b5 c3 ca b6 54 21 26 78 6f d6 39 de 62 fb e3 e9 16 09 51 73 92 61 90 c7 fe 10 ca b8 09 cd 4a 8f 8b f4 

Trying command 96...
Result: 
dc 9f 61 68 de 6b 85 e8 fd 23 17 ca 2b d7 41 87 61 d6 6b 0a 8c df ce ce 3f 1c a1 00 6e ea 2a d0 13 f6 67 41 ac f2 da 35 e8 51 a0 ed 4b 3e 3c cb cb 7b b3 92 96 5d bf ec 32 98 e7 af b3 4c 7f bb 20 24 79 79 37 73 f5 b6 3f e3 f0 63 45 c9 d9 c2 b1 73 a9 52 ed 59 7b 81 51 2e 7f e6 bc e3 d3 cc 68 9d 43 14 33 cf 9d a3 41 0a 01 ca 25 a4 80 af 01 ad 64 7a 21 ac a0 e1 41 ea 0d 02 e4 f4 50 01 c4 bc c1 72 07 c7 0d c4 17 cc 1d e0 2d c5 77 0f a0 50 e7 e4 ae d6 db 2a 35 74 96 4f ad 2b bc 96 0d d0 69 a8 dc f5 60 78 66 1d e5 c2 a0 2b 70 8f 01 fe 55 da 2a b8 49 de 70 ab e9 be d1 1c f3 8e e0 79 49 e6 df 8a 59 dc d8 4f ca 2a 7d 45 f1 58 65 96 9a 11 22 38 2a aa 16 48 16 f4 54 77 3d 89 ea da 8a ed fb 54 14 2c a8 49 98 27 92 c8 be 6b 8d d9 0d 2b 9a 81 28 24 cb a3 21 67 5a c3 ca 02 44 16 80 d5 0e 18 37 67 26 49 b9 20 d0 2f 32 14 54 35 e0 62 e1 66 ac 47 bf 87 ea e9 d7 ec c2 97 15 24 99 fe 24 6c 62 aa c7 58 30 8a 31 52 43 b7 d2 26 b9 ec 57 8b 0c 22 71 e8 59 8b 4b d5 81 5c 4c 97 44 2e 20 14 51 95 db 69 47 52 96 e0 d4 a3 8e 77 de 78 7b c0 58 55 79 95 69 7d 67 8e 6e 72 69 3f c0 41 6a bf af f4 55 7a 9b fd af 9e ac 7c 0f 6c c7 bb 1e 3b e6 7f 39 58 da b7 66 b3 f0 33 9a d3 2a 49 da 3d 28 26 7c d1 a5 04 62 85 5d 2c 42 27 23 66 10 54 b5 eb d7 be 1a 70 18 c8 91 bb 91 20 64 fb 61 d3 d8 11 cd df 3d 67 78 40 21 39 f9 eb 0a 76 41 fc 50 b8 2e d3 fa ab ec 03 bf 58 7d 9b f5 3b 38 1a b0 30 61 a6 b0 97 b3 28 f1 c9 bd 28 a3 5c 2e ee db 8d f0 6f 94 40 9f 30 b6 39 90 4b 2b 15 47 9e 30 93 bf b3 f8 32 bf af ee 90 4c b2 61 03 19 f7 bf 3e 71 1e f4 7b 6c 13 0f 8e 

Trying command 97...
Result: 
2d 5d fb c6 de 04 37 95 61 18 84 6a 36 c6 5a 0b b5 e9 aa 98 ee 38 1b ea 3f 4a 68 52 a0 a1 ac 75 78 bf 62 6c c5 91 08 45 10 c4 c3 99 f7 9c dd 6b e0 be 2d c8 41 e1 32 57 cd 2d 22 8e 66 95 50 fc b0 e3 ad da 0c dd 0b af 50 53 9a 20 fd 29 98 04 ee c1 f1 45 5d aa 8e 67 d3 af 10 47 24 11 c0 31 33 e2 d9 95 9f 92 fc b5 14 e7 5d 82 4d 8d 90 fa 9b 15 fb 1c af bd 96 75 ae db 6d e4 bc 0a 81 44 41 a3 81 0b 75 1d 74 ed 1e 94 58 84 00 d3 bd 65 bf ae 48 8d 46 61 45 cd 97 7f 81 9e c3 4c a8 48 e1 54 30 96 3a f6 b2 aa 3f d7 7e a3 1c 38 66 b6 1a 32 ac 37 27 02 8f e8 62 6a 85 67 ab a2 ce a9 a9 45 f0 b8 c6 6d 92 16 59 3f 42 fe 03 75 2f f6 31 b1 d4 b9 e2 3b c9 4e 1c 02 2e ce e4 b7 6f 46 65 f4 fb 6a eb ae 49 a0 3c 7e 7d 8a e7 e4 52 7f 50 47 48 41 d4 08 b1 b0 3c 98 77 11 4d 5e e2 90 63 76 42 d1 ea ba a8 b8 44 39 a2 73 43 05 fc a0 60 44 1a 49 19 0b 31 78 3e b8 47 97 ea d3 19 d5 8b e7 57 6a 18 72 a6 50 35 06 7b 2e b5 1a da 3b c5 e3 f9 36 53 b1 06 50 53 b5 96 26 c1 ba 1b 5f f9 ed 2f a1 24 15 cd 56 61 33 3e b8 55 69 fe 66 74 c8 d3 e7 1c 32 6f a3 aa 17 cd 01 f5 d5 b8 80 59 46 f7 a0 76 1c 29 11 ed 2c b7 07 01 da 69 f4 82 4d c4 34 0d e8 ac 3a 3d 09 e2 d6 d9 d6 a4 8d 6a 6e bd 73 74 64 d2 96 27 ed 62 24 0f 88 38 1e 59 af 8e 55 35 0e 85 e5 56 9b 10 41 db dc c2 40 f9 11 ca cc c8 4b b7 5c 83 47 e3 25 e7 b2 2c 34 b8 e7 7f b2 1e 7c 33 86 a2 7d fb a4 fa bf d8 d1 e2 42 7d b1 42 d5 70 e0 5e 5d c5 b1 30 99 fa 33 96 94 cc 36 02 0f 80 d4 f3 9c bf d6 e5 0f 7b a1 15 d8 e8 f2 0c 1f 92 d2 58 cc b6 61 8f b4 03 81 26 8a f8 0e 2b cd 21 c4 43 bc fa b5 ea cc 45 ed 

Trying command 98...
Result: 
56 bd 07 b2 60 63 ea d5 ba 93 9a 5c 15 10 e7 de 5f 50 dd cd 23 b1 b2 19 e9 b9 e8 aa 89 92 aa 57 a4 7a 9b af c8 59 3a a8 31 fb 8f 0c d5 27 86 98 f4 a5 29 d9 ef 4e 4c df b9 68 7c 70 d4 bd 82 16 7f 6a eb 8c 4e 2d 1f 29 f6 b4 ea 9f 09 34 2c cf cf 9f 31 22 13 54 1f 83 64 26 fc 3e 61 24 7d 58 ef a9 4f a3 a1 9a 5d 3e e9 8e 17 74 b2 cd 5e df e7 9f 3b fc 72 1b ca ae ef b4 43 82 f7 ef a8 76 6c 7f fa 44 32 8e 86 fb 04 e4 52 4b 8f f2 d9 d7 8d 5f c8 88 43 fc 98 59 2a d9 f3 a3 80 86 2f 71 d7 96 b7 50 17 9a c2 d4 8a eb 50 ed 3f 57 67 b7 8c ba 71 93 4e 03 b1 55 9c b0 09 05 02 df 66 27 f8 86 83 a2 69 9d b7 63 f3 05 8b 2e 52 04 f9 74 a1 29 03 a6 c7 77 4a 08 41 0f be c7 ff 3e 30 0b dd 73 d7 32 13 f5 37 db 83 69 16 06 e7 9e 89 4a 45 a7 fe 81 c7 d9 36 33 c5 bd 25 c9 0f e2 ba db 22 03 8e 21 f1 ec d8 01 be 5a a0 e0 06 99 f7 96 d8 6d 8d 59 3a 93 35 4d a7 ce ec 84 ab ef 79 67 6c 90 c4 b9 9a ea 0a e7 cd 8d 18 40 4b 12 d6 0c 06 ae 8e d0 7c eb 35 b1 70 8c 8d 14 78 12 17 1d 68 b8 9b 88 57 2a 33 62 5a f7 cd 97 de 3b da 19 61 25 1a 79 58 70 e0 96 82 d0 a2 56 30 e4 c7 a0 bf 61 cd b6 bc f7 34 0f 29 42 20 99 13 c8 c1 79 71 72 d0 5e a5 3b 8e da 10 81 a9 5b f9 36 3e 52 47 cb dd 80 a7 2a d3 2b 68 9b 60 48 d6 cc 26 54 83 2d 9d 1b c7 b4 e6 ce f5 5e fb 72 c8 9f 8d 32 e7 50 42 aa 35 66 61 ed e1 02 44 61 5e b4 43 59 21 08 a5 83 f4 7d 41 3a c9 88 c5 90 00 8f 3c 21 69 00 8e 9f df d3 21 6f ee a2 70 79 7b 83 c0 24 97 3c ed 64 cf 24 46 53 ed cc 1e cb bb 59 39 c9 e0 1b ee 55 4a 98 cf 69 62 66 ef 9f 64 c4 53 2e 75 d8 a7 ec 73 d7 ff f2 02 71 d0 69 39 a5 c9 b5 

Trying command 99...
Result: 
4d 12 81 8e ee 6a 3b fc 57 2d 59 96 0d 60 bb 77 92 d3 b1 c0 71 74 70 c8 96 03 01 1a 3f bc 9d a6 07 9b ba 26 72 41 64 53 30 64 93 cc ba 9c 4e 67 a7 ef 81 1a aa 00 23 be e0 00 b5 e8 a4 3a 8b 14 af 0d a5 6a 58 14 89 2d 84 52 62 6c 6f b3 40 4b 29 79 17 68 dc 8a cc 98 a8 df 80 a4 3e db ff 9e 2c f9 b5 90 16 89 27 6c 64 70 dc f8 dc 9d 5c c7 6e 93 ec 81 93 a4 82 46 e2 64 8a 4c 26 74 c7 1e 67 7c 8e 51 14 1b 5c ad 20 ca 31 a2 1f cc d5 5e dc 7a 4b af 08 49 4c 08 2d 09 18 ea 03 2d f0 41 bb b0 ec 10 9a 3e 88 d0 7d b2 8d d1 1f 50 9c b1 f3 54 16 15 8b 16 7e 26 3f 37 2f cd ea fc 29 7e 1c 8b c5 5d 5f 79 3d d1 9e b5 08 ee 97 db 95 9e 76 a4 40 9d 41 52 01 28 09 03 2f a4 c5 d0 9f 79 91 39 70 5a fe fd bc ae 06 f1 e0 78 ef c8 e6 4c 21 6b 44 de 72 0d 9d 86 b1 82 5a ff c7 4c 07 2c d9 57 f7 02 e4 cc fc dd 8b a3 68 eb 0a 1a 96 78 86 9c ae 4a 63 1b 38 55 63 d7 cf 3f 99 db 1f 60 dc 5d c8 c8 0e fe 83 2f e9 a1 8f 63 35 97 7d db f3 5d 3c 89 d5 71 dc 92 a5 e2 1c 7b f2 01 de 2f ae 95 3b 33 8f c4 d9 5e a9 33 62 5c 53 70 fb b9 8d e3 75 f2 41 8c 18 3e b2 ee 83 33 16 8f fe 18 9b f2 74 16 8b b6 c9 65 18 ef f8 ed 98 3b 8e 98 b6 c4 a9 22 43 0c 83 74 0e 66 6e ec 0c 4b c9 44 a6 11 50 45 27 90 7b df 59 f1 9c 02 f3 26 86 ca c6 05 ad a6 91 3c a5 a0 b4 cc 3d 8c 44 a1 42 b7 e0 0d 3a 75 90 15 1d 7e 67 11 39 e3 eb 8a 7f 7b bf 8b ed c7 ef 3c 59 ad 24 c9 77 35 7d 1d c0 30 28 66 7a cd c6 43 62 45 11 1f 50 49 ff f7 c6 1f 1e 0c 72 4a e2 8b c5 6b 3a ef 68 e2 27 7f af eb 7f 6f f3 5a 21 cd 7a d8 15 27 f3 40 48 84 20 11 98 54 22 c2 d6 49 5d cb d8 7a 2f 14 76 09 76 96 

Trying command 9a...
Result: 
b5 da 55 fe 4d b5 c6 4d 78 13 56 49 69 37 7b 1a 1f 89 b6 c7 09 d6 ef 7f 3d f9 88 ba f6 4d 42 75 01 7e 2d 85 24 8c 87 bc ca cf ed 5e d0 9b 79 9a cd ac 85 15 d4 b6 30 c2 d0 cd d8 02 37 88 58 9f 5d b9 0b fb ee b7 c1 31 74 fd ce c2 6f b2 f2 60 ac f5 f8 f7 2c b2 0f 6b ea 04 d2 51 09 2d 45 42 ff 1d d8 f9 ba 5c de 13 8b 71 fc 60 a3 dc f5 c1 4a 08 82 23 bf 41 e6 6d f7 f7 c0 8d a1 54 29 01 03 55 c7 16 f8 bf d6 72 e3 44 c1 9e c7 8e 07 46 41 19 98 5f 7e aa a2 2c 02 aa 8c b0 28 6c 22 61 b8 68 68 e4 d8 a5 8a e3 ee 7a 7e 8b ab f7 58 eb ab 21 0f a4 b0 2c 3c 41 32 1c 49 28 43 c6 26 8e 11 3d bc 95 39 f5 d3 c8 87 9c f7 c9 d7 e5 20 96 c6 cf 03 29 b3 2d 34 62 c5 b2 51 fe 9d e5 00 42 af 98 20 1d b1 a4 16 8b 79 6d df 83 f9 c2 f8 9a 93 13 db d1 45 1f 06 f9 1a 46 30 87 2c e0 39 71 01 41 ee e4 ad 0b b5 49 55 55 ab ca ee 11 83 d9 df cb b3 f6 7f a3 22 fc e2 e9 f9 73 cd 06 85 f4 90 e9 0a 41 6c e6 0c 81 0f ab 85 b3 6f 58 73 c5 37 be 97 ab c1 6d 89 d7 f4 4b 57 4b fa c4 b1 cb 80 7c 23 66 b8 33 02 1f 44 eb 61 f6 3e ba 9c 07 ae 2c 29 f5 69 ef 28 39 b9 2e 3e 88 1e 8f 6a 76 21 51 4c a1 6d 4e 89 19 61 69 3b 48 a6 c2 34 2c d2 db 3e 6c 27 9f 1d 97 3a df 18 cc e4 28 fe ae 4d 7b 18 9b 5a ed 08 19 c5 a6 96 aa 0d 2e 5b c8 c5 68 f0 2a cf 36 c9 67 2e ea 74 1c 15 ab a8 94 0c ef 10 1f de 42 6b a4 23 89 5b 79 89 64 9b 57 b8 44 76 a0 9e 3b b0 26 eb df 65 8e 37 89 a8 cb 8e 8b 96 75 85 d9 c8 b1 28 ac 29 26 53 6a b5 da d4 83 80 73 6b ea 79 83 c5 8e 04 11 61 05 62 5f 97 35 28 43 a9 0e 6e 7c 4b 03 0a 5d 46 77 cb 89 41 81 57 de 8e 90 e1 1b f3 fe 73 97 ea 4e d4 11 

Trying command 9b...
Result: 
63 e1 dc 8f 80 89 88 15 8d 71 f4 22 ec 8c bb 73 1b 5d b2 6d d9 b0 34 55 64 ec af fc e0 2f 11 b3 a3 58 31 af 20 16 f1 73 47 65 d8 39 96 44 64 f5 07 51 74 d3 37 35 46 07 38 c5 0d f8 5f b5 fb 3a 25 25 c1 3d cd 67 ed 09 28 12 54 71 22 a0 1f 48 ea a8 f7 a2 2e c5 79 d8 8b 03 06 86 ba 96 56 c7 63 7e 52 28 37 bc d4 52 12 8f 55 03 84 30 2e b4 da fd a9 2c e2 57 a4 ad 5e 75 d0 ca 8c 4a 84 57 09 b1 3a 7f 5d 34 18 a8 ee 53 70 fc 9a 0f ad 63 09 0e 9e 18 2b ba 6c 47 8c 59 e2 1c 11 d4 38 1a 96 c2 1a 03 f4 65 00 e9 de 9d 98 de 2c c8 eb 2d b6 c7 08 82 21 37 a3 83 4d 6c cf 00 09 eb 99 fc ba e6 e8 99 83 2c fe 84 ba e4 47 d3 c8 ca 66 2d 48 f9 eb e3 9f 86 08 c4 1e 64 f8 64 a6 ae dd 4b 11 b2 af b3 c6 e1 fd 14 14 69 0e 45 86 68 fe 3a 9f 6f 73 4a de e9 98 a3 c5 ba 13 75 8b 41 69 85 4a f8 d7 58 81 e4 7b 88 2f 58 22 1b 84 1b 57 8b 0e af 97 aa df 67 a7 94 e0 33 1c c2 f8 db 78 17 2f 7b c4 91 e7 d1 54 69 a3 4d 19 43 f3 95 f9 e5 ab 62 36 7f e4 84 a9 cb 21 a8 4f 6b 4d a2 bb 97 9f 08 cd 09 b4 41 09 28 fc 36 ec 5c 2a df 85 f1 db 3e 99 35 4c 70 0d ea bc f0 f0 6d 15 85 53 71 d9 40 10 e1 38 1a ff bc 60 df 1f 51 3b b8 9b 29 2a 0f c9 26 c8 cf ec 5f 9d b1 60 ca 7d 16 b5 cd 36 9b 2e 6c 33 91 e5 5d 9e df 31 c0 da a7 fd fc 77 dc fd e1 68 b7 62 cf 67 26 f4 ef 37 1e 4f 20 fd 52 0b e5 0a c9 aa e2 7e 1d 78 b9 92 63 f1 5f fe d9 f2 df a2 71 9d 66 54 de 29 86 87 40 cb 91 e7 5e ea 60 be fb 79 72 46 28 09 d5 26 61 e5 34 34 5f f8 48 e7 4a da 27 89 b5 f2 b5 20 74 5c b5 b0 60 c0 80 76 9a 6f c9 fa 06 b9 4c 19 19 68 98 c8 5e 8d 47 90 f0 2b 54 a4 62 9c 16 4a 29 3c c4 

Trying command 9c...
Result: 
de 04 49 6b 86 2e 61 f9 e5 86 ef c6 1d f8 87 6d 78 2b 4a f9 99 1f 89 8b 30 e8 9e 4d 24 c2 3e 13 68 87 8b 9b 98 06 a6 64 45 ab 54 7c 86 bd 2f d0 4c b2 75 6e 7b 62 a0 54 9f 52 72 5e fa b3 a1 20 c0 c6 bc 3d 16 41 46 38 fd e9 f5 d9 c3 c3 05 d6 77 aa 37 ad 22 46 14 ef eb 72 12 9a 72 82 6b 00 a2 be 02 ca 1a 97 f7 95 10 31 4f 25 5c 10 7e aa b9 70 cc 41 2c d6 c5 39 ef 2f 54 df 61 a0 35 01 1e 55 09 b6 7d be 50 e6 10 01 36 2b b0 ba f6 8a 2f 90 30 3d dc a3 36 84 66 9e fe 91 30 90 7e 7c 3a 22 49 fb 70 63 69 10 cf 04 80 25 5d f0 37 a6 ae bd a5 ab 26 28 05 93 8d b4 d0 37 7c e4 c0 da a6 4a fc 94 36 c9 ae 88 5a 55 94 e4 8b d7 12 f7 ee b9 e9 01 1d 94 d3 df ba 4a 5f c8 3b eb 77 17 e9 2b 0a 1b 7d 5e cd 72 e2 95 b4 ce 45 1d ba e8 09 17 a3 9f 17 7b e8 03 8b ef 93 e5 02 eb ee 3f 48 1f e5 57 57 09 37 d2 1a a5 fa f7 dd 60 06 f8 43 73 67 f7 8f f1 20 38 70 6f a5 d5 0e 9e 53 4f 12 5c 46 b8 29 d8 5d 3d cd e6 5d 85 f3 ec 44 2f 5d 97 28 03 06 18 6c 51 ff 28 48 c8 45 29 17 fc fd bb 83 15 7b 1d d6 04 8c b2 62 9b 8b 5b 29 bb e7 86 b4 0c fe 97 83 12 df 98 84 3a 66 69 4c f7 f8 36 df 31 d9 fc 58 1c 20 f8 20 5b 92 78 6e 49 4c 9a 43 2f e6 2b f8 69 ce 8f 56 5a e7 94 0e a5 da ee 60 a1 83 cd 27 4b 14 18 0f 57 ba 94 1a 00 27 98 94 3c 0e a9 3f 70 2c 0f d8 55 6a 68 cb 41 64 af 85 77 fd 84 63 e0 a7 d4 bc 4a 0d 78 7f de 7c 02 35 7b ac c1 51 d6 82 87 f6 97 89 18 02 38 05 80 6a 91 d1 98 85 98 c1 c7 9b 40 f1 af 15 34 d4 9c 41 47 08 24 ba a9 22 63 b8 c9 2f 0d 27 fb 3f e0 35 24 c7 b4 20 bc 29 e0 94 59 37 df 83 f9 73 b0 34 d6 85 c9 63 a6 2d 7c fe ad 27 8a 63 27 

Trying command 9d...
Result: 
e3 a3 0a 98 8c 83 a0 27 66 e3 9b e0 89 1b e8 1d a2 ea 5b 6b 8c e5 f1 cd c1 73 73 91 79 f4 ed 53 21 a0 56 ac 05 26 ff 7e 5e 30 82 ff 17 68 c2 5e 38 ea 40 44 a9 66 8b 62 bb a8 ef 58 a6 a5 b7 94 fc 5a 7a 9c f4 02 c3 ec 0b 7f d6 e2 fa c7 30 24 7d 0a 66 fc a4 d1 25 3e 50 f6 6d c7 fd da ff 04 41 54 6c a7 77 ac 66 60 8a f3 d6 20 08 b1 f0 3b 5e 84 3e 53 66 07 1f 93 62 2f f4 5f d5 10 0e b2 35 ae 56 3e bc 8e 48 3b fb 27 63 cd f1 f8 b0 19 6e 52 fa 78 51 53 97 fa fe 9b 2a e8 eb 50 3e ec 8e 20 a7 ea 2c ea 77 08 3e b3 96 3c 43 b7 49 0f 68 09 bc 50 f2 fe 8f 52 2d b3 63 87 6b 44 99 c0 9a 49 03 f7 a0 fc 0f 64 0d 93 e0 2f ea a1 27 6c fe 05 5a 6a d3 cb b6 18 d4 2e 55 05 18 10 fc b7 4b 78 eb 96 2a b3 57 72 7e bc 35 95 67 f0 d0 df 28 02 c3 b8 78 43 2e 46 e4 91 d8 42 fb 89 95 61 de 64 7c 95 7f 3f ca 95 22 01 e0 15 db 52 2c 99 ae e9 7f 38 bc 41 c5 4c ac 5d 0c 0b eb 08 1b 7d dc 6d 78 f6 33 25 5d 01 93 f4 ba 07 94 5c f1 b7 fd 4b 99 ad ed 3e 07 93 bb ac ef b8 3e 0d 87 99 1f 23 54 26 25 5c 40 64 02 45 d4 0a b4 95 7f a4 05 27 1a 57 17 73 ee 0c d7 0b 5d 1c 3e 7d 58 a2 b1 c7 1c 81 4a d5 d2 b3 f2 09 e4 e8 dd b0 5c 3c b2 11 e9 9e 5b e3 af 86 fe 10 37 0d 24 92 4f fe a5 67 a7 1c 7c 2e 4c 00 3e 00 6f c8 36 3d 22 8b 46 a6 c1 0f b3 92 d3 61 42 eb 39 36 2c cc 24 c4 1c d2 12 b0 8c bb c4 2d e2 52 b2 af af c1 90 a5 f3 d0 1d 09 2e 8a 49 54 6b 68 b2 70 dc 50 52 29 02 80 68 93 16 a8 ba 45 3b 1b 11 6c 81 38 9a 13 64 4b d1 50 0f cf 0a 9e dd 04 aa 44 ba 3d 0d 17 df 04 ae a6 b2 3e 0f 8c b6 37 59 59 59 85 27 f6 5a 73 50 b6 e2 1c 2e 06 ac d8 8e b2 c0 5e 06 34 

Trying command 9e...
Result: 
8a b1 48 c7 cb 9b b3 44 4c 0e 81 6e e2 f7 ee cc 46 23 0b bf 2a 66 ba 7a e9 75 4e df 69 b0 1e df b9 eb aa 1c 00 a9 ee 63 75 3f 32 9a ac e5 02 5d 55 fb 68 35 6e ee 2c cc 05 55 38 64 eb c6 c9 15 3d f0 94 1f 20 af 65 12 62 b2 d9 b8 e8 f5 bf 70 bd 3d 47 fd 30 88 f3 59 5b e4 8f 89 2c 3c 5a 91 75 bb c9 44 6a df e2 76 4e b9 39 4f 1c db 4b 11 32 00 c7 64 da 0c f5 45 84 3a e7 1f 33 e3 2c 7c 5a 5a dd c3 21 b5 41 69 a5 19 1d b3 04 23 70 9b f2 63 27 91 e2 5a 6f b5 5d 6a bb f9 9b fe 5b 81 0b 85 49 1e ef c0 75 f8 42 ae fb 12 b1 e0 c4 15 12 94 5c be 81 3d e2 e3 e3 c2 c7 a6 e4 ad 15 df 2f 9a 60 13 14 27 6b 7b 2e e0 69 2a a9 22 0d ac c2 24 78 59 5d 8e a5 b3 e9 c5 a4 65 96 d3 b3 a3 8b 29 fa 7c 41 91 57 2a c5 d3 b0 2c ec ef b0 21 15 4d b2 50 60 24 6b 65 2a e8 3f e0 cd 3f f5 73 19 fa 92 7a d5 02 67 d3 b4 25 ab 68 51 8e 94 4a 9c 97 0c 4e 41 7f 5d 81 35 59 40 b5 1e 29 39 58 dd 98 47 52 a8 ff c6 db 7f 9b 8b bb 57 8d 33 33 62 45 e8 23 58 50 9b d5 2f d1 c9 2b c0 7e 6e 99 33 35 b6 4c ba 94 5b 4d a0 55 c4 2f 5f df 6c 4e 0b 70 9c 53 5b 31 86 f8 0d 69 19 75 ce 8a 76 03 c1 a5 c8 b4 8b 86 e0 95 67 f1 12 2a 49 d3 f9 5d 37 1d df 67 45 cc 58 8e 1a e7 36 53 d9 d4 48 48 c3 44 3e 18 17 df 79 41 6a 1d d4 61 14 70 11 7b 9a 47 2d ab ea b2 94 8e 71 9f 4b 81 e8 5a c3 fb 42 8d c1 17 4f 81 23 61 a6 d6 9c a8 2f 8c 21 55 cd 78 7b 6e 96 21 7f 04 cc 97 33 be 22 5d 84 73 e5 db e1 ab f0 da c0 3d d3 57 b3 3a 3f 90 38 38 6d 40 2c 35 1d 83 11 eb 68 4e 64 ca 96 cf 5c 93 79 97 e1 95 40 7a 67 86 c2 69 e6 e7 2f de 3b a4 bd 4d 68 5c 9b ed 51 e9 29 02 98 2f 20 53 20 bd 

Trying command 9f...
Result: 
c5 03 51 3f 1f aa 69 e8 08 b5 5c e5 64 71 6f 6f 18 01 41 7c fd 1f 65 88 ac ca 69 93 02 8e 3d 4c 9a 53 0c a2 c1 8c db f6 25 13 42 83 1d 7d 0c 06 ae 49 0c 89 f7 00 22 1a 71 16 f8 a5 ea 5b d5 f4 ca 80 c1 be 76 54 fb 65 6e f7 af 03 77 e3 54 aa e5 ac 66 cc f2 70 63 0f 82 ca 19 11 2e 86 b7 b1 9e 4c 91 a9 0c d0 a4 d7 1f 14 e8 0b d5 ae 11 9e 30 e3 e6 e9 6d a4 c7 07 ca 61 1a 32 27 2b ab 86 38 a2 79 eb ed 24 45 cf 8f 10 81 3f 8a 50 88 04 ee f0 8a 1c a2 8d 6b 07 b4 b3 36 36 55 3a cc a3 45 80 be 19 d5 f2 da 90 70 c5 86 15 e3 c2 02 67 c7 4c 76 f4 74 03 7c ec 7e 8e 21 b0 df 71 15 a9 9b 35 d1 74 dc aa 86 91 dd 5c 65 23 50 82 e2 9a 87 72 61 54 fb cc 65 74 87 78 ff 41 5b 5b 65 de ed 42 b7 2b a3 3c 5d c0 e1 7e aa 1c 77 f9 46 2c eb b6 ff ca fb a6 56 a2 bb d9 91 6f 40 ec e6 86 3b f1 d9 f2 3c 87 7d 6d 7a 59 ce bb d0 09 d9 ad 09 d0 c7 53 45 f0 40 3c 30 09 f8 cb b8 69 57 44 a7 76 59 28 79 dd 49 e3 33 2f e4 96 23 c3 f7 17 d0 86 01 2d 2c 6f 36 5b 36 dd 56 59 05 d3 70 90 0a 96 21 4c b3 d4 3c 6f 69 8e f9 a4 4b e8 6b 84 5f 5d a8 53 61 70 39 9c 79 6f 4c 29 52 7d 57 5d e0 25 74 10 6f 04 58 34 ae cd 5d 43 36 0a 0e be a9 a1 31 80 45 5d 2d 38 0e 55 7b db 5f 60 8e 4c d5 36 a5 a3 ae e6 b9 4c 30 0a 91 81 cf 4d 1a 75 29 12 52 31 da d3 c9 a7 64 0c 32 21 78 12 0c 39 b1 5e 1c 3d 63 7b 2c 53 d1 1f cb 4f f0 17 bb 75 77 88 9d a4 b0 f5 6a 59 f9 31 9e dd e9 a9 e9 42 58 ba 67 4d d1 23 62 e6 e4 9e f2 4d ed c5 12 63 37 fa 88 19 a7 f5 45 97 90 dd b4 46 8a f1 25 76 59 0b 82 98 4f 01 c0 1e 9e e2 60 db d6 fc 8b 51 56 c8 b6 69 0f 2d 95 51 a6 54 4c 47 6c b0 98 36 

Trying command a0...
Result: 
fd b9 18 16 a2 75 9b 44 68 75 b4 73 e8 70 9e a9 3c 1a dc aa 77 c5 c1 4c bf af c1 33 ab fa 65 f6 98 68 39 7c c7 e0 36 bb 90 1d 25 89 ad 48 6f 4c e7 7e 78 ad 14 8a d2 24 3a 86 3f ef 39 b5 6a 3c 6e ae 3f 27 15 9a 13 db 1b fb 15 32 91 c6 9f c5 8d 68 b7 3e 0b f8 79 94 c5 d8 fc 0f 9c 47 3e 4e 54 2e 04 20 d5 7d 24 eb c9 c3 f9 0e bd b6 60 71 56 4f ba 75 63 ed 27 cd 2e 1f 0f 83 9a 37 93 38 8d 6c 9b 35 a4 f0 51 1b db b4 99 ee 73 7b 5b 90 ae fe 1e fc 0a 01 87 c8 7a 66 4c 84 73 db ff 54 29 15 4c 75 16 f7 af 66 6e a1 72 c3 d6 a8 99 12 8f 39 21 29 29 97 01 55 23 49 fd b1 1c fe 58 6b d7 7c bb 95 aa 00 78 29 af d4 22 1e b2 b8 59 f2 1c 78 ee b7 d7 50 e8 df cf 07 2c 99 44 0e d3 50 70 26 3d de e2 ea b7 f6 a8 9f 82 db b2 6d 15 b2 7f b9 fb 8a 27 ac 33 d7 0c a1 4b 2d 75 76 30 28 bf 6a 4e 58 43 3b a4 54 ab 4c b1 9e fb 74 17 b6 f0 72 04 a3 13 72 b4 7e 65 12 24 b8 9f f6 74 10 63 c0 ec a6 af 02 be df 81 76 23 94 ff be 05 4e 0d 2a a5 37 3b 5a 1e 0b 7e 84 d4 65 4a 91 17 d1 82 17 e7 91 79 53 bf 41 db 10 68 bd e0 ff de ba 3e b3 cf 17 db 02 97 6d 7e 14 b9 6c 70 7b 70 7f 91 28 4e b3 23 f4 d9 a3 ee 94 29 6f 39 84 80 8a d6 ac d4 90 bd 64 81 66 1f 0f 80 32 29 ea 24 aa 28 26 7a 65 19 af cd e1 43 15 31 2b d0 5e d4 1b 4d b5 07 e1 a1 88 0a 6e 65 f7 26 2d bf 4d b5 fa 47 d3 67 34 8b 4d 99 5e 2b fa c0 2d 63 78 5f a8 8f 60 aa 10 2b 09 33 dd 4b 3d 94 98 c1 d8 46 b7 37 f6 a6 71 c8 94 65 ab af 99 e8 86 68 7d 70 d1 7a bf fb eb f2 4d c8 6e dc 59 09 e8 67 5c 09 84 7c 68 73 d8 9b 41 c2 65 ec 27 a3 fa ae 52 a2 ba 62 21 99 f0 0b 0f 9a 96 a0 26 f3 64 22 f6 d0 30 

Trying command a1...
Result: 
8e 2c 10 69 c5 d3 30 3a 19 97 33 f6 f9 7c 25 75 6d dd 19 f8 ad fd c5 ef 44 68 9f a0 84 92 f9 76 2b ec 1a 77 d8 9d 41 db 43 84 2d 74 46 69 5d d7 1c 81 63 ae f9 fe ea 0a 03 89 7e b1 cb c4 83 c3 f4 f6 60 04 dd 56 a2 bc cd f9 5f c5 46 b8 ae fb f8 ed 8b 4f de d9 d2 41 3d 3e 12 1f 9c eb 3b c2 04 bf 66 e7 b8 b4 c7 c5 53 82 0e a2 39 32 92 49 20 c7 56 35 e8 fe e3 19 00 8b 1f 48 19 26 65 24 b9 50 ec ad 43 0b a8 c0 96 4f c7 50 27 60 35 cd 99 88 dd a2 a3 ab f9 04 ba fb 87 fa ca e1 eb dd e6 ce 8f 06 e5 05 92 1d ce 04 86 bf 3c 2e a5 33 7d a0 d3 83 9b ec 0d 8c 13 2e 47 44 dc 5a e4 95 75 f8 12 f7 46 75 c0 6a 08 62 41 75 2c ef 1a f7 61 f8 81 84 44 ed a9 1c cc 84 c4 55 64 5b f4 62 ea 51 a9 5f 08 43 0b 63 b5 76 ee bb a2 2e c6 e0 39 86 e7 dc b4 9d 51 2d 80 d8 e1 b3 f2 21 36 1c 75 4d a4 ae 70 6f 73 de 0c f6 6b fc 75 91 8b 97 43 bb 39 38 64 02 8b 73 fd 46 13 fa 78 b2 25 23 6b 2a cd 54 1b 56 f7 0e 9d c1 4f 5c ee e2 d6 b4 96 b5 c0 13 37 6f 6e 16 c1 a9 30 79 21 3d 71 92 49 aa 21 dd 63 28 a8 80 49 db 7c 3f c6 d7 42 79 a1 9f 80 1a 58 1a 9a 6d b3 0e 18 53 7c b4 7b 70 e9 94 da 92 41 dc de 35 3e 42 ae c7 e3 83 37 ef 49 40 5a ab 02 31 07 c7 6a 4a 3f ca 9e 68 73 39 b4 cc 1e cd cf 24 a9 2b 66 2a cc 4c bd ac 33 1b f3 58 6b b9 d3 ff 15 d9 65 e0 d5 59 7b 42 0e 87 b1 f7 9a 13 80 94 d3 a5 0a 18 34 45 99 db 28 65 d6 8d 8b 3a 26 0e 41 de 25 e6 15 00 23 2f 46 cc 2a 5a bf 38 ae 83 ee 48 1c dc aa 43 2c 4d 36 b1 6f fa eb dd 19 d1 54 73 3b a1 95 86 d8 90 7a df a1 4a 50 4e b0 c8 eb fd ff 3d d7 ff 74 43 69 07 53 32 98 1d 80 39 ad d9 5d 99 71 79 a7 75 1d d6 

Trying command a3...
Result: 
00 00 00 00 91 70 41 3a 00 de 0d 70 ba fe 05 a8 d6 51 5c f4 85 9a 97 22 c8 7b d0 62 7e d6 43 d0 58 27 da 6a 4a 21 d0 8a 7b 88 68 70 60 bc c3 cf 91 06 9e ac 66 9f 0b 18 3f e0 40 37 45 3a 14 47 af 0a 50 fc 8c 7c b3 5d fa 9d 8f 9f de 96 6e 85 e3 d8 a3 37 7b f9 e8 34 ed 12 eb b0 28 45 40 b3 0b 92 57 fc c9 4b 54 69 a6 c3 35 d2 fc 8d cb 1f 0c 8c db eb fe 74 c2 8e 3d f3 9b 5b c4 9f 12 5e bd cf 51 2e 86 ea ca 38 95 d5 d0 d6 83 93 3a 17 24 f9 21 48 2f 41 44 78 21 79 d1 7e cb 96 d0 2d 0d 4d 49 23 97 8e 16 d9 d5 f4 2b 6b a3 61 11 db 7c dd 3b 3b a4 ee 59 ba 18 e2 f9 f5 c6 e9 0d 89 a7 50 30 dc c5 fa 4c 89 0b 80 e0 85 4b 5e a1 f8 50 25 79 2e c6 a1 b4 ce 6c 04 97 07 5a 65 68 42 d1 6c 43 3a 5a ad 9b 12 e6 b1 6b 8f 34 7b 9a e8 ab 3c e4 c7 b4 31 5c d6 dd 6d cf be 23 61 f9 3e 07 94 ca a4 6c b8 15 51 be ea 54 aa ab 28 85 46 c7 47 c4 ad 31 fa c1 ad a9 f4 0e 4a 08 06 bf 93 30 dd d1 82 cc ad 8f 73 f4 10 d7 65 c1 3b 70 97 93 6f 0c f8 ad fd 75 fb 89 88 a3 67 2e c3 77 cc 2e 7f bf d8 81 fd 7b a6 01 dc a2 34 5d df c5 39 26 41 c2 2d a2 30 97 92 ac 68 ba 18 81 0c 15 a7 50 ba bd a0 19 06 f1 54 84 0b e0 15 80 09 2c 1d eb cb d4 00 4f d4 20 5b d2 63 27 d5 ec 42 a3 25 b3 05 4a ac bb c3 26 d6 89 1e 57 a4 4f 59 af e3 93 cf da 8a 00 39 49 24 08 c1 d5 53 2a 25 96 7e 95 3a 5b 01 d7 79 55 e5 c7 f2 e7 0d 6f 2f 30 29 42 3c fd 94 ee 96 8f ea 3f 60 c4 4e 74 dc 1a 67 18 15 36 7b 99 fc 6a 2b ca 2f 6a b7 b5 2e 74 b9 08 c1 2b 5d c6 a1 5a 03 3b 72 bb 8e 88 8a 25 29 21 97 62 e2 a7 9f 8c c2 e0 6a b1 b3 ac 1e e4 82 cd ac 18 e7 2e ff 48 6e b6 32 0f 2c bd 74 e0 c6 

Trying command a4...
Result: 
3d 74 0e 5e 40 1d 57 f0 34 1a a9 1a a4 ef ea c7 08 59 29 d4 19 14 d4 0a dc 06 6b d0 fc f7 a6 dd e1 16 43 45 44 52 91 1a 9c 30 8e 4e 31 70 f1 4f 97 ee f9 68 3b c2 11 89 4d c3 10 b0 41 f3 6a f7 53 81 ca 0a 35 c4 a8 93 20 cf 9b 93 ff 0e 40 08 38 eb ee f4 e7 af ed ec d8 55 f9 6c ee b5 e6 f0 cf 79 77 f4 d7 93 f7 49 cc 05 e9 cf 5e 96 38 dd e6 37 84 34 71 b1 55 5b f8 0a 7c de 54 66 e2 88 68 10 39 1d e1 a8 1d af 06 88 1f dc a0 4f 1a f7 77 24 04 c6 46 b1 bf ae 02 0d 95 0b ec 7c b4 14 45 91 41 72 82 9f 07 47 e8 a9 83 14 ca 37 7c cb 0f 3e e8 af 42 29 0f c3 92 2d 1a 99 08 61 fb d9 d1 23 87 59 71 94 89 49 b3 e1 63 a4 00 06 d6 f4 26 56 2a 29 2f be ea a1 4a fa 7a 1e 2e 88 64 8a 9c e2 6c 49 68 8b ac 50 4f 15 29 5f 08 5a 26 b6 84 4a f0 4c 0c 4d 29 a5 6c 34 ea 9d 1b e4 ef 92 d0 c6 f0 dd 38 7c cc ae 63 bf af 18 e0 47 32 f1 72 9c a3 4c af 06 30 71 19 33 2a 44 88 64 60 dc c8 76 76 81 b1 50 02 4c b8 f0 e0 6e fe 60 70 49 bf 7d e5 77 12 bc 2d 63 b8 f8 03 11 e3 ba df f9 ba 3d e5 9f 3b 2b 44 8a cb af 15 2d 66 9b a7 8f e7 8c 11 b5 1d 73 2d a8 4f bd 6f e4 ed a1 86 17 cd 70 0c e8 a3 a5 28 17 65 c0 07 49 b0 ad 94 7e bd 79 49 22 c9 26 eb af 88 81 90 d8 e7 2b 23 f1 c5 c9 cd 77 26 bd 1b 98 49 76 18 04 d0 c1 7e 85 d7 a6 1a 3d 8b 9a 45 df ad 01 46 8c 47 d0 07 5e 79 aa 95 9a 77 92 fd ac e9 15 f7 db fa c0 f9 00 7a 59 20 79 48 d5 aa 2f 95 d7 92 bf fa de d9 a8 15 ef 73 bf 89 ed ed 32 e3 b0 41 b7 ee e3 97 8e 0e e0 9f 82 83 47 ff 81 80 e8 49 ce e8 b2 ae 63 4d 5e 3e 23 3e 8d a1 35 5e a8 8a a6 a9 0f 39 73 7f 37 6b e6 0a 16 07 9e 10 47 c1 8d 83 b8 82 6e 

Trying command a5...
Result: 
f3 59 b1 f9 6d fa 39 dd 0a c7 1a 44 45 2e a9 88 93 69 f5 9c 3a 7b cc f9 1f bf 8b 79 68 3e ba 91 d9 88 58 9a 0f 24 36 41 e2 3a 51 86 65 50 02 e0 06 57 38 f3 56 9e 88 37 99 ea 65 c1 7f c3 99 53 45 15 53 97 28 e7 a3 73 73 16 65 50 ca 81 5b 51 cb a7 7d 07 e9 56 58 20 c6 23 b3 c7 d6 ae b4 7b 36 69 38 87 d0 8c af 7d 66 2d 03 3b 09 e8 75 d5 aa b6 8c 43 91 94 81 5b f3 ea 41 36 c4 ee c8 62 9a eb 6d 93 41 66 67 06 af 78 dc 2f a1 64 3a af 51 27 1c 5c 83 53 47 6d ef 3f c8 b9 fb 68 1c 06 38 eb 5d 2d f1 ff 26 00 80 5b 15 c4 39 fb 51 65 a0 25 6d 54 73 cc 8f ec aa f8 d8 8b f3 10 4d 20 ad db 88 86 09 2a 36 90 19 1a ac ab f0 22 d9 df 40 87 62 6a 6a f7 fd 28 ec 9a 1a 1f 22 99 66 d4 8c a0 6b ee 46 fb b7 51 4e b0 1b cf 52 a3 51 92 64 2d 57 57 44 9f 3d 4c 50 c3 9a 98 02 67 82 66 7c 2b 38 a9 15 98 51 9a b5 6e 34 e9 c4 05 39 65 ee 11 64 0b fd 57 e3 50 c3 0d 79 bb 77 1d bc 51 01 28 0e 2b 48 c2 fa 01 f4 de e3 1f 18 fc 98 19 29 de ad 17 ab c2 11 69 dc 1c 31 dc 47 18 7b 50 0f e0 ef 34 60 e0 a7 25 38 37 df 09 09 e3 6e cf f5 d8 b0 1e 82 1d ff 90 79 a0 f2 b6 9f 82 64 3e 1d 42 e8 aa fa de 37 5c 66 1a 9e f7 94 60 a9 9c cd 19 5e 55 c4 23 36 28 5e 3e c0 aa c6 5b 65 64 77 ec 3f 44 6c 52 9d 47 58 29 f7 b8 c8 89 f9 60 e8 d8 39 d1 62 8a c5 7f 00 5c 50 30 48 1b fa b2 90 c6 f6 82 8b 29 d4 af c3 1c 76 65 62 59 5f 9c 26 93 bf e6 ad 4c 00 31 12 dc a0 11 1f ca 47 d5 08 61 7c 42 73 42 8b 5c 03 96 90 9e e4 52 d5 36 c1 c6 eb a7 fa fd 6d 20 18 6f 9e 8a ec 61 28 9d 2e bf 19 5a d5 ea ac ea c1 e6 ba a6 29 05 83 77 d9 3f a4 31 a3 47 94 e5 73 a6 62 17 b4 b1 35 fe 

Trying command a6...
Result: 
86 3a 12 30 a6 04 2c ee 47 7a f8 de 56 07 4f 8d 96 64 ad e3 b5 92 13 d2 76 61 b7 db 17 5c 2e 2c 2e 66 63 e0 d3 92 df 41 7a 1b 25 cb 79 87 e3 63 09 d2 3b 2f 37 32 5d 8b eb a0 94 73 44 d9 02 21 f7 f7 d1 82 5b 47 59 2e 7c ee 85 c4 01 5c 4d 7a 2d ea 22 f1 10 ff 6e 7f 3c 96 83 e3 77 c0 49 4d 8a 35 96 47 35 14 69 92 b7 bd 38 b1 a3 21 c2 b3 e4 1c dd 63 e3 97 5b c5 f7 86 e3 2f 1e f0 91 8a 24 1e 0a 28 6b 92 ba 85 32 d9 9a a4 32 7b e4 c0 4b d0 d1 68 0d 26 86 93 2e 3d d6 5b 7a 18 49 0e 31 8e ed 75 a0 38 1e 94 d5 39 e4 a3 c1 65 b2 89 00 3e b7 e1 27 b1 00 7e 52 7b ee 9b 53 f4 8a ea 04 bd a9 d5 f5 97 78 f5 f4 9f 43 fd 7b e6 62 2f 0c a0 e3 8f a9 63 9e d3 01 a5 f7 4e 0a b8 73 bd 4b 1c ca ac 4e 4c 9e 2c 5a ce d3 3f 53 6e 8f 8f c2 0c 3e 67 aa f3 02 b2 ea f5 ea 04 8e 47 79 4e 17 58 d4 c9 11 18 6d 1e 9a 37 4b 5b 26 90 17 21 a5 4d 8e 4b 2c be 5d bd fc 7b 20 e7 2e 0a b2 d9 95 e2 c4 5d 7e e1 18 d2 88 d3 1c 27 f4 79 d4 ac b4 74 06 cd b6 ac 69 80 51 94 a3 94 48 42 fc 60 01 0a 22 00 83 9f 9a 93 65 0a f6 b1 bb 23 20 eb 4d e3 8f 6a 68 89 aa bf a2 17 9a 95 16 2c a5 c0 18 26 09 ca d6 28 50 73 30 d5 e3 0a a0 1e ad f3 ad 44 8b e6 cb 7a cb 0d 9a d1 cb 68 8d d2 20 58 0c a4 50 a3 aa 51 ab 3d fc a4 5d b5 fe bc 5b 8e d7 bc 71 fc 7f 79 ff 23 b1 c9 8d 70 2f 6a 89 66 b7 58 25 79 da 95 51 b2 45 dd bf 43 54 b8 d2 95 f9 c2 19 4e be 71 3e 14 89 63 25 d1 e4 01 eb 75 3b 68 2d bc a0 9f a6 03 7f 9e 0c 14 3d 66 80 d5 6a 4b 12 6d d8 ef c0 7b c0 55 64 39 e0 80 d6 12 63 7d 24 35 8d 72 2e a0 bb f9 9a 23 91 ee f4 02 00 bb 4a de e4 a7 7a 28 43 d9 7e af 63 cc 3b ef 

Trying command a7...
Result: 
c5 ca 8e 03 5f 87 fb c7 14 46 16 cf e4 55 96 26 08 33 1c f0 27 19 42 c7 8a 35 cf e5 a4 05 79 e9 3b 0f c2 b2 c7 8f 81 2c af 3f f8 ac 1c 4c 70 bf 48 cc 35 ec d3 eb 0a 8e d3 f2 c3 78 24 fd b9 b8 1e 93 b7 bd ea 07 cb e0 b1 03 87 02 8a 0a 67 1f b0 30 20 ac 22 29 15 17 5b 42 27 21 63 34 53 e9 5a a7 78 52 9e a9 7b d9 97 62 fc 8f 99 cb 5a 1f 30 09 89 19 75 9e 8d 3d 5c d8 ef 31 b7 1d 14 32 35 bb 23 39 ed f5 38 30 ec 9b ea 21 60 a0 71 96 a8 74 b6 7c 42 88 47 b1 82 f6 8a 9c 0c 8f ab 84 9e bb f5 89 f4 ab a4 2d 7c 7e 78 24 a6 42 e5 47 51 39 1e 44 b7 e1 22 c7 5f 10 fe 4b af f5 e0 81 28 03 09 a4 d2 06 1b 56 fd 53 f2 0c 99 1c d0 ec 00 53 04 3b 41 53 0d f3 58 89 38 f5 8e 4a a2 db d4 77 8d a6 92 e1 68 8d 88 84 69 e6 a0 2c 57 c5 f6 42 5c f1 17 d4 0e b3 ad b7 01 68 34 ea 03 4d b9 4e 89 f6 14 48 01 b3 ab 06 6e fc 0b 30 10 42 ac 69 74 0c e0 81 ab 88 e6 6d 69 37 14 e0 5e a2 49 bd 0e 5b 06 a8 e5 e1 70 9f b4 b0 bb 8e 41 47 dd c4 b8 bb 83 23 45 be 6b d3 74 a6 11 cc 40 a8 4b 19 a2 53 a9 44 e1 32 54 19 3c 1d 09 1b d9 23 a6 87 34 08 a5 c9 10 12 ae 0a ea c6 0f 02 0a 08 8d 86 a1 fc e1 89 40 10 7f 6a dd 5e e3 a3 d5 1e 96 04 59 e5 92 6d 2e 47 e0 57 13 64 65 0c 25 2d 86 45 cb e5 9a 7a a8 af 1b 2f 3b ef e4 52 0f e7 24 41 aa f5 c3 42 de c2 fc 25 c6 8c 16 c2 5f ca 4f 52 ad b3 4f 7f a6 aa 34 55 4b 1e 22 2a de e9 9f 6a 03 35 7d 02 fe 90 77 82 52 15 e3 db 83 ad 57 d3 fa 10 2d 46 33 e8 41 22 b9 63 a7 3d 64 c9 f2 6d 01 7d 05 b6 59 8a ea 76 50 94 92 58 45 81 9a 7f 9c 67 c4 61 39 e6 95 bd 9c a7 af a6 93 6d 50 76 00 42 fa 4d 18 80 95 f7 35 4b 8b 6a 6b 73 

Trying command a8...
Result: 
a6 2d ce 4c a8 cd cc 22 d0 8f a3 22 db f8 be dd ba 2e d3 37 cb 7e e1 03 ac b0 ed 6a ba 5f 47 4a 76 9a 16 35 01 2d d5 5f 0d d1 2f 21 e0 a3 32 12 da b9 c4 e9 38 7f 13 61 3c 7c 14 ff 64 4c b3 29 34 0e a1 8c af 8e 84 a1 17 6d e2 20 67 6f 60 df 8c 41 fa df ef ad d9 fe 3c d5 59 f8 7a 73 80 b1 cc 65 75 18 17 e3 ee 04 28 2a 1c 82 e7 36 b3 ff 52 bc 33 dd 25 25 94 97 2a b6 d7 3d cc 55 f9 f4 28 c2 e4 44 b3 62 15 65 81 26 4b c0 ac 5c 97 f9 63 34 82 16 27 b6 9e fc 1b f4 f6 27 09 17 e5 60 28 88 e6 34 b3 3c 2e fe 1f 9c 77 09 ea e3 b5 27 40 6b b9 ab 93 be b2 a7 85 0b e6 98 33 cb bf 9e 29 cc 99 6e 63 38 c5 e9 9d 7e 91 f2 42 cf fa 86 4f dd 10 c7 ca 96 bb ca 0c 38 8f a3 6e 34 b5 f7 d7 a7 6b 38 4f e5 6e 04 ff b4 f7 b7 ca 59 14 7d 5b 18 b3 e1 8f 2b d6 68 27 43 23 51 f6 e6 c6 fa 3a 76 98 c2 93 53 a5 ad c5 b2 7e 3e 70 a2 3b 27 e1 23 47 91 0b 1e 84 ec d8 35 4d ab ec b9 7f 23 60 4b 14 33 22 d0 e9 f9 a6 69 b7 9f 54 d0 56 56 c3 dd 6e 97 3f 48 29 ae 05 37 d0 0e 1c 0c bc a3 c3 e3 80 8e 5a ef 55 a9 eb a9 e3 cc bf 56 a0 c7 00 4d ab 39 94 eb 00 20 ad 0a 1b 4d e6 06 d7 a5 cf 05 0f db e6 e1 af 28 c7 0a e1 7d aa 19 18 ad 72 69 9f 16 83 12 a8 38 96 cc 7d 9e 03 37 ae 33 3e 1e 00 2e 66 54 80 de 00 d2 9f 75 9f 27 29 26 8f 8e 83 42 54 79 51 a2 1c db 5a ee 91 58 f6 55 f0 22 98 b4 3c 29 63 e9 5b 84 0e 66 c3 1f f5 10 c7 05 0b db 2f f6 e7 c8 8d 55 f9 52 6d 6a 0b f9 0a 4f 66 f3 ab 15 2b ce b6 db bd 2e 38 47 2e be f9 af 1a bb 85 0b fd 69 14 8b e6 ed b4 b8 f9 e7 90 38 e8 68 89 bf f6 f5 ed 58 71 05 fa c4 72 85 f4 45 c8 8b 8b 36 8a 21 cc bc 0f 5c d0 c0 3d b3 

Trying command a9...
Result: 
f2 52 97 76 2a 3f 50 4a 15 b6 2e 94 8b a1 a2 5e a8 17 aa e3 89 8f 41 a4 f7 00 e7 bf a1 ba 81 1d 56 6f 0f 98 a8 d7 5a 29 90 e9 73 9d 9b 7b e1 63 a5 e9 e6 cc ac 0b 54 19 c9 ee 98 34 21 db c6 9c 69 31 59 12 91 69 60 9d b5 9e 9f d7 2b 03 2b 00 44 c1 46 4f ec be 81 dc b0 5d d7 25 a7 0e 6a bd 0a 86 61 3b 1a 18 cc dd bc 38 86 36 84 35 38 00 83 d7 86 30 f9 f4 bd e6 aa b6 67 d9 be 66 ef ec 21 98 89 ae 57 44 e7 8d b7 b9 bc 12 b8 3d 6c 76 6d ab d0 68 e2 cf 21 c6 5e 32 5a 82 28 4b c2 5b 75 fc 79 c1 22 82 a1 7e 8c b5 9d 56 24 eb 4e 6c 31 eb 73 29 a5 b7 e2 0a db c3 d1 38 5c a6 59 4a 3c 76 98 2f 7e 35 78 a3 c5 c5 a7 49 7a 5a 25 25 96 1e 90 af c8 1a a1 52 82 fd 8b 04 f4 ca 2c a0 fb 7c f1 6a f4 3a 56 d6 5f 7d b7 9c 79 78 fb ed 30 ed 49 8d 35 af 76 ce 0c 1c 40 a3 e0 4f 5c b7 e3 60 69 28 c3 c2 51 b9 f2 20 fc d3 21 82 dd 24 a9 88 9b d2 0c 77 37 0d 4d 2a 5c bb a3 c8 49 e7 ac dc 30 6e 37 e6 25 ea 4f db 6b 1d 83 01 28 f2 64 a4 94 a4 da 25 67 46 99 bb 3e 7b 88 76 1a ec 09 b7 e9 88 14 90 10 2f c1 e1 6a 4f ae c2 b5 c8 9b de a8 09 79 98 ba c7 38 3b be 03 d1 2c 19 3c bb d4 65 8b c5 e5 27 aa 73 44 d7 9e d2 f3 1a de d5 55 9a e9 9a 52 1b cd a4 2b 3b 15 4c 25 6f cf a1 8a d2 bb 95 9e c4 5b be 12 9a 82 11 00 7b 66 6c ce 54 10 6e 82 23 89 42 07 bb bb c4 6a f6 8b 79 ee 8c 61 ee a4 77 c4 c6 03 bb 7b 00 62 45 ff 57 78 23 ba 33 88 c5 da 52 77 66 7d 2a 06 a9 79 44 48 03 15 c7 06 ce 4b 7a 70 94 bc 9e cb b4 04 7d 77 ad 6a 9f 77 db b5 28 39 08 86 13 0e 63 02 be 0f e4 4e a0 dd f8 5c 4c da 07 2d da 9c 41 4b 9a b8 bb c8 2e d9 bf 43 47 2c 5e 09 c7 6e 21 81 

Trying command aa...
Result: 
47 d4 3a f2 f4 3b d4 30 5a 8c ea 2f 4a 8a 81 fb bd 2d c3 56 30 de a8 08 d9 82 16 20 00 00 43 50 fd 1d f7 b3 1c 2f 5d 6a 7f 43 0b 8c 48 84 96 55 66 f3 d2 4e 77 02 ee 3b 1c 44 91 3c 8c 31 34 4d 54 4c b3 1f ee ce 9f 60 fa c6 34 51 82 91 df c3 8f ce 72 93 05 54 ec 41 00 25 ef 08 68 6c a5 c4 6b 61 89 98 b4 94 ee 76 ad bf 16 af 32 47 b0 44 18 ed ba f7 28 6a 45 92 a2 dc 3d 95 f7 44 62 55 b0 57 98 79 ea 98 99 6a 7b fb e3 95 96 71 29 b4 2b f7 50 f6 ac 6d 48 fd 74 fa 80 b5 c0 39 ce da d4 17 6f 04 40 45 68 83 a4 39 bf 5c 93 0b 83 95 dc 6d 45 37 73 42 5c c8 48 eb 16 9a be 71 af 24 c1 bd 85 16 87 57 bd 2f ef de bd 88 1e 88 c5 f3 61 4f 4e ca 00 11 2c b8 a7 5d 2d 4c d3 6e 39 76 cf 9e 2f 40 1b a1 29 21 d1 c4 52 21 4b 94 6f d0 f7 4c c9 93 e9 f0 cb 48 ff e0 38 e5 be e9 e6 a9 68 bd 1c 92 5d ff 90 ea a7 8c 9d 9d 9d ff 12 e5 27 5f fa db 10 94 ef d2 d1 f6 c3 94 10 ae 5a 8b 9f b1 43 a0 2b 60 bf ce 89 6f b7 67 7a d4 3b 41 7f 17 62 cc 21 1c 8e 94 5e ec 61 a4 4f a8 57 11 e1 50 c1 09 a5 fe f9 e0 f0 cb 62 3a de 87 0c 30 7e 0e 04 a6 33 a5 32 ef ff 06 33 9f 3e d9 cc d8 b6 de 87 43 2b 1b 8e 81 9c c4 10 1c 72 57 51 4b e2 36 23 52 a5 25 af 09 34 be 04 0a e7 6a 4f 7c 88 22 55 97 2c 4d af 16 90 a3 86 a5 85 60 ff a3 89 63 52 f8 1e f9 68 d6 69 29 5b fc 71 52 20 92 0b e0 52 f3 05 9b 7c 36 6b fe 51 5f 52 38 8b 92 1a 6d 33 c3 5b f7 8f d1 73 cd 9d 99 0b 17 87 50 24 a0 0e bf b9 2f 0c 5c 1f 88 3b 69 2d 28 e2 12 97 fc 8d f2 9e f3 36 ff e4 82 82 97 60 6b 29 fd d9 02 18 f8 ce 52 62 4f df 41 06 a6 22 ea 8d d5 ba a0 33 de ef e4 04 be 05 b7 31 55 77 ce 07 97 

Trying command ab...
Result: 
19 bc 28 d6 80 b4 1d ad a3 cf 75 70 76 98 ea ff b5 d7 4e 8f 71 9b fb fe 32 65 14 d0 85 cc d2 38 78 c2 3e 8d dc 7d c2 9d c6 e1 80 0a 08 b4 d4 a5 68 53 98 15 1b ab 19 33 24 fa 5a 36 39 14 88 d0 f1 cf b3 0b 86 8e db 91 1b 3d 5b 12 8b 9d 0c 01 7f 0b 79 81 9d 25 ee 10 b0 e0 40 7f 91 88 a1 4c 5e c5 fe e4 9a 43 e0 c9 6a 9d f4 55 e8 90 4d ac 78 74 59 21 df cf 6d d5 b9 c5 00 3a 62 76 c0 45 d9 e4 02 9e 5e bf e1 00 a7 3a ca d2 b0 04 0e 4a 29 25 67 5a 82 e8 6b 12 8c 2c 27 c7 aa a0 44 0c 9a d9 42 a0 c4 13 2b d5 34 a2 7f ab dc 1c 55 a7 c8 59 f1 2f e2 40 6b 78 50 e5 77 47 f4 7c 46 2a 5f c6 b8 2b 90 a7 d8 b9 76 f0 55 6f cf 1e 81 a1 52 44 4a e0 a2 03 a7 20 ea 81 64 69 4a a8 60 d6 35 5c 7a d6 6c 1d 94 c9 55 cc f8 f8 64 ec 3f 87 35 51 a6 aa d2 b7 0f 06 2c 06 b7 1e 9f ee 9f b0 d6 d9 41 df b9 2b fd 4d 6c 52 5d 0f a9 9c 7f ed 66 d0 30 7a 4d 4e 9b 74 9c 9c ae d2 08 4c 3c a8 1f 8b fa 4e 6d aa c0 9c 77 d4 a7 a0 03 28 ca cb 80 a2 df 0e 18 b7 75 15 55 9a 29 ec 76 c0 1b d2 59 ad 5d 7c 5b 90 94 2c bc d5 c8 aa a8 c9 d2 bb 28 47 3c af 8b 35 36 ea 6f 90 db c0 7e 58 72 9a fe aa ea 72 9f 25 34 86 98 70 3e 21 fa ec e7 c7 eb 14 ed 70 18 8e 47 eb cd 1b 85 9a 01 1e 8c 9b 6a 30 d7 e7 18 58 08 8f 89 1f 80 ff 46 2d 65 ae 81 46 d5 c6 db 02 e4 90 36 3a 36 22 76 d2 90 77 cd 05 5b 8b 35 b3 08 c3 88 6b f2 85 2b 51 8b d6 5c 4f fe ae 9f 3e be 4b 7f 76 ce a7 a9 80 ec a0 62 86 0e 06 59 c9 7e cb 9d 74 6e 21 5d d4 bf e7 35 4d 31 34 ba 76 d6 f8 aa 04 91 17 b3 e3 c4 23 32 e4 f2 eb 47 8c 77 9f 2d a5 3e 51 58 d6 d4 6f 3e 45 e2 33 81 72 98 ae 9a 3c 6d 36 fc 49 53 52 

Trying command ac...
Result: 
49 d3 aa 4e 17 4b db fa 9a 30 a3 b8 b1 5f 87 bd c8 e1 e7 b1 a2 cb d0 cb 61 8e ce 65 a9 82 ab 87 3f 62 f5 f0 30 80 93 56 2b 1f 12 79 26 6c c7 3f ba 08 8d 33 8c 1c 76 00 9f 84 55 5f 0c af c0 bc 3d d3 f8 dd 26 10 06 34 27 a8 5d f2 a9 e1 9d 5f 54 52 4f cf be 9a 2a 6a bb 66 2c ac 9f 34 32 03 fb ac be d8 50 09 19 62 0f d4 23 73 67 31 c3 c1 a9 d1 9a 34 85 81 cd 4f ad e5 bc a0 37 17 0e 4d 78 e4 6b a8 50 30 81 9e bd fc f5 d3 04 eb 4e e2 cc bc 29 08 ae f2 78 0a 2b 3a e7 f0 34 8b 3f 30 5c d7 61 13 8b e2 9f 34 59 bc a0 bf 84 7d 26 be 4c 80 fb 61 bf f4 66 6e cc fe b9 36 5c 19 2c 6b a0 5e c2 59 43 e7 0a 85 92 40 ba 62 9a 7c a0 84 eb 75 ee b6 90 d3 96 15 2a 43 ec 22 25 a7 a1 4b 63 59 16 f7 af a6 66 ba 20 37 d8 f5 c0 51 3d 2e 9e a1 da 14 c5 c1 04 b7 dd 79 68 89 8c a4 e8 60 78 63 b7 5c e4 c3 7a b5 90 72 ca ed 88 ea 5e 45 12 c2 65 72 f3 f1 10 95 ad c6 67 ce 35 f4 17 a7 de 3e 5c dc 13 42 10 79 d9 bc 65 af 2f 07 49 e2 fd ee 45 a5 ad 2b 74 56 35 1d 66 4c 5c 57 40 80 6e ef d2 bb b1 ba 20 b3 41 d9 9b 9c 7f 82 a9 1a 01 cf 11 a8 eb 00 4b 53 80 91 5f 59 ab ab 05 0d e9 aa 0d cd 33 76 85 83 bb 3b 22 b3 20 55 91 9c 31 24 c2 0d ac c3 6f 81 b1 4e df c5 08 41 77 17 81 a1 62 4a c7 ec 66 4f 9e 1b c6 1b 73 92 b4 10 29 85 b6 29 91 ac 58 18 b2 76 38 99 5e f2 5d a3 db f0 b0 46 84 53 10 50 0a f1 d2 8f ee fd 91 09 42 99 ed 91 12 31 ee 01 73 d6 cd 3e f6 a0 29 98 16 b3 05 97 bc ca bb 46 5f 2e a9 92 af 0e 9f a8 83 0c 2f 7e f5 2d c1 a8 b2 79 5b 48 46 a5 38 74 ff a2 fc 7d dd 43 ab e5 e3 6e 0d 55 75 6d 5b 90 6d 59 7b 43 67 23 50 3a b1 94 2a 8e f5 cb dd cf 

Trying command ad...
Result: 
20 95 ff bd b8 3a c9 ac f5 6d 9a b1 b9 95 af b1 03 b1 29 c6 e4 9a 4e e4 3c dd 89 3e f4 4e 68 f0 04 a8 4d 18 e5 ab 1c ec 2a fc 14 30 57 7d 6e 5e 5a 77 82 2e 68 13 f6 a4 6f 85 b4 2a fc c3 aa ec 2a 11 6e 66 11 a8 eb c5 0a ae 3d c2 fc 01 5c 41 1e c7 74 13 53 47 6a 01 f6 c3 d8 e2 71 8e 7a 48 2e b9 5f 40 e9 29 e9 95 da d1 f5 e9 7c 93 12 89 49 22 d4 86 d1 21 6d ab 3c d8 03 58 26 08 07 e9 64 fb 2f 94 12 a4 cd 6e 5c 65 a2 64 5a 6f 29 0c 21 73 56 40 f4 a4 52 ed 87 d3 ca f5 96 cb 45 53 06 29 f0 dc 12 95 ad 87 2d f0 80 5d 0b 9c 68 1a 16 c5 d2 8a fc 2c 6c 34 1a 59 ef 5b 07 ea 99 06 80 0f cd 4e e7 e8 dd 2a 5f 35 ce 10 9b 15 a7 5d b0 a8 66 59 f8 e8 a2 14 e6 6c 25 59 1a c7 71 51 c3 4e ed fa 24 b4 e0 91 09 ea bd 0a 3d 60 77 61 23 c7 90 f6 d1 73 bc e4 96 c7 d2 96 17 21 ff 4f ab 15 00 6b 1e 62 53 f9 31 3e 15 a1 1c 33 4e 15 46 0b ec 54 c3 99 9d 30 18 31 d2 e9 f0 99 df 4a 95 5c c8 0b 9c 52 29 75 e8 84 20 7f be a3 49 1f bb c1 39 cd bf 47 db 80 46 79 d1 9b 76 f3 3b 32 a7 09 dc 12 de 45 62 4b 51 e4 45 25 c5 28 2a 89 b2 a8 3c 70 c8 86 53 30 85 23 52 b7 47 ac 65 ce d5 45 a5 b4 13 d2 2d 23 c1 ec 36 d2 cf 6a 53 c0 f3 2a ea 60 53 e0 65 b3 62 2a 76 9b 38 1d 20 ff 3b 45 a1 3f ba 37 f6 8d f0 26 16 40 88 77 89 4a 97 aa 53 5c 96 12 e2 f5 9e dc f1 0c f9 6f db a2 46 0e ba ca ae 08 78 17 3e 56 6f 43 c8 3c 8e 74 97 43 78 25 92 83 3e f5 b2 d9 ef 8f 2d 0d 37 18 39 bf 57 ca b6 38 56 01 77 31 a8 97 cd 65 51 35 98 53 82 fe 54 28 e1 0f 5a 42 73 fe 87 c2 68 01 09 44 78 26 20 9a f8 a7 32 47 15 7d cc 19 8c 5e 07 46 59 6e 0a b2 e3 1f 5c b8 e8 6a 64 fb fd e5 

Trying command ae...
Result: 
ec e6 35 e5 80 9d fa 07 52 0b b3 e2 cd 1a cf b5 bc 69 63 24 2c 44 17 5c 09 c1 f6 13 11 ef d0 51 b4 c6 bc 87 17 d7 42 59 de 12 1f 17 85 c0 e9 cd 05 7a d2 0c 8e 01 4d f2 40 b7 d5 f1 22 79 ca 94 37 11 2d 75 c3 de 39 df 3e 3a 85 d0 7a 80 70 f6 69 ad e1 eb 19 70 96 94 d0 d7 c1 a7 80 79 9d 89 b5 66 c7 4e 10 63 ea dc 78 bf 75 28 d4 ef 9f 0e 6c 75 02 02 da 38 db 8a 2c 3f 00 9d 70 ac 0f c7 d5 11 f5 e8 0a 04 8b 9c e2 89 7f ba 01 7c 47 5b 49 f5 a7 76 b9 c1 ea 81 19 25 3f df 1c 42 8c ba bb 5b 28 3d 2c 90 c1 89 dc e8 c7 0f 2e 6e a0 cb 92 ff 7c 36 e8 ea d2 15 38 e8 23 08 b0 0e 25 2c 32 4c 45 7e 5c 4d a7 e5 47 6a 98 ef a0 b3 a5 1c 01 03 51 6e 14 3f 7a 8e 32 22 03 6b ec e5 07 20 bf d6 00 60 0b 00 45 22 36 32 f5 d4 5e d7 b3 33 95 5b 26 66 a1 9f ed 67 ac ca ec 81 8d 50 3c b7 20 d5 9c 16 39 77 67 3c f8 f8 24 fb 62 84 05 cb e5 91 9c d3 78 9a 2e c3 fa 2d 4c 66 bb 97 77 83 41 aa 2a bf 4b f7 07 0c e8 79 56 77 f6 7d ee 26 87 26 4f 70 88 55 08 91 be 06 76 3e 04 fa f6 15 09 1f 50 82 10 51 99 a9 61 88 0d c4 24 f1 a6 28 86 10 a9 5d 0e 89 4d 3f f6 b3 0f c2 cb b8 21 12 a0 4c 09 0a 67 b6 0f 83 c1 8d cc 91 7d c4 e8 5f 5a 1a 02 f0 c5 a3 07 3f 15 46 d3 76 33 2d 49 eb da 49 56 0b 1c a2 64 48 0e 09 65 d3 8c 74 48 99 51 aa e5 18 19 de 51 15 1b 31 6f 78 85 c6 3e 23 2d 15 56 c4 87 7a d1 99 b4 f9 8c b6 43 ab cc 2d d1 50 a0 57 b9 11 67 2f 4d 15 b9 60 51 fe 75 2e c2 ad ca e3 36 9f 9f 13 85 14 ce 53 3b e9 a3 14 64 1a 88 ac 2f 88 1f c8 46 b0 5b bc 02 67 ac 67 ef 82 30 d1 d4 ea a6 e8 af c4 70 67 8d 82 1e 7b 3e 70 f8 17 77 1b e4 98 c3 38 d5 07 20 9b a7 a6 

Trying command af...
Result: 
94 a9 b1 32 17 93 3f b8 97 c7 f2 1c 0f 10 3b 13 22 5c d9 7c a7 8b 3c 5e ba 47 dc ed 4c af 96 3a 54 a1 f1 ca 96 5d 18 49 01 04 2d 8d 80 fa 5b 85 e6 5a 1d bc 73 15 93 f6 9f 23 84 90 a3 86 c2 24 3c 77 af 56 c2 96 77 ef 9e 33 bb b3 41 52 b8 e3 b8 da ff d6 b5 8b 11 04 5f 74 86 cf ac ff e4 ad 4d 3f 19 ee 08 0f 74 aa 88 16 42 07 74 90 d7 63 4a 23 87 bd 78 f5 12 93 23 53 cc d3 ac ae 6c c0 b2 21 ed 53 f9 81 34 dd 68 3e 42 22 99 02 ff f3 be 8b 63 7c 26 7b 96 1e f9 ea a3 f7 30 2d 35 02 aa be 73 9a 64 19 ad 88 cc 99 b1 50 01 d8 34 d2 f9 6b a3 22 39 bf 42 32 e2 0f cd fd a3 dd 13 68 cf 3d 95 b6 a3 d4 c3 0c c8 78 03 2b 30 fb 94 5e 1a 5e b0 24 ef 4f 4a 2a 69 e2 72 c8 fd e1 f2 05 6c 4b 8b 9c 46 86 46 c4 cd 90 d8 cd 41 98 b7 68 10 cb c6 69 c0 10 b7 f2 79 dc 69 aa d6 48 c7 99 36 b9 e4 aa 2d 37 59 05 98 76 d5 28 6f 7d 78 48 09 43 75 7a 05 2b 6e 5c b8 03 e1 8f b2 d3 df 87 94 50 50 9a 44 35 4f 4c fd 1d 36 12 58 fe 99 c7 cf 37 ec 99 93 31 a9 8b be e9 7f 49 b7 e8 95 4e 3d ce bb c4 ce 7c 16 a7 21 03 26 07 b9 34 84 ba bf dd 3d 37 de 91 3f f7 d6 04 1e d8 ae 19 51 e8 05 a2 03 03 0e d0 1a e3 17 8e b8 0e b6 2a 95 09 72 f6 f4 ee af f8 72 85 e3 bf 1e 4e 15 ce c3 27 21 40 bc 66 b5 37 ce b2 ea e0 85 3b e4 d6 71 9e c9 f8 17 0f 0e dc 3f 51 18 1d 38 db 15 4f 2c cd ae 5f 32 3b 02 d3 da ee cb 06 dd c7 ba 77 22 92 6f d4 29 2e 55 8b 6f 5b 5f e8 a2 44 f8 6f 9b fd 73 96 63 72 e9 ad 3e 5f 6d 36 6f d7 d9 28 8c 01 84 69 f1 27 e8 23 bc 30 f0 b9 b1 71 de 0e 6d 25 22 dd c8 f7 d6 bb e0 7a 53 a3 a5 e3 12 98 74 35 38 41 26 ef 81 81 28 52 36 91 a8 c1 d5 60 7f 4d 

Trying command b0...
Result: 
60 d6 d6 e8 31 f8 55 9e 2d 88 b6 ce 12 e6 5e be ba 0e 50 b0 6a a9 ed 8c 4c 5e e4 9a 47 d4 6f 2d fd 8d 65 ed bd c8 bc 90 14 9b 58 4e 6c 54 04 54 55 90 5b 02 a1 95 8b 96 c8 e6 ac 49 1c 68 d5 ec b1 11 8c dd f3 07 ba 89 68 19 5e c3 45 95 18 79 fd 40 df c1 cf 57 34 24 47 3d b7 2b 16 8b 1b 14 a8 9a 0b da e5 09 ac 79 30 46 77 a0 3c 2f 0b f8 73 99 68 31 09 f7 f7 af 1b 52 fa b9 c9 1e 62 b2 3b 5b b8 e9 89 df 74 38 96 a0 e4 f3 cd bd c3 57 1c 7f d9 90 c2 10 ba cb 9d 9b e1 a6 6a 30 5c b6 5c 46 30 c9 04 d1 fe 16 d9 12 ac 31 36 51 d2 f8 85 9d af e1 56 92 75 5d b0 eb 10 ed f6 13 72 37 94 12 98 04 1d 9d c0 d5 f7 e1 5e 27 52 52 11 de 59 8c b6 fe 47 15 74 c1 b5 4b ec dd c5 33 14 43 d7 a6 b1 01 c8 37 a1 1b 2c e2 2c 20 bf c9 62 f5 0b 43 20 68 c6 7d 00 fe 03 63 f3 62 74 14 d9 eb f0 f6 8f bb 5e 3b 99 f4 19 c7 ae 1d 24 d9 f1 47 12 37 d9 56 6a f7 55 41 d2 7a ec b8 e7 fd ca c9 31 25 fe b4 9e 5c e4 77 6a 1a d6 21 7a 81 33 f6 d4 90 94 cd 58 6f ff 56 0b d6 eb 08 ea af 92 25 b3 81 80 ab 10 2b f1 b6 c4 a3 31 84 4b ce 3d 99 97 e1 1c 12 16 e4 bd 16 48 7e 08 81 eb be 47 57 fa b0 9c eb 56 0f 4c e3 c4 81 7e c2 1a 8f 17 a5 98 9c 9e 2e e4 42 84 ea 3a 5c 3e 7a e6 e8 02 2e dd 74 fe 10 d1 e2 42 40 56 3e 02 be c3 1b d3 bd 79 12 80 37 88 a1 56 23 05 ac 62 53 e7 dd ff c0 f4 1a 96 b9 8b 8d 2b 67 b4 a0 fc e7 7c 4b 74 38 b2 1d 96 1a 43 49 81 d9 b7 b3 f9 0c 1f d8 b5 ae af 64 48 3e 3b 9e 96 8a f8 49 21 0c 24 6f fc 26 77 21 57 7b c2 78 26 4b bd 3b e8 33 ad 0e c8 5b d2 ec e6 72 01 09 14 e6 7a b4 dd fa 28 4f 52 77 5b eb f6 41 01 0e 37 3f 77 45 1f 4a b8 0d d5 4f 

Trying command b1...
Result: 
1b d6 8d 97 1c 7c 2f dd 7f 9c d2 36 90 6f 70 7d 55 e6 55 5c 00 57 bd ac 66 a9 c4 41 9c 05 6e 9a 7e ec cd 83 35 5d 01 5c 2d 67 56 ca 8c 19 73 66 55 cc 96 bb fb a1 30 d0 92 8c ce 45 97 21 ca 82 22 cd 76 d1 9e 26 73 d7 b3 e4 87 5d 62 fe 6e a8 c0 80 16 be 76 ab 37 80 48 19 10 3b 8b f4 b1 f8 94 e7 bb f6 29 3d c8 ef 0e a6 61 cc 3f 2f 61 e0 c0 14 d0 e5 86 67 31 42 26 14 b9 1c 94 15 17 de d8 9d c4 7f 5e ce a9 b5 98 21 30 11 78 23 96 a6 7c 37 7a 43 b4 01 55 c7 8b bb 42 7c b9 dc 87 75 a0 2d a6 06 ac 9f f4 78 75 35 de 6b b0 d4 95 ea e7 e8 7b 9a 2b 02 72 ea e4 48 23 93 93 fc 1d 12 74 90 47 7e 65 0a 3e bf 1b 63 7f ff 90 48 3c 89 c9 4b 68 3c af 31 1d 8e 19 09 04 1c 30 fb 96 f4 15 16 c3 62 50 32 2a 5f b8 e1 2a 35 dc 39 3f ec 28 c3 6b f8 58 e0 ea 9d 45 bf d3 a5 45 c5 73 2a af 21 07 65 33 82 35 62 3a 73 a7 cc a7 5b 7c 5a 51 23 ca 83 b5 42 6d b3 99 7c 6f f9 07 b3 25 c7 4b 8a d1 6b 87 7d a5 11 62 ea 1e d1 73 6d 89 5d dd d2 4d fa e9 9d 86 38 71 e6 ca 5f 56 d8 2e 5f af 6a e3 19 fa 5f 37 21 16 2b 5b 19 11 e9 6d 48 dc 87 45 07 22 af 0e 35 65 ef af 86 14 2c ed 73 8a a6 a5 14 4a 3c 83 ca 43 09 f8 6b cb 9c aa 16 56 9e 3a 93 1a 58 7f 0f 9f 28 76 3c 44 d2 30 c4 c6 8a fc b8 09 36 3a dd 21 84 0c 6c ed e7 a3 89 4f 28 ed 4a 89 3d cf 45 af 51 f6 3a c0 83 d8 65 75 f1 d7 da b0 6b 1b 52 b5 b2 56 73 5a 69 48 7d 35 7a 43 e2 e1 fd a9 cd 47 64 3b 48 dd 8b dd 8a d6 b1 91 cb 0a ca 98 70 6e 47 fa 7a 05 78 b1 92 73 95 60 ed 25 2f a9 ad 74 68 2e c5 d1 24 97 78 47 66 be 21 67 77 68 b0 1b 57 18 ed 9e 65 71 9d 04 50 9e d8 32 e7 b3 77 9c 28 67 2b ba 2d 96 28 

Trying command b2...
Result: 
28 ab 20 25 46 fe 8e d5 c6 6d 84 e6 5e e2 c0 a6 a4 b7 ac a0 7a b6 7b 72 46 8d 8d aa de 9a 82 53 42 e0 2b 1e 39 d3 4d 55 66 5c 36 5d 62 5e 49 87 58 39 28 3f 79 9d a0 ed a1 b2 ae d1 ae f4 92 fe a4 0f 62 f9 74 49 7d 76 a1 3e 1f a4 ef 4d 7a d3 91 c8 42 a1 30 57 5c 36 4e 57 c7 fc e5 6b 7d 75 dc b1 83 d8 87 89 b0 7d 9f d4 35 70 0e a3 63 44 f7 ce d9 1d 85 4d ed 53 ab da 8d 38 e3 86 bb 89 1b a2 a4 ed 0a 28 44 b7 4d 50 1f d5 13 bf b8 be 50 5c 6e 49 5d 9a 86 1e b6 f8 05 1d af 62 f5 54 89 69 81 4d ea 89 52 fe 4d ee b7 c2 30 d6 fe a7 bf a3 02 65 20 b6 b9 fa 58 d6 4f b8 8b 15 1d 65 35 1c 71 7f e3 97 14 33 67 23 43 1d 1a bd a1 b2 18 18 f9 39 1a c4 8b 19 26 46 f2 23 29 06 9e f6 1a db 8d 9b 20 d4 70 44 19 7c 3f 79 89 0a 88 04 19 c2 84 0a 85 eb cd 78 b0 cb c7 4a da ad 8d 5b 0e 80 7e 6b ae 95 b4 5b fe 72 64 25 2c e3 a7 51 37 3b 4a 64 ae ce 54 86 d7 c1 84 e5 87 d2 94 63 ae d2 0c ee 2b 92 cf 92 c8 b5 bc f0 1b d8 c2 3e 05 01 39 19 70 79 32 86 25 e5 7f 52 fb 40 e9 cf 99 7a b0 0b 49 5d 5a 76 6a f3 f5 f7 d2 74 19 0c 78 f5 a3 6a 36 6a 6a d2 fd 7d 7e 79 12 96 62 3a c5 97 3d db f3 82 5a 64 b1 0b 12 bf 79 85 44 1e cd 8a da b1 a8 08 d0 e5 c9 56 b8 5e de bf d1 1a 90 b9 5a 03 56 b5 21 23 a2 6f 11 ca 26 14 f8 ef 0f b5 6f 14 23 90 45 01 de 1f 9b 15 8d 30 2f 85 7e 42 35 68 03 df 47 0c 21 6c fe 20 f6 e0 64 a2 21 07 29 e7 65 20 48 83 22 9e e4 08 2c a8 f8 05 16 92 c6 d8 73 3e 25 a3 d4 62 be 8c 32 9c 86 17 bc 8e 9b fa 74 ce ba 2c de 11 e2 c9 79 3f ec 37 f0 18 9b 99 82 d3 f2 a4 a6 67 e3 ab 93 6d 6e a4 4b 86 6e de 40 6a 88 81 b8 bb 8c f6 be df 4b 28 

Trying command b3...
Result: 
65 98 05 7c 7d 35 f8 fa 31 79 14 df aa 8c 6e ff 51 83 f3 1e 2a 2e 83 a5 20 42 cf a1 02 4a 82 82 d1 3b 25 7e f7 f4 20 7b 39 68 69 ef 48 b1 23 ec 56 ec 2c 64 28 b4 ce 4a 06 b4 35 8f e5 24 7f e1 1a 09 05 c2 70 44 15 d0 0a 56 cd 0a 21 ac ea 73 d4 ae a8 b7 ed 96 12 af 1b 53 b8 6c c7 12 f6 e7 53 02 45 41 31 47 5c 20 74 c4 6e 96 97 71 ca 47 ff bc 85 d5 01 60 aa f8 25 3e 2f 83 ff 78 32 0f a8 ab 46 f7 9c 49 3c b1 02 04 21 82 1f 30 d3 c3 1b c5 0f bb 6b 4a 7b d7 07 a5 1f 55 68 0e 83 ef 39 4e 53 8d 4e 17 aa 3c bf c0 ef 37 d2 76 33 fe 6b f7 27 95 7d 03 cd 94 2d c1 ed 70 1a 23 1c bd af ce 6f ea e7 ed e8 34 79 ef 22 90 dd 59 a4 c4 b1 ef 47 18 0c 12 a8 69 f2 98 58 85 e7 32 ff d5 81 a4 d3 08 b9 69 93 dd 76 db a7 a9 a9 10 5d 85 b9 4d af 37 66 65 60 1c bc 6b 58 18 cc de 2c f5 48 79 61 f8 f0 a2 21 69 cb 40 1d 4d 23 e4 27 50 79 8d f6 00 59 5e f4 4c d7 4e 4d 41 52 13 b7 31 63 e3 ae ae 96 a1 80 71 96 b5 18 64 d3 b8 0d 5e 9d ee 18 29 83 b7 34 6c a1 12 d6 4e 01 24 25 e8 e0 c1 2f 01 f2 6f 8e db ba e1 a1 54 1c f7 5c 30 3e 9f ca 17 ee 77 14 36 d3 40 07 af 03 d0 2c 24 9b e1 df 48 9c 6c 78 d6 3b 60 58 13 54 1e b4 ac 49 ea 3d ff 46 d0 fd c1 2e f7 5d a8 08 27 a6 f5 bf ae a8 58 8b 88 85 ec 0e c2 f0 5f cc ac 17 16 78 50 37 b1 4e 5b f9 a2 f6 89 e5 2c 13 ac 4f 56 a2 c1 f9 9e 39 15 56 30 3a e5 f9 cd cc ec 78 34 82 d1 fb 7f 32 ba b0 12 bc 63 70 6c 48 03 f7 a1 94 f2 95 ac 57 57 cd c3 3e 64 ab 8a 6e 4b 29 5e 93 ea 5e 96 c5 bd 8c 05 11 20 2e 5d 14 fa b4 c3 6b d0 01 38 c1 79 4d d6 27 c2 3c aa 3e 3f 8a 14 a7 34 48 9e 49 2d 35 eb ad fa d5 2d 9f 02 b8 25 

Trying command b4...
Result: 
34 fb 13 c0 d5 89 4a ac 7c ee cd f7 86 13 42 85 25 e0 3d 5f 4a 51 90 55 18 c5 f8 2e ae 00 3c b5 cb 52 a1 f8 85 59 db 25 4d c8 b4 34 ea db fc 30 f5 b6 44 74 0a a7 53 bb 4c 90 e0 1a 1a 28 16 f2 85 27 34 76 72 40 8b 1f 08 c2 11 8b 32 ea a9 21 83 b5 db 24 0c 6a ad b9 42 03 47 29 39 29 03 d6 c6 85 d5 ae 26 cf 06 72 04 b8 1a 48 ca 2f fb 17 34 46 b8 46 f5 ef 8d 97 75 2d a8 3d 8b 2e 74 3c 4b 13 28 8d a7 68 c8 32 1d 62 d9 1b c8 c4 d2 83 2d de 64 24 8b 74 47 c6 47 97 f2 4b 93 c4 df 7a 39 d8 85 c7 65 3e 0f 85 fb e0 03 bd 22 0d 5a 85 1e 4f 70 8a a9 59 eb a4 d7 78 0b a5 5b 17 66 2b cd dc ad 9f d3 5e fe c1 b1 94 e7 23 09 c9 b9 ee 27 ca 30 bb 22 26 a4 17 7f fd 56 be a9 87 6c 30 ee 22 05 65 da c1 2e b7 ce 70 6f f9 4a 50 da 07 1c b4 3e 0f e4 04 e3 a5 b3 11 ff 1c 04 b3 25 eb 29 11 c9 68 ad 91 4c ca 81 06 66 35 c1 8d f6 b8 9f eb bf fe 0c 89 76 29 b4 97 9a 83 68 46 0d 56 2b ec d1 30 2f 20 51 ca 4e db ba cd d2 47 d4 05 49 cd 6c d9 ed 83 91 6c c8 e7 3e ba 99 ab fe 2e 22 48 b9 be 99 10 ae 92 b3 dd 47 e0 1a 47 91 43 16 2d 29 95 cb 43 61 db 09 f3 e6 9a 3f ba ba 2e a5 00 b3 1e f1 3f 0e 77 5a 09 95 10 8a 79 65 1b d2 d8 94 96 c9 0a 05 1d 33 7c 07 59 6b d1 b5 af 9f 93 43 c9 25 23 4d 66 c1 a4 d8 d3 8d 48 7f af fb aa 2c f8 5a e4 98 f3 68 9b 4b 24 67 bd 58 40 bb dd d8 15 78 ae b9 c3 db 6f 85 bf 6b 7b e3 46 b7 7b 24 fe c8 f5 30 4d 05 c7 3f 05 3a a4 e7 7f 53 60 f1 5e d5 fd 6e e1 57 76 ba 68 da 32 a6 f0 ab 54 9d b1 1e 85 d3 22 bc df 17 dd 21 b5 ad 92 f3 d1 d3 70 e4 ed 96 fa 7f 21 11 e5 00 90 03 5f d3 f7 44 91 32 c8 3a bd 4b 06 07 ba 2d 22 4d 7f 

Trying command b5...
Result: 
ee fa 92 31 c6 17 f6 5d 68 e6 2c 5c 0f 8e 19 2c 32 9e bc 12 ad 62 c4 9a 20 7a d5 82 ce 10 b1 e5 3f 39 f3 66 c1 97 ea 74 0b d8 52 ba c5 70 43 85 9e 03 73 31 c3 bd 13 ab 5c 3f 82 50 26 69 f1 60 6c cf 2f 1c 54 f1 b4 50 56 a2 91 8e cd 64 0a 02 6a 1a 04 b5 9b 5f 4b 24 68 57 40 e1 99 ee 9c 7e fe cb dd 5b d4 b7 f8 52 d1 52 64 81 c9 cb 99 44 96 d0 90 b2 5e b8 92 7d 41 e3 c1 11 99 a6 2d 72 12 62 e1 59 81 41 51 ef 92 9d 07 66 32 02 9a 13 e0 05 5b 42 ce 8c ea 44 76 c7 c6 aa ed 7a 94 d0 d5 dd 8c e5 72 19 b5 31 12 fe e9 90 de 31 a4 b5 64 8b 47 0b 67 53 0b 0b 76 d6 4e 67 21 31 d3 ff 5f 66 6a d9 4d 1e 65 7d 87 bd bc 04 5e b5 c8 cd c7 dd cb c7 14 87 10 52 16 2d bf 13 d0 c4 49 cc f9 7a f0 45 14 5e 0b d5 c4 50 39 1a d2 59 1e d7 b7 35 06 1b 24 22 c1 5a 1d 39 7e 4e fc d0 c2 44 cb 28 6b 5c 7b 98 a2 3b 83 89 a5 2e 81 ac b9 42 b4 d6 ed e7 d5 34 55 4b 0d 31 08 f6 fe d8 71 02 86 39 ce 9c 95 27 1a 7b ac b1 b4 81 9b 38 63 1a f0 d3 47 ce 2e e3 0f 9d 1c d5 fe 68 10 f7 36 18 58 bc 22 48 30 32 3f f1 88 a3 a6 c4 4a e4 bb 06 9d f8 c5 0e d9 7a 78 d2 9c 56 d3 6c b4 a5 d0 ff e5 0f 4e 18 2c 48 a3 9a 29 14 28 f3 ac 24 1a 67 b2 7d bc 00 b7 c6 58 73 73 c9 fa 05 19 ce e9 a8 7d 5f 2c fc 68 ac 10 d0 4e 32 50 c0 fe 90 a2 02 d8 50 70 24 b0 47 7c 46 77 84 63 2b c8 9b 35 76 51 9e 30 5f 55 8e 6c 8c e5 99 bd 79 6b 06 f2 de 2c 24 9c 14 6e c6 d1 06 f0 d0 7a 2d c6 9e 37 e6 a3 3f bf b0 c0 7e da fb 21 cd 9b 07 29 5c 81 26 14 03 61 03 53 f5 b8 01 4d 3f f0 32 b3 af 25 68 98 59 a9 04 dd 34 b7 98 09 c8 37 e6 78 13 70 8c 3c ec 80 20 f4 15 4f 16 95 9a 04 cb 53 d4 87 1a 

Trying command b6...
Result: 
c6 4d d2 ae 40 d2 f8 d9 02 ce ae 2e 03 c1 42 e3 6d ae 68 6b ad cb 38 aa 09 f8 5e b0 03 91 1b 94 34 7e 33 d4 e0 ee ed cf 37 30 f7 d0 92 4d 90 f5 4b 47 ef 8a 15 b9 42 82 cf dd b8 33 00 5b a1 0d 8c 9c be 94 ca b5 f0 e4 10 7f 77 89 1a d4 83 1c a7 cc 0a 2f a1 89 53 c4 7c 45 d3 1d 48 02 71 26 43 aa fa f2 46 99 bc eb aa 64 6f 8b 49 cd 45 20 c8 d9 ad f2 7f 41 4c 7b 95 76 98 b6 d5 74 63 6e 93 c0 fe 92 8b 00 14 2a 7a 43 db 0e 11 ab 56 b6 1e 67 12 63 01 37 cd 51 c8 8b ed 7d e5 66 49 99 11 f7 7f 9b 19 81 06 25 ea 20 0b 98 22 9e 93 e3 f1 9e 73 66 98 f5 49 a2 c1 a9 8e dc bc 93 5b d6 d8 85 ab 01 35 85 a9 3e 21 21 66 56 02 5e b1 a3 37 9c ed ae e2 ff aa 37 51 da 5d 92 d5 c6 1c 16 6f b1 f1 64 7f c5 02 4f e4 37 e2 31 65 18 1d 76 84 f6 1f 83 1c e6 4d ed 1b 6d 9e 9b 38 0c 01 2c 00 ea 54 52 97 eb e8 4c 38 95 69 3f 4d 14 e8 af d0 54 e9 6e 1a 67 af 82 54 a0 17 71 b0 b1 38 b1 e0 96 b0 81 71 58 2e 1f f9 86 95 b2 49 c3 95 02 d6 c3 71 38 a6 45 9c e0 cc fb 38 4b df 1b f1 f3 91 2f 9b c5 ec 91 8b 29 58 8c 08 dd 22 db 0e 4f a7 c1 b7 b2 2e 3c 30 2e 5e 8e 0f fa f0 af 00 42 c5 2a 5f 61 64 34 a3 ea 0d 5e 3d 36 c5 1c 39 5a 03 9a a5 78 1e 01 ef 6a f8 c5 0e 8a df 80 c9 25 3a a2 69 cf a0 3f 9a 9a e8 a6 4a 12 6f 58 5e 45 b6 d4 e1 33 b9 a3 36 3f 76 42 08 c3 2d 4b 1b a6 56 ca bc c6 fd 72 a2 86 10 21 be 3e a9 75 06 cf 63 a3 00 25 7a df a9 de 53 42 c0 49 d4 e2 59 4e a1 01 59 8f 45 ff 86 57 62 16 2f 81 d5 60 6f 9e 51 d6 15 a7 4d 40 ef e1 7e a1 38 d8 59 61 c3 ba 2c 9e c5 70 c8 75 8f 4b 61 74 35 cb e9 af 13 fd 82 a6 1b 51 7e 74 aa 56 04 db 2e ef fb 5f 9c 00 

Trying command b7...
Result: 
3e a1 a5 dd 13 64 cf 1c 45 f0 18 7f 55 d7 dc 1e 4b 9f e8 fe e0 22 6b 80 34 a3 89 94 75 ac 9f bc c1 67 7e ed 47 1f 47 9a e7 bb c4 96 91 0d 05 de ff 3b 91 83 41 1f 50 64 f7 d9 61 69 23 cd b1 ca 1b 1d 48 f9 41 eb 10 2c 03 dc 77 74 ff 15 58 9a 2d 82 cf 88 ca 2a b7 e7 52 e9 50 54 85 3f 48 bc 88 b0 09 7e 80 9a 98 ef 2e 8b 61 01 06 d0 b9 8c db 40 30 9a 08 80 44 98 df 22 63 ba 9f be c9 17 63 21 e4 34 eb ff b1 36 ba af 18 40 28 78 54 a6 02 d2 10 b4 fe d7 a7 3d 09 a9 78 69 57 c6 b9 a0 9d 08 8a d1 a2 05 b5 81 6f 45 c3 0c 90 b2 89 5b 0e f9 a6 78 eb 14 03 74 64 48 af cd 58 81 c8 46 d0 dc 31 b5 97 09 7f ec f8 17 f9 1a d3 cb 16 60 24 6d dd 67 94 fa 5a e4 a9 f8 fa 8d 39 9b 48 41 6c b5 ce 30 ab ed 3f 2b 2d 39 6e 09 ad 3b 9d e7 21 7e f9 4d 37 22 68 ea ff c9 e2 92 90 db ab 56 ef 05 b4 cd fe 71 42 f1 bc 2f 83 bf d8 6f 22 fe 88 0e e9 3e 0f 47 34 aa c6 65 a6 07 fc ec 08 01 7d 14 c4 79 6a 0b 84 04 06 f0 92 28 90 89 19 11 a8 c9 97 fe a3 69 b9 2a 89 49 78 f7 fe 54 85 1f f3 bb 2b d2 7d 87 dc 4e 66 de 14 58 0d aa 41 bd a2 1c 0e 1f 34 3b 9b 1a 25 33 b8 dd 26 12 aa b3 3b 34 9e 2c 8b 6f 5e 5a be 11 55 59 1c 8d 0e 3f e6 7c a4 20 c7 29 a6 6e 69 e7 4a d1 58 89 4a 6f 86 e9 91 a4 d1 ba 9b 85 d7 f6 36 34 ef 34 40 f7 21 8d f7 8b 5c b5 1a e1 5e 72 0f fb 99 59 b7 86 bc 74 02 8c f1 de f8 4a b8 75 65 d0 fc 98 b7 be f9 ca de fb 03 ad fa 42 12 04 ac 06 72 51 69 bd a1 73 ab 77 01 b6 bc d3 14 b5 45 8a 7e c6 87 24 e7 69 1b dd 48 c2 97 2a 0b ef 30 d7 b9 81 81 c3 a1 8c b9 c3 a0 24 43 9f ed b6 17 f8 6a 93 12 c7 66 d5 76 2f ea 78 ac 8f 68 9c 2d a1 dd 15 94 77 

Trying command b8...
Result: 
43 44 22 d7 2c f5 2b cb 40 17 01 14 73 1e d1 e5 0c 4d 65 e1 92 5f b8 49 fb 60 c8 be 42 e7 f0 de 13 be 67 ac 72 98 94 0a 5b 30 d9 3e f5 56 4e 64 17 3a 49 9b 8d 6c a4 e5 0d 19 8d 27 0e d6 9b 74 e0 4b 20 f4 46 86 3f 24 d9 a4 74 51 57 dd 19 6e 76 d0 7c 8f c1 77 5a 8a fb 7f f6 1d e2 7d 79 55 79 74 f7 19 6a d4 a2 ee 4b 9b b9 af 53 8e 53 0a fe 5d 5b 24 7d 5b e8 2b 69 bc 3c 39 8b c7 bf 7e 99 55 79 81 43 4f 40 4f 9f 08 78 69 65 27 cc 43 01 2a 40 96 aa 0a 39 73 7e 13 e2 27 98 c9 ee b6 3f 20 20 b2 fb f3 de 96 2f 60 a9 63 78 ba 13 8d b8 0f 33 e3 96 d8 a4 f3 96 08 70 30 d3 f2 c0 be 3e c8 c4 75 49 05 95 2b 70 e5 69 44 5e ad d2 38 94 8d d9 66 48 ba a3 02 86 7f 34 6b a0 09 c7 32 9e fd 64 28 a8 8b a4 80 71 75 06 53 e3 96 7b e3 e3 6e 26 b8 4d 9f d5 13 20 da 69 16 ab 67 30 04 40 68 67 01 f6 b7 04 8b cc bb 59 63 f1 c2 48 02 cf 52 18 fc 72 dd 4a 11 dd b8 26 05 f9 b7 d9 0e 72 5a 52 c0 86 5a 58 2e b7 81 7b c2 60 63 ea 60 36 4b c2 02 d3 16 12 10 83 50 f7 f5 5a 23 6b ef cc f2 bf e4 7b ea ad 3f 64 09 d4 22 a9 16 ce 82 2e 54 89 ce c8 62 ce 34 e5 69 b8 ee aa 35 8d ba bd 43 0c 86 7e 43 70 8e d7 e0 d6 ac 77 36 c8 4b 1b bf e2 67 57 75 bd 9a c7 cf c9 67 e4 36 34 57 e1 71 07 d4 99 a6 58 06 2b 7f 96 14 0a 94 7a 02 47 10 e0 ba 9f e1 34 12 79 7e 47 85 f6 93 2f 5d 43 32 fe 49 95 75 27 02 03 3e 32 ce 18 5e 73 bb 70 ee 24 6c d2 17 76 c6 2a 92 f9 cc 13 09 5b 9c 68 2d d2 65 e2 d6 d5 0b 96 d6 02 05 a5 0b 8a 5a 61 8b 1f ba d2 05 9d 0b 03 61 4c 90 9b 15 1a d5 2b c3 62 48 ca 6b 6d 91 a4 ea 79 c9 2e 72 31 7e 5e f1 d5 d6 f5 62 1b ec 8d 31 e5 18 8c a2 07 e3 

Trying command b9...
Result: 
36 4c 4e b2 78 75 e8 ca 40 f9 1b 22 60 a7 fc ca b1 28 91 ac 4d 6a 31 cd 2d 04 62 2a bd b1 06 cc 3a 22 60 51 6e 3f 44 d6 b2 1e 57 23 20 b2 d6 aa 60 a3 62 4c 16 7f 2a 2b 80 13 6b 98 91 ad df fc 42 a5 da ea fe e1 a0 8f 23 04 72 71 52 ed 2a b4 91 8e 0e 92 67 0c 06 6c c0 1c 87 73 a5 87 dc ea 92 03 29 9c 50 7d b1 57 0b 13 a3 d0 43 c4 29 9c 25 86 c5 d2 51 c8 10 ac fe ad f4 32 1b eb 01 4a 50 b2 36 8b b2 2d 20 95 5d a2 34 9b bd a3 b8 cb 28 7a 30 fa 53 8d fd 25 63 7e 0a 0b 69 98 3f dc 5b 07 b3 85 95 0d d1 00 39 55 42 e6 4d 07 f9 c0 9c 6c 05 c4 87 c8 38 b0 5e d4 57 03 bb d9 aa 72 74 be 36 4b 29 9c e2 96 5a 89 75 c2 2e 68 72 d1 3f 8e a7 20 8a 58 6d c5 d7 83 db 0c a4 1c bb 33 39 fd c2 2e 09 4f 0a 76 59 b2 25 77 90 b7 df 39 e2 ab ef ed 4b e4 44 11 93 3c 47 ee 19 c1 9f 7b 9e d1 f3 0a 57 28 b2 ef b6 e8 0f 73 8f ba 76 48 f8 82 36 b0 33 32 e6 42 e5 b5 7d 59 cc 4d de 4f ea 7f 5a 48 3a 63 69 53 97 f4 12 ce e7 cc 1e 71 e4 7e 1f d8 55 24 a1 c6 00 dd ac 70 77 3a 1e 8a 40 7e d1 35 19 4b dd bd a9 30 0d 72 e4 74 6a 4e ff c5 74 90 08 56 89 6f 3d ad ad 70 da 79 a2 e9 bf fd 7b b3 6d 93 55 61 85 63 75 ba 58 c7 6e 7b 23 b5 47 07 e4 16 05 b3 78 b7 cb 83 f7 0d 5f 97 a5 0d f2 c3 40 4a 08 15 f4 98 b6 2c d0 18 35 d9 91 44 a5 aa a2 b1 8c 78 47 43 84 de 50 d2 2c b8 2b f0 02 78 88 d7 10 a2 65 d4 17 5a ce dc 77 c9 29 07 e3 64 81 bd 73 6e 71 ca 58 1c 31 4d db 62 a3 af f3 0d 61 87 25 db 40 35 23 49 d7 e7 2b 55 af 5b a0 14 01 76 b2 ae 35 42 a1 96 ba 43 f8 2c a9 2f f7 c4 f3 43 69 d7 ed 8a bb 2b 53 bb ed e2 60 54 73 e8 f8 c7 c3 54 e1 50 d2 ff db 6c 77 5e 

Trying command ba...
Result: 
af 63 1d 9d b6 eb 7d b4 3d fa 81 cc 80 02 19 f1 39 1b aa 1f eb 55 2f 39 0a 4c b9 a9 4a 4e 74 c6 12 35 6b b7 26 ef a5 13 cf 8b 60 66 c2 1f 25 b4 5d 90 3b 31 21 2f d1 4e 02 d3 5f f1 b6 ba a0 61 c3 a5 52 f0 f3 98 5f 76 55 20 65 78 8f 85 0e a8 8a 2e 92 25 63 24 f1 51 9a da 82 f0 67 9d 12 a2 cf 1c 12 da d4 ed 49 16 00 e2 d2 be b5 79 10 99 71 aa e5 c0 4a 16 78 be 2f 49 c6 3d 8e 27 92 fe 0b 31 1b 5e 7a 98 96 3f bd 70 e8 34 d5 80 43 5f 8f b5 9a 0e 0f 86 f5 31 79 2e e3 93 db 66 44 8e 20 f5 c7 99 45 0a 50 ca 1a 04 60 54 7e 67 e5 1f 76 dd 1d 9f 8a 66 e4 af 13 9a 64 f1 6e 93 1e 33 de fc c2 b4 ca 2b 4a 4c 40 b1 63 b9 91 06 f0 06 58 26 2f ee a5 08 bb b2 e1 2f ee 44 1d 65 77 d1 bd f5 e6 58 24 84 27 ec 27 ce f0 98 a2 3a bd 41 25 6e 16 cf ef d0 a7 77 2a 83 ac d9 9d 2e c3 8a 83 bd cb d3 13 da 35 1f c7 bd 90 96 6a a3 bc ca 04 60 29 75 59 f2 91 0c 0c 11 78 8b 65 c9 09 3b 59 80 60 71 1f de 33 d9 7e ce 2a 9c b3 d7 11 3e c8 40 06 32 64 54 4b 78 be 12 80 a0 8d 80 e7 63 2d 4a 11 fa fa 0d 83 bc d8 79 fb 75 fc ce 1a 2a 17 f2 e9 a0 9c 01 df a0 39 8b 41 d1 53 7d f1 45 93 b6 35 f8 da 6c 17 7a 5b 85 f4 a7 11 e5 0e 17 63 2a bd 7b 63 8d 82 34 93 6a 6a 15 9b 72 5f ad 2a d3 74 e6 f0 3c ae 87 79 51 be 4e c9 0a f9 38 48 6d a5 56 50 a3 30 16 ed 71 25 15 aa 87 97 83 b7 e9 cb 1e 9c e1 a0 b9 19 52 85 91 29 56 25 90 19 5a c9 cd 29 b9 16 6e b7 3f b6 7f 81 17 1a d0 1b 3d 4f 05 96 22 b5 55 5a 73 93 05 55 78 7c c1 6e 39 c6 b7 e5 06 94 c3 e3 94 4b c2 b7 92 7d 69 7b f2 54 f0 d4 18 a3 9b 9b 67 f0 81 ef 76 3a ca 60 88 c6 ec e6 2f b3 59 46 fc 7f 0b 12 c0 d0 fc 

Trying command bb...
Result: 
9b a3 21 36 bf e7 47 70 4a 81 6c 2a 25 e1 a6 2a 7f d8 2d 07 4b 31 fd e1 84 b6 ad cb e9 b9 90 77 93 e6 26 0a e3 66 11 e2 85 8a b0 f5 60 03 9d 41 d0 09 d8 45 f9 b5 ef 7a 34 91 5e 35 01 13 e9 e6 86 b0 f5 b5 b9 7f 3c bf 48 07 8d 23 2d 0f b3 25 09 fe 96 75 2d 87 0f cc 53 57 59 bd 30 dd 5e e0 57 22 1c 72 00 6a 99 9c b9 c4 d2 1c 23 a0 55 87 fd 42 3d 9a d5 ab 76 be dd 57 56 30 57 78 ef 26 65 e5 28 fd d5 51 f5 76 ed 72 bf 41 d5 6f ed a4 18 9c 6c ef 64 1d d2 12 3f 65 3f 52 3a b6 5f a7 a3 d5 04 4b ac 35 c8 2b 12 e4 08 60 bd 78 bc 78 b3 33 8c b2 83 ad e8 ab 9e 02 e7 b1 da 8e 02 fd 8b 2d 17 ce 4b ba 83 ac f0 38 9d fc 7b 2b d3 be df 0c 16 25 4e 93 f5 96 dc ee ba c2 fb c9 5c fc 7d e0 69 16 cd 4c de a2 cc cd d7 c1 1e 2c b9 a1 1a b1 0e f3 d2 b1 9c 9b c9 f2 c3 87 62 bd a3 69 77 8d 65 5c 53 a4 b1 9d 91 4c f8 f6 59 24 7b 15 f1 93 84 54 5f 3e 30 a4 a7 12 60 f4 ce cf 4e f0 72 20 4b b8 c0 4a fc 3f 4d 70 9d d4 b4 46 e7 9e 0e fe 49 a9 84 92 04 66 0d 1f 44 43 09 a9 3a db f0 f6 61 12 36 17 3c 81 ac ef a8 70 aa ef af c8 bc 87 18 50 df af 8a 46 f4 a4 6c f9 87 59 a7 8a c2 99 a8 0e 60 e6 d6 69 e0 1d 5a 64 8d 1e d6 26 8d e7 10 d4 bd 4b 68 49 bd c7 09 e3 a4 5d 33 4f 19 0a 34 e7 b1 23 70 6f f2 e0 20 46 37 02 28 5b bc ea e4 f1 7e d5 82 cb af 5d 08 a6 24 32 3f ca ea 2c 5c a6 31 03 b2 25 d9 7d 24 67 92 be 81 27 6d 93 e8 39 af 4b 92 ed 55 ad dd e6 c8 b1 01 90 51 ed 6e 44 8b d1 1b 81 cb 9d ab 61 26 b7 59 a5 02 c3 d4 6f e1 e2 34 e4 7f 95 3c 7d 62 d1 36 02 44 f7 d9 bd 19 6d 39 bb c1 06 7c 15 2c e7 ae 12 11 44 68 d4 6c 9a 9e b1 07 58 4d b0 e2 74 c7 2f 

Trying command bc...
Result: 
b3 97 b9 84 00 1a c0 b3 83 0a b5 15 6e 08 6e 97 b1 7a 2b 93 58 dc 0b 06 49 f8 2c 99 da 14 fa 09 b1 31 c2 ce ca 64 3a 68 ba 85 5d 5d b4 0a 7f 06 ff 65 90 48 e2 61 04 53 50 a4 e0 85 ce 51 6f 47 e1 06 36 58 db 35 7e 63 28 92 cc d2 16 57 9a fa 98 3d fc 07 10 19 c5 d8 94 2e da f9 f7 25 90 83 55 b8 28 1e a1 87 8a af a5 b3 cd 54 bb e6 bf 32 65 b3 c7 a8 dd 39 77 94 3f 95 1d 76 62 f3 ea 5b 17 23 61 61 4c 3e 53 c2 56 09 c3 c5 e4 a0 e6 7f 98 c9 60 60 cd 19 e8 9a 1c 25 48 bc fa 31 f1 56 4d 32 2c f0 ed 89 f9 ca cf b4 16 e5 be 41 ba dd 27 a0 f0 38 b1 ba d9 22 60 c8 63 56 60 1e f5 2f f6 53 21 b5 4a d9 fb db 71 33 16 40 12 d0 2c 9c e3 e8 83 03 6a 51 f6 0e a1 9c 25 b3 ef af d8 72 5c de 50 4b 71 27 2c b0 e5 49 73 21 7e f1 ef c4 a0 a1 e9 1b b9 1b 28 57 fb ca a8 1b a8 66 87 e1 df a8 89 24 22 c4 a7 a8 1b ca 42 4d 65 04 6c 19 59 f0 2f 37 01 97 6b b4 de 52 e4 98 f4 36 da 94 bd c8 a3 6a 89 76 a9 90 9d 07 ad eb 96 71 8b cd d3 65 53 df 8e 3b 80 9c c1 76 ee e9 3c 6f 7b 90 a3 d9 5e d6 ef 16 19 c5 63 cc 94 20 62 62 53 ff aa ce a2 76 b4 03 43 30 b1 17 06 f1 92 24 3a 89 83 e7 8f a2 22 1f 5b 35 00 9a 84 39 2b dc f9 f6 4a 61 5b 5e 3c fb 62 54 6c e4 62 d4 6f ee 7d 55 f5 af da b8 a5 a2 2d a3 93 fc a6 79 b2 f7 93 ea 2c 0b c9 bb 73 d2 7b e3 5a d4 a1 0d 65 e2 7c c4 dd 0b be b9 7f 15 06 a8 19 9d fb 32 4d f0 c6 8c 39 2f 79 0a 15 72 00 1a 79 cd 56 53 a5 2f 9d 76 1d 7e 33 79 cd d2 e1 13 4d 8a de c2 af 46 b3 db f6 9b 62 2d 3e 29 19 cc b6 5a c5 d1 e5 d2 ff 5f 62 60 33 79 93 f3 a5 7a 06 07 b7 4e a6 64 3f 21 69 db 4e 83 5f 9b e2 24 b8 62 85 87 63 33 6c 42 

Trying command bd...
Result: 
c4 54 09 3e 47 c1 c3 15 30 8f 5a d0 ef 89 69 8b 9b 2b e3 79 b7 1f 78 56 05 38 0f 3f 6f bf be 17 b8 27 84 b0 44 76 1c 75 d7 42 a9 1d 1d ab f9 84 9a 83 f0 4c 60 ef 76 38 d0 78 7c 2a 38 85 56 f2 36 c2 96 0a 15 1d e1 41 8e 01 c8 a0 c6 86 0f b7 9a ac 16 83 dd 01 2c 50 e1 7a d5 71 8a a3 8b e6 4e 5c dd 8a 7a cb 40 af f7 a7 0f a9 bd 00 94 1b fe 48 e1 43 8d 6f 5f dc 34 57 93 96 9d 77 8a 16 a4 b9 23 56 31 13 2f 30 1b 97 5c ca f4 1a e3 c0 89 2f 14 94 e8 0a 81 11 6a 9a 01 cb 09 76 27 3f 7a dd 52 d2 b9 d8 5d 8a 0d 13 cf fd 0b d6 eb 4c b8 d3 f3 09 77 93 be 46 89 22 83 91 66 81 63 23 a3 5e 3a 47 de 68 a4 ae 8b 87 f7 b3 5a f0 23 69 1a a1 a8 02 2b 1f 7f 58 6f b5 97 08 b9 a3 e5 44 43 d5 b2 2b d2 a9 59 cb f8 5d b8 85 62 fe 82 38 4d ab ca 6f 2e 4a 74 48 ae 35 4c a0 61 d0 24 3d f2 b8 41 88 90 6f 30 dc 78 34 bd 07 4b 57 f6 a3 1c 80 2c fb f4 7f c5 14 6c 8f 10 bd 5a 96 a1 c8 12 2c 8f 02 13 36 72 45 97 6d c6 15 b8 04 ce ba 4f 4c 59 c7 56 43 6e a4 76 e3 81 50 22 37 91 72 c5 b8 bd 21 6c 60 25 31 88 bc 6d e4 70 05 b2 90 af 3f cf b4 3c 96 f3 6a 81 35 98 bc b4 46 17 cc 49 2c a5 d9 05 e2 bd 88 9f d4 41 1a 4a ac c2 8e ce c2 ad 6b 04 0f 32 df c8 a4 3a cf aa 94 bb 5c bf 2a b0 9f 2e df 1f 91 cc 6b 89 49 fd 4d 39 b1 25 31 13 38 79 cb d2 e9 73 74 67 6b 9e e5 54 14 5e 08 1f 41 0a 85 f4 31 e4 8c 08 8f 6e ef 93 0d 32 cb 60 1b 94 0c 7f 89 97 09 b7 a3 19 ae 96 5e 9b f2 76 b2 45 c7 67 1a 72 09 e1 15 fc 9c 56 1f 50 20 f6 1a d5 4a 5e 98 fc d4 bb 61 4e 0a dc a4 57 49 0c 07 07 ed 0a 67 72 00 e3 e2 79 58 cd 24 96 3f e4 93 24 be 4b 7d bb e0 ba f7 f4 c0 6a 41 

Trying command be...
Result: 
43 7d ad 58 9e 2b 7c 69 f9 44 fc 43 18 84 95 df b4 78 d4 80 07 9c 7a 44 ba 9f 84 6e 9d be 34 54 ee f6 0b a0 e2 0a f3 3a 8a 4a d2 6e 00 19 43 78 7f 76 b3 ce 29 9a 99 c2 43 7f 69 9f b9 52 7e 16 64 16 6d f1 13 06 a8 a3 00 76 00 61 52 21 cf 76 b2 86 33 b7 de 76 12 77 d9 76 41 d1 3b 58 fc ab bb 25 5b 0b 44 ce 01 5b 5a d8 0e 76 31 f0 89 35 de 62 52 89 f5 4e cf 35 de 4f f7 c5 8b 82 93 ae 94 b7 7d 5f 6c c2 5a 36 fb 1f dc cd f8 fd 77 17 e1 dd a3 d7 e1 d7 69 2e 35 cd f6 4e 6b 5b 9c f9 2a cf d5 00 8c 58 27 7b 53 e8 98 53 7d 30 9a 43 07 0e 2b 40 54 20 cb 97 40 e8 0c df fe 25 b0 c9 c6 cc 63 58 f1 e1 14 14 2a b3 ac c2 b8 eb 8e d9 1d aa 67 ef 22 39 30 dc bf 84 82 67 a2 e1 50 1b 69 20 de bc cd a9 df 95 ad 2c 58 16 7f c5 1c 23 73 4c e1 21 02 c5 7d f6 50 43 ad 72 0a 70 f3 4b 7d 36 e9 9c 80 4b 27 02 d3 40 b4 57 79 f7 f6 52 93 33 86 10 bf 7a 81 5f 40 42 46 1b 12 2f 17 07 7a 31 a6 1b 03 a4 e1 88 b3 0a 1e 60 12 c2 7d 16 b5 b3 c7 9c a9 00 4c 1f 60 c5 79 e6 2a 0f 68 b7 cb 48 14 71 ab 5d 9c 41 55 6b 68 5a be c0 c9 0f e1 be 10 8e dd aa 51 75 ad 7e fd 5e ba a2 6a d9 08 9f 6e 79 d3 9b 94 13 7f 14 1f 1f f6 c8 fc ec 35 7f 5d 13 d0 ee c3 c1 f3 eb cc b9 cd fc c5 c3 05 cc 37 9c 71 53 db 55 cc e1 51 05 3d 89 48 cb e5 10 58 84 8f 9b 9e f2 86 af 41 bc 16 6e e9 18 c7 62 f6 cd d9 2d a9 3c e3 db 8b fb be 78 e8 a7 ca 3c 3e d4 2a 3c c0 26 53 ab 97 00 ec 32 80 30 1f 78 98 8f ec 4b 8d 87 a6 47 a3 63 27 56 06 76 a5 e8 27 0d af bc 61 00 7a aa e0 d7 73 10 e8 84 a4 8a 4f c4 3f 8f fe 6c d1 ae 5d 17 21 84 75 51 15 7b 11 e1 67 d0 a2 0d 2d 26 cd 5d fd 5e ba 32 

Trying command c0...
Result: 
6a 66 55 98 26 61 87 55 2e b1 98 b1 a2 af 55 4c f8 ed ee 64 03 b4 4a f2 87 e8 5d b2 b8 f2 e2 26 ac 2b 9b 60 12 21 69 ec 38 bb f4 b8 99 96 86 a2 c0 40 aa fb e0 6f d5 25 f9 9e c5 bb 4c ad 8a 57 7c fa f6 e4 86 4e 41 4a af e7 b4 7b 2f b9 14 70 9c a3 13 fa 46 72 56 73 21 94 84 cd 54 f6 fb 13 8f ce 63 62 56 1c 4b b6 a7 db cc fb 9b 29 22 c9 16 db 42 1c 18 16 03 e0 bb 9f 0f f2 9c 5d 7b b9 93 40 e6 9b 93 fb 97 f4 45 8f 14 84 55 7d 7e 25 5e 19 19 53 5c 10 84 43 cb cd 7e 74 8a 26 c3 13 15 76 dd 08 4e f1 5c 4e 1d af a3 cf 51 d9 51 72 12 87 1f ed 80 b6 65 27 16 58 aa 95 7e c3 30 12 51 e3 de ee 50 e2 89 38 c8 33 00 fe 50 30 58 e2 03 91 6a 06 13 b4 ba 9b 9a 4d 43 f5 40 96 a4 5b f0 17 ac 6d c5 7f f4 c8 9e c4 b7 2f ed b4 32 94 c3 ef ad b8 68 2c 60 4c ff a2 8f 16 ee 0f 5c a2 7c 99 59 b6 ab 06 76 14 a6 ad 28 c3 c5 a1 c3 98 05 79 c4 54 30 3b d8 d2 74 46 ad 78 04 d3 9f 0f 76 1b 45 0e b0 87 ea 67 15 06 a6 74 94 9d 83 bb 70 2c 1b d2 5a 8a 08 69 ef 4d 28 a4 73 e6 f2 09 7b 53 54 d5 13 d6 51 98 ba ea 1d 7c f2 e0 da 47 a7 8d 0d ed 51 ad 9c 3e 05 ed 23 e8 b1 46 4e c2 cc f5 1a e7 02 b5 c7 dc 90 bc fc a4 10 e0 af 9e a9 3b 35 34 fb be 14 55 c5 b4 f7 79 2e 36 92 1f e2 47 63 c7 23 5f af 5c 27 df ea 12 3d f2 92 be 47 12 62 dd 7e c1 91 c8 86 ee a0 d0 33 82 80 28 e2 45 1b a3 c4 c7 9f f2 50 95 b6 cd 47 c1 35 6b 1a 0d 75 d7 aa e3 75 28 f2 df a4 4f e3 ee f6 67 74 fc 41 6b 27 c1 65 c1 04 82 db b6 28 98 7e 5f d8 ca a1 b2 db a9 d2 3d 0a fe cb cb df dc 09 3c c4 8b 54 aa 68 f6 48 08 ff 9f 4f 00 0f 43 18 05 b4 ca d9 bc 66 a3 69 8f c8 36 0d 4c 73 67 ce b7 

Trying command c1...
Result: 
5f 53 00 a0 46 5f 72 37 b1 b0 e4 2a 8f cd 92 05 08 46 19 10 5b 69 63 30 a3 9e 6f 60 d2 ef 67 0a 12 df 60 a4 91 6c 99 b6 67 ab 5c 60 3d 62 fe 9d 5f 30 6d ed e8 1c cd 44 3c 4a e2 3b eb 25 ab 8b 9d 9b eb c2 68 c9 52 c1 80 82 69 25 8e 75 f9 10 1e 5f 6a bb 89 fa f2 d3 2f b8 3e 01 ed 21 12 bd e4 57 a8 4e a0 3d 32 e8 2b 8f 84 fd 13 22 b5 a7 35 dd ab fd c6 7f 9a f3 ec b6 f6 6f 67 c5 1f 49 2d aa 6a 3e ee bc 9e 0d ac 6c b3 42 79 f9 a7 4d 79 00 e1 1f ca 36 0c 5b e4 b4 89 4e a5 ac c5 90 39 22 b0 37 41 71 59 23 d0 e4 aa 1d 1f 61 a0 d9 0a bd d4 aa f7 2b 98 da 7a f6 2e ee 5c 45 4e 0f 2a e1 5a bd 8f 5e aa 21 a9 23 37 ef 40 ba 87 d2 bf 9a da e6 7d 74 e6 36 df 00 4e 27 e6 e5 dc c8 8b c9 45 19 85 ca 2f fb 8b 00 69 11 00 8d c2 f1 79 28 7c c2 8b cb f4 ef 2e 10 3e 6d a7 f3 e1 54 f6 37 4a 34 e7 c9 22 0c 4e 02 be ee 97 63 0c 48 e1 3c 5d 30 3d 40 b2 e9 a3 3c 33 bf c5 0a 8b 2f 11 d5 21 0a 84 2b 42 ad 4b f8 6f d0 e1 63 bf 1e 3a 67 fc 28 f8 2c 39 11 41 81 3c a4 6d ce 39 02 15 35 61 fb 99 cb 34 fb 15 3f ae 8d 50 21 da 45 b1 cb 55 c6 a5 ff 3d a4 d1 2f a5 14 a5 ea bd fb c9 e6 82 10 52 07 2f d7 9c 72 19 01 98 7a c2 42 71 18 8f 55 5f 2a f6 ab 93 ce 86 a5 5b e8 aa c9 04 4a 8d 25 4c 00 47 da 12 51 f5 b9 99 82 94 34 20 86 77 45 ee ce af dd 8a 2d 0d b8 67 bb 39 08 ef 0b 4b a6 e7 e9 a5 56 6c e3 2c 01 4f 82 b4 08 0f a9 fe 2d 12 a2 21 ca 4a ac d6 4d a0 33 d0 48 d0 c2 07 91 4f 00 cf e5 09 8d a6 70 ab db 47 a9 29 c1 dc 28 a1 67 96 7b 27 1a 8f 4f 27 3b d0 9b bf 17 c1 89 4c 89 dd 9c ea 23 02 be 7b 15 15 8d af 62 82 30 87 ee 20 ad c6 cf 9c 29 12 48 5e 18 

Trying command c2...
Result: 
1e a1 99 d2 3f 23 88 88 66 20 62 e2 21 b1 63 08 c1 d3 da 61 88 fc eb 3b 4b a3 18 7c 71 a5 39 35 88 90 3f 18 45 70 6d d0 15 4e d3 0b 31 da 03 9f 6e 2d 4e 98 0a 92 fe 0f 19 3d 52 4f 28 56 07 a9 21 ea 5d 55 fc 8c 1d 66 af f2 63 06 c6 76 b5 7e 05 36 42 2e f0 a4 10 0c 0f 01 15 ea 56 84 d6 f6 95 e7 64 c3 db e8 16 1b 14 26 99 9d f2 26 7b 2b c4 de 81 57 31 d0 71 5a 93 79 5f 54 66 e3 75 47 c5 4a 56 80 ff 2e 0d 66 28 ec 4b 07 ef df 17 c8 42 b3 73 37 66 b4 30 d8 6d 09 3d fa f6 a5 54 ca f6 17 04 66 ea b2 9d b1 15 7d 88 3c 82 0a ca 76 b5 ad 2b 45 86 e4 88 22 14 c9 b4 8a a5 b5 7c 61 5a ce 5a 11 16 cc 5b 02 ca 73 31 53 0f 48 01 38 56 ce cf b9 67 c7 0a 73 f2 96 e7 d8 0b e5 03 a7 62 38 4b 92 ff f8 21 98 25 00 c1 17 5b b4 d5 4c aa 9f 19 7e 67 04 12 31 bf 33 1a 88 f2 82 9e be bd 32 14 8c 9d 6c 42 c7 8b 50 d4 3e 3f 43 26 54 14 5f 1e dd 1f 21 9c 5a 66 03 98 ba 00 04 bb be 1c d7 12 76 de ba bb 38 94 0b 6a f4 f0 38 c4 40 b5 62 18 d1 16 bb ce 46 6f 4e 61 b7 94 f9 3e ab 34 d8 65 d1 9e ed ec 07 fd ad 48 e0 1b ce 0a c1 53 c8 8e 5e 3f ed 3c e5 dc d2 97 87 59 eb a2 84 91 cc b7 7f eb 81 a5 5e 1a ce ba 1e 68 c1 14 6d 24 68 3c d3 42 50 45 db 01 f5 61 91 37 3f 8f b7 40 cb 1c 8f bd b9 42 6d fc 42 df 24 49 98 cb c1 7a ea c7 77 c5 b3 40 e0 0b e5 7a a7 90 88 a2 ec 2c ae 31 7f 2c 75 5f 2d a6 1b e5 1d 61 5c d7 53 5f ed e8 29 dd 21 30 01 57 99 1c d6 40 98 ad 4e 5c d5 5d f8 c4 fa 62 19 d7 b9 34 aa a8 cf 68 e4 05 1d 02 df 03 3a 24 50 00 91 e7 52 6f 99 37 dd 2d ea b1 6c f1 8b 0b bd a2 eb 12 1b 3f 5f 52 69 15 8a 65 37 40 42 05 ef 0f c6 6f 63 35 0e 82 59 

Trying command c3...
Result: 
ff ff ff ff ff ff ff ff ff ff ff ff ff ff ff ff ff ff ff ff ff ff ff ff ff ff ff ff ff 03 03 47 e5 c3 d9 76 c2 35 b3 82 79 f4 7a 07 f5 85 7e 3e 10 49 74 e4 7e 03 db aa 75 77 be 5b 4b fc 1f 7f df bc 41 6f 73 77 9b 35 4b 1b 76 a8 2f 82 41 48 38 7e 96 12 0f 12 71 a7 66 ea 2c f4 88 ec 96 17 26 96 2d f6 60 7f 86 62 c1 47 3b 69 52 cf d5 2a 25 ec cb f0 2f dc 02 a8 cf 39 33 93 43 fd df d0 f1 c2 9d 79 c4 df 5e de 60 d3 28 a7 ab 6f 45 f2 7a 1c 4d c4 5e b7 4d 3d 05 12 cb 86 7c 8a e3 bf 7d ae 19 80 d3 35 48 66 e3 1f 9f 5c 73 11 75 05 4d f9 8e f4 fa 62 21 4b 3b 20 fc ba 78 ed d5 a5 05 fa 04 06 45 16 c9 34 cb 92 9f 80 78 b8 78 60 d6 84 72 2e 21 e1 e4 c9 38 fa 0f d6 b1 59 4f 0f 64 93 96 95 f7 42 f7 ff 82 25 36 e1 59 61 6d 94 d5 00 af 70 bb 2e 83 99 0f 7d 31 6d c8 f3 99 9a 8e 9f df 1f 7a 7a e1 01 ad 33 1f 86 46 f1 27 8c 7e f2 9c 53 e3 c3 32 e4 63 70 61 c4 fb fc 70 3b 6e 15 18 5f 27 2a 4d 9f f7 fb 49 83 87 62 f4 b3 ee 12 a3 34 df b4 79 ee 12 03 b0 ff 65 ee 19 da e0 ea 38 15 90 7c e1 77 bb 1a d4 07 ab b3 8f e5 55 37 3b cb ba 96 7c 99 26 77 a7 89 e6 a8 ea 2d 27 cd 6d 07 c4 13 72 79 45 66 a9 27 91 79 22 e0 79 89 d9 bf 8a 69 36 fe 24 1f 7b b9 a6 4d d4 87 e2 75 9a db 3f c2 77 8c ea 19 4e 10 df 9c 84 c9 60 2d 5e 88 b9 c1 e9 a6 7d aa 0d 3c f1 de 02 d0 9f 05 31 97 0e b2 de 1e ac 96 8f 02 94 41 25 98 30 e8 9d 64 fa e4 91 9f f3 b0 8c 63 4f e9 d1 2a 4e 5a ab e3 6f 61 cc 6e fb e7 57 12 62 c0 61 6a 87 e0 29 b4 7f 5e d3 04 d0 99 06 86 78 cb fb 6e 5b 6c 37 bc 52 b9 18 4d 26 17 7d 0c 21 9b 2a 8a 90 a3 5e ce 91 48 aa 7a 83 b7 4e 30 a4 41 03 26 

Trying command c4...
Result: 
43 ce 18 14 4a 57 fd 33 52 93 5e 06 e0 2b df 40 2a 0d e7 26 31 a6 0c 15 c6 e6 cf 63 73 fa 55 00 7e a2 c3 c4 98 62 f9 5e 8e 10 46 c2 b9 5e 9d 6d 72 5e 5a 62 94 dc 48 a1 95 64 9a 51 93 77 d1 3f d5 72 10 74 b8 67 7a 0f d4 9d 8e 5b ad 3e f2 b3 ed 22 7b aa 57 3a 24 89 84 3b 01 04 ea 09 e6 d2 ab 85 b7 e5 41 cf 27 69 b5 bd b6 04 41 7f 53 ed 85 9f 0f ae 16 27 dc a5 e4 24 bd dc 90 d6 ef 99 5f 4d 99 48 8c 05 ba e6 02 51 d9 45 75 a7 3c d4 1a 0d c8 e4 42 d2 a7 3e a0 bf 9e a8 46 f0 f4 39 62 48 cb a9 c3 67 68 29 57 48 14 3f 68 04 fb 7a 77 7d 80 7b b4 99 16 bd f4 fd 9d 05 20 7f e5 f2 bf 91 69 0c 1e f8 cc 63 35 a6 bf 9f 26 d1 52 74 4b 73 5f 04 ce d9 b9 76 0e e7 01 50 55 c3 05 01 ac 2a 2c 73 6e 18 6a 31 8e 48 e0 55 2b 61 75 7f a0 13 d1 cd 8f b9 5d ee 25 8f f2 3b 70 75 07 07 70 e9 21 7d fd 12 d1 41 d1 96 ab b8 ab 3f d6 ab ac 88 a6 e8 a8 99 ac 56 b9 88 b3 34 4a f4 da 44 2c de 15 7e b0 60 c0 61 d4 35 94 49 27 b1 dd 73 e2 91 da 62 4f 71 05 92 22 fe 7b bc 0a 9f 55 6c 20 35 f7 0a 71 fe ab 4c d3 b5 8d 6d 17 c3 60 13 cd 00 c6 33 49 c5 f7 1f 1c 97 1e 2a 80 62 1d 71 d8 cd 5e 9c 58 36 72 4a e6 4f 18 11 7a 3c 55 c4 3e 6d a1 91 d4 af 7b 15 bb bc be 79 2a c5 85 f5 a0 28 52 4b de f3 73 c7 57 3b 4f 2d 21 86 f4 89 c5 7b 60 e2 7a e7 f8 9a 3b 0c 68 94 93 32 a7 f5 50 36 37 9c 85 13 7e e5 51 a3 fb f0 da a4 cd 32 f0 9d 26 db 57 4d be da 03 a9 7b 8d 71 ad 8c 17 93 e2 03 51 52 df ba 8a c2 ce 6a 3d be 9e 0a 19 40 77 be 5e 18 21 58 ae b1 fc 7e 20 85 2f 89 0f b3 48 75 f3 14 2c 63 b4 6b cc 45 be 46 d9 d2 a7 ba 7b 01 0c 9f ec 6d db 7f cd 4d c3 85 10 86 18 

Trying command c7...
Result: 
84 8a 5d 6e 53 5f 69 be 72 e6 6c 02 a3 d9 d1 f0 0d fa 53 f8 b5 7c 98 5f 8b de 75 ef 58 83 6b b5 76 b6 0f 54 58 4b 75 b2 c3 69 0d 97 68 10 33 ff 33 64 60 7d aa 55 e6 e3 0b 9e 16 33 5a 9c ee bf 36 24 31 19 08 d8 d8 65 cb 0b ae bf 99 20 fe f1 1a d5 0e 16 69 03 85 90 a3 f4 d3 f9 66 52 ae 21 17 a9 9a 25 7e 6d 3a 3f b9 f1 57 01 e6 95 1d 34 64 bf 6a bd 88 c4 52 31 cd 06 5f fa 33 e4 49 64 2b d9 4e 50 36 3d fd b5 57 0d 66 61 24 ce da 46 5c 28 a4 fa dc bd 3f f8 1b af 66 b0 1d 59 ed 09 8a 8c 97 67 1d be 30 38 94 ca a0 2b 66 b9 7d 34 c9 5a 1d ff fd 66 d7 55 2e af 71 40 45 e6 f4 ca 4f 79 17 00 4f 88 32 62 7c b9 1e 12 8b f1 e8 57 11 8c 98 14 7e 14 06 1e 3f 39 12 30 91 ec 6d 25 7a 74 09 6f c2 01 b4 27 be f6 58 fd 90 bf 64 62 ac 3a f9 59 f4 68 d8 78 5d 2f 0d 14 98 ea fe 5f 7e 2b d4 f7 7a 05 18 94 20 5b 16 ed 3d 99 df be 10 5e c5 98 08 f7 27 00 57 9b 01 63 99 de 31 0f 7d 82 53 ed 85 ac f9 69 5b 43 d4 f6 09 0c 44 c6 d8 7a 55 6b 0e 3f 3e 1e 26 47 3b 7d 45 f2 81 f2 99 6b 9d e1 f3 09 c4 d2 e6 aa 4b f4 70 ca 58 fa f2 e4 74 a1 e2 7d 36 ba 65 c7 85 78 d4 b4 d0 1e 59 2c b9 c7 31 4c 50 96 5f 01 e3 cb 1a e4 73 87 a5 fa 78 f2 f6 ca 28 67 94 12 74 fd f6 9a b1 cd 4e e7 f6 87 00 e5 22 cf 3d ba 73 53 d0 95 78 44 89 a2 a5 ea a6 a5 93 bb 9e a8 03 a2 10 f8 1a 00 2c 47 64 10 68 f6 8d de ee 34 00 05 97 f9 1a 64 5b 13 19 07 6c 8e 49 82 16 85 ba 96 e4 cd 9a d5 2d 54 10 66 db 19 2f 90 85 32 57 a8 a7 56 4e 63 22 fa 70 b4 88 7a 28 50 33 76 d4 51 1f 88 47 29 34 51 bf 1d da 0a 8c fe c1 31 ba 7d 37 4d 35 04 5d 9d 62 ce a7 a8 ca b7 fd 23 cc 90 0f 2d 25 41 

Trying command c8...
Result: 
10 d5 71 a4 47 b9 8c 6d 5a 2e 35 c8 4e a0 2a 90 9d ff 3c ca 74 99 e0 05 9e 84 7f 43 8c e5 69 9d 59 64 74 87 c9 cb cc 84 5e b2 be df 22 8f 05 0e dd 28 1d f4 56 33 02 25 03 df 39 b3 5a 62 ad 73 f0 e8 f7 38 f2 3f 4a 0d d3 28 2e f8 16 71 84 62 04 7d 47 23 ef 18 10 18 01 8c a6 69 94 9d 4d 04 d1 76 de 4a dc 81 bb bd b5 cd 96 a8 c4 33 9d 57 be 2c bd 62 54 8e cd 28 42 bc 7a af 6e 54 5d b9 8f 70 6a fb 83 5a 2e e7 75 0d 61 3c 0f d4 a7 07 8d ab 7a ed d7 55 0d 0c f1 3d 1b 5f a2 57 9c 1e f7 63 b8 34 be ee 84 7e 2c 23 1e cd 66 af 87 71 d5 da 21 7e df aa a9 d8 c0 0c 97 3b 7f 48 8d 2d 67 49 6a 14 e5 5a 10 e9 0b d3 81 9c 9c d0 ab da b9 c0 d1 f1 b2 a5 14 5e dc 18 6d 0a 27 03 80 6f 98 5d bf 9e 3e 49 95 4f 6b d4 a2 2b c9 e2 72 a3 72 fe f2 56 0e 1c d0 e0 75 77 ef 14 4b 7d 42 e6 a1 4b e0 d3 74 e9 76 93 29 b0 b8 53 d6 03 f7 d3 e8 c9 4a 1b c1 ec a4 8e 0a e0 57 a0 0b f6 9b d1 16 75 3a 30 9d 54 9c 88 d5 25 41 cb af 43 82 ce dd 64 4e 32 2b ef 0b 87 0e ef db 72 d7 de 79 b4 e1 34 56 19 f1 02 49 e2 96 e2 65 73 eb 40 7c 8c 4c 0a d1 08 a6 02 d7 70 45 3f 31 6c 7a 2c b7 ed 88 dc 29 bf 17 ad fe 20 ba 0d 50 df 9a c3 59 3a 66 61 6f 9d 50 1b 75 ff 07 3c f7 79 48 ef a5 73 65 d9 62 60 fc 0c dc 08 63 99 02 78 05 8b 71 b4 bc 42 6b e0 ac 5d 22 81 19 fd 2c 8b f0 9d 1d 1c cb a6 96 26 38 74 dd c1 05 2b 67 2f 50 0e 5e c5 a7 ba 24 05 dd f3 d9 a0 d3 b4 bf 10 1e 8a d0 2b 35 1d 9e b8 51 4f 64 f6 f7 d6 67 a6 95 31 7e c4 b8 59 04 95 59 35 1f 4a 9e c4 ba 0c 46 e5 29 0d 94 c8 ff a8 35 cb d4 1d 92 90 23 f7 5d 6d d6 84 88 57 86 59 dc c7 53 20 eb 9e 3c 17 1f cc 85 2d 

Trying command c9...
Result: 
3d c8 49 1a 81 d1 cd da 00 f4 45 af aa b9 6e 3f 0d 65 74 28 f6 be 0c 48 51 53 60 84 51 4f 60 3f 76 a8 e9 32 55 c1 0a 84 20 41 b4 b2 ef 18 c6 e9 97 d7 b2 88 32 61 63 70 94 84 ea fe 64 6e 14 99 cc 82 12 d6 df 8f 58 a5 d1 d2 80 e9 b5 9c d9 7f 54 0e 2a 85 b1 f3 ea c9 fc 6f 5b 7f 3a 51 c1 e8 5d e9 e7 37 84 35 ea 36 a7 b9 6c e0 db 41 8f 20 26 74 09 3b 41 b7 49 9b 2e c9 96 2c b6 79 59 19 e1 ba 22 22 9c 3d 5b ee e6 80 05 3b cb a5 03 1c 17 89 fc ae c6 54 9a 6c 53 63 38 9c 6a c2 0e 62 39 de ed 5b 08 6e fe 90 aa 17 e0 88 9b fa ee 65 db 2d 9f 9c 36 07 65 bc 28 54 25 50 35 8a 0b 9e b6 81 3e 7d 41 b4 e1 23 c1 ef ef 02 67 70 b2 82 a9 b8 d9 98 21 f6 9e e4 46 9a a8 ba ea f5 15 3f b3 55 60 2f f8 36 63 8a f4 50 c6 37 cc cc 7b bc de 57 c1 53 61 8a 32 42 18 d6 73 c5 fc df 6f 3b 22 0f ae 65 33 b6 c3 e1 3e 9a 91 4d 29 f8 4d b1 71 e0 59 b4 c9 74 cc 49 ff 86 c9 53 8e 7c 5a 12 a9 c5 74 34 a8 84 9d 41 6e 61 54 70 26 4e 35 f9 6f c8 05 4b ad 49 be 16 e7 83 e6 3e 7d e6 9f 53 d8 92 88 4e 90 6d 26 ea 28 72 95 cf 46 ed 82 94 ce 1c 68 2d ff 0f 45 c4 55 cc 4a 6c 06 73 5c d3 f4 21 16 7f 0c 95 71 65 07 44 8f 04 b9 b6 c7 5c cf 5d 8e 92 5e 87 4f 46 51 b4 92 22 0a 3f 32 ab 89 75 d2 02 34 98 4a ee cd 72 e9 e2 15 59 c9 c3 8b a2 ee 5d d4 d1 d9 14 5a 0e aa fa 36 52 4e 1a 02 fd 53 e9 d0 4b be 22 2d 3e e4 09 7b 03 1c 37 a7 45 7b ed e1 c6 d5 cb 9d 89 69 34 4a 39 2e 75 75 47 ae 59 37 54 79 5c 77 50 f0 c1 62 ee c3 7f 91 3a da 6a a1 b3 f3 1d 8b 9f 43 63 bf d7 38 40 3f c4 d1 65 39 cf bf 85 85 95 9c 44 c5 77 86 21 33 75 9d 90 74 72 e1 6a 1e 59 0c 24 b7 42 4b 1f 

Trying command ca...
Result: 
79 f9 3f 72 0b 9f ee 83 53 9b fc e2 ef bb de 67 bb 8c 7f 03 ee 64 9c b2 66 76 9c 07 0a fd fb f2 f4 91 04 d1 ba 8a 6e e1 78 80 46 5d a9 7c b0 89 2c b3 0d 44 fc c1 48 ae 8d 97 25 a8 df de 6e 65 06 3b 24 04 f4 5d 58 a4 fe f8 8b 60 8a 99 7f 0a 37 9d 67 41 ae 95 e4 30 c0 0f 65 73 aa a8 9a 5b 15 83 8b 48 95 2c cc c8 ad 5f 70 7e 91 c6 1d 9e be 3a 5a 71 47 31 c4 28 65 82 e6 0b 88 cb 71 d3 27 bb 01 76 1a d4 b2 99 ce a5 a3 6e 7b b8 88 91 55 0f 9c 7b 8e 2e 15 6b 2a 38 6c e8 9f b6 d3 a3 38 fa 7e d8 95 96 f0 08 22 cb 0c df 0f 42 d4 b1 57 c1 93 3c a5 19 0b f8 1a c4 5a ea 15 b9 34 78 9a 13 78 3b 02 7a 02 15 1c 0f 94 1a 8c a0 a0 c2 b8 12 8b 05 a4 8d f7 b8 b7 ab b4 aa 86 e6 42 7f d0 8d 07 41 67 ac c5 fc 4d b0 87 99 06 cf d5 69 4d a6 c4 ec 83 2f 26 7e 44 43 ea 95 4f b9 59 17 5f 67 13 1c 61 16 bd a2 f9 00 ae 93 06 09 8d b4 6f 6a e6 1a 8a 07 e9 2c 13 bb 3f 21 9e 0d 42 1a 82 a9 0f 4f 71 25 b0 f3 10 8a f6 ec 95 0a ce 38 cf 76 72 f4 9d 08 ea 5b b9 ab e6 b5 37 2b 68 9b a5 22 83 15 c0 8f 17 fd 26 3f 14 a4 78 dd 8a 73 9b d6 6c 72 8b 28 22 f4 8c b3 13 82 ca 2b 77 39 b0 a6 41 ac 3f 41 1c f4 ff 6a 89 1a 4e 18 e5 d8 fb d6 55 2c 1b 71 b7 12 67 af c2 a0 22 23 86 4c 82 93 2d bf b9 b9 07 fb 5c 91 af b4 5a 1b 92 58 09 5f 43 55 00 db 7a d7 24 9f 18 a7 fb 15 39 68 12 c7 c4 cb f4 b5 ad 51 b5 57 d1 57 9e c3 5e b5 51 47 f1 23 2b 77 25 af 12 b3 09 43 a5 43 62 a4 c5 bb b6 25 16 53 43 eb c4 77 34 d7 73 65 88 d6 1a f2 be 1a d2 7b ae 13 64 57 df 7e 79 25 e0 24 a9 d2 7b 82 9e bb 6c c5 ec f6 43 f1 02 46 fa b3 6c 84 bc a2 37 b7 cb ff 93 78 d5 2d 51 fd f2 be 

Trying command cb...
Result: 
98 f3 de ef 40 9a 4b a4 21 58 58 d8 66 32 ab 8a 12 40 26 6d f6 ff 8d 6f 67 e6 8e 7d ae 45 26 69 26 1b ec bf 8e e9 99 db 4a cf f8 f8 32 12 a9 b4 3a ed 58 13 c2 7a 72 03 fb af fc 1d 78 5c 8f e3 e5 19 ce 99 a5 9c aa 75 b8 84 da c8 4b 03 6b 0f 97 23 cb c8 00 a2 76 e3 f7 8e 26 4f e3 57 7e fa 2e 29 05 a6 74 0b d2 0b 16 9b 67 8f 45 ec df 79 1b d5 8e 59 aa 66 e0 ee 28 76 fb 29 cc a0 f6 1f 92 51 4b fd f6 86 59 b6 07 ba 44 7a 95 77 09 05 74 0f aa 4e be 2c 91 8a c1 30 7e af 7e 52 cd ba 20 06 ce 70 6b 59 72 ee 13 87 8d 05 e3 74 ac 4d 1d 75 99 e3 5e ee 5a b0 7a 76 ed d4 58 5f fc c7 bf bb a3 d4 45 81 0a 88 55 2f 73 21 0b 2c 64 ef 5e 2a 93 f3 9a 26 78 fc 49 e1 c0 78 b6 6f 1a 54 6b da 28 04 de 87 9f d0 11 6d 89 99 e9 f6 e7 bd 13 bf 64 c9 22 c9 34 92 8c 26 1c e6 46 fb 95 7e 7c ae 70 cb 65 a0 56 d9 4a f2 ef c3 2d 1e 46 92 98 83 b8 8a 16 cf f0 21 a3 88 6c c3 99 85 df 94 00 88 d1 75 e6 60 d6 2b 50 34 11 62 89 d9 16 ba a7 87 ab 6f 7c f4 90 6c 0d b5 3e 9b 56 db a7 8a 8f bf 6a 73 f2 ad 3e 51 f5 8b d6 78 39 fe 8e e1 8c 71 04 6d 73 da f3 ab ac e1 73 a4 0d 1f 44 45 b0 7a 18 bb 75 0f e9 c1 72 64 d4 83 23 71 e6 ae ba 13 3a 28 28 a1 78 fa 9a 44 4b 7d 1f c4 09 e9 11 36 bc 57 b4 62 87 4a 9f fd 1f 53 57 f5 e8 6c 33 15 cf 0c 29 ef d0 b7 0e f8 d7 0a 6e a5 8b 1f e5 6f 8e 71 86 b1 c9 0f 01 1c 58 c4 74 11 86 d2 24 33 9a 60 19 9e ea 48 84 12 1d 5e e2 fa 0f 2c df 94 84 5c 2c 9c 1c d0 bf eb 4c 8f bf a1 81 a4 d4 7d 1f 06 4e 80 f9 bf 19 29 ff 95 8d 1a 28 cd ab 8e 79 7b 43 b6 27 ee f4 c6 a3 78 45 86 4f b3 a5 d5 cc b9 d3 86 87 e4 63 bf 93 bc 1c 65 9e 6f 

Trying command cc...
Result: 
80 68 f9 55 51 27 9e a6 b0 00 bb 41 1f ff 27 e5 d3 52 ef cf 9a 2d 28 67 4c e4 cf d1 be be 24 f7 52 35 fe d2 40 1f 78 76 ea d5 b2 56 79 4b 15 f1 42 18 5a ba eb 5d 58 94 0b 37 f7 18 e4 0b 5a d6 72 35 fc ca 8a 01 f6 87 72 8b f8 15 70 8a 4a c4 16 be a5 cb 28 81 ac 1c 8e cc 3c c7 6d 37 b2 bf 0e f3 e3 d3 94 f3 51 43 27 28 4a 41 d5 8a 9b 7e 97 ba bb fc 56 b0 d8 e8 a3 ba e5 fd 56 4b 4e 54 c7 da 50 bf d9 17 dd 74 12 1d ab e5 15 aa ab e1 ed f0 56 34 ac a5 6d 93 87 83 01 40 cd b5 b9 ba 62 11 f3 f9 e0 aa 50 bd 62 26 9f d0 83 0d 98 5c 40 b0 5b c6 6f 71 70 38 e6 ba 95 86 a5 11 f0 10 6d 30 e8 ba 8f 61 0c 69 1d 6f 20 12 40 f3 06 72 91 5b de ef 96 20 b6 66 e6 65 84 dd d4 4a 0f 9c 9b f9 b6 71 bd 5e 6f 9f 40 9b d3 da 34 ed 52 f0 bb a8 a2 6b 74 cd b3 79 6b 35 5a c7 cd 1f 34 f1 e7 56 90 2d c3 dc 73 d4 2b 32 83 a2 89 4c 1a 9a 24 a7 7d 4d 2d c8 11 33 d9 3c bc 6f 96 51 be d1 98 34 cf 04 6d e1 6f fd 36 a8 8a 5b 2a 46 74 62 fe 2b e8 dc 71 7e 88 f3 60 7d 05 c4 c3 81 00 45 39 e6 fb 3c 1c ea 10 dd b3 1b 65 97 ce 1e 2f 04 00 27 9b f8 14 c8 fa 22 37 0a 00 c1 25 4d ac 44 01 28 11 f9 6c d8 35 aa e6 cb a1 2b b9 59 57 6a 6f f0 38 45 9c f8 d9 6b d1 82 a8 70 e3 4e f7 b3 2b 06 45 a1 01 8e ca 58 a5 00 d8 54 e8 fe 5d ac aa 0f d9 c1 ec b5 c3 c4 65 3b ff 46 d3 ab bc 2b c2 46 bb 60 99 2d 57 a9 bc c7 ab 39 a5 9a 01 e0 b8 e7 78 fb a3 22 17 63 b2 fe 45 11 f1 5b 58 cc 0d 2a fa 39 06 57 87 d5 b6 92 ac 25 38 5b 14 5c c9 ed 74 b4 6f 93 58 0e fd 17 20 1e a1 fe d2 64 da 50 9c 39 8b 68 f3 83 99 c3 e6 17 ff 01 82 f3 76 39 5b 9a 53 4d 7c e3 d9 02 0a 8c 3f 35 7a 88 

Trying command cd...
Result: 
0a bd c3 74 68 64 cf bb 29 39 a9 17 b6 7d 3c fe 99 2c 8d c6 9e e2 ba ae eb f0 f7 c2 ec 7e 13 b3 fa 1d bc 67 16 9c 93 1a bf db 24 58 fb d7 2f 2e 41 42 f0 23 5d 88 9c 5e 09 c3 7b 07 4e 30 2f c8 c4 59 1e 55 e4 f5 62 26 f5 77 81 a4 44 dc fe 88 55 8f f6 42 b2 12 3a 4d c2 95 c6 98 6c b6 9f 4e 8e 27 18 0a 01 0e 37 8f b4 5d 7f 41 3b 46 d5 7d 32 de 62 fe 26 78 d1 53 ba bd 83 7c 0b 5b f6 68 54 f7 17 94 c5 f4 ad f8 63 78 8b 52 18 34 e5 a9 a0 15 a7 a2 2b a3 cd d4 d8 c1 f7 6e 78 5c 15 59 d7 7b 72 81 af cf 82 eb f2 62 77 ff d7 3e d4 c1 6c be 95 37 24 e8 4f b4 9a 1b 65 35 72 04 16 80 81 9c 67 57 b5 5f ed f9 41 ec 43 7a 58 ec dc e8 ac ef 48 d4 ca 20 9c e0 3d 41 8e 75 4e f5 68 b0 d4 c0 cb 81 39 67 2b 9f 04 63 ca 9d b1 6c 50 d2 06 4f 81 2c 89 23 d7 2c 06 2a 5b 5e ff f5 7b 93 6f 08 bf 7b 6b 8d 3e db a9 d6 45 df d9 a3 ef be 8e f5 23 6a 03 5a d0 90 89 11 99 fc 92 32 44 a6 5b 28 1c b8 25 b1 bc 46 1a 56 ef 79 ea 62 f9 54 51 7d ce ab cb 99 6c 93 4b f3 1d c7 21 43 68 01 44 17 f2 58 0a 7e 37 3c ee fd 35 77 7f 56 48 a5 f1 60 04 47 d7 fe bd 48 80 01 af c4 a9 72 1c 1d d7 21 fd 6a a8 66 e8 5f 17 71 b3 79 b8 50 33 6a bd cb c8 d5 e9 7d 13 d1 6c fa 61 a1 23 4f be 0b 53 44 d8 66 a3 82 74 cf 58 0f af c1 57 88 1d 61 48 67 5a 9a 44 54 bc 52 95 3f ed 6b e1 a4 27 a3 8f 00 2b 2f ee b7 33 09 05 33 b9 fa e2 13 d3 c2 06 e0 9f 4b f1 8e 90 24 9a b1 89 bf 6f 6f 8e e2 f5 8c 03 83 77 38 06 3c bd b2 a2 db 03 9c b5 cd 60 a0 de 80 41 c2 17 ef 21 e8 88 ef 07 ab f7 8c 0a d9 bb 74 de 6d 33 d4 94 1c 93 65 18 a0 cf 23 1c 56 52 61 ed 89 d6 3b 6b ee df 42 09 bb c7 e6 

Trying command ce...
Result: 
f7 ff e9 f9 50 0d ba e7 52 da 29 27 55 a5 a0 50 6c 01 36 68 51 cc 50 c8 60 5b e4 dd e6 47 b3 95 3b 70 ec 2c fc c5 c4 6a 21 bb 7b 00 fb e5 d8 85 ed 61 24 d0 71 3a b6 d4 79 e9 08 b9 69 f0 bd b3 20 8b 75 2e 13 22 6f 07 d8 46 6b f1 be e4 07 c5 0a d4 83 db 54 dd df 2c 2e 4b 9c aa bb 8e 8c a3 14 72 e2 dd a4 87 22 3a c7 2c 39 4d e9 0a 72 a1 34 7a 4c b7 e1 b7 f1 2e 18 f7 a5 b9 29 ee 96 59 3c 3d d3 ea 98 9c f1 00 5b 45 5c fd 7e 12 30 1f 1b a6 f1 f3 60 56 99 6d d9 e6 f0 df 8a a2 69 97 64 51 38 13 30 c2 25 43 66 df 4e ce 2a ec 8a 9a 66 19 49 40 7c cb 1d 6a 30 80 b4 d7 8e 9f 8d bf 64 f0 76 6f 97 5e c7 46 66 20 3e 70 35 65 62 78 a6 60 eb fc db b1 35 79 cf ce 0a 71 88 b3 e7 db 44 38 ae 79 0e 9a 5d d9 29 08 21 e1 b8 0d 7e a5 62 b1 63 8d fc 3c d2 04 a4 70 8e 87 55 fb 9f 4e 9a a0 b0 53 3c 3f 33 f3 46 01 4d 52 59 f3 27 b0 6b 79 33 44 cb 85 05 f5 7a 93 d7 ca 23 40 8b df 61 22 73 7a a9 c6 50 42 34 df 24 e0 2a ae 49 ec 61 86 30 ce 6f 42 11 ec 29 cb 2e dd 88 49 d9 ba 6b 7e 50 43 c0 7b 35 e9 2d b4 68 cd b9 d1 58 e2 43 9b c0 1f 87 57 7e b4 0b 67 c1 7f 77 5c d5 a8 10 81 0f e6 99 4f 87 be e1 68 c7 5e 92 d0 75 96 4c 2f 6b 6a 65 f1 02 d8 f0 c3 34 ef 13 2b c2 49 ed 91 42 51 55 09 28 4a 02 32 96 5c 0f c7 f8 f5 21 d3 b2 94 76 d9 64 69 47 50 eb c0 94 9d a4 c4 23 3f 11 f8 6d 0d 9f 22 d8 be 59 3f 12 ca 5c 77 65 41 f4 96 34 d5 16 d6 8c ef f7 f6 bb 1b 10 91 d1 25 cf 4b c7 ff f4 ac 9d e3 7b 48 99 fa 25 a6 34 23 63 8c e1 eb 52 4a ec fe 8e 33 a0 60 d4 64 39 53 1d 7f 1a ff 8c d2 a5 db 15 1d 51 53 6f 99 d0 f2 03 1a 16 54 45 27 7a 2a 38 62 f7 15 91 81 

Trying command cf...
Result: 
e4 c8 37 3b 8c e9 40 7b 38 27 8b 6d f7 3e de 59 87 bf 0d 24 83 10 64 da d0 c1 bc ba fa 1b 22 3c 6d ae ca 62 29 aa af 8e 48 5b 5f 1d d7 3a fd c0 23 17 c1 07 c9 36 f2 42 68 11 ee f8 c4 c2 66 fd 3c a9 89 61 8f d3 24 98 23 b4 81 bd 7d 09 5a 09 75 b6 3e 46 da d1 bc b8 38 01 eb d1 18 9f 26 49 10 6a b1 64 24 b2 30 ed ad e3 f5 91 4b 05 b2 13 59 5f 1b 0a 56 7e 7c 8c 45 d8 21 51 94 77 7e c7 db d4 9e 2b 40 64 d5 3c 1e 75 bc be 7c 04 61 4b 03 eb ac 00 1a 08 f8 66 48 20 75 63 9c 0e ab cb b7 04 8f 9b b2 48 85 0c 41 d8 87 44 74 64 5f d9 25 b4 a9 16 79 55 4e f5 84 66 eb 7a 60 c4 fd 16 e0 c0 df d7 db 91 38 f7 aa 5c f7 cc 70 f0 82 07 5b fe bb 2f f6 d6 78 85 14 3e b3 24 c2 33 fe d3 3a 66 f4 ff f5 03 5d 72 22 fa 66 54 25 ab de 19 ca a7 02 eb b6 3c 9b f9 63 89 e0 fc 42 69 ec c1 1a f7 51 45 2f 04 cd ea 77 64 f2 8d 9c 68 d9 3c 08 e0 24 30 6a 23 49 60 00 bd c3 dc 41 b2 62 34 2a 2e fc 20 5a f5 c3 d0 8a e6 86 8a 70 5f fc af 53 01 7b 27 69 c1 78 16 8b 35 dc 4a 50 f0 6d ef 71 a9 90 1e da e7 73 72 f8 e1 03 66 74 9e 3e 19 a9 bd 17 68 a7 c0 d7 4f bf 7f 20 00 5a 91 26 f4 67 52 b6 94 54 0e ff a8 90 47 96 07 ac ab f7 ff bf 79 44 73 ee 29 cc 38 2c 3b 84 0a b6 09 64 af ce ac 21 79 b4 0c de 0d 98 18 b7 39 c9 c1 e7 d4 42 21 d5 a6 b7 5e 50 4e c3 f7 14 53 5e b0 c8 1a 77 41 f8 27 0c 2e de a7 4d 14 3f 06 e1 9c 25 44 4a 28 ac e3 16 91 8b 60 38 fd 68 72 f7 3d de cc 37 b6 1f 6b 8b ae bf 7e d6 e9 3f 0f b5 f7 af 88 10 14 06 83 c0 8d 1a e4 1f 7e 50 29 1b 12 93 5c 9c 45 77 6f 90 ba 3e eb 1f 63 0f 59 10 44 47 8e 34 4e a7 f9 de c8 cd 3b 81 f2 3d aa 0e 4c 7d 63 

Trying command d0...
Result: 
01 09 88 b9 1a 98 aa a5 00 03 38 c3 28 9c 17 cc d9 5f ef a0 53 f6 8a f0 ab 8d 99 47 75 f7 39 e7 0e 70 e8 fe 08 43 6b 95 8e 8a 89 d3 89 db 57 06 a9 11 eb c5 c9 7d 13 60 66 dd 23 1a b9 9f 63 c7 e3 5a 5d 3b c2 fc ce 2d 16 bf 37 56 b3 b0 f6 42 85 fb 2b 0a a8 64 09 59 d7 28 1f 9a 8a d3 30 2b 39 9c 2f 3f cc 2b e7 ec f1 72 02 17 34 89 c5 34 76 1d b3 cb f4 17 41 35 01 c7 3f 13 d3 68 f1 18 53 60 59 f7 54 e3 cb 2d 1c 68 f8 40 20 70 41 24 52 d6 cf 49 89 7e fd 2b 2a f1 4d 1d b0 13 1e 2b 37 40 8e 0f e1 c5 e8 10 ab b6 15 62 06 4a 2f 41 a9 83 68 ca 5b 81 85 83 b9 0a 0c 28 cc b7 c3 e4 8e 07 3d 38 91 24 19 2d ee 73 57 8a 51 c0 e0 b9 5e 0a 4d a2 98 8c 99 45 41 3e fd 73 15 ae cd 3f 9f 0a 26 b2 32 84 37 9d 4d 03 b1 2e 60 90 37 08 3a de 7e 8f 21 38 08 39 4f 45 4f 25 d7 95 b5 f6 0a 5d 9f 3e fb 3b fb d3 19 65 ed 49 eb e9 93 4f 91 2b 1e a0 7e ee 6a 40 51 3c 2f 98 f2 fd bf 58 b3 ed 19 2c 7c 22 db ba 38 11 a6 55 b2 f5 63 8f d8 a9 d6 8e e1 92 06 2e 55 82 47 59 6f 8e 74 fc 35 d8 5e 70 73 4a 3e 05 d1 2f 43 a6 1f 7c 60 65 36 56 b5 41 34 65 bb d1 9c b4 1b 13 5e f2 51 88 e8 fe a0 40 ad c3 ec 60 1b e6 cd c9 2c 9b f0 de d8 71 45 f8 a3 13 38 fb 58 73 c7 ed e6 78 58 ae 71 0a dc 59 9f 90 ff 85 a4 fa 05 82 66 3e fe 54 1e d0 dc 10 d2 cc 9e 13 d1 d8 97 e1 fb 1d ab df 0f 92 fd 12 1e 42 ce ac 5e a8 9f ee 55 2e e4 fa db f8 6f 5c b6 66 8e 15 59 df 0f c4 18 e6 74 fa 29 d2 f2 d7 6e 91 86 ac 69 d5 fc 49 49 16 5f 26 96 be 09 e9 a9 36 1a 23 da 90 4b f1 f4 26 a4 0e d1 30 6c 15 25 8d fe c0 50 46 94 72 e7 44 98 eb 2f 59 00 c7 42 2f f6 67 78 22 1b d5 d3 ea a5 a4 

Trying command d1...
Result: 
43 5d 55 1b c3 7a 4f 12 2c 3c 04 3d db ce eb 6a 40 28 0c e2 f9 8c 8e 8c ae 0f 80 cb 04 3e 95 37 cc 77 35 fc 0a 4f 95 92 70 bb ff 4a e8 a6 4e a1 f4 ed 75 ce db 80 52 94 2e eb 21 37 91 49 1e 89 99 34 e1 40 53 d2 eb 4e 81 29 33 d2 21 c6 f8 5a 66 90 7e f6 eb c1 27 1a 7f 3b 82 04 1f d2 36 e2 4b bc b0 20 f0 8c fb 72 90 78 f5 6b 91 fb 21 5d 40 52 0f bc c1 13 c9 b2 e5 75 e8 d7 aa db b7 35 66 a9 7d 7d 27 7a 33 41 36 cf 19 9e f1 9d 89 c0 0d dd ac a1 43 45 68 02 f2 e4 31 a8 7d 52 77 e0 e0 f1 00 16 fe d3 7b bf 39 cf 4f 40 30 47 a0 47 f6 98 6a 03 f7 95 7e c3 29 72 41 9c 6c a8 5a 8d 1f 16 aa 4e 43 f8 c8 08 2b 33 00 f9 2a b1 25 ca b7 7a 16 a9 0a af 24 fb b2 a6 44 78 9e 40 0b 6d 15 86 61 b1 17 24 8c 76 da e5 c0 e4 d4 e9 2a 85 13 0a 3e ab f1 88 1f af 88 d5 17 64 00 f2 46 68 b9 6e 80 a4 b8 1e f0 8c a7 3e fb b5 73 2c 33 c3 43 dd 48 a1 ac 13 57 d9 6a be a4 01 4b af 1e 5a 55 c6 43 d4 fb 10 4f 02 5e 80 be 6e 0c 8b 4d d3 4d f0 4b 06 d6 ab bd 2d 0f 5a 59 0c 40 63 07 18 49 c2 65 b1 cc c0 cd 2c c6 68 73 3d 6a 82 40 66 31 1b 82 e1 d5 c8 9b af 43 cd 67 f7 6d 60 2f 95 a5 16 a8 58 e9 e8 6b 08 21 08 a0 85 d1 1f 89 fd f4 50 c3 9e e3 ca 73 f7 fe 5e 6c 62 a9 50 98 7c cc ba 41 0c 3d c2 4a 6c e4 c3 1f a8 97 bd db d3 24 f8 04 47 31 52 2b d5 e4 b8 3e 63 59 49 e2 74 5b 6f 39 c6 19 04 b2 2b 46 cf 8f 4a a9 67 34 79 99 a8 a2 9b 63 89 a9 a6 31 d9 1e 8d b5 fa 52 e1 44 16 5a 45 11 aa fa 7d aa 60 d3 55 48 11 5b e4 ff 77 a1 f5 01 ee 19 bd 18 20 31 ae ff cb 6c 0c 92 23 d9 57 2e 21 dc a7 2d a6 83 39 1e 47 d4 e7 9e 4b b2 85 49 fc 42 ba 55 39 b8 3e e7 ad 4c 5c 

Trying command d2...
Result: 
15 d0 60 e9 40 c2 64 ea a5 ce b5 c6 75 19 0b 81 ca ce 0f 79 1d 3f 7e 6f da 4b 56 d4 04 f2 11 b2 17 de 7d af 63 99 3a 7f 0e 5b bc c9 80 bf b2 a0 38 9b 25 93 ca 5c 17 fa e0 f0 c2 50 6f 8c 33 d1 27 3e 23 e4 0a 9f a0 92 a0 08 0f d8 ce 7a 65 13 4e ec 7f 9f b3 0b 36 b4 61 2a d9 51 88 40 cd 3b e4 ae 08 84 7e e4 71 e7 ab 49 06 1d 76 a4 f1 e4 21 91 04 e8 61 ab f4 12 5b ef 3f 92 22 04 8a c6 bc 77 3b 53 b5 a1 b3 62 21 fe 3b cd fa 96 88 2d 63 50 5e a7 1c 71 74 bf 55 4c 10 a6 b0 63 f7 53 e5 8b b4 ef bc 82 cb 7f 90 5e 1e 96 7f 5d 0c 56 00 1c 39 d9 eb 14 70 ec f3 63 ee 35 3e c7 69 72 49 5c f4 ec a1 ff 63 8e cf c8 a3 53 ec 50 e5 bd 24 ad a6 46 7d 71 62 cf 96 84 6b d1 d9 08 10 44 b9 2a 38 20 21 eb be 33 83 b5 b6 8f 42 25 ad cc c1 58 d6 d1 77 74 ad 43 76 04 6c 72 c1 6d ab 39 b8 18 bb bf 54 29 86 59 1e d4 c1 0d dd c6 aa 05 2e 9e f3 1c d7 f6 bf 83 ea 6d 50 0f 74 c6 7d 40 cd f8 0f 72 ae 4b d1 b0 49 76 8e 36 d7 7d 46 b9 79 24 80 4f 85 99 e1 e3 e2 8d 28 0e d0 35 27 71 8e a8 a1 af ad 07 34 90 0c e2 b7 2b f1 cd b0 c9 55 86 ee 8f d9 72 67 d7 ee 54 15 e7 93 3e ea 03 30 b2 28 c4 70 8c af fd 67 18 bc 0e 1e 23 05 0f e5 10 a9 8f e0 67 12 c7 e5 ec 36 c4 b0 86 ab 3a c5 05 98 4f e5 ac c6 b2 c1 c0 c1 39 23 b2 aa 16 25 d7 d3 66 84 06 c9 48 c1 7c b4 55 a2 72 1f 5f 49 ab 81 b9 79 89 3b c2 a1 23 9d 15 29 11 ec 0e e0 93 7a 53 8a 1d b8 1e dd 81 69 1c cd 23 cf 57 31 5a e9 7c 2f 19 74 dd 96 d7 62 75 62 56 ea b4 c8 9f 22 5f 3a bb 5d b6 d7 d7 17 e1 fa 53 82 27 f1 9d 47 0f a0 da b6 9c 90 4d 00 a5 5f 76 61 a9 6e 6f 21 ce 38 e6 24 ec 48 b2 97 05 1a 37 ee 66 

Trying command d3...
Result: 
c3 16 39 66 f8 39 34 82 24 4b 03 bc 95 7e dd 6a bf 6f 14 d0 1f 4e d0 8d 72 56 87 2c 0d a8 f4 c9 51 c8 6e 7c 44 be 73 73 65 84 6f bb ae 37 b1 f8 7e 89 eb b9 7d 17 16 63 f0 cf d3 35 e7 b0 9a 69 a8 7b 16 78 27 a9 52 fd 5a 18 41 bb 1a 00 20 6a 10 0f c4 66 37 7d f7 26 04 dc 62 08 2b 45 f7 17 a8 0b fa 72 d1 c1 72 d7 f9 1c d2 f9 bd c4 fc b9 7a 89 d6 60 0e 0d a5 57 bc d7 25 6b 24 4d eb 57 51 97 64 37 69 ed f7 ec 9d e4 cb 3c a7 13 21 86 91 53 0d 23 71 49 82 b8 0e 42 8e e2 55 11 4f 50 0e 47 0b 80 70 cf 59 19 af 2d b0 db 29 a8 76 04 51 38 3c 28 64 76 40 02 06 2d d5 33 2f 70 9d 1c 6d df 2e b2 55 08 4e ec 08 7f 65 25 16 fa dc b6 05 1e 8f 6e 14 64 0d 27 6f 9a 9d 1d aa 5a 9a 5a 96 bd eb 09 48 f9 8b d4 58 40 39 ed e1 0f d8 31 9b 8d d2 5a 95 36 6b 1a 31 bc 96 e9 e1 62 83 d6 8d 52 58 f2 b1 13 c5 c3 35 2b de 09 52 d4 f1 ff 79 bb 7d 5f d5 d6 10 d0 c4 6f 38 a4 7b 12 f9 91 5e 86 d8 57 d1 87 d8 3b 48 0e 4a e0 7e 16 c5 0c e6 69 fb 3d c6 31 63 cd 79 b0 d9 fb 97 3b ec db fd 05 f6 8c 7e af 0c 80 65 bd 49 09 de 9c 82 3a e2 4a 68 6b a1 5a c7 c8 2c 9c ef 12 7d 74 1f b3 5b 0b 25 9e e3 d5 fd 1b 9d b8 7b 6f 86 b4 36 f7 a4 f8 62 ac f3 50 31 a3 a1 2f 17 09 68 2c 24 81 fe a2 83 49 bc b7 aa 91 e3 59 7a 7a 41 00 3d 27 76 d6 28 7c 56 e6 f9 98 f0 a0 9b 34 2f 78 a1 fd 0d 88 36 d8 e0 ed 40 c6 aa 7b 68 40 c5 d0 fb 48 8f b4 4f a7 6a 2a 71 4c 95 27 fc ae 30 a0 e9 14 28 9d c9 ee c0 6e f5 93 8a 92 12 be fb 56 e6 07 23 c8 8e 17 73 e1 bf 08 96 49 13 fe 73 ff 3f d7 4b 73 19 f6 2a ab d1 e4 9a 2c 2b 75 5e a9 6c b4 03 7d 0a a2 65 07 43 55 3c 31 cf e3 76 3d 4a f3 

Trying command d4...
Result: 
af b0 46 12 38 64 0b 1a b1 5d 25 4a 5f de ee 5e 0c 7a a5 2a 03 e6 0c c1 b8 7b 84 98 d7 3f 03 eb c6 de 42 6d 48 51 c1 16 25 f2 be 3f eb a2 bd 2b 86 75 b8 6b 7a c5 d0 45 0d b7 ee fe 2e 2f 26 11 65 7a f4 51 e9 71 dd 42 2b f5 f5 f5 81 f3 1d b4 88 81 95 64 8f 22 5d de 3a 57 82 57 a6 07 65 19 17 3a 9d c6 3b f6 93 85 5b 02 ed 70 9a 86 e9 24 38 0c ac 3c 6e 12 58 0f b7 b0 be b7 a9 e1 45 5e 3e 27 5d 63 3d 10 62 d5 be fd 8e 1e 00 47 19 c7 60 bc 76 49 ea df 32 a4 87 52 29 d9 d4 c7 86 71 a6 ca 87 d7 a5 d7 29 14 f1 22 e0 d0 0e 7f 8b 3e 9f 9f a0 f9 fb 31 76 f1 e2 69 c0 78 02 5d f7 34 24 30 7d 1e b2 44 db 77 13 5f 72 29 09 59 9e 0e 0d e2 63 e4 73 25 5e 46 56 ba fe a2 70 37 24 e3 90 ec a3 0c db 44 86 cf a2 f3 77 3d b4 0f 7f 04 f6 17 df 43 41 e4 15 84 f9 24 ad bb 6a c2 2e fe e2 64 0a 33 ea c4 b9 37 5d 52 a9 1e 75 45 f2 41 16 0a 66 83 78 44 8a 8a 26 c7 57 e5 85 b5 48 2c dd 9e 28 65 5b 32 51 c3 a7 2f fb e8 5b c5 99 96 fd de 6b ed 08 c1 5e 0d 03 06 ed cd fc 7a ac 64 e5 27 7d 3b d4 7f 62 37 a0 d0 ec d4 27 1a db 0c 93 4b 56 eb 80 d0 63 13 e8 52 16 25 37 9e 21 a1 84 af 30 34 ee 56 72 61 ed 3f c4 8d ec 80 d2 49 e2 71 98 04 d2 60 8b a5 fb 52 38 13 c7 22 0c cc c6 a5 4b bc 43 02 e0 b1 46 4a 9b 02 d5 d9 f9 49 d3 6f c6 64 17 11 75 c1 90 e2 38 a1 d0 d1 44 d8 2b d4 4e 00 68 20 c2 8e 8f 91 21 c8 71 4c 0e 31 72 37 53 a4 e0 87 c4 7f c1 82 bc 55 8d 93 ef 19 2c 9d cb 2c 0e af 97 95 cb 61 60 04 ef f8 68 69 b8 ed 43 82 87 b1 83 91 a4 df 5b 3b 7a 10 36 69 6b f2 c1 f6 af ec 64 f5 18 95 49 56 59 a4 ab 63 fa 62 a4 af f1 68 31 61 17 cd 76 b5 cb a3 c5 1a 

Trying command d5...
Result: 
36 cf 62 3b 4c 86 7b bf 1c 49 ec a0 7b 61 c3 25 fb 10 0c 05 e2 0b 4a 89 c3 d9 bd 78 9d 46 77 d1 bc dd b6 9d c7 16 6f 7f be 9b 43 a5 7e 13 e8 bd e7 9d 36 62 6d c4 d9 b0 09 95 2c 81 66 a7 6c 5f 26 89 22 61 75 84 04 1d 1d c3 67 18 5b f9 6d 16 81 46 df ef 5f bc 03 98 02 1e a1 bf d4 d7 eb 05 39 89 73 89 48 d1 56 00 63 77 bb 21 dd 2f 95 df 9f d1 c4 f3 bc 71 6d 19 a8 8c 62 a5 9f 83 73 ea 0f 97 a9 36 c5 9f 2a 0c f6 99 a5 f8 89 a6 41 bc 08 ee d3 b5 57 8f 3d 4d 2d d4 53 36 17 35 58 21 c0 98 68 a5 b5 5f e5 18 73 50 70 e8 09 7f f7 31 c0 71 eb 26 a0 60 00 19 f7 a0 60 de 77 ff 1b 02 b1 d1 66 18 3b b5 15 06 a1 2d a5 95 77 85 49 27 7f 95 6d 93 ac 2d c7 45 45 55 10 a2 bc bb e1 8f fe 48 55 2b a4 53 d1 b5 a8 af 73 44 c3 c3 3b ff ad 3b 7c b8 da 9e 94 fe 27 d0 86 5f 5d 8e 21 72 49 b0 b2 25 9a 93 c0 3b 1f 38 38 c2 d6 2f 24 ab 3e e6 bd 01 d2 70 8e fc 16 f3 82 3b f4 c0 6f 27 80 ac 43 40 8c f8 98 0e 12 53 5d 65 eb 6d 72 43 80 e7 db 5a 7f 28 28 2f 36 6e 67 26 1f 59 92 f9 a7 bf 8a f4 21 5f 0d 90 1d 32 53 ba 80 bb 94 95 a1 c1 80 b9 48 5b b0 81 fc d5 0b a8 2c 31 f6 d2 a8 53 91 aa 23 11 f1 e8 2d 34 e2 d6 3e 10 a4 6b 91 f7 d7 7a 21 af 9c 16 df 80 bf 60 36 46 3d d5 2f 26 ba 06 fd 9e 47 4b 4c 4d 94 7e 7e 83 a8 74 d0 87 9c db 69 af 66 32 76 9e 9c 00 07 04 2f 39 64 34 5d 61 b9 de 3d ba 18 fa 3d 65 f0 ae 0d bc 57 40 55 bd 6f d3 a0 33 a8 7b a6 12 c1 6d a8 2f 11 4e 45 a4 a5 41 58 e0 82 24 3c 3e 63 36 1c 74 92 80 0e 08 5d ef 9f f0 ae 13 f0 5e d0 d4 8b 33 01 96 b1 7e 00 8e ff 8e ab 58 3a 66 5f b8 35 b7 24 01 a7 b3 b5 7e 5a d1 c9 89 98 67 81 8b ba 52 

Trying command d6...
Result: 
37 42 10 9a 28 73 a4 71 8e 93 96 8a 32 60 da f6 f2 5e 0f 4e 88 54 a7 53 ba 9b fe 77 91 1a 4b dc 13 7b 17 4a 68 78 91 d8 14 5c 2e df 96 fc b4 e3 4a 28 d5 f1 82 e7 c3 6e a4 52 97 d2 40 64 49 fc e8 1c 07 3d cd 9a e0 d8 e2 13 4e 9e e9 01 a5 88 b5 fe ed 51 99 7e 1d c7 16 8c 54 5d 66 d7 61 fa db 72 b1 f9 d2 ad 40 97 b4 89 be cd 1e 3c 0d 3d f9 f2 55 3e 18 4d 15 e4 f9 d6 b3 d1 d2 73 b7 c7 25 ed a4 2e 3b b9 0e 53 d5 a6 a4 47 44 b9 a7 61 ad bf 87 cf 01 bd 6d 51 9b 44 a0 71 52 6c 43 0b dd 08 f9 54 fe 00 f6 aa 33 ea 5f 65 a2 59 9f 83 2a d2 ff f8 60 a4 2e 1b 47 9a 32 89 8e 1e a7 55 b8 fd 02 43 5b 10 b3 1b 0d 04 ba 53 4b 0e d4 1c a5 c3 6f 05 7c ff a8 55 e9 b2 48 7a 5f 40 8b 44 54 e5 fa 23 0b 86 9e d8 73 7a be 9d 1d af 75 6a 79 b8 9c 21 e6 22 12 6b af da 97 31 68 83 6e ff ca 2d 7b 33 7c 2a 73 df 08 c3 ff 5c 56 92 93 2c b0 b8 a9 c3 8c fc 08 95 a9 b6 3b 13 68 32 01 51 f6 fa 55 23 e5 ed 7d 6f a4 53 9e ae 98 a8 0e db 72 0c 07 01 55 a2 81 2b 37 39 a3 77 36 2b c9 e7 b7 2b 37 f0 3e 20 c7 e2 80 ae e8 10 9b bc e6 df 5f 60 f3 d9 a4 52 fb 94 2e e2 d8 a0 3b a8 34 5c 73 ba 52 ba f8 86 b6 07 3b 18 6e cc d8 af 10 a4 ea b0 78 03 ae 95 60 e5 ff 75 b0 ba f9 a6 09 49 8b 59 3e 24 6c d2 c7 b6 79 0c ae c9 13 bf 3c b8 04 80 3f cb 14 48 72 fb d7 b7 11 5b ae 2f 9f e9 a8 28 97 46 0b 9c c0 93 aa 31 ed af 92 54 b5 cb 0d 40 11 2c 7d 3a 70 e1 b6 cf f3 9a be 43 a8 38 45 60 8e 58 99 93 78 a0 2e f7 27 cb 53 ce 34 89 94 57 c5 4f 84 e1 eb db 4f 74 a6 0d 0b 8f 59 01 7f 01 e3 ff 58 5b 8d 00 89 ec b3 92 8f 00 45 70 6d 58 c9 8d 01 68 51 f4 0d 19 02 e6 aa 95 a7 31 

Trying command d7...
Result: 
62 0c f4 8c 25 a6 e5 c1 75 0b 62 28 2c 5f b2 a6 8e b7 72 42 ad 88 cc 7e 52 f0 88 8c d0 be 28 9b 86 e8 3d ec 32 c9 b9 de a3 df 2d 88 77 f6 a9 95 ff 71 df 16 25 4a f9 6c 2f 39 37 31 83 bb 65 f9 fa c8 24 97 4f ef c7 bf df 0a f6 d9 ba 8a d3 3a 86 78 81 fd 7b 7b 74 7a ab 26 c7 4e c7 46 7f 66 17 dc 26 97 bc 40 ef d0 92 a5 f1 16 b1 ad 58 3f 67 6e 29 8b 83 d4 10 69 22 79 21 51 cf f0 4b 36 65 53 8e 9b 52 aa f6 6b f5 40 6f ef a0 86 12 25 3a 21 c0 04 64 d3 b6 8f 69 a7 68 db d0 b6 d8 e2 e0 1c 68 90 f4 06 72 45 c6 8b 76 a5 89 a5 85 c0 bb fb 86 51 81 b5 8c 72 1e 26 00 1d ac 5a f4 61 83 db e0 39 7c 89 78 78 ed 9d 6a 42 d1 7b 9b ec 5c 0a fa 22 62 fc a7 09 fb 29 83 3f 1a c2 48 6b df 30 a7 3c d8 83 af ec 84 36 78 78 26 a4 1c f9 e3 f3 ea 5f ee 85 27 36 ca c3 32 7f 94 ec 5a c2 77 62 07 ef 92 b9 92 e0 50 e9 44 85 9e ba 41 c5 e3 12 7a d7 1d 1e 77 43 6f c9 34 cc c6 45 7a 0d c3 a8 d0 b9 d3 03 4f 29 e8 94 65 25 b3 a2 c4 41 0b cf 3f 61 83 04 40 fa da 35 9a 79 5a 23 31 1c b6 aa c9 ec 9d a3 92 9b 4f 1a ab 44 2c 13 87 d9 d6 eb 8e 1a 19 06 00 6c c4 1b e7 0b 27 0d fb 43 6d 5c c9 66 d6 ab 35 59 56 cd e5 d3 fc de 90 4c 4f 68 c1 ea b5 c5 64 24 f1 b4 e4 36 15 39 22 64 50 a5 eb 16 23 eb 09 0b 3e 24 20 36 b2 3c c7 f0 2b b3 5d fa fd e2 40 71 84 c6 2f d0 1e ca 83 8f c3 02 fc 15 5e b0 9e 22 1a 78 70 a4 84 15 f6 09 13 c3 f0 be 0e d8 59 ae 4b 2d 01 12 4b 5f cc 78 d9 b2 6d f3 2e 04 d5 ff bc 79 31 df 06 85 85 2a 48 19 12 b2 9e 69 7d 79 e9 6b d4 a5 d9 45 74 42 a3 8a f5 d8 d5 53 38 ea 4f 62 55 ed 5f 3f 1d 49 a8 5e a7 15 2f d8 f3 87 c9 20 ea b0 e9 70 bf 7c 

Trying command d8...
Result: 
0b 2f 62 46 b2 8b 1d b6 d8 28 c8 0f c6 02 46 8f 1e 9b 92 39 6f 41 53 f7 21 18 d6 7f 92 7f d4 74 36 45 ca 32 ed 37 ef b2 19 01 f9 98 ed 5d b6 0e 53 4b 37 4a 04 8f 49 1f 00 d2 f9 ec 5c 69 59 be c9 3f d9 e2 c6 74 e5 82 f9 c2 d8 9e 98 1f 65 ec 62 4d 14 8e 68 a7 dd ce 4f 05 8b 45 1f 02 60 6b 18 db c1 d5 f7 11 02 0c a0 9b 3f 05 f9 73 2b 17 ab 76 a5 bd 6c e3 de 8d ac 63 60 56 8a bc ba d0 58 f6 b6 40 67 bc 18 24 64 aa 7e 2b e3 cf 12 66 b9 ea db df 03 87 04 f7 3b c6 55 a6 ac 33 4f 29 64 53 0e 61 b9 c2 d6 8e 96 51 88 7d 3a c5 1c 36 9b 84 12 48 05 74 17 83 de d8 fa 0e 4f c2 03 f3 bf b7 9e 7e 91 c1 41 35 ac 9f 9a 82 f6 7d ee 95 8e 89 e3 1f 1f 46 f0 92 74 89 6f 1c e8 8c bb 6d 90 f4 2c 8c 61 64 1e 8d 3a 66 7b 67 8e 1e 0b b3 d2 c6 16 26 d3 77 b4 9d 17 57 2d ad aa 87 7b 79 39 47 f6 40 ad f8 d8 81 57 8e 38 5d 68 e1 54 ea 57 24 4f 34 8e ea e6 bb 0f e1 c0 84 b5 9c 62 ad db 40 cb 59 d3 97 29 da 73 a0 3b 57 e2 9e ef a3 46 35 12 1b 0f f5 1e 8d d4 fb 22 0b fe 62 58 b7 58 33 4a a0 3e 94 ca fa 5f 43 e1 f7 89 54 6b 22 00 75 59 67 d3 03 99 2b 76 87 65 53 fd 6b a8 fa 50 7c af 73 6b d0 8c 95 97 aa 80 84 df 03 a6 c5 45 5e e0 c0 41 89 3e 3e dd 9e 5c 51 c0 0c e6 b8 6c 23 56 f4 19 5f 80 67 50 a8 a2 13 47 53 3f 0d 99 bb f5 b0 7a 36 27 f7 e8 72 be 2d 39 a8 cb a2 b0 8d 42 47 a7 34 f7 52 0a 1f c5 e4 23 2c d1 a0 68 ef be 7a 38 60 b0 77 e8 aa b2 e7 4f e0 a6 af 60 98 83 a1 3e 63 5c cd fd ad 5e 4a 1a ec 5d f8 45 f9 5d b0 2b f7 48 39 6f 7b 12 0d b5 fa 70 0f a9 c0 4e f9 53 dd 10 c4 e9 d8 25 67 8c ab f9 b8 9c c8 10 a4 99 33 cf f0 01 3b de b7 49 93 0b dd 

Trying command d9...
Result: 
33 db 5d a2 85 a5 66 00 32 0b 3e 13 22 6e 98 95 73 c1 5b 40 d9 29 71 27 e6 fd 52 71 db 7c d2 e7 be 4a 39 2b 9f 16 d4 0c d9 a1 6f f0 57 8f 14 82 cc 0b 24 c9 ba 26 46 91 bb 0b 67 e6 e3 73 04 3b 4d 0b cf e1 67 50 d9 70 24 4e 58 23 88 1c 29 3b d7 bb b4 c6 76 44 b4 96 76 14 3c 80 d7 bb fc 76 78 a2 f2 1f aa 76 36 79 52 cf 81 c2 5f cf af 1e 0c cd 26 d8 6d c8 d1 9b b3 1c 2a b5 d5 75 54 38 36 68 47 fe 64 15 00 af 1a d7 c0 e0 d5 6d c5 9b a8 db 71 c6 28 04 8d eb 46 55 79 f9 fd 3f 4e 31 53 56 56 f8 9d 06 b9 a0 70 cf 1d 71 8c f1 f1 60 8a 8a f1 49 16 7d 6f 58 e9 fd 0d 59 bd 4e 7a 0e 26 a0 54 fb ea 5e ad 03 81 12 d2 59 41 09 a0 21 11 d9 a4 b1 6d a3 74 7d 0b dc 7d 43 ee ad 6a 62 8a ad 72 76 de 21 51 9e 31 09 c5 66 55 a2 79 ab 62 e0 0c 1c b2 f4 17 80 15 34 f9 6c b7 90 07 3e 31 4a a4 07 bb 26 dc e2 37 93 8d 8b 2d fa 63 85 44 ab d6 66 5d d3 00 42 33 1d b2 b3 4d 3d ea 9b 52 64 e2 a8 93 3f 5c d5 fa 45 82 08 75 fc 71 33 de eb d9 be 32 05 6b fb 2a 87 93 e6 e4 71 3e bd 0c 3c 38 09 75 7a 46 f6 c2 26 37 43 3f f6 ca 18 d5 71 fd 4f 86 eb 58 1b dd 95 81 a2 aa a8 47 dc 64 18 83 1d f7 14 7e 4d 2e 70 33 9e 83 9b 78 03 64 78 7d d2 ff 8f fb 7b 41 b6 1e c2 20 db 32 5b dc 3c 1f 9c cc e7 18 d5 ef 11 71 e3 29 3b f7 2d 32 af 14 01 e8 98 71 35 29 5f 3f 39 f5 56 34 aa 63 4f 1f 08 cb 50 0c e0 7c 03 37 09 65 19 d9 34 63 5a be dd da 12 36 1a 19 44 16 08 07 0f 5f ba 79 2b 6a 1c 5b 9d f8 57 6d 84 88 92 24 40 77 36 66 1a 78 2f 9a d1 77 d7 85 67 8f 0d 1b af a0 f8 c6 7c b8 93 7a 90 0b 40 df 3e ac 22 fc 81 57 80 e5 bd 00 c1 f2 c6 9c 50 b7 6e 6b e2 d8 fc 4f 9b 

Trying command da...
Result: 
ce 0b 44 ba 8a 6b 30 c1 a7 2a ca e0 f6 a8 63 26 f2 25 8d 58 85 52 88 8f 1f 5b 48 ba 31 0a ea e7 0f 03 10 36 0d 1d 6d 34 ef 73 77 4a e0 60 be 53 a5 2b 75 08 fb 60 fc 17 5b 6e ea 6f 52 62 4b 9c f5 ca 63 8b cc ee d2 5b c9 08 b8 2c 7c 38 a4 ec f9 c8 23 90 07 d3 01 38 61 1a 1d a1 63 9d 3d 72 5a b5 6a 2f ea 66 e6 90 b1 e0 d2 91 1e c0 33 6a 65 59 e5 b9 22 c5 ab 08 81 f6 d2 be f3 fb 59 a9 aa ce 91 a9 55 78 32 d6 85 13 63 25 47 e3 94 de 8d 77 6e 69 16 06 02 4a db d1 19 3d 76 04 7a 07 4f 9d 54 2b ec 16 b2 1e ac 41 20 8c 2e e0 66 ef a9 15 22 f5 90 74 3f ad 65 bb 65 24 a0 ac 4f cf 5b d6 77 8c 27 ea bc 06 a0 76 bd 88 a0 de 45 a8 53 2a 88 56 25 13 33 17 e5 4d 0d 63 8a 0c 5f b4 79 56 90 0a af 1d c2 a8 2d e4 ee 3b 05 01 23 da de a1 99 88 61 f3 7f 23 b6 7b d2 00 0b 89 41 9a bb 36 43 fc 90 9c ca 83 08 dd 81 87 e9 d5 4b 35 2e ef 2e 72 95 78 a5 76 76 77 7b d1 08 2b d3 cc 95 6e c5 9e c4 4e 55 23 7e 6e 92 c6 a4 7b 1d db b4 11 ed 7e 9d d6 2b 67 a5 6c a5 6d d7 c2 16 16 29 58 e8 84 cc e7 ce 2c 5c 7c da 0c fb 7e ff 27 33 c3 fb 5d 47 ce 81 3b 26 05 b1 99 02 bb 84 1c 17 d1 e4 2f 10 05 eb a4 3d 81 b3 59 e2 5c ac c4 ef c1 7c 17 f9 ac d3 70 60 34 a3 ef 29 e6 71 c1 0f ba d0 8c d1 dc 94 3d 9b 4a ea ed 46 f6 03 89 e6 88 f1 45 d5 b6 38 55 c6 0a c9 d0 0c ee 9e 97 b0 ae 02 4f a1 8d cf 2c 35 8b 86 3b 23 a8 9b 8b 8d 79 7b 5d c1 f4 5b 02 a0 e6 e6 44 4f ed 24 0f 25 c5 c0 f5 c0 1b 6a 26 5b 97 5f a6 e6 c4 11 7a 01 0c 73 d7 76 2c 01 0a b3 ef d0 67 d4 24 0b 3b 94 4d 85 0f d5 52 bb 1c 97 6e 1a 31 06 cc dc 2c b2 36 eb 2d d8 c7 51 0b 7b 8d 37 71 70 2b 7e 7e 

Trying command db...
Result: 
29 40 ba 3f 24 a6 c9 0f 20 18 69 4e ea c2 70 de f7 82 1a f3 4e 56 ea 6c 1e b8 9a 0c 33 b8 9e c6 79 53 18 94 64 88 b4 c5 59 f4 a0 ee 4c ae 9e cf e8 5b ed 0f d3 a5 f7 66 58 c1 3e 5f 63 8f 35 b2 00 3f 07 ea 3b a2 32 e3 7a 8e 25 55 10 ef c1 25 21 6a 27 98 76 e3 89 31 7e 61 03 e2 03 ae 07 ce 92 b8 6f 27 50 7a 2d e3 5a c8 c9 84 24 f7 75 eb 17 2e f7 c0 35 01 3a 74 6e 4e 1c 6d 86 32 0f f3 3e 03 29 86 48 72 06 31 6e 23 01 b1 9e f4 6c ab f0 2d ad 54 71 6d 16 c7 4c b1 3c c5 2a fa ca ce 1e bf 6b 9a 9c ce 79 ad e3 40 28 e3 6f d8 7b 15 eb c0 87 7c 5d 2a fb 02 bb 25 30 fe f1 7c b9 6b 5e f9 13 24 3a 28 51 e3 c1 83 d0 7d 20 9b 3d c1 50 e1 97 0b 41 fd b0 c1 c0 61 66 26 12 3a 51 db 40 5b a7 c3 83 08 12 87 d2 6d e1 36 e1 a5 ec ba d5 20 df 8b 86 ee 92 bd 7a 4e 10 44 ec e7 4b 45 9f c6 2b 77 92 f3 ee 10 e3 c4 6d 52 15 36 bb c1 4e ee 88 b7 55 09 9a 6e 09 ef 9f 1b 8f 42 88 c9 84 6f f4 cd f4 8b 8c ce 1b ae 60 ec dd 32 24 c4 f0 39 55 5a 7d 71 2c 69 07 45 35 c2 13 bb 05 26 00 ea 06 c2 4a 75 b7 e2 2e 2e a6 cf 35 22 8d fa 88 0d 0b bc ff 1b d6 62 ef 06 97 3b 0d a4 7f 3f 7b e2 a4 2e 4f ec 81 ea 71 45 9c c6 ba b7 ff 04 48 91 89 87 2d de 61 03 a0 0b 68 7a 13 2c 82 2e 11 f4 94 cd f2 c8 0d b4 79 c5 89 c4 de cd b9 59 3c 22 b7 60 95 aa 43 54 93 fc 16 96 a5 4e df c6 7f 27 98 40 ee e2 b1 90 9b 07 70 7e f1 d3 6a 42 22 47 79 14 2d 3e f2 7d a7 26 70 64 ef 59 29 8d 95 ed 4c 38 76 2e 33 5a 57 9b 89 9b 10 d6 7e 24 71 3c 44 29 81 0f 03 90 30 c2 31 48 66 60 a5 d4 85 4e 80 36 bf 35 13 12 c9 f0 d8 d8 e8 7e 5c a3 22 30 de 43 6f b6 31 55 79 ce 27 3c 46 45 0e 84 

Trying command dc...
Result: 
8f a0 74 b9 89 d0 45 aa 6a 65 48 60 95 a6 57 f7 7b 14 bc b4 2d 94 02 32 52 10 9d f3 64 8e 4c 8a 04 d0 7b 8f 4f e1 d8 a2 3b 55 0b 9d 45 1b 54 31 0b 96 28 6e d2 14 01 7a b2 a6 b0 20 6d 3b d0 61 fb 27 d1 cd 07 aa 22 69 c0 3e b5 fe 5c 70 d8 36 cf 35 82 20 26 f4 4b 3b d9 d9 49 d4 55 a4 37 e3 51 0f ee dc 57 fb 2b 1c 7e 8d 7e 45 c0 a3 15 73 0b be 22 58 06 31 6a 2f 5d b0 56 71 1c c5 0f ae b3 2c e4 0f 66 7d e6 bc a9 70 9e 4d 1c a1 fd 4b 73 25 c8 02 92 2d 59 94 f0 8c ac f8 f9 f8 bd 8d de d3 f4 66 c2 36 5d 90 1a fc b7 34 e6 8b e7 ca fe 3b ac bf 0f a0 e2 04 6f 64 28 48 65 ab 0f be a3 1c af 1e 01 07 0e d3 55 47 3a d6 f6 c4 cb 87 9b b4 d3 48 ab e1 a7 39 41 57 6d 30 62 6d 39 17 f0 ed f8 ff 91 a6 79 a0 a6 08 ac 86 7b 25 a5 f0 88 b2 f3 43 b0 52 76 cb d0 36 bf 80 fa e6 91 49 8d de 34 f0 ed 0c 5c e7 a3 17 eb 05 08 b6 31 fc db 15 90 ed 22 bc 77 c4 c6 34 b5 78 36 88 1d b2 f9 ad 18 d8 0e b3 e1 e6 75 f8 53 ce f5 76 05 90 1b 9b c5 ee 73 d9 b2 00 ca 96 62 11 65 58 43 02 13 98 be ca d2 2b c0 c9 14 f4 d1 f1 cf ef bd 5b f4 51 78 19 c5 7a 75 63 6f 9b 9a a0 d1 aa 09 9d 7b d6 50 80 75 c6 20 9f b7 e5 84 35 a4 60 c5 b9 25 64 91 48 41 b3 14 82 31 f7 2f c4 24 36 5d 22 9b ee 1f f8 20 1d b9 2e 01 d9 13 6d d9 6f ad 83 57 3c 78 b2 82 92 ab 77 37 ef 1c 67 ac 7e 9e 6e b8 93 01 70 b5 42 7b 2f a9 2e 75 51 58 9c 3e 27 43 6e 0f 64 32 da af 6c 17 be 19 d3 d0 02 9c 50 7e cf c3 5e 37 fd ed 2c e3 a9 15 89 d4 61 bd f1 bd 6b 5c 82 e1 02 73 46 0d bc 96 9d 4b 2c 25 ec 30 4a 56 f1 eb d3 ac 60 e4 19 82 94 1e 5f 54 2d 91 3f 7a 39 43 f9 55 77 bd 08 88 16 fe 8b 3f 15 

Trying command dd...
Result: 
3a 6f d8 da b6 c6 ae c6 1e f1 28 1d 0b 21 38 05 d6 54 08 e5 03 9d 33 b9 3b a1 54 b4 df 7d 34 ff f2 b0 13 07 6f 60 bc 4d e1 97 7a c8 3e ec 3e 90 35 4f 47 25 da 82 20 77 a5 d3 c1 6a 44 b7 26 18 60 e6 12 f5 ec 8d b3 0f 98 cc c9 7c e7 92 8d 28 7b ea d7 9a c9 eb fc e6 4a ed 26 a0 70 2d 01 09 c7 d6 59 2e b4 4f 51 e9 d1 e9 9d 01 e1 47 e3 24 15 9d dd c3 5c 12 1f 80 a5 31 b9 8e 74 9b f8 23 eb d9 45 01 62 42 bc 89 0b 62 ad e2 14 65 b6 45 8e fc 89 1d 1a 7d 33 3d b1 6b fc 39 0e 70 be 67 41 6f bf 6e 51 5b 75 34 7b 91 53 6c d5 24 19 3b 53 c3 19 eb 7b 85 6f 77 7f ec fc 12 0e 5c e1 4a 19 69 b8 14 f0 ae d7 4f 53 58 36 91 77 b4 10 ac d6 82 b5 af 13 83 1c 38 49 ea 61 fc fa 0e ec 4c c6 cc 07 2d e4 47 16 3d 1e 7d f7 bb 68 a9 27 c6 75 c7 96 84 ae 61 a5 7a 8b ea b4 86 57 8e c0 3b bf b4 f7 f6 34 15 8b bb 17 b6 a5 7a 97 01 df d0 94 9b d5 bb 44 2f d6 0d 09 92 e0 31 16 e8 8f b8 af a1 f2 d4 2e ae 46 31 0d d4 29 c1 14 e2 c7 7a e8 96 05 95 b8 15 5c b2 10 1f ff e9 7f 75 5d db d1 b2 ce 7f e2 89 f0 e2 0d 4f 74 42 f9 19 66 26 0a e4 ba 18 0e 17 e0 b7 e1 2b ad e9 0a 42 f8 b4 b5 49 7e 21 72 b2 3e b3 e9 b3 20 93 05 83 12 2c 76 3a 46 4e d7 97 43 02 38 7b 89 26 95 21 0c 85 7f 8e 7b a2 b5 81 8f 35 7b 9b fd da e1 b9 b3 21 8a 04 d1 b1 ed 3e 38 40 05 c0 5c 91 e2 54 df 93 e4 00 d1 57 30 ed 00 2a 9c c6 e2 52 a7 a2 d6 5f 92 40 7b 98 5c 4c 7d 9a 8c 9b 44 87 4a 33 3a 8c da 39 8c 62 18 b2 5a 74 b6 d7 73 6c 2a 5c 94 92 5d 79 84 17 6d 52 16 c3 dc 36 60 44 33 d3 c6 61 c4 d4 9e 7d 7a af 26 92 a9 8c b9 e8 7e ec 05 0a 3e 84 5e 81 5d 70 ac 16 27 45 bb e6 04 5f 8f 03 

Trying command de...
Result: 
d2 df 56 04 ff 86 70 28 3a 93 4c 98 02 81 99 9e 39 0c 12 3f 53 dd 54 f3 da a2 a2 04 02 b7 73 26 7d 36 db 8f 82 2c 3b 24 32 1e 76 1b 1b d2 53 5f 9d 84 d2 e3 59 4e 98 48 0d da 91 ce f5 6c a6 7a 59 bb 94 2b e9 46 06 c9 be c6 b2 18 90 47 92 a7 6b 5f d3 2f 84 bd 5b 26 7a e4 0b 35 68 81 d8 a7 93 d7 2e aa 42 3a bb 5b 17 00 4f 42 1c 37 f9 73 d1 3b 52 61 90 e5 c0 20 bb e0 01 63 60 2a e5 c7 8f 3a d1 75 e6 9f 83 5f f6 50 18 1f fd 02 7d 76 d5 68 4b 1a cb af 25 5b 89 4b 8b 08 aa 5c 55 5c 61 f0 0f c1 7a a4 4c 50 7c 8f a8 fb 74 ec f1 8b 3a 53 28 3f 1f bc 7a 77 a6 7c f6 c6 69 26 0c 89 7f d9 3f 1c 04 d2 a0 a5 46 75 13 a4 04 ef 67 19 e7 9b a0 a4 bb 16 36 eb 1e 19 73 b5 8b 01 48 44 ad 8e 37 df 90 f6 b2 a7 ca 80 c1 35 d1 c0 8a f5 e3 06 85 ac dd 70 3f a5 97 08 1d bd fe 6b bb 12 94 3f bd 75 28 88 04 65 ba e8 2a 62 38 d7 e1 12 97 66 97 1e ca 30 99 38 4f a5 5d 39 d0 ff 47 b9 6d 95 18 fd 3a d4 a1 91 3d fa f3 b1 0d 71 11 d3 60 6a 53 d9 1e d8 66 f6 fe a0 69 e9 69 fb d7 b1 fa 04 bc f4 35 f8 22 53 32 7b 48 c9 c0 8c 7c 97 12 88 8c 6a f0 77 9b 03 51 75 79 c4 d8 4d 96 ce b4 f1 59 12 44 a5 03 25 58 9b 06 71 80 03 b9 5c 41 2c 39 d1 4d a1 49 f5 b6 c1 3d 0e be a9 9d 75 c3 72 1c 55 fd e8 70 bc 33 d5 2b 6c c9 af 6a 6f d1 2f 46 12 92 35 47 5a 72 aa 2d ae 0c 3b 02 56 5e 9c 76 7c fe ed 96 8b 21 19 b0 a8 7b 96 c6 68 a9 35 8d fd 33 c5 06 be 82 9c 59 16 46 bf f6 95 a0 af 7e ee c9 ca c0 a1 be 01 1b 2a db f9 ee f5 82 e4 93 7b 14 34 ac f7 6d e2 fb b5 e7 d7 99 3a 07 56 a2 f0 50 b5 7e 8d e3 55 8c 73 0d b5 2c 4a 8f de ec 90 ca 60 1f 61 2b 72 ea b2 47 47 87 2f 

Trying command df...
Result: 
df 42 02 aa eb b8 9b 10 fc db d7 91 aa 7f 12 c2 a6 59 a5 60 f7 c8 da 28 cc d3 ec 13 e2 d9 38 1e ad ef 95 b9 b3 1f 50 10 bc 93 46 c4 d9 82 3f db 7c dd fe a7 09 43 d4 99 08 cc 5b 5b 4d f8 80 db 00 c9 ff 75 1f 2c cf c0 78 6f 9a 09 3e fc 1d a4 9c 41 21 08 72 eb 64 2e 68 b9 1d 15 64 99 ce d0 b7 32 e8 88 cb 19 62 60 f9 e8 16 2e 65 29 8a 83 c0 c4 68 05 44 2b c8 79 4b 9f ea 97 09 e4 ba 32 3c 49 0f dc d0 7a 46 9e 6c 08 b5 db b2 bb 7f 80 03 5f d8 65 73 a9 6c 20 7a 0c 39 d7 89 6b cd 86 73 d8 19 ad 27 2b c1 a7 97 07 1c f9 92 9a d0 c2 c0 6e e4 70 8e fd ba db 93 cb 22 b4 f5 d9 d4 9f 5f 24 f9 23 a2 db 21 69 33 33 40 93 13 10 d4 29 be b1 15 6d 08 2a 30 df 02 57 1c 39 88 e8 4f 12 bd 07 b6 53 8b a8 49 c1 cc 02 02 7a 70 41 80 fb f4 67 fc 6e c9 c6 a3 d4 73 f7 5b 07 87 d8 04 15 65 1b be a4 97 54 8f b8 9c 84 82 57 b7 83 d1 6b b3 6f f6 0d 81 1b 98 74 2c 55 6c 77 bf d8 45 5d 9d 18 aa 7a a0 0d 32 d0 d1 9c 5b a4 69 d2 f1 11 54 c5 39 7a c6 a9 80 f5 ab c9 ba c2 a8 9b fa d3 de 99 af 4e de 9b 15 59 70 98 cc 14 43 5c 6c 5c 3a 9c ea 34 ed e6 10 9f 54 e3 00 4f ea e2 df b0 cf 8c bb 48 f6 45 af 9a 87 89 db 1f 31 ef 5a 7b a6 c2 50 83 a3 a6 ff 27 16 f8 35 4a 14 d8 4f 61 fc eb 00 2e 82 7d 5b 9c 83 e2 f9 74 51 6d ce 35 2c 86 54 4d 98 53 01 83 81 25 bf 22 50 45 2d f5 5b 11 b7 b9 c6 6e 21 85 16 13 6c 53 44 af 0e fa b8 aa 7d dd d6 61 8d 01 84 11 32 bb 59 56 40 5f 65 3a a1 08 c2 3f fe 22 15 39 17 bc ef 5f 0a 95 c6 2d 60 fa f9 08 14 b7 d7 99 1e 20 ac b8 8d 87 62 2c 87 57 fe a7 8b 6f 21 58 25 fd 40 97 1e 16 27 4e 6e 7b 8c f0 0c 85 de e1 c7 7a df 9d 75 78 

Trying command e0...
Result: 
e4 12 19 c0 59 e1 02 c1 df 0d 79 ef f7 c0 c4 3a 8d cd f0 26 ec 45 97 78 a2 be 7e 58 08 da 23 c2 a1 45 71 b1 35 3a af 15 0a 92 de f7 aa 9c 81 c7 9c 7c 5c af a2 b7 ef 6d 43 d5 b6 1a 5c 8d 24 b6 8e 8c d3 9d 68 58 44 81 74 30 a2 92 0d 97 f2 0f 63 36 a0 93 c5 23 2e f7 51 54 f8 06 3e 1f 43 13 5c 46 80 df 32 b6 f7 b5 cb 79 8b 02 ba 7d 36 1b b0 d2 52 2e 7e b5 db 95 7a 5f 6e d0 4c 72 19 70 03 95 a7 98 9e 50 e8 fe 8a d2 8c b3 2d 33 0a 1a 70 7e e9 fd cf fe 02 95 b2 aa b3 53 9d ce 1c 60 f1 76 0d 09 d5 1a 68 b1 84 48 53 48 6e 06 eb b8 3c 97 f6 23 3b 1d 3f 22 cc 19 59 92 fb d7 00 57 8d e0 13 2a 30 24 f0 82 2c f9 24 6b 8d 70 35 79 15 37 6b 79 c9 47 a2 99 69 9b 3f da 88 52 24 a2 f6 6a 1b ad 12 a0 9d 4b d8 1d 23 93 82 d4 16 2f 5b 68 d4 29 f7 93 a7 5d d1 64 c7 4f f5 2c cc 29 76 d8 05 70 41 59 1d 98 ea 49 ed be fe f9 ec da 26 45 f7 d7 63 ee 4b 78 9a fa cd 1b 42 f0 ac f7 1a c6 dd 9e f9 db 87 17 82 ef 6b 29 90 4f 02 29 92 4c f4 e1 f1 e1 75 17 d6 74 93 2b 35 cf 71 25 7f 98 f5 d4 c1 a8 5c f2 3e 57 d7 60 d8 6b 3b ec f1 00 b1 31 3f 2a 7b f5 f7 4a 59 80 ae 51 51 a8 bc 1d 13 50 bb 9d 1a 7f d4 40 f0 c4 9e e8 6d 5c 43 6e ce e7 bc af 1c 2d b1 a5 7b 2a 4e cd f5 9a 9f a7 e2 d7 ad 91 2e 66 8c 8d 4e 9a 4f b7 9d 30 8b 22 0e 3e 04 5a 64 ca 11 40 44 87 33 2a 03 4b 84 4f 44 e9 c0 29 32 69 25 cf 5f 49 65 67 ca ad c0 a5 a8 c6 47 be 68 50 37 b0 90 b4 95 5e 8e dc ec d7 9f 7c 6a 2c a5 01 5c 2d ef 1b c2 c0 c7 86 60 fd aa 7e 50 67 a6 f1 26 49 b5 29 a6 f0 04 85 07 6d 8f 0d 04 e4 3d 3d 3d 34 93 84 b2 42 c3 35 b3 2f 35 e2 f7 9d c0 b4 e9 87 ee 46 96 ff 2b 50 

Trying command e1...
Result: 
e2 e8 1d 08 a7 96 33 29 00 77 ca 97 96 00 6f 7a 8f 7b 83 d7 4f eb 1f 6c 58 65 cb b2 f5 4d 7b c3 a4 b0 13 c8 6d 00 d1 86 b7 04 a1 64 98 20 67 8f 1b ec 13 8a 1e 3b 6a 28 0e f0 2c 6e 75 fd e2 bc ab f7 e8 12 73 9f 08 b5 77 4f 26 2a 2b 07 55 aa 5a 5a 06 43 d9 e4 10 9a 07 40 15 44 55 fc 90 cb b5 75 38 9b 6f cc fb 03 1e 5a eb aa 12 ce c6 e0 f3 ea 2a 54 1c b9 2d 21 21 0a 0f a7 e9 51 c2 78 31 4d ea 5e 5a 1d fc 16 4b 44 20 51 2e 52 cb 9f 24 db 15 40 c3 30 7b 92 87 c1 82 30 b3 2e 4d 65 af 02 5d 7d ec 63 f8 4b 16 90 a9 bc 0c f8 2c ea 59 b6 72 dd bf 9a d6 b2 5b a9 5c c3 d3 2a 59 83 3f ae 5a 00 45 22 a0 f2 a6 5a 9e 6d a9 43 e4 9c 05 79 f3 12 32 8a b4 2c a4 dd c7 45 2b 55 e5 7d 11 28 3c 96 95 b7 ec 44 a2 51 70 0c cd 0e 3a 06 b6 26 f6 96 25 77 0f f1 b7 42 ba 8e a5 3b 0d 26 e8 64 47 6d b9 0f fe e7 42 29 ce f8 d7 e8 95 33 32 af 24 b6 84 d0 87 42 51 94 c8 b7 cd 82 a1 c0 89 3b c2 21 1b 64 d5 6a 09 b5 68 32 d0 21 66 9f 1e 34 a0 96 1c 39 1d ba 8b 0d b1 19 56 f4 dc f6 39 36 23 10 17 2d ba aa 0c f3 cb ba a0 da 2e 48 c3 d5 a0 5f 9e 00 48 c8 83 b2 60 35 85 4a ad cf 2b cc 44 f3 84 40 b9 9c 95 fd 78 eb f9 a0 e4 43 31 e0 28 56 e1 a9 64 08 d5 99 4c 8b d1 82 54 79 15 3c 6c 85 fd dc 2b ae 76 48 20 0b fa 67 a2 da bd ce aa 61 57 fb 58 ef a0 cf 16 18 86 e5 c2 1d f9 46 b8 ce 7f 1d a1 1d 49 ef 04 af a1 79 1e 84 dc 5b e1 f7 c0 83 88 7d 14 4e d0 a9 ac 23 db 2b 66 1c 38 e9 ea 10 d4 fe 28 89 06 4a ff ce 5e f4 12 21 a3 2e 53 a2 3b fd 95 8f 55 11 21 f4 18 15 33 eb 16 92 b5 21 0e 90 1c 7e db 1e d9 f0 7b 6e 61 9e 67 cd fb e6 3d 55 9c 3a 1e 6c 9d 6d 84 bb 

Trying command e2...
Result: 
5d 72 97 53 21 8b 7d 0c ca 9e 4e 6a 28 2d b7 f3 5f 4e d6 bb aa 06 df 40 ad 35 50 bd 07 85 f4 a9 a6 79 f5 2b 76 c8 8d 20 27 61 ed 20 f5 0c af d6 1b e0 16 6f 95 2d 9e 5c 35 6e a3 2a 98 9e ef 96 87 ea 1e 81 0b 28 0c 8b 45 cb 24 44 5e 97 a8 4e 68 bc 47 86 d4 c9 e4 97 cf 11 a4 5e 0b 81 44 de 21 74 f8 65 92 85 72 8a 53 66 72 b8 a3 82 8e 6b d2 6d b9 10 a4 00 4b 6d 73 61 83 d3 4f 2d 16 9f 53 89 ff c3 66 b5 54 ff 6c c6 b1 8a 31 43 41 14 9b bc 31 c1 55 b9 f0 e7 f7 6d f8 0d fe 91 dd 5c 1a fd d8 2f db df a7 ca bb f8 90 0f a4 d2 b5 33 83 08 2e e3 25 3b b2 d0 66 75 8e 05 99 2e 1d 9d 4d 68 0e 43 eb f8 7e 4f 56 d6 88 87 95 32 45 4f c1 27 5d 87 1d a9 4f 75 a9 ab 22 00 3b aa f3 00 82 76 d4 8d 5b 65 ca bf 26 6c 0c 87 9d 8b 76 f7 6c 89 56 c5 25 b1 89 0b 66 ee 77 e4 02 f1 80 a7 de c5 03 5c 4d e9 08 b3 0c 61 39 b7 f2 f3 6d 99 0e 6b f1 c4 e6 d6 5d d0 5b a8 54 5b a4 cf 58 1d d4 31 60 3d e7 d8 d7 75 88 24 a2 2e 36 f4 1a cf e3 fb 35 26 c9 1d ee 02 74 d7 0d ab 98 d8 a9 0c a4 d0 6b 7f 86 09 33 36 f0 69 13 42 05 05 df 4d 06 c2 74 90 e6 58 1f bc d1 ec 74 a6 89 fa 9d 13 a7 09 63 3e cf da 5b ec 79 ad 2c 47 7a c7 e3 c5 77 d7 d1 97 56 85 ff 94 6f cf 7c bb 7c a0 5a 65 d3 a8 4c ba 26 fa e1 38 5f 6c 76 64 c1 3f 2d 0e 58 3e 65 a3 90 f8 38 f0 5d 0b 16 f7 dd ea f7 76 f4 9a cf 5b 34 e4 bc 4e 6e 2b 20 d8 a5 4b b4 62 e4 58 33 ca 19 be 41 70 4c 89 35 6f b5 70 ab ea dd 99 63 2a 5c 1d 71 a2 33 28 56 e7 19 cb c3 d3 9e 09 05 9f 5b e6 3c a7 c5 42 fd 34 aa 63 cf 46 d8 83 7f c9 f2 06 ff 14 cf 20 de a7 cb 1b 3b 70 a3 55 d7 2e d5 2f 51 9c 1d 70 ee a2 28 f0 03 c4 

Trying command e3...
Result: 
d9 fd 2c 96 64 af 6b c2 7f 0c a1 3b 75 3a c7 00 31 3b 00 5a 9d d3 df 3d c6 6f 87 d6 b8 d8 09 0c 1e c9 6f 2f 9a d3 46 4f 6e ce bb 35 1b 9a 00 94 48 16 97 7d b3 7d 2e f3 4b ea 0e 9e 88 e4 71 25 a1 12 12 ae 39 85 65 25 9e 4d fe 46 55 9d 92 e6 e9 e0 c2 40 bc 80 18 af 82 31 2a d6 bc c3 ea aa dc 8a 02 7c 05 e5 26 c2 2c 68 70 6a 0e a4 87 0d 78 53 36 d0 7f d7 88 1a 51 af 8d 8e 49 3c cc 0f 19 cc 25 26 69 dc c3 d1 83 e0 02 3b 8c 7a 86 a3 5a 21 43 ea 33 4e 8f 9d ba a8 70 79 75 ab c6 33 a6 df 39 2c 70 84 a2 c0 fd 75 36 a5 8a 58 7c dd 9e 57 98 41 c8 67 6c 07 53 20 84 ec 1c 86 40 b6 5e 17 8c 9e a2 c7 8e bb fc d3 1d b8 0a 66 cf 5f 9a 7c 58 32 34 79 f6 c6 a1 7a 12 d6 b9 7b c9 77 c3 fc 7e 52 a4 6a 4a 24 d2 35 84 19 69 1d b5 f3 f4 3b 38 80 45 3f 57 cd ad 16 1c d5 43 c4 53 4a 51 25 06 1b a8 76 c2 76 64 07 9e f8 61 64 3d db 9b ac f2 dd 74 1d a0 cf f0 8b 95 3b ef 74 f9 dc a6 cf 15 cc 88 33 40 b0 8d 9c ac 58 6c 12 58 02 62 4d 15 a3 b4 89 26 db fd a3 d7 35 7e 23 9f 3c 4a 1d c2 02 18 da 53 b4 e3 53 a1 8d df 39 58 49 32 9f 16 8a ef db ee 4c e7 2c 00 9f 45 00 41 fa 81 cd 12 c1 b6 c3 e1 e3 65 cc 51 96 85 e2 ab f4 b6 2b ae d8 40 1b 6c a4 cf b9 26 de ac 83 61 ac 3e 4a 62 31 63 5c 07 38 e7 ee 37 75 cd ab 6c 02 22 e0 07 50 05 a8 a4 2e 10 e5 81 54 d1 70 f1 6a 87 5d 87 b1 1f 05 3f c1 30 48 fb de 41 96 64 1d 78 c0 52 b9 64 01 85 d6 c9 b2 de 04 fe ea 65 48 fd 5d 43 be 88 27 c1 fa 7e c2 3c a4 75 2c 39 18 99 48 cf e9 af 6a 36 ed 4b 59 5e a5 13 37 73 61 56 69 35 bd 4f 70 26 65 e1 41 34 67 2a 67 c2 b0 f8 4a cb 1b 2f c1 ab 4a 3b 46 89 1d 95 2c 15 ff 

Trying command e4...
Result: 
da 06 2c 45 db e9 ef 12 4f d8 46 ba d1 aa e5 d0 15 80 82 7a c1 6a e7 c5 2c db db f7 ad d5 57 69 a4 c7 d7 7e e8 51 ba 9b ec e1 9f a7 c7 e1 13 dd ae 7b f2 30 b7 52 6e f4 fb b4 e4 40 3c 9a 4d 5b 7b 52 4d 34 88 e4 5b 61 01 58 04 e4 51 7f 71 c4 45 fe 1d 94 a3 31 b4 56 c4 29 6c d0 1e 8c f9 6a 89 aa 39 18 7e 29 b5 a8 45 70 4c 6b e4 35 a7 41 ef 07 bb 2a b4 46 aa ca 14 30 d4 08 36 88 93 e3 84 6a 3c df 43 ad a9 e9 d5 2f a1 7d 80 e2 c5 3a de 5e ae 43 2e a3 f8 3b b1 c6 8e 3f 99 18 c9 e6 3c 7a fa 63 6e d7 a3 39 2a fb 50 76 a3 bb 8b 37 a6 e6 91 db 4b 14 fc 80 d5 74 34 89 bc 2c 88 a5 38 3c a0 0a aa c7 c0 0a 5f 36 a6 8d 05 46 e9 9a 43 74 96 f2 63 9f af 9f 87 2d 41 3b 71 ce 42 ea 34 5e 30 d4 cb 78 9b 75 1d 28 4a f2 8f ed d1 4c db a9 f9 9e 7c 04 0e a8 39 37 db 24 cb c4 84 65 0a 07 47 fc 0c f5 6a b0 42 75 15 ca 15 0b ba 83 88 68 19 77 cd d8 5b f4 b3 72 c5 09 ea 40 98 cf cc 5a 39 27 ea 9b 8d 5b dd 56 0c 49 cf f5 b4 14 3d 4e cf 67 33 8a fc 3f e9 6e 17 15 ee bd d3 a2 b9 e6 1c 35 0a 1e c1 2f 84 87 9e 2a 00 14 e7 a7 ca 83 ba 88 7b 27 46 61 cf fc 10 42 df 99 f4 6b e4 68 78 28 d5 bc f2 57 5a 6b 02 5d 3e 62 46 33 50 9c 6a 92 38 85 76 93 ae a3 a2 a5 1d ff 07 3f ef 4e 6b 5c 00 9a ef 43 5a 89 7e 89 6a e0 dd 3d d1 72 39 6a f4 10 ef 75 ff 09 d7 d2 1c b2 e1 83 6f 39 b3 fc 6f 09 22 ab e3 67 4e d2 90 b5 4b a9 f8 e4 80 c1 ff b2 59 78 75 79 7b 0d 02 f0 f5 7f 0d 17 38 b6 38 ad 23 22 1f 7f a8 72 ac 6f 60 39 3e 78 44 17 93 dd 1d d5 ec a3 b3 4a 2c ea c9 2f f2 74 89 88 77 13 5c 26 e6 c8 a1 97 52 35 e5 96 44 de e9 a8 22 65 24 c7 94 5d 02 9c b5 ba 1b a2 

Trying command e5...
Result: 
72 b7 f6 ae b8 92 94 0d 76 99 52 c7 d7 a8 72 95 0e ad 5a 18 0f a6 c8 f3 40 34 84 2d 90 4f 6e ca ee 45 53 70 ba 22 81 70 77 32 1d fa fa 94 57 50 50 46 c3 88 63 71 2b a9 22 21 7b 38 46 c9 75 dc e0 8a ac c8 a5 e7 d3 71 da b9 ff 1a 42 6a dd e4 ba 4d 6f 38 5e 1c 1a d2 01 87 a7 fe c7 4b 41 57 d3 89 9c fb f2 20 95 21 24 02 74 30 33 04 74 9f f1 c0 a4 72 52 11 39 b5 13 18 2d 0b 7a f3 fa c9 de c9 eb 48 d1 48 7b 5b e7 a3 36 4f 86 4b ee 5a d8 44 e9 64 65 95 21 01 c3 41 07 62 df 93 3b 09 b8 f9 03 e5 48 2c 85 b4 18 7b 31 1f 4e 37 c1 97 74 2c 64 97 7b de 39 56 c9 83 bf b2 ed 49 05 ee 31 77 ac c1 b9 10 76 bb 12 1a 22 22 d0 9b 0d e5 d2 dd 60 70 5e 2c 1a 4d 11 e8 79 8b 78 06 08 ee 07 9d 1d ca 01 ef 22 b9 58 7b 62 4f b5 c7 fc dc 46 3f ef 4a 85 59 1a 1f 5d 70 d7 26 3e d8 fe 2b a5 28 f4 9a be 95 a8 dc 53 11 39 61 8f e7 69 10 11 24 fb 38 c5 97 ac 16 ae 35 7b ce b9 2d 09 48 57 c8 48 7c 4b dc 16 3a 5e 4a 2a 3f 78 63 4b f9 e3 67 33 81 2e bd c0 51 a8 c1 05 d0 9f f0 59 a2 a2 fc d6 15 70 0e 92 f9 03 5c b8 3e 84 27 46 8f bd 03 24 41 59 15 02 2f dc 2a 76 04 28 37 9e 36 2c a7 05 f9 3f 73 b9 65 d0 35 1f 03 af 79 a9 8a 61 8b 80 a1 cb a8 ab 34 77 3b eb ae 34 6a 8e 2d c2 49 51 e5 b0 e4 fb 0d 08 d9 d5 02 ee d0 bf a2 6f 74 7d 6a 2f 4c 3f 27 32 07 50 8c ec 08 6e 96 88 09 e1 68 dc d2 b6 54 14 70 23 ce 45 9f b9 90 06 bb 73 26 9b f7 ae e7 60 41 1e ba d8 cc 39 f0 02 d6 7d fa 34 f2 6c e5 a3 3c 4a 0a 7d 42 22 06 e8 d6 0f d2 72 e2 ab 3d dd 65 da 91 58 80 f7 66 06 7a 45 26 8f 64 ea 27 09 e6 64 57 de a9 98 03 4d 76 b2 69 50 ec 78 d6 f7 b9 37 b1 ff d7 e9 e6 

Trying command e6...
Result: 
bf 9a 35 60 5f cd 1c 7c f2 59 72 1e 4a f4 c2 82 d6 8a 5d c3 e8 6e d1 de 38 32 c9 4d 7b ed 6d 89 06 ce 09 ce 96 5d 76 23 36 9b 9a c2 ba b8 5d 31 84 c9 54 a7 e2 0b 2c a9 44 11 bf 8b 07 ee 3e 1a 5b b4 b6 08 a0 30 a9 f1 d2 b5 30 44 16 93 70 ab 3d 25 15 00 f1 fe ec 81 f5 28 7d 41 01 4f 8c 62 2e 11 0e 2e 2e 33 9a 8d c9 73 71 72 f6 c0 2e 5e 9f 5b fc f1 c5 f8 0b 07 0f df 9d ec 97 34 c5 23 41 e0 ef 1a fb 3c 66 02 9f e2 e9 63 02 3b 02 be 18 cf 78 20 f6 86 5a 4b 2e 81 b9 7a 34 c8 f9 21 b1 f5 ef 85 c9 cb f5 6d bb d7 f2 34 1a 25 6d 34 15 f4 4d a2 69 ec 1c 62 31 de b8 a5 d2 b4 bd 3d 0b cf f9 ed 37 0e 48 a5 9a fd 9d 07 6a 7e f0 39 fb 40 52 ba c6 3b 73 dc 9d 53 78 53 ac 04 b0 73 9c ef 20 e2 3e 29 3e 2c dc 36 14 72 77 f8 91 d7 64 ca a5 8a c3 50 b4 99 a7 2e 88 a4 4a da fc f1 50 86 41 78 7a 8a fe ff f9 4b 04 dd 0c 05 1a fb f6 a2 2b d5 bb f9 41 bf 0c 1a ed 2e 1d d3 67 8e 1a f5 bd d2 8d f9 29 20 85 c5 3b e8 85 dc fd ac e7 4f ba 55 20 a1 f8 8b ef 38 47 b3 69 7b ad b4 fd 6c 13 bd c0 e3 83 89 7c 28 a7 04 34 4a f6 16 72 e7 30 a2 f5 4d 5d 7c 81 9f 7f 33 b0 a5 c4 bf 3c 8c 4b 4c 44 17 c4 f9 b8 0a f8 d0 16 4c 9f 85 98 1c 5f 6a 4a 34 92 c4 41 b8 56 9f ba 0e 6d 32 56 2c ff 51 9a dc 01 73 e3 a1 9f 42 66 0c 7d 2f 7e 81 ec ee b6 9b cb 0d 1b c8 98 5f de 9e 7c d6 17 4a cd 7e a3 4e 8e 96 14 17 10 c1 10 eb af a4 2d 9b 6f 0c 3b 72 a9 31 2f af e3 a7 a6 ac b7 94 01 c1 05 42 f4 63 15 4e eb df 2e 9f e5 97 0d 7c 91 da 61 88 64 4e 23 7f be 7c 8f 93 c2 87 62 c0 52 c9 b5 da 2a 55 8f 65 62 51 3d 6a 8e 0d 78 47 ac 1a 64 31 28 87 13 70 b2 39 c0 c0 7e 1d e1 e6 

Trying command e7...
Result: 
7b 78 36 4e 50 cf fa 32 73 ff 48 72 6c f1 f7 76 ed 94 c4 ee 65 0e 5a f6 9c c8 87 16 b9 c7 c6 00 be c7 0d 4f 66 f1 7a 6a 35 67 8a 5e d9 fa 35 9f 63 db 14 79 bc 3f 42 97 3a f3 4c 46 2d 4d 5f a2 26 9f 80 a1 ff 7e 1f 0c c3 d5 cb 75 3a c2 a1 9a e5 36 bf aa 8e ce 6f ec ef db ab 89 90 ba 80 60 d8 a0 7b 29 a1 12 5d a4 fd 26 a9 b3 48 99 04 a5 b9 f6 c2 f9 e9 f8 73 f0 95 61 82 16 19 d3 0d fc c5 00 98 6b 22 ff 68 3c 33 75 75 f4 9e e1 22 b8 fc 64 a3 52 40 f8 6f f6 78 79 70 ae 39 df 55 77 f1 c6 b4 6e 96 88 4c 68 a1 6d 40 74 81 36 e9 d9 c1 ba a3 73 45 00 ba c6 e8 b2 e2 a2 30 56 da 4a 80 5f 11 2b 70 2c b1 f3 10 29 78 1c 48 fa 00 84 0d 51 b3 b8 a9 a0 fc 95 fd f3 e0 04 d2 86 b1 bb 8b 70 a1 ad 82 71 83 b4 35 76 a2 14 a5 df 6f c8 e6 d1 fb 07 22 1f be 59 d6 74 19 38 f6 59 49 c0 f4 23 8c a1 fc 49 23 54 1d ee cc 66 cd 9a 16 70 65 4c 48 42 27 f2 6e c2 50 91 65 32 68 1a 16 3e 7a 80 a0 39 21 fd 69 62 22 4e 42 96 2e 47 21 58 bb bb 17 a9 9a e9 85 85 e8 99 c8 40 2a e6 32 e7 7e 6e d3 5b 3d e5 d2 e0 9f 92 4c f9 08 40 ea 2b 67 97 f6 72 8c a4 fb 30 75 ef ca a4 bb b0 73 c1 a1 a3 22 83 a9 05 57 bd e4 4e af 2d c7 26 65 fe f9 71 da b8 a3 6c 1d a6 83 93 df 65 6f ec ca 24 70 f5 4a b1 2d d1 25 8d 19 dd ce 79 dd f1 5d cb 33 6c ed 4f e7 3d a1 9d 84 65 72 1c 0d 7e dd c6 da bd 35 8b d4 48 5a cc 60 ed 1b 5c f2 ca 72 58 3d de a9 84 19 98 b4 ec 13 93 c8 2d 9a c8 76 4b 65 41 50 a1 d2 1a 5c 1e 39 4c 69 9c ef a9 13 9a 10 97 95 d0 c8 cd c1 7e fe 06 15 66 84 a8 0f 39 aa 8d 19 17 88 db 67 3d 5f 2f 27 a6 00 c9 2b 0e 1d cb db a4 93 ac bc 53 7a f7 61 6a 94 e4 b8 57 

Trying command e8...
Result: 
c4 20 53 2a 2c f4 a0 0d 23 2b 90 27 96 45 31 31 7f 8b cd d8 03 5c 02 44 5c 8e ac 60 04 68 94 ac e0 dc de 17 5d 96 87 93 b4 bd 8b c2 a4 69 b2 4b 90 6e 3a 65 5d 3f cc 58 2f 9b c0 39 87 20 d6 fc 38 13 56 c6 85 91 97 90 93 27 3e 9d fc 38 37 ab 36 15 9c e1 c9 48 5f 68 23 7b 10 5f ba a5 8c a3 ce c2 a3 81 a5 b6 2a 16 39 8c 78 c8 71 73 c0 3f 0f c1 d4 be 64 07 55 6e b5 39 86 a2 d8 5e 2b 66 32 a7 74 81 b1 65 fc 4a 0c 00 8a a0 d3 a7 96 aa 1c da a7 68 58 c9 f1 ae 32 f0 bc a5 6f 99 96 2d 26 1e b3 49 f3 f7 8e ee a6 a2 f7 64 0e 43 83 48 46 f5 54 4d b2 c2 db e0 c0 60 28 99 f0 4b aa fe d3 35 37 68 23 de c1 cd 58 16 08 b8 f1 08 bb 0e 96 16 ed be 02 0b 25 76 f9 80 44 14 6d 37 48 8d dc bc 9e b4 29 b3 ed ac e5 f6 a8 21 19 ba 2c b8 a8 0e ad 2e 07 bc ff 41 4b 7f 2a 8b 5e 45 49 a2 1b a2 45 f7 0b 4e 52 0c d2 3e 4e 6c 42 d1 44 f2 ae b4 f7 db 5e ca e6 9b 1a 15 60 aa 2b fa 7d a9 d2 3e df 5a eb c0 b1 a6 26 b7 af 94 8e db 09 15 80 3f d6 5b 56 49 c6 cf 26 7d 0a ba 71 43 3e ce 73 58 a7 da c6 00 08 60 75 07 36 20 94 7b 81 50 42 6b 23 2b 84 c6 5b c6 9e a2 1a 1d a2 88 78 db 2c 95 8b 7f 7c 60 78 74 60 78 a4 e2 a6 25 31 c8 93 ac 99 73 73 8e 7a 7c b4 1d 2d 8a cf 03 af 99 29 b9 6e 93 28 4c 58 31 29 76 7a 98 7e dd 2c 9a 0a c2 3c 15 4d 58 ca 37 04 5f 1f 31 8b 76 b5 c4 41 b7 e9 38 e8 b9 6c 62 17 3b c1 8b 0e 43 40 e1 6d e8 95 ec af 8d af c6 d1 72 74 08 70 da a1 04 b9 b2 4f ee fe 3b fe 1f 47 c0 f9 34 c4 46 8c 2d 00 67 dc e6 bc 76 00 ea a3 26 4d d2 8f 4b ab 06 ee 99 68 4b 02 d1 1b 5b 58 49 55 f9 4e 25 e0 da aa 13 1e b5 ed 26 5b 92 81 b8 07 a6 d9 37 48 5d 

Trying command e9...
Result: 
ff ff ff ff ff ff ff ff ff ff ff ff ff ff ff ff ff ff ff ff ff ff ff ff ff ff ff ff ff ff f4 f4 52 63 b0 f4 8e 0f 86 9d 53 2e 2c c2 dd a0 cb 82 7e d2 10 80 a9 bc cc cd 7b 0f 5c f4 12 9d d0 8c dd bd 9c 95 e2 7d 11 18 be f1 d3 37 94 1d 0c 37 d6 7e b8 80 f2 e9 ea d5 48 6f 77 0e 9d 7b f9 7b db 3d 3f 19 71 6f dd 05 37 36 98 e0 33 35 d9 f9 52 79 33 57 2d 0c 74 54 50 d6 03 10 1b 89 4a 71 8e e0 f4 c8 e8 b8 d3 11 9e e5 59 9c 77 b2 a5 1a d3 e4 61 26 81 46 12 dc 1d e1 ba 74 6f fd 6e d8 12 c6 12 69 e6 7d 02 39 81 ba 35 35 7c 0d d8 20 8a cc 8f 39 38 1b ad ff bf 41 9e bb d3 a6 24 5e 23 3a 8f b6 66 0a eb d7 6d 23 d4 70 31 ef 92 19 20 96 46 e0 fc 32 73 f7 4b 70 75 31 85 63 68 e1 f4 8f 29 21 84 bb c1 3b 98 0b d6 d5 f6 f4 87 5d 90 e3 bf e1 ea 75 06 c5 9c 7e 18 d6 1d 6c 2f a0 c5 76 40 ad 79 22 f1 f8 cd 8c 6f 00 ad 64 67 a9 f5 df 50 01 8b d9 30 e7 81 f9 9d df 89 ee dd 97 1c 98 c6 65 c9 14 64 18 fc 8d 61 2d c7 8c b1 b9 1b 1d b1 7a 9c c5 96 de d4 6c 71 79 60 e8 35 61 b5 c5 e5 a6 d2 61 c8 fe a0 d1 ed f6 6a fe f3 ff 43 81 f8 65 f3 34 bc ef 98 5d 0c bb 7c 42 7a d6 9f 91 d1 e2 bf a3 21 d3 3f a1 1c c3 07 55 05 c0 d2 a8 20 c3 51 96 66 30 ed ba 5a d6 3a 2d 22 24 65 f2 da 26 70 71 68 78 7e 68 ec 6b 96 e5 ef 3b 11 39 b1 2c 83 05 f2 e6 af 8e 44 f5 53 63 52 d7 d3 53 6b e8 0d c6 a5 0e fa db f5 a7 98 6f 4a c5 3a 55 ec f9 3f d1 29 bb 88 64 bd 3a 16 23 e2 36 8b 70 3e c4 f7 e4 ca 92 50 9c 57 21 f9 87 06 d0 5b 02 f8 d0 f3 9c 20 47 41 74 5c c1 9b ba b8 55 a4 23 3b 74 e2 d3 8b 25 60 8b ff ed 32 87 db 19 f8 8c d8 f1 d9 4e dd b8 cb 03 61 cc 5c 4b 16 e2 

Trying command ea...
Result: 
92 0b e1 09 11 c7 b2 b7 d5 95 75 96 3e 53 26 be 5e 3f ef a3 01 21 d4 a4 ef 3b b4 a7 1f d2 15 1a b1 bd e4 8a 0f a6 6a 66 4b d5 74 48 d6 e6 02 09 81 cd 9b 8b 5d 3e 2f f4 f4 b5 5f ec 66 2b a7 62 51 35 50 41 ce 75 8f 90 18 c6 b8 b3 3f 96 6b 0d 54 06 73 c5 86 de 27 47 2c a4 00 b2 1f 47 15 8e 0d bc ea 4f 8a bd 52 cc f9 1e 4d 7f 11 f7 d8 6c a7 b5 9a 0d 0f 39 46 d5 ff a1 72 4d ca 24 02 e0 8d 2d 02 11 e5 63 05 38 05 7c 61 05 d2 98 c9 1a 95 35 c4 04 58 54 3b 69 cb 8c ac 17 2f 17 cd 0d e9 ad f9 d0 8d 5f ba 05 c4 90 91 34 91 ee 82 8c f2 88 5e a6 4b d9 e1 96 25 e2 7d f9 87 5e e3 46 c8 73 35 96 00 b5 32 de 85 25 29 c4 2b 89 fe ab 24 58 2d e0 32 c4 62 f2 5c a6 7d 33 74 7c 51 db 35 ca aa 1d cb 9b 96 a0 c7 04 fd 75 13 f1 92 b0 12 42 1a 49 08 f2 2d 47 64 83 cf 71 ec ea 2d 9c 18 29 1c 3f 2d a6 bf e6 ea 51 0e d8 02 63 84 ca 2a 6b 65 60 8c ac 98 d0 ff 6c 00 1d d7 69 12 1a 42 f8 c8 71 3d 72 0e ee 29 8f ac d9 d0 78 96 80 aa 7b 01 26 24 75 4d 7c 97 4f aa fa f4 e7 68 96 63 99 7a 9c 6f 06 00 1c 4d c6 b1 95 38 4f 30 33 2c 90 71 2d 3f 52 25 3e 64 36 56 59 b5 9c f4 23 79 74 f8 09 91 bc da 55 db ed c9 4c 39 67 79 ca 4a d8 55 56 ed 1f da 29 79 5b 4c 53 8f 4f 11 fe 95 43 5d 86 e7 12 67 75 e5 d4 7c 32 ee 9a 5e 58 e0 1c 9b 85 e4 9f 2f 71 c1 6e 67 26 ae 25 c0 4e a8 1c 01 c4 04 99 92 ed d4 e9 15 ef ee ba dc de 89 30 e2 dc af f3 82 17 db 34 26 fa 3b 1f 50 20 99 07 35 5d 70 4d f7 40 22 e0 28 d9 99 76 05 48 97 5d 19 6e b9 ee f2 3a cb 7e 69 37 91 79 ef 6d 4b 03 00 2f 83 0b 27 8a 52 01 6e fd 0b 3f 2c b1 a7 72 e2 fd cb 1f 3d 29 c3 c7 b1 6a 7a e0 be 13 

Trying command eb...
Result: 
4e a5 33 d1 0b 63 e4 ea c0 97 5a 93 66 87 e7 10 ad 01 b8 fe 03 37 13 47 a5 aa b3 96 25 2a de fd b8 5c 5f d6 04 29 5e 04 46 ab 3c ad fc 8a 75 17 8d 86 30 bf d2 d0 3b 12 ae 86 d8 7c 2c 9f 61 2a 81 16 d6 5f 8c 1a 54 22 b7 06 54 2b 8a 23 39 57 db 68 e0 72 a9 d5 75 5f 41 a8 3e be a5 5e 9e f9 aa 22 a7 0a 2c 3d d1 ad 1d bd d9 bf 68 3a ca 82 2f 45 9e 9d 6b c7 7b 4b c5 e8 71 a2 bc f8 0e 95 55 93 42 db be 22 fd f9 e8 dd b4 7b 1c 4a e7 19 ba 06 57 2f 2c ff 3a b7 d1 e5 12 6d 9a 23 b1 f6 aa 8b 4b 2d 50 c4 ad b3 cb 23 ce d2 8f 21 67 10 a3 6c b6 dc 7c df 7b 06 7c 67 5e a6 7e f6 83 5b 99 52 6f a4 bb ee 6a 36 f6 2f f5 17 ad 5f be be f8 0e 0f 49 50 f1 f3 a1 fe bd 50 e4 ef 05 92 64 b2 af 53 1e 20 b9 d4 9d f3 cc f8 7c ac ae 62 e8 a9 14 c2 1d 32 b6 d7 98 56 a4 f7 e5 f3 47 a2 41 88 88 39 94 39 77 6f 9c 2e 85 18 07 73 7f 62 0c 85 1d f8 c5 67 bc 04 b6 ef 59 90 a3 60 b6 db 1f 01 40 6a 0f 74 b1 dc 60 d1 cb d4 74 6d e8 5a 11 97 13 8e 01 c3 80 48 cd f4 13 36 6e 87 0c b2 6f cc c8 51 38 39 b1 3b 35 36 56 1f 0f 5d 11 2d 61 d4 0b b0 4e 80 89 c5 87 7d 1b d9 17 ff c3 e5 c9 e3 92 82 24 d3 ef e8 84 21 56 d9 22 a2 d8 42 c3 98 65 4d 19 35 90 13 49 72 b6 21 99 4b 38 33 a1 56 2b cc 25 7a 40 17 df 7e 4c e6 21 b8 d7 e2 5a b8 60 09 e9 4b 51 63 ec c3 b3 0e 80 82 93 e3 c1 39 50 b0 1f 4f 85 b2 a0 a8 ce 29 29 56 39 c5 7a 58 f0 3b 8e e8 7a 26 2b e2 cd 57 6e 57 35 2e b0 c9 63 95 06 31 82 e8 62 b1 7c d1 36 dd a1 05 4a 29 7e 6e 7b 8f a8 c0 39 e9 e7 80 e9 03 82 3c f6 e0 17 00 cd 0a 48 aa 36 f7 4b 15 66 2a d6 e2 e7 e0 c4 81 6f 20 84 cc 16 86 15 92 3a 3d 21 61 4f 

Trying command ec...
Result: 
11 51 33 67 0b fa f8 4f 99 08 30 7a 29 fa b1 2a 92 75 17 5a 24 ae b9 8e 87 9c 07 6c 74 dc dd 7c a5 11 af a7 6e f2 32 3c bb c2 bf 8e 38 71 01 41 e6 e6 e7 09 17 2a cb 16 a7 fa dc 72 78 e4 ca 03 82 50 b5 20 f8 fa 0b 46 20 f6 2c 94 a2 00 02 2d 69 47 96 65 89 de 1c 4e 8d 14 b1 49 1e b0 80 56 05 f7 11 f3 c3 53 54 a2 1e 4f f2 ed 6f f8 5e c8 14 a9 fe 6e 21 33 73 f5 70 09 17 7c 58 8b 47 8d 5d 07 36 b7 02 bf 93 17 59 27 e3 eb 7b fa 3c 88 0c 06 d6 bc e9 82 69 eb ae ba 6c d4 f7 d5 49 b6 2b b6 10 26 f5 7d c2 a6 06 22 42 97 31 8c 9f b6 32 ec 42 7b 4c 81 f2 cd 19 05 2c 67 54 4d db 32 2b c9 15 cd c7 97 27 f8 bf 30 73 f6 c8 d6 35 27 5f c6 75 42 15 58 04 95 21 ba 48 63 7b ce 4b 3f c1 17 9f 24 be a8 f8 31 fe 7c 53 bc 47 48 d3 ea 06 f1 bc 35 a7 6a 5f 0d 78 74 e7 a2 24 8f 88 22 95 e8 f7 15 2b ca 4f 89 3d 5d 13 48 96 5a 16 7f 0d 9a dd 74 8f 62 ec 36 e9 b3 92 35 05 46 89 5f 12 28 56 78 fe 8a 4b b8 95 64 64 99 df de b5 b2 ad 40 9a 48 31 a5 75 86 25 47 3c e8 b3 c6 7c ae 81 43 ed 01 80 ed ef af b6 06 62 ae a7 37 7c 23 87 df cb 12 b5 c2 45 c8 85 c0 31 b1 e2 ad 7e 57 0b 36 25 3c 85 af cd 9e 9f bf a3 47 de 79 2b 5d c6 93 fa bb f3 a8 06 6a e3 d6 62 01 e9 a0 71 a2 bf f4 ed 5f e9 aa 7f 13 45 5d a4 9a 83 d5 09 6b 62 9c a3 c0 30 a3 61 07 d4 8b 40 0f de 7a 51 8b 7f bd e9 ba 64 0f 69 a1 94 f8 de 97 18 19 50 85 8d 0a 40 d6 a6 9a b9 46 12 57 88 e6 3d f5 89 ba 9a 23 90 b5 89 10 10 95 ed fb e5 9f 41 17 7b 1c f9 ec 8d 0a 1e 8b 4c 79 87 e2 1b 33 4c 17 2a c0 23 b8 36 c7 a4 fe f6 82 68 90 7c e4 75 1b f9 e1 f0 bd 57 78 e2 90 68 10 3f a4 b6 ec 1f 09 b5 dc 

Trying command ed...
Result: 
d3 41 dc c8 16 57 31 ff be 59 2b 54 08 9f 06 c2 d4 43 8e 48 30 6e c0 be de 62 16 ae 65 e5 db 60 aa c7 60 2c df 5b ea bb fc eb ab b5 07 39 7e ba 31 63 ca 54 52 33 fa ce 69 db ed c7 57 95 f0 7c ca 9b 98 27 10 a8 6b b5 09 c5 df 41 82 b8 32 09 98 33 60 a8 8c 36 7a 17 b6 3c 1f 26 04 a8 90 5f c9 6b 61 4a 01 7d 41 d4 0d 0c bc c9 1d 8b c2 12 56 83 6e d1 9f f4 fc 21 2e 41 49 7d 36 56 a6 b4 c5 a6 09 36 53 4e 9f 03 b3 06 d2 be bd 0e 19 5c 87 0f a3 5f 64 6f 6c 64 d2 ac 81 55 87 0d 10 29 e6 5e d7 44 78 8b 00 08 35 fb 17 10 01 82 68 9c a0 45 7d 22 ac e7 f7 3e 7c bf 8e 65 1b 2c d9 9c 52 cd 32 ff 5a 33 31 19 a6 1b a5 59 42 3d f2 cb 1e c9 df cf 94 0b 08 46 12 37 80 54 69 29 58 86 20 1b 2a d6 a6 f8 e4 07 c3 c9 31 bf cb 89 69 2d 7c 7c 53 ee b9 86 38 a1 df 30 c3 71 55 1f de 5d 8c 5e 87 a5 66 de 4f 8b 95 fb f3 73 28 ad 13 df d5 28 98 3d 45 5c c3 90 2d fa 6a 96 11 25 b2 00 5d 53 74 46 8a 31 b3 b1 06 0b 45 6a 18 56 91 8b 24 11 50 8f bc f4 25 63 d7 d6 d8 6b cc ce 4f cc cd 02 cc a2 d1 eb 89 81 84 2c df 5a 84 1d 1d 8c 72 05 f0 43 54 c2 1a 0e 99 d6 8c a6 5a 58 1f 20 05 0c 86 5e 6d 53 a5 94 fa a1 f2 a1 aa 57 e5 0f 4e c1 d9 2c 0f 08 cd 35 16 61 af 64 2b aa 57 f5 cf 1a 49 1d 26 01 b1 f2 15 46 b4 c2 e8 df 4a b2 5e 24 67 b6 30 17 71 72 12 46 43 c6 eb cd 5c 1a 7b 6f 2a 7a 06 af 53 bf cf 44 94 df d0 46 77 f4 9d 04 9b 8d 9f 96 9a 52 18 fe bc 80 2b 55 a8 22 41 b7 93 70 69 e2 f2 24 01 ea 4c fe d9 2c ce 57 6f 27 e8 29 0a d6 53 b3 39 2e fa ff f0 78 83 25 df 09 c2 95 98 8d 95 59 02 b1 0f 18 be ee e3 b6 43 4b 3c b5 74 4f 76 a5 0f 38 67 72 a6 eb 3c 31 

Trying command ee...
Result: 
da fc d3 f0 30 78 8f 52 a4 a7 47 dc f6 51 26 e1 2f 69 65 a8 c8 03 00 31 8c be a9 c7 0a 99 9b 01 ea 2f ed cd 10 90 51 ab de 89 e5 6f 3e a8 e9 1b ff fc 7e aa d0 07 d7 8a 80 23 1d e4 2b 3d 92 2c 44 8e dd 56 d6 37 df 98 d6 99 df ac 05 04 75 79 d8 f1 4f ab dc 15 38 90 7b c3 33 48 7d ff 9c 54 3a cf 58 e0 82 65 5f 09 f3 48 a0 bc bb e6 63 1c e1 02 9b bc 87 b2 84 a4 80 f4 a7 9d 13 6e be 01 e1 89 d8 54 78 64 e0 9c 6e 70 88 b7 88 7e b0 7b 3f 04 d7 ed b4 e3 32 ce 87 e3 34 11 9e 09 0b 4c d3 d0 67 19 6a 50 90 e6 53 e6 9f 4d b1 d6 b7 f0 4c 3e 73 52 b6 15 9f d9 42 6a fb 3a 01 c7 f2 f0 ee 76 fb 98 67 12 bc d6 47 7d 60 16 c8 68 2c c0 5c 80 29 f4 ae 7d de a3 18 3a 81 f6 12 23 db ee 61 40 2f d2 b9 8f f7 25 f2 be cb b0 db 58 84 28 6b 46 6d f1 01 ef 27 e5 f4 4f 09 78 9e 3f 2f c5 2e c6 55 7d bc 33 40 d3 3a e1 5a 17 2e 48 ed dc 4e 32 4b 93 50 91 b2 d8 88 ad d1 20 5e 45 eb ec 16 6a d3 f5 90 6a 36 93 cd 51 f9 41 4a cf 26 ec 07 c3 a3 b0 8b bd b2 bf 56 87 42 97 b6 f8 b4 bb a7 9f 76 9a 5c e3 d0 ff 62 6e f7 4a bc 73 04 03 2e 0f db 79 b0 cd 97 22 08 91 4e ce bf 27 d8 84 c8 14 fe 37 1b c2 65 bc 00 73 1b 63 9b 81 2c fb b0 ed f1 8e fa 2f f5 a2 ec da 4b d6 c0 04 94 16 d9 de dc ef 6c 13 2c 0d 3c 65 a5 df 46 71 4f 49 52 43 77 7a 31 27 2d 0e f3 eb 2c e5 6c 67 2d 17 f9 ba 60 36 0c db 78 c1 83 a0 5f d9 43 e0 52 77 70 3b 41 6a 19 16 de 6e 18 6b 00 e6 4c 3c 95 08 22 47 15 8c d5 1f ea a7 f3 04 b6 b8 13 14 ca 51 d5 61 bf 21 d2 49 45 75 31 52 32 10 14 ef 5d 39 57 47 ed 30 02 b4 11 e7 b5 cc 00 5d c5 70 3a ee af a5 99 c9 8c 44 05 d0 dd ee 36 71 ad 39 7c e9 

Trying command ef...
Result: 
46 f2 10 11 44 26 73 46 72 a4 24 22 36 93 92 af 33 19 1e 65 f9 65 1c 4c 65 81 8e 61 7f 5e 84 32 3a c5 62 1d f6 5d 3f fc e7 d7 24 8f 9a 0e 93 3d 87 83 4c 6d 07 67 55 f8 b3 a5 62 3d 27 a4 ec af f2 59 d2 be df 91 bf be ed 52 87 79 7f e4 55 9e f3 f1 76 1b d2 aa c8 44 6d 75 f9 99 01 83 ce 6e 15 f8 a5 18 99 d1 e1 73 c8 b5 f2 07 00 c9 c6 ad 4e fb 73 d6 af df 57 bd 41 d1 de 2f c1 6c 01 59 ec 42 0e d2 92 2e 17 25 3d 24 75 8d ec c0 3d 15 23 cb f8 ed e5 45 4a f8 31 8e 72 a3 f8 81 8f 35 5f a4 2a 21 4f 07 19 c5 d5 d9 b8 4f 99 16 03 a9 f9 74 3b 6d cc c3 a6 53 15 06 ce 26 d4 de 0e 04 6f 64 19 c6 05 76 c4 bc 96 29 66 a2 91 da 7f ca 04 14 d5 f1 bf 1f 19 3f 81 67 06 10 bb 83 9f fb ec 28 11 50 cf 13 ca 67 90 be 3d 55 fd c8 42 bf 1d 14 67 c3 af e4 93 50 0b 8f f4 79 af a7 05 13 01 58 6b a3 8f 21 ee aa f6 45 7c 9c 29 7e 84 62 29 7f 4b 12 f4 05 e8 22 05 dc 88 cc cb 3a 39 dc 57 e4 16 a0 6a 6f 9a e1 62 4f 68 4f 91 1a f9 00 1a 26 14 8a c4 21 f3 e5 f5 e7 1b c4 cf 5d 26 71 b2 34 22 f0 73 89 c4 be 52 fd f8 15 35 76 df 2e 72 94 50 ff ba 37 12 fc 2f ab 67 dd 6c 22 a6 0c 27 5e ae a8 30 34 a8 c7 3e 9c b8 09 f5 b6 8f 8c 26 0d c2 13 da 11 7d 88 8a 84 30 fd 9b 1e 03 57 59 67 8a 0e 7b 9d f0 82 8b de d1 8b 84 e2 c2 cb 7f ea 2a 48 36 6f 7f 4d 93 10 51 d3 ed cc 4f d0 f9 c8 bd b0 49 81 28 98 44 56 c8 c0 cf 28 c7 18 c2 e9 d6 a8 48 28 90 30 fc 59 ce 9a 8e 80 60 8b f8 a7 97 5a 9d 36 32 0d ed ee 46 01 49 85 40 c3 3d f8 ff 8e 07 5f 27 d4 dd fb 71 77 ba 2c 43 e3 c4 91 7a a6 fa f3 19 3c d4 ea 4d 47 fd 63 c9 b5 15 a7 68 75 6c 3d 33 aa 8e b7 e2 a3 ae a8 d1 13 

Trying command f0...
Result: 
4c 8d 2b cb 64 fa 73 a1 2c 9c 6f 18 23 94 4c 7a fc b5 43 8b bf 8a 53 9e a0 8b ad 78 3f d1 d5 95 b5 69 7f ee 68 50 00 96 9e 3f b6 12 5d aa 95 93 ca 67 ef 5c e1 b7 b4 28 ae 4c fc 56 00 42 03 60 b5 08 d5 76 d1 7e 33 68 c1 21 6b cf 8a 3f 85 0d 32 c4 b7 6a 59 f6 17 8e 67 4f 97 11 38 70 b9 1b 3e b5 ef 30 98 0b f4 55 1e a8 73 6f 03 86 bc 00 e6 d3 e5 41 63 9f c3 0e b2 ad 7a 3f 88 20 9a 0d 37 79 ef 1b ac 82 55 1c 01 bb 97 24 6e 7c 2e 1a 37 70 41 5e b2 d9 7e bf 5e 31 dd 1d 61 9b 1e 66 39 02 8a ed c9 a7 95 42 c2 ad 52 4b 9f 41 7f 5b 19 56 e0 cc 72 7a 69 e3 c6 72 8b d6 31 9f 2b 15 f4 44 67 58 2a c8 53 23 af 70 2c 43 d9 21 d3 8d cf 6d f1 06 3c ba 71 7e 39 f1 67 ab 4b 1d 67 6f f1 59 d1 6a 3f 91 d2 d1 fe 70 e4 4c 8b 49 1c 1c 5e 34 9c ad d9 71 b1 5d e6 4d 25 1d f0 c1 32 10 fd 62 3e c4 f2 17 d5 31 37 f2 c0 2c 5e 26 1c d2 65 0a 53 0b a8 98 1b 94 6a c0 c0 90 c2 a3 41 50 6c db a1 e0 bd 6c ec 6e ab 52 d3 20 76 83 0f 76 06 ad 5c 5c d2 f8 db dd 9d 21 d8 e4 ac f7 74 ef 65 93 7e b0 5f e6 08 f4 43 82 4d 21 a8 8c 89 8d 67 1e da 0e 4d d0 4a a1 be d3 8b d0 9b 26 58 37 e0 57 52 ed 49 67 8f d2 cc c2 ee 3d 66 a0 ec c4 84 b4 2e 1c 52 12 b3 1c 43 9a a8 b2 4f 7e e5 5e 48 99 4e 69 04 60 8b 7f d8 a6 7e ca b5 16 f7 f1 9b 39 5e a9 d1 ef 6e 13 ae 73 a2 b0 1c 49 3f 71 0a 5b 18 8f 1a 58 fc c2 16 9d a3 a0 a4 35 5b 28 0e d1 01 ac c3 1a 86 88 63 16 9f 28 73 80 01 48 e3 67 d2 02 57 50 7e d9 a7 eb d6 db dc df 12 49 69 2e 85 ab eb cd a4 ca 84 08 f8 6a aa 1d 9c 37 22 6b 9c 67 50 1d 82 6d 55 75 af 7a 74 72 5d f0 10 7d cc c8 77 6e 64 ff b7 0c d0 dc 3d b6 71 69 

Trying command f1...
Result: 
c4 28 ba 79 44 3f b3 16 27 b7 3b 6b 42 cc 79 8f b7 89 f5 3d 0a 8e 96 dc 0f 09 35 e2 97 5a 86 42 7a dd d6 af bb b2 24 f8 c1 2c d0 3f cf c1 11 8a b7 b0 cc 99 cb 59 b7 ea a5 c8 bf 94 77 bb 3c a0 d4 0f 72 8d 51 78 06 81 2e a0 1e 34 0b 7c 9f 96 d8 7f d6 1e 85 9d 19 02 53 8c b6 d4 ce cd 36 41 d5 99 9d bd ce ec 32 2c 47 97 4a 74 d8 8e bd ed 9e 3d b1 af 20 61 67 80 4c ab 51 26 7a ef 1f 8e cb be 50 70 ca 66 5e 47 3f 30 4c e2 64 d2 f7 d5 e3 58 ed c5 30 96 75 64 91 d7 3c 17 4c 17 96 cd 6e 5e 89 ec 9d c6 29 8e 32 ab 54 05 bd 15 4e 82 82 96 37 a4 71 f1 25 e2 37 3c f7 cf 08 75 c2 3a 55 0d d9 2b 7e 49 ed 24 1d c3 ca 79 d1 14 84 f4 b5 f0 b2 5b 5a 4c 83 55 9d 11 90 09 5a 12 15 89 83 31 82 c2 83 90 04 c3 42 81 64 02 8c d6 0e 2c 3e 9e 4a 22 ee ae ba 7b b3 8e 64 af 74 8c a1 dd 0e d8 4e 84 0b eb 56 8e a6 f7 d4 a4 46 4e 9d 62 c9 bc 37 29 35 c7 a3 47 49 e9 81 ae ac bf 3d ba 71 0e cc b7 ef 8e 32 35 ee 78 bf 70 34 ca df 17 cb a5 ef 13 ed eb f1 33 5b c9 ca ef aa c6 cb 0c f9 b9 93 e3 25 da 2d 71 94 11 db 9e 53 c2 1d 3c 4d 53 35 57 20 55 fe 43 60 1d 85 35 29 a7 30 ea 58 a1 7b 28 ac e9 27 1b 63 f5 de f1 62 d6 92 64 6a df 7a 4f 21 64 d0 f0 d1 a9 28 8e b2 5d cc 43 55 41 2c db 2a 0f c9 d7 db 30 02 c7 7b 89 b5 be 61 ab c0 68 02 7f 2d 97 09 07 53 f2 b3 80 0d 02 68 b3 0d 62 96 c7 f3 77 b3 18 34 a4 00 0f 8d 8f 95 3a b9 d0 5c 23 24 31 9b 1d 1e 24 04 24 21 94 35 15 e4 b0 06 6e 5d 52 80 23 19 85 a7 3e 53 a5 5d e5 e2 2d bb 1f 32 34 2c 80 a7 63 c7 f9 54 6f 66 5f f5 fc 73 5c 10 35 09 86 34 cc 33 a3 8b b6 af 3a d8 26 2f eb 25 62 64 cb 72 65 a5 9e d6 bc 

Trying command f2...
Result: 
ec 4e c2 d0 9c ba a1 98 d7 f9 89 c0 38 c2 a4 46 8b 89 36 bd 1c a3 d7 cb 7f 78 1a a7 0d 2c 01 2f c9 d4 8a fa e7 33 6b 38 47 8e 8b 26 82 86 04 59 69 b2 d3 b4 b2 6f 3a b2 ca eb 62 ef 52 2a 9c 75 33 b5 43 fc 43 38 7a d0 51 a6 8a e5 70 54 04 41 bb 0d e5 26 34 c6 49 8a e0 c4 7c 82 f0 98 1a 55 f7 6f 79 e7 1c 09 91 be 58 aa d4 63 42 3e 9b 71 a3 ae 13 7c 69 7a a8 a4 2f 17 09 9c b5 9e ff e5 32 c5 53 c5 7a 49 df 1c c7 0b 7a 71 67 4d 25 de aa 48 f1 51 e0 24 4f 15 da 0a 56 1b 99 cd 82 0f 6e 8e cd b0 9c 68 19 65 48 05 e1 c6 82 f5 d5 94 25 04 55 d8 ab 0f c4 22 00 f7 65 a8 ff b5 65 d3 00 a3 54 a2 de b4 1c e7 2b 37 bb 08 c8 3a ef cf cb 82 8e 74 2b 38 bf a3 a0 1e 87 3b 51 bf da e5 8d 27 46 cc f6 0e 2a 1c 4f ff 28 c6 7c 9a 86 e8 bc 31 f4 08 5f a8 23 66 6d 8c f2 9e 2d 97 49 87 d3 ee 73 7d 7a db 4a 3a 15 98 e2 f9 f3 ef 27 92 65 3f a5 4e 68 15 d0 73 f4 b8 48 6e 69 e3 c0 f2 e0 88 e7 07 0e 16 12 e9 86 c7 f5 25 48 70 bb 33 14 9d cb 6a ef ee 7a 87 4d 8a 64 18 01 76 91 19 f6 8c a5 91 1b 19 2c 08 87 4c 6d 3f f8 0a 9c 71 7f 6c 1c 89 1c 0f c9 e2 f9 55 47 d3 e5 ca 1c 03 02 e7 2b 69 83 24 94 04 a9 7b b8 54 ce 37 48 2f fc 47 2f d5 62 04 92 20 ff 3d ba 48 a3 cd 79 e5 f2 44 d7 ee cf 27 61 43 41 1b 12 98 5c 83 ba d0 07 c4 6a bf 35 97 5b 06 79 28 77 4c ea 61 94 bd cd 10 bd b7 cd ba 21 82 36 9c e5 83 16 a3 84 02 02 ee 01 6f a5 a5 fb b8 26 ee 08 85 f8 44 46 1a 79 b5 cb f8 10 c8 bc 48 7f 68 7e ab e8 48 51 1f b7 90 95 63 07 99 82 a1 82 99 6d e6 8e 8b f4 94 15 c9 e0 49 ba e0 9e 82 eb 0a c3 ff 84 07 b5 63 20 e7 12 36 fd 7b 9c f3 ea b6 3c ed e3 25 46 71 

Trying command f3...
Result: 
68 47 0a 73 a4 5d 0c c9 f5 fc 3a d0 d1 b3 0e bb 63 88 a1 2f c4 1a 1f fc fe c0 c2 6f 23 5a 69 1e 75 ec 21 b8 d4 1a 80 2d f8 a4 77 18 7d a5 92 b1 4f c1 21 c0 76 a7 67 1e 91 a0 dd df 4f 02 48 37 f1 26 56 a8 e0 7a a4 38 42 a7 9c a9 6a f3 21 73 65 44 56 61 45 55 9a 43 67 67 0e 09 cf e7 ca 4d 97 80 d6 e9 b0 df 72 87 0e 55 65 99 83 46 e8 df af 9a 2a c4 e5 07 cd 98 96 f7 ae a1 c6 ff b9 33 ed 76 88 49 19 26 43 89 99 3a 34 d6 00 ce 0f 51 d8 31 f9 44 d5 0f f6 22 da ec 21 18 17 12 6b c2 91 b3 ce bd d0 a5 10 47 dc 0d 3f f2 8a 0f 7e 2b 55 85 d5 c6 0b 66 ed ab b9 09 a0 8c c6 20 a8 d0 d2 cf e0 ba ab 71 a2 f8 8f 84 06 fa 5e 5d 54 4a e3 3c b9 8e 1e 18 08 bf a0 85 b5 5f 4d c5 14 7a 87 b2 8c f1 5f 8f 5c 85 ff 1d 88 4d 9d 78 70 47 e2 e6 11 75 ce 1c f8 da 81 eb cb 69 e4 1a 0b 44 ce cb ee 8a b4 6a 9b 7e 73 5b d4 ab c7 91 4e 7d 10 85 38 56 0d 5f 26 78 cd f1 01 6a e5 ed cd cf 9c d8 71 1c 97 12 00 f8 a8 f5 ab f9 2d d7 e7 47 06 c4 11 f9 77 c0 55 49 26 a9 fc d9 0e de ae 18 ce 4d 0f a7 00 03 7b e6 e0 91 ff a9 97 56 3e ed e1 8c df 38 e0 fe c0 2a 07 9c 63 54 71 6c 42 27 9d f8 67 8c 19 c5 80 dc 3b cd a5 7d c3 c4 6a 71 f0 50 02 9f fd 0f a0 1c bf 8b 60 34 6a 9d 29 a8 2f 2f 27 9a 65 0b 6e d5 5a 0d d2 c9 7e 77 8b 1f da 9e 88 43 10 ee f2 ca ff 07 f8 80 d3 f5 48 e0 0f e8 76 37 f7 c6 76 93 d9 d0 b5 ba 97 00 83 bd c2 f7 ba ef 8b 10 31 e4 d4 fd e4 93 e4 a6 49 1c cd db 45 6f 98 35 da 53 6f 40 95 0b 3b d0 1a 93 02 83 04 66 0d a4 84 61 0e 3c 61 b2 66 e8 ac 2f d0 bf 93 3b 8d 93 b9 37 50 97 32 1d c5 08 21 cc 09 6e 3f a2 1d 6f 66 dc 80 05 dc c7 6c 6a 47 85 

Trying command f4...
Result: 
dd 7f f5 fe b8 ed 9c 08 54 29 62 9b 7b 80 32 71 97 11 e3 fc 49 a9 13 ca 80 b4 1c d2 44 13 8f 64 d2 55 7d 2e a2 99 8a 8e bb af 22 af ab 85 e0 e2 23 47 6e 2a 62 02 ad 99 24 91 42 7e 6c 68 76 94 5f 7e 9e fd 89 43 70 0a 2f 26 0e d5 69 85 0d 4e d7 cc 01 ed 0c 05 7b c8 bd 0d 12 d3 c4 1f 30 36 c0 8b 06 60 36 7f e1 a5 c2 bd 03 2f 98 f0 7b 3b 4e df 61 8e 01 6b 59 ee a2 1d ce 20 85 80 b1 0c 88 de b5 ab d8 16 82 28 2e ec 18 38 0f 22 84 a7 06 59 04 8d 71 4d 6c bc a3 1e c4 7f f5 0c 9a 51 5e 3a da 8a 82 25 df f1 d9 79 f0 64 48 e3 92 fb e7 75 b2 97 1f 6b 9f f0 ff 04 d4 d2 ef 52 dc 67 9e 18 93 c3 be 5b d8 72 1c fd 90 fc e3 0e c7 0a 8a 92 42 c0 c9 d0 3b 76 26 5e 81 ef f4 7f 0a ab c5 b5 43 2d cd 2e 15 ea ca 7f 48 40 48 8a f9 9c 28 43 c8 a7 cd a8 c3 65 f4 34 af 17 47 bb 6b 8a 52 f8 f9 50 0f 74 57 2d 55 6a 76 ef e2 ab be dc ae fb b6 13 f4 fb 0e 3d 57 b7 0f 74 d7 cc 7b 68 d3 3f 02 42 4e a6 da 7c bd eb 65 a0 59 3b e0 df ea a7 ce 1a 23 54 1a 63 e7 a3 f9 4a 0e 6a 2f c3 50 3f 47 82 ac d6 bb 95 b7 8f ab 2a 95 9d cc 01 39 7f 66 65 36 c9 e5 87 3a 87 4c 96 96 f7 fe f9 d7 b5 51 35 e5 db 4b 92 c4 36 16 1c 15 f9 e9 17 29 17 26 96 d1 89 2e b9 e1 83 c7 f6 9f e5 c0 f3 ef 87 9a 61 6c 8d 3c 5e 69 28 68 18 ef b9 3d a3 c6 9a 14 32 ed 82 90 65 ac 2b d7 7f 23 8b 75 d7 59 a6 aa 90 f9 c1 e3 17 1e e3 d7 5d db e5 93 9b 12 93 ac 43 9d dc e5 30 2d be 66 f9 ec ab 5e 56 cf ab b1 fd a1 15 f8 c2 85 18 ab 72 70 09 9d 53 00 0d db ec 49 b4 0a 8a a6 09 5c fe 43 48 72 60 7c 8b 78 b0 68 11 9a 0a 97 46 31 22 c1 70 7f 18 9e dd 17 85 20 83 d8 c7 d4 9a 3e a8 a4 bc f5 2a 

Trying command f5...
Result: 
d2 2c 52 ad d1 8f ea 12 6c 80 67 6c f3 a4 64 02 d2 b5 6b 15 fd a1 d8 cd 61 0b 7a 3b ee 86 34 b7 b4 a7 d3 1c 33 be 44 38 ae 4a f4 f3 81 51 47 94 0d 29 a1 e8 9d f9 f0 4e 8c 7a 40 88 a3 d6 56 f8 8c 0c 8a 66 fb f2 83 7a e8 44 42 d0 f8 8c 9e ae 0c a8 a8 af cb 11 d4 9d 24 46 5b 79 d8 2d 62 33 23 40 fb c2 b5 b7 05 b8 d9 41 e3 cc fd 1e bb 01 95 bc e5 2f 72 d9 a0 ac e8 7a 7c 69 31 49 45 f2 e7 0a 3d 82 f9 67 2a 83 cd c6 61 ae 56 7e e8 d7 28 26 72 41 b6 03 e2 84 9f 99 a5 bd 51 fb c7 29 6f 6b 50 bf c3 04 79 e5 ea f9 91 40 fe dc 57 7d f6 fb ff 21 15 1a 09 43 2c 46 c1 6d bf fa c1 3f 25 bf b1 cd 90 bc 79 f1 ab c5 c1 ee 66 46 b4 0d ef 6e aa 29 d1 c0 a0 7a 09 f8 4c f5 29 81 59 28 43 e8 ff 3a 54 28 e5 00 7b ef e4 1e 5e 89 30 86 9c f7 b2 0f 93 5c 2e a4 f2 cc 10 e3 6b 20 a1 68 99 9d a5 d6 44 c8 36 85 f0 8a a4 00 59 04 ac 65 dd cd 6c 12 cc e0 68 fd c8 2c ca 01 43 fd 5f b4 21 56 51 16 1e 54 9b bf 74 7f 1a 6e 5f 47 07 f8 df 7c 54 ae b4 3c ee 0a 1d 72 f3 17 13 5a f5 89 70 b0 c7 f6 5d 1c 23 ff 8e 26 bc d0 9a cd be 17 f8 bb a2 62 b2 3d 5c 37 e4 50 e7 fa eb 35 d4 96 70 2d bc 70 98 c3 89 96 27 10 ba 17 60 96 80 eb 07 19 42 c3 b5 25 1f 26 ec ab ea 91 4e b5 91 5b e2 ff 4c 0e b0 d3 5e 2c ef 07 2c 6d e4 4d 64 9b 8c cf 46 7c fd 33 a0 a2 97 10 2b bd 8f c7 dd 69 52 24 b3 a7 af 81 92 ed 55 ba 0f 5e ed 11 82 08 a7 dd 1c 30 e1 49 27 b6 4c 5a fe 7a 4a 60 ab 88 88 bb eb 74 67 56 91 a5 c7 43 17 5a d3 bc 0c fb 34 d0 35 96 51 e9 c9 eb 24 f4 29 d0 42 ff b3 8a 4a fa 60 94 d3 ac 32 60 16 3e f2 b9 e7 93 ef 21 5a 47 0e 6d b1 bc d9 fa 6a 6c 41 4b 77 1b 1a 9b 

Trying command f6...
Result: 
b8 e3 57 87 4c 0e 72 f0 fe 27 27 db be dc 15 1e 65 aa 13 64 bd f7 37 51 85 37 4b 52 e9 46 a3 be ba 21 4e 34 59 42 82 70 9d b3 12 5c a2 e0 c6 42 27 ec 48 ce 15 19 44 16 e9 35 c1 c8 bd 81 2b 52 39 7f b3 a9 3c d3 20 3f d2 6f e4 17 8c f4 a8 aa 3f a3 98 6e 50 66 e8 19 2b da 11 6b 93 a8 e5 77 b1 5e 85 24 60 30 aa de f7 83 a6 a9 56 ea bb d1 f0 34 63 c5 d9 7c dc 64 2a 3d 8a 5c fa 57 fe a2 39 b3 3a b7 dd f6 8d 96 03 77 b7 99 13 38 73 5f 40 a7 a6 a3 ae 25 1c d9 95 84 75 82 e7 83 cd 23 a7 72 87 af fa ba c5 f8 3b bb 24 3c 33 ff d6 3e 74 68 36 31 d3 7c 6b a3 1c ce 10 34 bb 72 f9 af e3 be 51 27 97 42 d4 3d 9d 3c 1c b7 e9 8b 46 ed 89 b6 7e 12 5e e9 05 a1 1e e2 a8 d0 05 ae f8 c9 bb 9c 73 76 5d 16 82 f3 9d 81 ed 24 88 7a 39 1c bb 53 b5 cf 07 d6 f3 53 40 7b 72 b1 7c f6 01 03 fd 2b db d7 16 6e d3 f0 7f 9f 91 39 fa 9f 4a b7 a1 43 85 a3 63 d0 f5 6a fd c9 bc 9f 7d 94 2e 48 80 be 00 8c c9 f0 7e c4 de d4 60 ff e6 82 26 73 7e 15 5a c0 b0 c3 2b cb 0c 6e 83 04 3e 72 26 e5 9b a0 cb c7 fe d0 4c 69 70 1e 37 bf aa 74 0c a2 2f 0f 83 86 8e 99 d3 5f 99 96 0b 4a 43 56 7c 86 4a 2b 93 38 12 b3 2c 3e a6 0a d3 41 8b 55 6c 35 98 3d 2f 37 d8 68 8d fd f3 b1 4e d1 56 ec 14 0a 3d 68 d1 cc 33 c9 e9 4d e2 ab cc 91 97 ee 7d 57 51 c4 cf 35 95 9e 25 77 d0 7c be 68 79 9a 81 c5 5b 22 50 64 89 11 e5 ad 63 15 6b af 25 d0 da a4 90 67 dd e1 dd d8 8e a6 50 52 7c 8d ad a6 03 d5 8f ac 89 33 3d e2 24 36 ed c2 b8 19 dd 1a b5 ab 29 9f d4 82 d2 a1 b8 39 06 f7 cb 2e 35 35 55 cb b6 51 e0 58 4c aa 84 12 c4 31 4e 88 f1 87 b7 42 3c cd a7 b3 01 ff e7 df 9f f9 81 f8 e7 18 5d 0c 

Trying command f7...
Result: 
fc ee 5e 03 b2 7c 59 95 1f 3c fd 8e a1 2a 4e 38 c1 21 86 d2 e9 56 5f 79 82 92 2b 88 cf 17 2c fb e6 95 d5 a2 cd cf 2c dd 9a b6 ee 0f cf d2 71 82 d7 5d 34 32 0b 8e 4f 88 8b b7 07 bc 6a a6 01 0e c3 f4 da a7 b5 8f 8f c3 23 52 b8 45 63 02 4b a7 68 88 53 c7 02 5d 0d 5d b0 c3 3d 02 eb 89 d2 77 e2 c6 2b 4a 94 6b 40 fd 8d 67 87 10 0d a0 15 e4 5d 43 ea 27 12 d4 02 c9 8e d5 ba 1b 3d d3 ed 7d f9 5c 79 42 e9 27 84 c3 64 f3 2c 04 18 ec 34 26 75 f3 9c 43 8c 6e ad 3d 45 05 24 0f f2 71 cd aa 75 25 ff 20 23 87 98 b3 81 7d 6c c0 be 34 34 83 f9 f7 c0 84 0e 14 98 36 a0 08 f4 cc 84 14 3f 30 97 05 89 fe ea 47 65 93 2b ea 80 e9 dd a8 30 fd 0e ca d9 c4 9b 35 4a 34 63 c8 3f 7c 68 24 75 cc 0a 46 11 7e c6 19 96 30 36 38 7e 85 07 77 d0 07 1e 52 93 49 c0 71 cb e3 b9 23 8f 8f 79 d6 98 0e db b1 bf 84 2c 01 8d 99 bf ff 7c c4 8d ee 78 a8 e3 d8 79 d5 98 ed 37 6d ac ad 59 36 d8 fa 75 a9 c3 3f da d6 a6 2c c3 73 71 f4 8c 07 33 f6 47 51 49 2c 1f 98 61 77 c6 3f 74 a8 db 7d e0 67 ce 2d fa d7 e9 c7 bc a9 93 9c b7 0a 91 c2 e2 fd 1f 27 42 58 fb da 5e 63 0c a1 ae 34 37 ed 19 77 07 17 06 55 9c c1 ed 82 3f c4 05 0b 10 25 74 e5 40 86 2c ed 9b b2 59 c7 06 d1 7f 1d a8 f1 43 09 22 ca 3b 3e 53 d3 1f 90 a9 20 b0 0a 1e 8a 2f f2 f5 51 ea b0 28 62 d4 d8 a5 8b a9 ed ab 03 93 a6 d4 7c f6 63 38 3f e7 c3 e2 e0 05 8e 60 d1 c5 7c 7c 1b 7c 36 b3 3d c5 a2 ce be 24 ac dc 6d 52 d2 21 1b c9 4a 89 c1 5f 63 bc f2 d9 d7 69 79 fc 69 e6 50 3a 90 c3 56 87 9c f0 db 25 aa 64 65 e6 87 61 1f cf 43 60 1b 90 4a d8 f3 1c ba 16 f0 a2 cf 8a 86 20 02 71 85 2d 2d 21 d8 94 de 45 05 43 c1 af 7c 

Trying command f8...
Result: 
53 c4 49 cc 16 1f 64 00 b2 31 d5 2c da ee 3d 0f da e7 49 fd d3 65 f6 f7 6e 4a 9b 02 f3 c6 96 a7 fc 1c 42 84 93 6f c8 93 82 b7 b8 b5 c8 a1 70 a4 64 71 d3 dc 2c ce 1b f0 ce be 2b 07 61 a4 ad c3 cb d4 c7 e7 53 0e ef 24 52 1d 8e c3 c5 33 53 02 cb b8 fe 99 bf 63 c7 6d 58 fe 47 d9 ec 89 b2 b7 17 6c c5 17 49 80 83 2c 74 94 be 7e 21 22 4e b2 a9 08 9f b5 f8 fa 0b 31 a9 f5 a3 3b 45 2f ed e0 c9 15 5c 03 5b 01 b5 5b ed a2 8b 59 e5 0f 9c 7a 1c 99 e3 31 52 da 2c 85 26 96 f8 03 3e 98 fd f3 58 6d a9 66 f4 fb ad bd 6c 08 2e f8 69 14 6c 53 dc 74 e2 80 89 3b 53 a5 5b a1 73 89 f4 ef 0a 1c b8 b7 7d ee b6 36 11 f5 d3 54 3d 7a fb 12 57 ee 9d af 86 d7 5a b5 2a 3e a0 21 8d c7 ec 83 2c 92 a7 87 ae 9a 53 d8 34 32 ab fd ed 5f f4 2b d5 68 01 c8 6e 7e 62 36 6b ad d0 82 99 6b bf 73 3f 35 54 0c fe 8a 30 90 47 38 96 dd ac 0b fe 4e 8d 5b 25 af 91 0f 83 c6 78 fd 02 89 1c bc 14 73 c4 4f b1 a5 ee 02 7d b5 41 f7 b8 4d d6 e1 fe a3 ee 86 4d 60 4d 53 79 85 1d 56 0a 94 8e 7d c3 7e da 8d 57 11 81 cc 81 28 9e 3d 62 07 a6 01 25 cc 5c af d7 2c 9e 14 16 19 4e a8 47 09 16 1b a9 92 43 ce 7e 0b 93 3d 84 d7 93 2e eb 4b be 5e ca ff 50 bc 8e a5 30 c6 f8 1c ff 94 f1 b6 05 34 ea e7 f4 bd ff fb 18 6c da de dc 82 5d b9 38 af 9b ff b4 1e 6b c4 7d 2b 12 56 78 3f 5b 45 1c b7 c1 99 f6 4e 0c b8 ea ef 8e f9 1b 68 94 3d bd e3 7c 79 9b d1 4e e6 3d 9d a7 a1 76 6f 98 5b f0 1f 62 54 90 3f 96 30 d2 f3 8a 91 7c de ff 71 a7 20 23 80 bb 5d e4 f8 e1 2e ef 5a b0 0f a4 a8 a0 46 b8 f8 7d bf 30 ff 4b b6 a4 8c e4 09 4b 5d 46 59 c1 b1 f5 9f 40 f7 f7 c1 3c 0d c8 81 5e 78 b1 b9 3a 99 4c 90 

Trying command f9...
Result: 
5d c4 38 f9 91 b6 b8 a5 c4 6d 70 59 76 4c 3a 25 fd f2 1b 99 51 7d bb b6 24 0e b1 fa c0 be fd e6 db 81 6c 58 e9 9c 34 db 7b 8d 39 b2 0a 24 b6 95 9f 33 8f cc 89 de 13 01 39 18 5a 61 57 0c 69 36 78 e7 4e c8 e1 85 ed 8f ce 5d 85 73 e8 1d 96 1e b4 bc 33 13 a1 6b 51 45 86 24 31 1a 42 40 1f 08 e2 fc 63 44 59 3b 19 50 fe 1e bc 35 ef 20 81 b7 b2 ef 17 7a a5 6e ca cc 70 2f 0d 65 51 9e 4a a2 ad 25 ce b3 59 2e fb f7 a1 c8 78 f4 e8 f3 d7 23 d0 dc 6f 3f e4 cf dc a9 ba 38 19 d4 b0 2b c2 29 87 81 26 7e cc 84 32 39 32 17 44 7c d5 69 ca e7 e4 8f 43 b4 88 90 f8 0b 57 ff 98 ad 49 e1 89 ca 8a 01 9a 4c 1d 91 eb 34 fc 04 f8 17 91 5b 6a e6 89 3d 00 90 49 7a 32 f2 19 d0 bc f2 d2 df 16 ea fd a6 2d d2 92 bf e7 f1 af e0 2b d4 2e e7 45 90 d1 b5 10 c1 d8 80 31 92 48 f8 17 97 3b d5 11 5a a3 aa 6c 55 17 3f b2 67 ce 56 93 fc 4a 71 54 c3 68 2c 1a c9 32 44 a7 8f 8e 7d 86 33 ae 89 de 1a 7c cc 0c 2b 54 e8 72 e7 a1 d8 6c 3a c8 c0 f8 01 07 95 f7 0a b6 e6 c7 a2 73 39 2e 11 ae 72 57 11 45 2f 3a 96 06 db 29 16 e2 39 f7 0f f4 e0 5d 78 a9 0d 72 94 76 c0 68 3c ca ba 22 9e ec 22 c7 ba d7 70 69 64 1f fc 68 3a d6 33 19 c0 b2 45 51 30 2d f8 fa d2 24 d5 42 cc a2 ef d5 57 63 e7 12 73 2c c6 34 26 95 23 e8 a2 68 c6 e4 03 0c d6 b4 77 b0 32 1e 5a 2b f8 c3 f2 47 00 1d ec 6a 8b 59 69 49 6d f5 16 f8 83 ee 01 7b e5 10 55 7a 78 00 01 b7 ac 63 1d e2 d8 65 6c 96 5a 8c b2 39 6d 87 c9 52 03 f6 c1 31 6f a3 c4 ee 37 8f c7 67 58 2c d1 e0 cd a3 9b be 7e d5 0b 9c c6 70 fa 3b 5a c7 8d 4f 11 b1 20 9f d1 30 e2 e9 10 86 83 06 d6 06 94 60 63 24 2a 24 c6 71 7d eb 5d 47 d5 b9 9a 4c 1c 

Trying command fa...
Result: 
ba 11 a0 ff 49 6e 4e 50 d2 a7 c9 c4 16 cf a8 e5 66 63 0c 9b 73 7f 5a 60 b7 40 0e b8 72 bf 5c 45 c5 18 5e 16 78 85 09 84 93 2d f2 29 e4 78 35 ef a8 fe 78 da 77 e4 d0 b1 85 1e 4f 32 31 e4 bb 00 3f 59 09 9a b6 1f 33 c3 43 71 83 24 71 97 58 ee 96 e9 99 bd 9a 2d 2e d3 04 60 b2 c1 09 6e 57 a9 e3 b5 18 80 eb f5 3f 34 fa 9d 13 67 e6 d4 2c 9a 95 c7 64 a8 9f 34 4c 3c 8f b0 ce 59 e1 8b 74 2e 4f 7a a1 ac 96 5e 6b 7c d6 b4 4b 27 f5 29 cb 41 cb b3 50 8d f4 22 de a3 76 3a e0 e9 f6 10 c2 d8 53 79 a2 c4 f7 7e 6d 24 c5 63 7e 0f dc 5f f9 de ee 48 4c 11 0f d3 19 72 53 85 b6 f1 41 65 46 6b 2a ad 7d 54 3f 77 d7 ea 70 15 f5 03 a6 62 a8 f2 2f 4d b5 27 7f 6b d5 6b 7c 0b 12 07 1f 92 91 7f 0e d5 95 54 af 64 14 1c 1b f1 7a 32 8a 8f fe e3 8a 13 83 79 23 f3 7c e3 9e aa e4 65 34 f2 e9 64 a1 0f d7 70 23 00 f7 42 f4 7a 94 7f 41 0d 59 28 ec 41 9c 7e 5b e0 74 a6 4a 02 43 a3 53 04 98 b5 83 ae 38 80 b9 da 60 9f ea ce 3f ba 5a e9 25 9c ca b7 7b e7 2c 35 cd b8 22 e7 fe 25 4f 47 ea a9 63 bf 73 f9 34 0c 8c a9 14 94 de db 32 7e c1 61 9e 82 d6 4a 2b 29 64 c1 b2 da bf cf a7 de 6e a1 43 95 e2 07 21 76 66 a8 7e 52 83 df 9a cd a7 37 ee d2 d2 b3 1a da 14 58 23 59 d8 15 cb 02 b8 ba f9 73 0f 19 7a b5 ae 42 53 b3 e1 24 a3 0d 48 5f dc 72 c4 09 11 a0 fc da 4c fa 41 d1 cc 2d be 30 de a6 76 45 07 b7 38 47 ad 17 f9 05 cf ea c9 bc de de 7b 60 9e 89 5b 32 b4 8f d9 5f 4a 7f 6e 78 17 55 cf 9e b5 08 30 7c 94 8f 31 4c 6e 73 1d b7 22 1f 09 45 2f 27 d2 94 2c d1 0a eb b3 a8 f4 53 9b 2f 47 c2 86 32 68 26 9f 86 c2 42 d6 4d c0 e2 c2 29 2b 46 92 de 29 cd 63 d5 c2 16 ec d9 18 fb 

Trying command fb...
Result: 
74 79 42 ea 2b 9f f6 99 e5 c5 b0 da e5 c1 cd db 18 e6 fe d7 8d 56 e2 3f 61 0d d1 6c ec 79 94 de f2 35 eb 06 fd 91 bb f7 24 6e ec 6c 21 c6 ee d7 d2 9c 74 c4 1e db 14 da 2b a4 16 c9 29 c2 58 f6 1c 70 52 0f 27 79 ff 65 fe 7e 57 12 e2 a4 1b c1 85 89 35 7b 66 65 16 59 c1 41 0b f3 1d 58 58 ca 9f 28 20 e0 18 6b c6 53 d5 22 51 83 5e 99 c4 7d 04 1d ad df e8 f0 ef 9b 61 7c a3 6d 3e df a8 09 e8 e1 67 e4 e5 85 a9 0b 01 c0 92 b8 cc da 72 e8 d0 af 44 ec 08 6e a5 6c 36 8f 95 b9 c3 72 ce 2f 3f 7f e4 e5 89 78 8e 59 94 99 dc 27 b9 d0 09 51 a0 eb 67 f9 33 04 7b 53 ec ca 60 54 b3 4f 62 d3 0c df 87 f1 a4 67 92 e5 38 d9 10 4b 8a 33 22 c3 6b dc d1 d0 79 14 fc b4 58 32 4a e0 62 18 77 a4 7c 71 96 d7 cd e0 54 62 a0 fa 3e 7a 4e 31 ca ad 62 f9 fc e0 aa 00 00 c3 cc 9b 1d 36 33 3c c8 29 be 7d ca 9f df ef b5 96 cd f7 d8 8d 55 a8 a1 0b 98 36 94 7e 73 5d 4f b9 8e ee 55 a4 26 79 21 e7 86 b0 52 a6 e8 11 83 a0 ac 7a cf be b4 42 1c c7 ba 51 20 9f f4 75 7c 41 e7 26 ad 6e 37 0a 4b 6b f0 48 b6 a5 6e 58 ae eb e5 db b2 2e 17 ab 3b e3 48 d0 f6 24 37 11 9a 71 2f fd d5 50 75 95 d1 1d f8 2c 63 e1 4a d5 9f 7f cc 69 a5 02 d4 88 09 38 f2 95 8a f5 58 74 4d 72 29 65 af e7 e8 6a 5c 84 87 b0 d7 c5 ff f3 e2 0f ba 36 52 d7 ca df ea 68 9d a6 92 ba 9e d5 f3 51 b1 15 07 21 de 69 82 fb 5b c5 a8 2d b4 2c 74 e5 23 03 c7 1c 67 4b d6 22 ec cd 7a 99 86 a8 5d 6b 9c d2 11 d7 0a 6c b4 47 70 b7 19 f9 ae fd de eb 0d 46 13 1c ef 6b 50 58 15 10 b1 fc c4 3e 9f 01 fe de 53 a4 c4 1d dc 68 c0 ed cd 0a 13 08 63 29 0e eb 0d d8 d0 55 a6 58 cf 7e ec e9 7d db 3e 1b dc dd 8a 58 af fb cc 8a 

Trying command fc...
Result: 
0e 5f da 78 66 c1 fc 64 c8 73 50 b6 3d 70 46 5e de fc fa 64 33 20 58 0f 6c 0d d8 fb 1a b6 11 5e 34 20 47 9b 37 6f 4f 7d da 0e 2f 75 f5 0f b9 0f 54 4b ee d0 0a 5b 9a 74 4c db 32 2d bf 4d d9 53 9a e2 94 c0 ae 69 df 35 99 52 19 c3 58 13 ae d7 65 19 c5 11 17 b4 47 3c 7e bf d1 9b 49 43 82 69 59 2c 90 9d c1 a4 8f 11 dc 19 21 5d ca ef 0a d6 b9 f8 bb ae fd f5 45 26 44 08 5a b4 ce cc f7 e4 2b f3 29 e0 3f 06 52 b1 96 57 3e 61 6e 38 a5 a3 ae b6 2e 30 39 72 ac 56 2c ea 61 ad 4a 65 31 d1 54 83 e3 45 da f0 89 21 0f 7f 99 53 1a 2c 45 28 8f c9 7c 5e 57 0d 54 11 bb 2f bb e9 21 b0 81 95 84 36 3c 78 26 69 8e ac be 8e 61 f3 85 4a 74 24 9d 24 62 32 f8 26 3a bb a4 56 4c 3e aa 53 1f ae a8 f5 e6 81 9c 0d 6d 3f 89 a8 35 0c 75 65 be 84 d4 e8 af eb 5c f0 22 cd 11 1b 94 27 04 f5 8b ca 16 4f 7b 65 e0 23 c0 7d e4 b7 1d b8 7e 4e 48 b7 c3 3f 89 e9 81 d7 3c 3d 19 48 d0 3b 3c 5f 53 ec 84 de 57 af 8c 17 a4 fd 71 60 25 87 20 2d eb 68 f6 8a 4c 03 8f c0 5f b9 20 3b 15 38 b7 86 37 ea 6e 1f ad d2 8e 92 c1 d9 95 38 22 2c 76 a3 a2 47 40 95 7f d4 5d 3e 14 c1 66 ee 45 12 af 8e 5e 1b d7 e2 f5 d2 7f 40 a3 fc 80 8a 68 7a 97 56 8e f3 a1 de c3 19 83 f5 97 35 38 d9 e8 0e 7f d2 ed 57 c1 03 29 61 53 e7 af 1a 9a d5 f2 9d 69 23 e5 76 88 45 54 14 68 76 1d 84 97 d4 b1 01 c0 38 7c 9a d8 1e 0b 9f 24 4e f5 66 02 64 71 86 56 f5 43 83 be c6 65 6a 79 68 a8 5c c5 f7 e8 00 29 75 cb c8 21 3c dc 5e 43 57 3d f0 90 21 40 ff 12 de b2 9a 42 83 00 0b 70 e6 3a a9 c1 f7 70 09 6c 33 15 01 1b b8 e2 3c 2e 65 fa 24 e7 0b 04 92 ee 3e f6 2d 49 95 47 dc 6c 33 6b 1f a4 8b 2e 08 50 76 05 83 

Trying command fd...
Result: 
dd 07 55 52 51 66 ae 43 4e d1 b5 4b 92 d7 05 7d 11 7d 8a be 4c eb d8 55 c8 a6 d4 d5 3d 53 aa 60 bd d1 b0 d4 3e ca 40 25 e0 15 41 85 1c a1 8a d8 ab c9 a4 d4 ea be c3 b4 c0 5c 75 88 cc f7 09 c8 6a 78 e4 a2 66 12 5c 46 be 19 0b 96 d8 d7 8e 6a 2b 56 f7 08 91 ba 3c e8 d5 46 32 52 14 a4 9f c7 fc de 9e c3 90 6c c3 10 65 dd d6 1a 30 4c 24 34 d9 b7 e4 b0 2d cf 50 79 a7 5a 94 ef 3c c9 f0 2e 01 df 4f b0 46 60 c3 76 0d 93 a6 fa 0d b1 5d 78 a9 e7 99 54 8a 9a 26 69 06 15 f2 04 20 2c 56 32 d3 e5 61 6e 00 d9 c1 76 c9 f7 8e 69 40 7e 53 80 ec 3b 20 6c d6 1a c5 fe e4 17 9f 12 fc fa 4a 92 96 35 e4 2e 95 d2 06 ac 4a 5f 1d 1b 88 01 82 c1 d4 57 98 02 88 f5 3f 4a 57 d5 40 0c b0 aa 58 56 57 3b 8a b3 e7 79 2b 39 71 76 36 6a 46 fd 0e 0b 08 ab 84 6d 4d e4 e2 3f c6 74 dd ca 5d 42 4c 99 cd 85 94 b9 6a e6 07 6a 07 5c 4e a2 a8 ec f9 0b ea d6 b2 36 e1 41 ee 8b 4e 9f 4f b7 02 68 29 ff bc b7 cd f9 c3 82 bb dd 57 17 37 bf ea 72 a3 32 a3 45 4d 94 ff 90 9b db 25 c8 20 94 09 89 5b c7 35 11 97 56 d9 78 98 9d 76 ac 53 7f 3e 58 4d bd 57 59 80 1b bf 38 00 b4 b1 b9 49 c4 2f ab ab 31 00 cf c3 28 6d 2b c8 8b c8 60 0a 90 7a ea 38 47 f6 b3 52 01 87 66 08 d9 86 e4 ad 4c da 68 e3 15 fb 5e 0c 30 52 37 d5 25 10 e6 4a b1 ab a4 e3 bc d9 3c 0c bd df 4e 0b 54 11 d0 3f 2c 7a e3 07 e8 23 a4 9c b9 d5 f6 97 f0 19 03 42 4c c1 9f f6 84 9c 0c 65 19 68 9b 5b ef 1d 3d 38 61 a7 2b 11 8f a1 42 10 34 dd 42 a0 2b 79 05 68 9c 5a 43 ee 71 e6 8d 1a 3f 88 fa 67 07 df 4a 18 45 c3 9d 72 42 26 e9 04 31 21 f3 60 b6 a2 f9 d0 c2 89 05 70 11 53 dd 0e b9 29 c4 f7 6b ba 27 12 9f a0 df a8 8c 

Trying command fe...
Result: 
80 e5 c4 47 21 d1 50 fe f0 d9 3a 96 29 30 69 fb 7d df 38 58 65 71 c2 b5 cd f9 2e 87 81 16 14 dc 25 7c 07 53 6c a4 75 ce 4b d8 41 35 20 be 47 f1 2c 08 59 cd 1c 2b 69 92 14 5a d0 d8 05 ac 93 52 92 42 ae b5 67 85 09 55 8a b3 20 96 30 60 46 c3 25 4f 5b a5 59 4c 5e bf bf ce 95 40 fa d5 96 4a e1 65 16 3b c7 99 d9 b1 43 14 95 e0 8e dc fc 31 08 85 15 b6 d4 22 07 f7 15 2e 2c 15 57 b3 2c f2 a0 1e 6a 2a ea ae ea d0 90 67 75 d1 38 5a e1 48 aa e8 62 b7 f4 5a 1d 1f 28 70 57 ee e3 08 ab d7 46 78 cf 64 2e 42 39 a4 7b 12 e6 17 12 47 85 d0 af 5b 92 ad fa 01 71 fc a1 f5 49 4a 5c 51 ea e8 92 05 d2 33 60 cf d1 20 f1 9a 40 38 bc 4f 26 54 d6 1c 15 91 01 d3 a6 7e 9e 8a d0 b2 3b 11 5a 7a 82 f0 aa df f9 17 48 c7 1a 65 61 f3 07 6e 8f 7c 10 8c fa d4 69 79 ac ab 97 22 e6 3d 7d 44 7e c4 8b d7 c5 e9 e6 d2 8c 4e 4f ba 54 ff 0c 43 fd 55 47 4a f8 81 9e 2b d3 53 0f 3e 92 ca 65 4a b8 a0 ba e1 72 1a e8 e6 d7 08 e7 63 a8 c5 74 c4 23 01 18 ef 3d 60 61 d4 04 a3 96 15 97 42 43 66 fc 6b 56 26 48 b6 11 e0 48 0d 84 b4 83 04 c5 ab b2 48 0c 6f d2 af 37 84 4f d2 f7 ee e2 76 66 67 2e 1f 67 9d 2b 52 b8 3f c1 74 b5 23 ee 55 30 c4 c9 5a b3 70 00 4d 5e 42 d7 8f f7 66 c9 31 db c5 92 cf 42 94 c1 be 77 e0 1b 25 bc f4 eb 26 fb 2b 14 02 68 a3 8e f3 33 ed c7 08 a2 1e c0 7c aa 75 1e 76 10 f1 6b ac 91 7a 54 d0 b0 c0 3c cd 5d 3a 73 34 46 c7 4b 0c f6 77 45 55 0a d8 36 1e 46 d2 5d bd d0 89 be 36 21 66 54 2e 12 d9 2f 86 7b 0d e7 a9 d6 57 5e f3 5c 01 14 50 87 74 74 7d 2e a3 84 7f 94 9f 61 00 cd 52 bb 50 39 b0 54 7c 8a 06 5c 3e 39 ef b1 2e 35 5a a8 5a 85 b4 74 df 5c 4b 86 78 

Trying command ff...
Result: 
7b a8 02 b0 3c 17 98 79 48 df 96 b5 04 fe fc e1 0b 2e ac c2 d3 f4 b7 cd 7a 35 53 7d 7d 6e c0 44 93 cd 1d 85 d0 e3 03 65 45 9d de 12 ee 62 16 49 61 be f1 e2 aa 48 ed 0c 11 47 f7 54 bc 0d d7 4a a8 bd de ab 9e 90 d2 a2 0d 17 c4 b0 53 11 76 23 82 09 df d5 57 48 32 70 e9 c3 ae 36 00 6a 92 8a 16 cd ea 49 c7 f1 a6 d4 c0 cb fc c4 bd 24 30 c3 aa 7b 6e 41 9a ff 02 09 0a 20 55 e0 a1 71 ca dd c5 0d f3 7f 4c 0b 7e 3a 90 00 45 74 ca 75 6a 87 cc ad 72 34 05 82 20 ea b1 eb 17 7d b1 f5 c4 b2 64 86 57 31 a9 23 c3 fb 09 c8 a7 37 18 37 ac 6b c6 92 85 04 27 24 ac e0 8e 57 2c ba 62 3d af 36 b6 d8 30 b3 87 82 b1 d4 56 3f bd db f4 37 d8 90 2f 0e 81 e0 bb 08 a4 35 f5 7c 66 30 82 44 0e 72 76 76 7d 7d 58 72 c1 64 1f fe fd ef 71 9a fe 05 c7 b3 6b 31 0b 70 e4 66 40 85 e5 2b 34 7e 32 08 a5 c1 ec d6 f9 2c af b3 e9 52 2d 5b 7c 06 da f5 1a 9b bb a0 ec 88 97 87 13 fb c4 6e 59 e5 73 b0 4f 26 29 4e d6 af 32 89 bc 9d 7b 58 74 50 74 1f ed 68 6b 79 1e 8f 0f 9a f4 30 84 03 4e 0a 52 73 00 81 79 6e 7c 21 e6 d6 90 de 3d a2 0d ab 1a 54 16 78 48 15 86 ff 62 ed 24 3a 13 24 e5 0b 24 8b c8 73 24 36 3a a0 d5 a6 ab 69 3f 78 d1 3e 0a 29 8b db ae bc 91 af fa c0 a9 56 a6 fb b0 94 dc 34 48 44 72 98 5e 3f a0 9c 57 a9 c2 5f 57 61 c7 bc 07 6c fd bc ce a4 7e 8e b3 f5 23 94 c9 f4 f2 9e 60 21 37 b9 70 64 d2 14 a3 88 ac 61 e7 fc 24 80 7f 4f e1 7c 53 78 2b 77 64 11 5c aa ed 36 a1 86 12 71 50 51 7d 48 7d c2 67 b8 91 15 90 ae 4e 86 85 dd 62 e6 61 ae 1e b1 d2 25 14 c0 9f 7e 27 fe 47 d3 bc fe 71 82 b5 67 a8 e5 85 17 61 5c 5c dd 64 6b 5f c2 02 9c 5c 31 65 e3 02 57 fb 9f 1e f7 